Archive member included because of file (symbol)

contiki-avr-zigduino.a(contiki-main.o)
                              antenna_on_idle.co (rf230_driver)
contiki-avr-zigduino.a(params.o)
                              contiki-avr-zigduino.a(contiki-main.o) (params_get_channel)
contiki-avr-zigduino.a(clock.o)
                              contiki-avr-zigduino.a(contiki-main.o) (clock_init)
contiki-avr-zigduino.a(rs232.o)
                              contiki-avr-zigduino.a(contiki-main.o) (rs232_init)
contiki-avr-zigduino.a(watchdog.o)
                              contiki-avr-zigduino.a(contiki-main.o) (watchdog_init)
contiki-avr-zigduino.a(rf230bb.o)
                              contiki-avr-zigduino.a(contiki-main.o) (rf230_get_channel)
contiki-avr-zigduino.a(halbb.o)
                              contiki-avr-zigduino.a(rf230bb.o) (hal_init)
contiki-avr-zigduino.a(rimeaddr.o)
                              contiki-avr-zigduino.a(contiki-main.o) (rimeaddr_set_node_addr)
contiki-avr-zigduino.a(rime.o)
                              contiki-avr-zigduino.a(contiki-main.o) (rime_driver)
contiki-avr-zigduino.a(announcement.o)
                              contiki-avr-zigduino.a(rime.o) (announcement_init)
contiki-avr-zigduino.a(broadcast-annou)
                              contiki-avr-zigduino.a(rime.o) (broadcast_announcement_init)
contiki-avr-zigduino.a(broadcast.o)
                              contiki-avr-zigduino.a(broadcast-annou) (broadcast_open)
contiki-avr-zigduino.a(abc.o)
                              contiki-avr-zigduino.a(broadcast.o) (abc_open)
contiki-avr-zigduino.a(chameleon.o)
                              contiki-avr-zigduino.a(rime.o) (chameleon_init)
contiki-avr-zigduino.a(channel.o)
                              contiki-avr-zigduino.a(chameleon.o) (channel_init)
contiki-avr-zigduino.a(chameleon-bitop)
                              contiki-avr-zigduino.a(chameleon.o) (chameleon_bitopt)
contiki-avr-zigduino.a(nullmac.o)
                              contiki-avr-zigduino.a(contiki-main.o) (nullmac_driver)
contiki-avr-zigduino.a(sicslowmac.o)
                              contiki-avr-zigduino.a(contiki-main.o) (sicslowmac_driver)
contiki-avr-zigduino.a(process.o)
                              contiki-avr-zigduino.a(contiki-main.o) (process_init)
contiki-avr-zigduino.a(autostart.o)
                              contiki-avr-zigduino.a(contiki-main.o) (autostart_start)
contiki-avr-zigduino.a(serial-line.o)
                              contiki-avr-zigduino.a(contiki-main.o) (serial_line_input_byte)
contiki-avr-zigduino.a(mmem.o)
                              contiki-avr-zigduino.a(contiki-main.o) (mmem_init)
contiki-avr-zigduino.a(list.o)
                              contiki-avr-zigduino.a(announcement.o) (list_init)
contiki-avr-zigduino.a(etimer.o)
                              contiki-avr-zigduino.a(clock.o) (etimer_request_poll)
contiki-avr-zigduino.a(ctimer.o)
                              contiki-avr-zigduino.a(contiki-main.o) (ctimer_init)
contiki-avr-zigduino.a(rtimer.o)
                              contiki-avr-zigduino.a(contiki-main.o) (rtimer_init)
contiki-avr-zigduino.a(random.o)
                              contiki-avr-zigduino.a(contiki-main.o) (random_init)
contiki-avr-zigduino.a(ringbuf.o)
                              contiki-avr-zigduino.a(serial-line.o) (ringbuf_init)
contiki-avr-zigduino.a(packetbuf.o)
                              contiki-avr-zigduino.a(chameleon-bitop) (packetbuf_hdrreduce)
contiki-avr-zigduino.a(queuebuf.o)
                              contiki-avr-zigduino.a(contiki-main.o) (queuebuf_init)
contiki-avr-zigduino.a(tcpip.o)
                              contiki-avr-zigduino.a(contiki-main.o) (tcpip_process)
contiki-avr-zigduino.a(uip-split.o)
                              contiki-avr-zigduino.a(tcpip.o) (uip_split_output)
contiki-avr-zigduino.a(uip.o)
                              contiki-avr-zigduino.a(tcpip.o) (uip_aligned_buf)
contiki-avr-zigduino.a(rtimer-arch.o)
                              contiki-avr-zigduino.a(rtimer.o) (rtimer_arch_init)
contiki-avr-zigduino.a(frame802154.o)
                              contiki-avr-zigduino.a(sicslowmac.o) (frame802154_hdrlen)
contiki-avr-zigduino.a(memb.o)
                              contiki-avr-zigduino.a(queuebuf.o) (memb_init)
contiki-avr-zigduino.a(timer.o)
                              contiki-avr-zigduino.a(etimer.o) (timer_set)
/usr/lib/gcc/avr/4.5.3/avr51/libgcc.a(_udivmodhi4.o)
                              contiki-avr-zigduino.a(contiki-main.o) (__udivmodhi4)
/usr/lib/gcc/avr/4.5.3/avr51/libgcc.a(_udivmodsi4.o)
                              contiki-avr-zigduino.a(contiki-main.o) (__udivmodsi4)
/usr/lib/gcc/avr/4.5.3/avr51/libgcc.a(_exit.o)
                              /usr/lib/gcc/avr/4.5.3/../../../../avr/lib/avr51/crtm128rfa1.o (exit)
/usr/lib/gcc/avr/4.5.3/avr51/libgcc.a(_copy_data.o)
                              antenna_on_idle.co (__do_copy_data)
[...]
Memory Configuration

Name             Origin             Length             Attributes
text             0x0000000000000000 0x0000000000020000 xr
data             0x0000000000800100 0x000000000000ff00 rw !x
eeprom           0x0000000000810000 0x0000000000010000 rw !x
fuse             0x0000000000820000 0x0000000000000400 rw !x
lock             0x0000000000830000 0x0000000000000400 rw !x
signature        0x0000000000840000 0x0000000000000400 rw !x
*default*        0x0000000000000000 0xffffffffffffffff

Linker script and memory map

Address of section .data set to 0x800200
LOAD /usr/lib/gcc/avr/4.5.3/../../../../avr/lib/avr51/crtm128rfa1.o
Address of section .bootloader set to 0x1f800
LOAD antenna_on_idle.co
LOAD contiki-avr-zigduino.a
LOAD /usr/lib/gcc/avr/4.5.3/avr51/libgcc.a
LOAD /usr/lib/gcc/avr/4.5.3/../../../../avr/lib/avr51/libc.a
LOAD /usr/lib/gcc/avr/4.5.3/avr51/libgcc.a

.hash
 *(.hash)

.dynsym
 *(.dynsym)

.dynstr
 *(.dynstr)

.gnu.version
 *(.gnu.version)

.gnu.version_d
 *(.gnu.version_d)

.gnu.version_r
 *(.gnu.version_r)

.rel.init
 *(.rel.init)

.rela.init
 *(.rela.init)

.rel.text
 *(.rel.text)
 *(.rel.text.*)
 *(.rel.gnu.linkonce.t*)

.rela.text
 *(.rela.text)
 *(.rela.text.*)
 *(.rela.gnu.linkonce.t*)

.rel.fini
 *(.rel.fini)

.rela.fini
 *(.rela.fini)

.rel.rodata
 *(.rel.rodata)
 *(.rel.rodata.*)
 *(.rel.gnu.linkonce.r*)

.rela.rodata
 *(.rela.rodata)
 *(.rela.rodata.*)
 *(.rela.gnu.linkonce.r*)

.rel.data
 *(.rel.data)
 *(.rel.data.*)
 *(.rel.gnu.linkonce.d*)

.rela.data
 *(.rela.data)
 *(.rela.data.*)
 *(.rela.gnu.linkonce.d*)

.rel.ctors
 *(.rel.ctors)

.rela.ctors
 *(.rela.ctors)

.rel.dtors
 *(.rel.dtors)

.rela.dtors
 *(.rela.dtors)

.rel.got
 *(.rel.got)

.rela.got
 *(.rela.got)

.rel.bss
 *(.rel.bss)

.rela.bss
 *(.rela.bss)

.rel.plt
 *(.rel.plt)

.rela.plt
 *(.rela.plt)

.text           0x0000000000000000     0x5206
 *(.vectors)
 .vectors       0x0000000000000000      0x120 /usr/lib/gcc/avr/4.5.3/../../../../avr/lib/avr51/crtm128rfa1.o
                0x0000000000000000                __vectors
                0x0000000000000000                __vector_default
 *(.vectors)
 *(.progmem.gcc*)
                0x0000000000000120                . = ALIGN (0x2)
                0x0000000000000120                __trampolines_start = .
 *(.trampolines)
 .trampolines   0x0000000000000120        0x0 linker stubs
 *(.trampolines*)
                0x0000000000000120                __trampolines_end = .
 *(.progmem*)
 .progmem.data  0x0000000000000120      0x11d contiki-avr-zigduino.a(contiki-main.o)
 .progmem.data  0x000000000000023d       0x4d contiki-avr-zigduino.a(params.o)
                0x000000000000023d                default_mac_address
                0x0000000000000245                default_server_name
                0x0000000000000253                default_domain_name
                0x000000000000028a                . = ALIGN (0x2)
 *(.jumptables)
 *(.jumptables*)
 *(.lowtext)
 *(.lowtext*)
                0x000000000000028a                __ctors_start = .
 *(.ctors)
                0x000000000000028a                __ctors_end = .
                0x000000000000028a                __dtors_start = .
 *(.dtors)
                0x000000000000028a                __dtors_end = .
 SORT(*)(.ctors)
 SORT(*)(.dtors)
 *(.init0)
 .init0         0x000000000000028a        0x0 /usr/lib/gcc/avr/4.5.3/../../../../avr/lib/avr51/crtm128rfa1.o
                0x000000000000028a                __init
 *(.init0)
 *(.init1)
 *(.init1)
 *(.init2)
 .init2         0x000000000000028a        0xc /usr/lib/gcc/avr/4.5.3/../../../../avr/lib/avr51/crtm128rfa1.o
 *(.init2)
 *(.init3)
 *(.init3)
 *(.init4)
 .init4         0x0000000000000296       0x1a /usr/lib/gcc/avr/4.5.3/avr51/libgcc.a(_copy_data.o)
                0x0000000000000296                __do_copy_data
 .init4         0x00000000000002b0       0x10 /usr/lib/gcc/avr/4.5.3/avr51/libgcc.a(_clear_bss.o)
                0x00000000000002b0                __do_clear_bss
 *(.init4)
 *(.init5)
 *(.init5)
 *(.init6)
 *(.init6)
 *(.init7)
 *(.init7)
 *(.init8)
 *(.init8)
 *(.init9)
 .init9         0x00000000000002c0        0x8 /usr/lib/gcc/avr/4.5.3/../../../../avr/lib/avr51/crtm128rfa1.o
 *(.init9)
 *(.text)
 .text          0x00000000000002c8        0x4 /usr/lib/gcc/avr/4.5.3/../../../../avr/lib/avr51/crtm128rfa1.o
                0x00000000000002c8                __vector_38
                0x00000000000002c8                __vector_22
                0x00000000000002c8                __vector_28
                0x00000000000002c8                __vector_67
                0x00000000000002c8                __vector_1
                0x00000000000002c8                __vector_71
                0x00000000000002c8                __vector_34
                0x00000000000002c8                __vector_24
                0x00000000000002c8                __vector_12
                0x00000000000002c8                __vector_55
                0x00000000000002c8                __vector_69
                0x00000000000002c8                __vector_46
                0x00000000000002c8                __bad_interrupt
                0x00000000000002c8                __vector_6
                0x00000000000002c8                __vector_31
                0x00000000000002c8                __vector_35
                0x00000000000002c8                __vector_39
                0x00000000000002c8                __vector_3
                0x00000000000002c8                __vector_23
                0x00000000000002c8                __vector_68
                0x00000000000002c8                __vector_30
                0x00000000000002c8                __vector_45
                0x00000000000002c8                __vector_11
                0x00000000000002c8                __vector_54
                0x00000000000002c8                __vector_17
                0x00000000000002c8                __vector_19
                0x00000000000002c8                __vector_56
                0x00000000000002c8                __vector_7
                0x00000000000002c8                __vector_49
                0x00000000000002c8                __vector_41
                0x00000000000002c8                __vector_43
                0x00000000000002c8                __vector_27
                0x00000000000002c8                __vector_5
                0x00000000000002c8                __vector_33
                0x00000000000002c8                __vector_47
                0x00000000000002c8                __vector_52
                0x00000000000002c8                __vector_37
                0x00000000000002c8                __vector_4
                0x00000000000002c8                __vector_44
                0x00000000000002c8                __vector_51
                0x00000000000002c8                __vector_9
                0x00000000000002c8                __vector_2
                0x00000000000002c8                __vector_15
                0x00000000000002c8                __vector_66
                0x00000000000002c8                __vector_70
                0x00000000000002c8                __vector_29
                0x00000000000002c8                __vector_40
                0x00000000000002c8                __vector_8
                0x00000000000002c8                __vector_26
                0x00000000000002c8                __vector_48
                0x00000000000002c8                __vector_14
                0x00000000000002c8                __vector_53
                0x00000000000002c8                __vector_10
                0x00000000000002c8                __vector_50
                0x00000000000002c8                __vector_16
                0x00000000000002c8                __vector_18
                0x00000000000002c8                __vector_20
                0x00000000000002c8                __vector_42
                0x00000000000002c8                __vector_65
                0x00000000000002cc                . = ALIGN (0x2)
 *(.text.*)
 .text.process_thread_antenna_on_idle_process
                0x00000000000002cc       0x24 antenna_on_idle.co
 .text.rng_get_uint8
                0x00000000000002f0       0x2e contiki-avr-zigduino.a(contiki-main.o)
                0x00000000000002f0                rng_get_uint8
 .text.initialize
                0x000000000000031e      0x326 contiki-avr-zigduino.a(contiki-main.o)
                0x000000000000031e                initialize
 .text.main     0x0000000000000644      0x132 contiki-avr-zigduino.a(contiki-main.o)
                0x0000000000000644                main
 .text.params_get_channel
                0x0000000000000776      0x130 contiki-avr-zigduino.a(params.o)
                0x0000000000000776                params_get_channel
 .text.params_get_eui64
                0x00000000000008a6       0x14 contiki-avr-zigduino.a(params.o)
                0x00000000000008a6                params_get_eui64
 .text.params_get_panid
                0x00000000000008ba        0xa contiki-avr-zigduino.a(params.o)
                0x00000000000008ba                params_get_panid
 .text.params_get_panaddr
                0x00000000000008c4        0xa contiki-avr-zigduino.a(params.o)
                0x00000000000008c4                params_get_panaddr
 .text.params_get_txpower
                0x00000000000008ce        0xa contiki-avr-zigduino.a(params.o)
                0x00000000000008ce                params_get_txpower
 .text.clock_init
                0x00000000000008d8       0x20 contiki-avr-zigduino.a(clock.o)
                0x00000000000008d8                clock_init
 .text.clock_time
                0x00000000000008f8       0x1a contiki-avr-zigduino.a(clock.o)
                0x00000000000008f8                clock_time
 .text.clock_seconds
                0x0000000000000912       0x30 contiki-avr-zigduino.a(clock.o)
                0x0000000000000912                clock_seconds
 .text.__vector_21
                0x0000000000000942       0xa6 contiki-avr-zigduino.a(clock.o)
                0x0000000000000942                __vector_21
 .text.__vector_25
                0x00000000000009e8       0x5e contiki-avr-zigduino.a(rs232.o)
                0x00000000000009e8                __vector_25
 .text.__vector_36
                0x0000000000000a46       0x5e contiki-avr-zigduino.a(rs232.o)
                0x0000000000000a46                __vector_36
 .text.rs232_init
                0x0000000000000aa4       0x40 contiki-avr-zigduino.a(rs232.o)
                0x0000000000000aa4                rs232_init
 .text.rs232_send
                0x0000000000000ae4       0x24 contiki-avr-zigduino.a(rs232.o)
                0x0000000000000ae4                rs232_send
 .text.rs232_stdout_putchar
                0x0000000000000b08       0x2a contiki-avr-zigduino.a(rs232.o)
                0x0000000000000b08                rs232_stdout_putchar
 .text.rs232_set_input
                0x0000000000000b32       0x1c contiki-avr-zigduino.a(rs232.o)
                0x0000000000000b32                rs232_set_input
 .text.rs232_redirect_stdout
                0x0000000000000b4e       0x12 contiki-avr-zigduino.a(rs232.o)
                0x0000000000000b4e                rs232_redirect_stdout
 .text.watchdog_init
                0x0000000000000b60       0x18 contiki-avr-zigduino.a(watchdog.o)
                0x0000000000000b60                watchdog_init
 .text.watchdog_start
                0x0000000000000b78       0x18 contiki-avr-zigduino.a(watchdog.o)
                0x0000000000000b78                watchdog_start
 .text.watchdog_periodic
                0x0000000000000b90        0x4 contiki-avr-zigduino.a(watchdog.o)
                0x0000000000000b90                watchdog_periodic
 .text.flushrx  0x0000000000000b94       0x22 contiki-avr-zigduino.a(rf230bb.o)
 .text.rf230_pending_packet
                0x0000000000000bb6        0x8 contiki-avr-zigduino.a(rf230bb.o)
 .text.rf230_isidle
                0x0000000000000bbe       0x38 contiki-avr-zigduino.a(rf230bb.o)
 .text.rf230_waitidle
                0x0000000000000bf6       0x12 contiki-avr-zigduino.a(rf230bb.o)
 .text.rf230_receiving_packet
                0x0000000000000c08       0x2e contiki-avr-zigduino.a(rf230bb.o)
 .text.radio_reset_state_machine
                0x0000000000000c36       0x32 contiki-avr-zigduino.a(rf230bb.o)
 .text.radio_off
                0x0000000000000c68       0x28 contiki-avr-zigduino.a(rf230bb.o)
 .text.rf230_off
                0x0000000000000c90       0x16 contiki-avr-zigduino.a(rf230bb.o)
 .text.set_txpower
                0x0000000000000ca6       0x1e contiki-avr-zigduino.a(rf230bb.o)
 .text.rf230_prepare
                0x0000000000000cc4       0x2a contiki-avr-zigduino.a(rf230bb.o)
 .text.radio_get_trx_state
                0x0000000000000cee        0xe contiki-avr-zigduino.a(rf230bb.o)
                0x0000000000000cee                radio_get_trx_state
 .text.radio_set_trx_state
                0x0000000000000cfc       0xc4 contiki-avr-zigduino.a(rf230bb.o)
 .text.radio_on
                0x0000000000000dc0       0x42 contiki-avr-zigduino.a(rf230bb.o)
 .text.rf230_on
                0x0000000000000e02       0x12 contiki-avr-zigduino.a(rf230bb.o)
 .text.rf230_cca
                0x0000000000000e14       0x92 contiki-avr-zigduino.a(rf230bb.o)
 .text.rf230_warm_reset
                0x0000000000000ea6       0x40 contiki-avr-zigduino.a(rf230bb.o)
                0x0000000000000ea6                rf230_warm_reset
 .text.rf230_init
                0x0000000000000ee6       0x74 contiki-avr-zigduino.a(rf230bb.o)
                0x0000000000000ee6                rf230_init
 .text.rf230_get_channel
                0x0000000000000f5a        0x6 contiki-avr-zigduino.a(rf230bb.o)
                0x0000000000000f5a                rf230_get_channel
 .text.rf230_set_channel
                0x0000000000000f60       0x2a contiki-avr-zigduino.a(rf230bb.o)
                0x0000000000000f60                rf230_set_channel
 .text.rf230_set_pan_addr
                0x0000000000000f8a       0x64 contiki-avr-zigduino.a(rf230bb.o)
                0x0000000000000f8a                rf230_set_pan_addr
 .text.rf230_interrupt
                0x0000000000000fee       0x14 contiki-avr-zigduino.a(rf230bb.o)
                0x0000000000000fee                rf230_interrupt
 .text.rf230_read
                0x0000000000001002      0x120 contiki-avr-zigduino.a(rf230bb.o)
 .text.process_thread_rf230_process
                0x0000000000001122       0x7c contiki-avr-zigduino.a(rf230bb.o)
 .text.rf230_set_txpower
                0x000000000000119e        0x6 contiki-avr-zigduino.a(rf230bb.o)
                0x000000000000119e                rf230_set_txpower
 .text.rf230_get_txpower
                0x00000000000011a4       0x1a contiki-avr-zigduino.a(rf230bb.o)
                0x00000000000011a4                rf230_get_txpower
 .text.rf230_transmit
                0x00000000000011be      0x10c contiki-avr-zigduino.a(rf230bb.o)
 .text.rf230_send
                0x00000000000012ca       0x20 contiki-avr-zigduino.a(rf230bb.o)
 .text.hal_init
                0x00000000000012ea        0x2 contiki-avr-zigduino.a(halbb.o)
                0x00000000000012ea                hal_init
 .text.hal_subregister_read
                0x00000000000012ec       0x14 contiki-avr-zigduino.a(halbb.o)
                0x00000000000012ec                hal_subregister_read
 .text.hal_subregister_write
                0x0000000000001300       0x38 contiki-avr-zigduino.a(halbb.o)
                0x0000000000001300                hal_subregister_write
 .text.hal_frame_read
                0x0000000000001338       0x5a contiki-avr-zigduino.a(halbb.o)
                0x0000000000001338                hal_frame_read
 .text.hal_frame_write
                0x0000000000001392       0x1e contiki-avr-zigduino.a(halbb.o)
                0x0000000000001392                hal_frame_write
 .text.__vector_60
                0x00000000000013b0       0x7e contiki-avr-zigduino.a(halbb.o)
                0x00000000000013b0                __vector_60
 .text.__vector_59
                0x000000000000142e       0x14 contiki-avr-zigduino.a(halbb.o)
                0x000000000000142e                __vector_59
 .text.__vector_57
                0x0000000000001442       0x14 contiki-avr-zigduino.a(halbb.o)
                0x0000000000001442                __vector_57
 .text.__vector_58
                0x0000000000001456       0x14 contiki-avr-zigduino.a(halbb.o)
                0x0000000000001456                __vector_58
 .text.__vector_64
                0x000000000000146a       0x18 contiki-avr-zigduino.a(halbb.o)
                0x000000000000146a                __vector_64
 .text.__vector_63
                0x0000000000001482       0x18 contiki-avr-zigduino.a(halbb.o)
                0x0000000000001482                __vector_63
 .text.__vector_62
                0x000000000000149a       0x14 contiki-avr-zigduino.a(halbb.o)
                0x000000000000149a                __vector_62
 .text.__vector_61
                0x00000000000014ae       0x18 contiki-avr-zigduino.a(halbb.o)
                0x00000000000014ae                __vector_61
 .text.rimeaddr_copy
                0x00000000000014c6        0xe contiki-avr-zigduino.a(rimeaddr.o)
                0x00000000000014c6                rimeaddr_copy
 .text.rimeaddr_cmp
                0x00000000000014d4       0x18 contiki-avr-zigduino.a(rimeaddr.o)
                0x00000000000014d4                rimeaddr_cmp
 .text.rimeaddr_set_node_addr
                0x00000000000014ec        0xc contiki-avr-zigduino.a(rimeaddr.o)
                0x00000000000014ec                rimeaddr_set_node_addr
 .text.input    0x00000000000014f8       0x4c contiki-avr-zigduino.a(rime.o)
 .text.init     0x0000000000001544       0x26 contiki-avr-zigduino.a(rime.o)
 .text.packet_sent
                0x000000000000156a       0x5e contiki-avr-zigduino.a(rime.o)
 .text.rime_output
                0x00000000000015c8       0x34 contiki-avr-zigduino.a(rime.o)
                0x00000000000015c8                rime_output
 .text.announcement_init
                0x00000000000015fc        0xa contiki-avr-zigduino.a(announcement.o)
                0x00000000000015fc                announcement_init
 .text.announcement_register_observer_callback
                0x0000000000001606        0xa contiki-avr-zigduino.a(announcement.o)
                0x0000000000001606                announcement_register_observer_callback
 .text.announcement_list
                0x0000000000001610        0xa contiki-avr-zigduino.a(announcement.o)
                0x0000000000001610                announcement_list
 .text.announcement_heard
                0x000000000000161a       0x5e contiki-avr-zigduino.a(announcement.o)
                0x000000000000161a                announcement_heard
 .text.adv_packet_sent
                0x0000000000001678        0x2 contiki-avr-zigduino.a(broadcast-annou)
 .text.adv_packet_received
                0x000000000000167a       0x84 contiki-avr-zigduino.a(broadcast-annou)
 .text.set_timers
                0x00000000000016fe       0x46 contiki-avr-zigduino.a(broadcast-annou)
 .text.new_announcement
                0x0000000000001744       0x1e contiki-avr-zigduino.a(broadcast-annou)
 .text.send_timer
                0x0000000000001762       0x2a contiki-avr-zigduino.a(broadcast-annou)
 .text.send_adv
                0x000000000000178c       0xa8 contiki-avr-zigduino.a(broadcast-annou)
 .text.broadcast_announcement_init
                0x0000000000001834       0x50 contiki-avr-zigduino.a(broadcast-annou)
                0x0000000000001834                broadcast_announcement_init
 .text.sent_by_abc
                0x0000000000001884       0x18 contiki-avr-zigduino.a(broadcast.o)
 .text.recv_from_abc
                0x000000000000189c       0x56 contiki-avr-zigduino.a(broadcast.o)
 .text.broadcast_open
                0x00000000000018f2       0x36 contiki-avr-zigduino.a(broadcast.o)
                0x00000000000018f2                broadcast_open
 .text.broadcast_send
                0x0000000000001928       0x1c contiki-avr-zigduino.a(broadcast.o)
                0x0000000000001928                broadcast_send
 .text.abc_open
                0x0000000000001944       0x32 contiki-avr-zigduino.a(abc.o)
                0x0000000000001944                abc_open
 .text.abc_send
                0x0000000000001976        0x6 contiki-avr-zigduino.a(abc.o)
                0x0000000000001976                abc_send
 .text.abc_input
                0x000000000000197c       0x18 contiki-avr-zigduino.a(abc.o)
                0x000000000000197c                abc_input
 .text.abc_sent
                0x0000000000001994       0x18 contiki-avr-zigduino.a(abc.o)
                0x0000000000001994                abc_sent
 .text.chameleon_init
                0x00000000000019ac        0x6 contiki-avr-zigduino.a(chameleon.o)
                0x00000000000019ac                chameleon_init
 .text.chameleon_parse
                0x00000000000019b2       0x2e contiki-avr-zigduino.a(chameleon.o)
                0x00000000000019b2                chameleon_parse
 .text.chameleon_create
                0x00000000000019e0       0x3a contiki-avr-zigduino.a(chameleon.o)
                0x00000000000019e0                chameleon_create
 .text.chameleon_hdrsize
                0x0000000000001a1a        0xc contiki-avr-zigduino.a(chameleon.o)
                0x0000000000001a1a                chameleon_hdrsize
 .text.channel_init
                0x0000000000001a26        0xa contiki-avr-zigduino.a(channel.o)
                0x0000000000001a26                channel_init
 .text.channel_open
                0x0000000000001a30       0x12 contiki-avr-zigduino.a(channel.o)
                0x0000000000001a30                channel_open
 .text.channel_lookup
                0x0000000000001a42       0x30 contiki-avr-zigduino.a(channel.o)
                0x0000000000001a42                channel_lookup
 .text.channel_set_attributes
                0x0000000000001a72       0x2a contiki-avr-zigduino.a(channel.o)
                0x0000000000001a72                channel_set_attributes
 .text.header_size
                0x0000000000001a9c       0x1a contiki-avr-zigduino.a(chameleon-bitop)
 .text.get_bits_in_byte
                0x0000000000001ab6       0x3e contiki-avr-zigduino.a(chameleon-bitop)
                0x0000000000001ab6                get_bits_in_byte
 .text.get_bits
                0x0000000000001af4       0xda contiki-avr-zigduino.a(chameleon-bitop)
                0x0000000000001af4                get_bits
 .text.unpack_header
                0x0000000000001bce      0x136 contiki-avr-zigduino.a(chameleon-bitop)
 .text.set_bits_in_byte
                0x0000000000001d04       0x28 contiki-avr-zigduino.a(chameleon-bitop)
                0x0000000000001d04                set_bits_in_byte
 .text.set_bits
                0x0000000000001d2c      0x100 contiki-avr-zigduino.a(chameleon-bitop)
                0x0000000000001d2c                set_bits
 .text.pack_header
                0x0000000000001e2c      0x12c contiki-avr-zigduino.a(chameleon-bitop)
 .text.send_packet
                0x0000000000001f58        0xc contiki-avr-zigduino.a(nullmac.o)
 .text.packet_input
                0x0000000000001f64        0xc contiki-avr-zigduino.a(nullmac.o)
 .text.on       0x0000000000001f70        0xc contiki-avr-zigduino.a(nullmac.o)
 .text.off      0x0000000000001f7c        0xc contiki-avr-zigduino.a(nullmac.o)
 .text.channel_check_interval
                0x0000000000001f88        0x6 contiki-avr-zigduino.a(nullmac.o)
 .text.init     0x0000000000001f8e        0x2 contiki-avr-zigduino.a(nullmac.o)
 .text.on       0x0000000000001f90        0xc contiki-avr-zigduino.a(sicslowmac.o)
 .text.off      0x0000000000001f9c       0x1c contiki-avr-zigduino.a(sicslowmac.o)
 .text.channel_check_interval
                0x0000000000001fb8        0x6 contiki-avr-zigduino.a(sicslowmac.o)
 .text.input_packet
                0x0000000000001fbe       0xd4 contiki-avr-zigduino.a(sicslowmac.o)
 .text.send_packet
                0x0000000000002092      0x140 contiki-avr-zigduino.a(sicslowmac.o)
 .text.init     0x00000000000021d2       0x14 contiki-avr-zigduino.a(sicslowmac.o)
 .text.send_list
                0x00000000000021e6       0x2e contiki-avr-zigduino.a(sicslowmac.o)
                0x00000000000021e6                send_list
 .text.call_process
                0x0000000000002214       0x52 contiki-avr-zigduino.a(process.o)
 .text.exit_process
                0x0000000000002266       0xd8 contiki-avr-zigduino.a(process.o)
 .text.do_poll  0x000000000000233e       0x3e contiki-avr-zigduino.a(process.o)
 .text.process_alloc_event
                0x000000000000237c        0xe contiki-avr-zigduino.a(process.o)
                0x000000000000237c                process_alloc_event
 .text.process_init
                0x000000000000238a       0x20 contiki-avr-zigduino.a(process.o)
                0x000000000000238a                process_init
 .text.process_run
                0x00000000000023aa       0xd2 contiki-avr-zigduino.a(process.o)
                0x00000000000023aa                process_run
 .text.process_post
                0x000000000000247c       0x46 contiki-avr-zigduino.a(process.o)
                0x000000000000247c                process_post
 .text.process_post_synch
                0x00000000000024c2       0x1e contiki-avr-zigduino.a(process.o)
                0x00000000000024c2                process_post_synch
 .text.process_start
                0x00000000000024e0       0x46 contiki-avr-zigduino.a(process.o)
                0x00000000000024e0                process_start
 .text.process_poll
                0x0000000000002526       0x18 contiki-avr-zigduino.a(process.o)
                0x0000000000002526                process_poll
 .text.autostart_start
                0x000000000000253e       0x2e contiki-avr-zigduino.a(autostart.o)
                0x000000000000253e                autostart_start
 .text.process_thread_serial_line_process
                0x000000000000256c       0xca contiki-avr-zigduino.a(serial-line.o)
 .text.serial_line_input_byte
                0x0000000000002636       0x4c contiki-avr-zigduino.a(serial-line.o)
                0x0000000000002636                serial_line_input_byte
 .text.mmem_init
                0x0000000000002682       0x16 contiki-avr-zigduino.a(mmem.o)
                0x0000000000002682                mmem_init
 .text.list_init
                0x0000000000002698        0x8 contiki-avr-zigduino.a(list.o)
                0x0000000000002698                list_init
 .text.list_head
                0x00000000000026a0        0x8 contiki-avr-zigduino.a(list.o)
                0x00000000000026a0                list_head
 .text.list_tail
                0x00000000000026a8       0x24 contiki-avr-zigduino.a(list.o)
                0x00000000000026a8                list_tail
 .text.list_remove
                0x00000000000026cc       0x4a contiki-avr-zigduino.a(list.o)
                0x00000000000026cc                list_remove
 .text.list_add
                0x0000000000002716       0x3e contiki-avr-zigduino.a(list.o)
                0x0000000000002716                list_add
 .text.list_item_next
                0x0000000000002754       0x14 contiki-avr-zigduino.a(list.o)
                0x0000000000002754                list_item_next
 .text.update_time
                0x0000000000002768       0x64 contiki-avr-zigduino.a(etimer.o)
 .text.etimer_request_poll
                0x00000000000027cc        0xa contiki-avr-zigduino.a(etimer.o)
                0x00000000000027cc                etimer_request_poll
 .text.process_thread_etimer_process
                0x00000000000027d6      0x11a contiki-avr-zigduino.a(etimer.o)
 .text.add_timer
                0x00000000000028f0       0x64 contiki-avr-zigduino.a(etimer.o)
 .text.etimer_set
                0x0000000000002954       0x16 contiki-avr-zigduino.a(etimer.o)
                0x0000000000002954                etimer_set
 .text.etimer_restart
                0x000000000000296a       0x16 contiki-avr-zigduino.a(etimer.o)
                0x000000000000296a                etimer_restart
 .text.etimer_expired
                0x0000000000002980       0x16 contiki-avr-zigduino.a(etimer.o)
                0x0000000000002980                etimer_expired
 .text.etimer_pending
                0x0000000000002996       0x18 contiki-avr-zigduino.a(etimer.o)
                0x0000000000002996                etimer_pending
 .text.process_thread_ctimer_process
                0x00000000000029ae       0xe6 contiki-avr-zigduino.a(ctimer.o)
 .text.ctimer_init
                0x0000000000002a94       0x1a contiki-avr-zigduino.a(ctimer.o)
                0x0000000000002a94                ctimer_init
 .text.ctimer_set
                0x0000000000002aae       0x66 contiki-avr-zigduino.a(ctimer.o)
                0x0000000000002aae                ctimer_set
 .text.rtimer_init
                0x0000000000002b14        0x6 contiki-avr-zigduino.a(rtimer.o)
                0x0000000000002b14                rtimer_init
 .text.rtimer_run_next
                0x0000000000002b1a       0x3e contiki-avr-zigduino.a(rtimer.o)
                0x0000000000002b1a                rtimer_run_next
 .text.random_init
                0x0000000000002b58        0x6 contiki-avr-zigduino.a(random.o)
                0x0000000000002b58                random_init
 .text.random_rand
                0x0000000000002b5e        0x6 contiki-avr-zigduino.a(random.o)
                0x0000000000002b5e                random_rand
 .text.ringbuf_put
                0x0000000000002b64       0x40 contiki-avr-zigduino.a(ringbuf.o)
                0x0000000000002b64                ringbuf_put
 .text.ringbuf_get
                0x0000000000002ba4       0x3e contiki-avr-zigduino.a(ringbuf.o)
                0x0000000000002ba4                ringbuf_get
 .text.packetbuf_hdrreduce
                0x0000000000002be2       0x3e contiki-avr-zigduino.a(packetbuf.o)
                0x0000000000002be2                packetbuf_hdrreduce
 .text.packetbuf_set_datalen
                0x0000000000002c20        0xa contiki-avr-zigduino.a(packetbuf.o)
                0x0000000000002c20                packetbuf_set_datalen
 .text.packetbuf_dataptr
                0x0000000000002c2a       0x10 contiki-avr-zigduino.a(packetbuf.o)
                0x0000000000002c2a                packetbuf_dataptr
 .text.packetbuf_hdrptr
                0x0000000000002c3a        0xe contiki-avr-zigduino.a(packetbuf.o)
                0x0000000000002c3a                packetbuf_hdrptr
 .text.packetbuf_is_reference
                0x0000000000002c48       0x1c contiki-avr-zigduino.a(packetbuf.o)
                0x0000000000002c48                packetbuf_is_reference
 .text.packetbuf_compact
                0x0000000000002c64       0x60 contiki-avr-zigduino.a(packetbuf.o)
                0x0000000000002c64                packetbuf_compact
 .text.packetbuf_datalen
                0x0000000000002cc4        0xa contiki-avr-zigduino.a(packetbuf.o)
                0x0000000000002cc4                packetbuf_datalen
 .text.packetbuf_totlen
                0x0000000000002cce       0x18 contiki-avr-zigduino.a(packetbuf.o)
                0x0000000000002cce                packetbuf_totlen
 .text.packetbuf_hdralloc
                0x0000000000002ce6       0x3e contiki-avr-zigduino.a(packetbuf.o)
                0x0000000000002ce6                packetbuf_hdralloc
 .text.packetbuf_attr_clear
                0x0000000000002d24       0x38 contiki-avr-zigduino.a(packetbuf.o)
                0x0000000000002d24                packetbuf_attr_clear
 .text.packetbuf_clear
                0x0000000000002d5c       0x28 contiki-avr-zigduino.a(packetbuf.o)
                0x0000000000002d5c                packetbuf_clear
 .text.packetbuf_copyfrom
                0x0000000000002d84       0x66 contiki-avr-zigduino.a(packetbuf.o)
                0x0000000000002d84                packetbuf_copyfrom
 .text.packetbuf_attr_copyfrom
                0x0000000000002dea       0x2a contiki-avr-zigduino.a(packetbuf.o)
                0x0000000000002dea                packetbuf_attr_copyfrom
 .text.packetbuf_set_attr
                0x0000000000002e14       0x16 contiki-avr-zigduino.a(packetbuf.o)
                0x0000000000002e14                packetbuf_set_attr
 .text.packetbuf_attr
                0x0000000000002e2a       0x12 contiki-avr-zigduino.a(packetbuf.o)
                0x0000000000002e2a                packetbuf_attr
 .text.packetbuf_set_addr
                0x0000000000002e3c       0x14 contiki-avr-zigduino.a(packetbuf.o)
                0x0000000000002e3c                packetbuf_set_addr
 .text.packetbuf_addr
                0x0000000000002e50       0x10 contiki-avr-zigduino.a(packetbuf.o)
                0x0000000000002e50                packetbuf_addr
 .text.queuebuf_init
                0x0000000000002e60       0x1a contiki-avr-zigduino.a(queuebuf.o)
                0x0000000000002e60                queuebuf_init
 .text.queuebuf_to_packetbuf
                0x0000000000002e7a       0x7c contiki-avr-zigduino.a(queuebuf.o)
                0x0000000000002e7a                queuebuf_to_packetbuf
 .text.start_periodic_tcp_timer
                0x0000000000002ef6       0x16 contiki-avr-zigduino.a(tcpip.o)
 .text.tcpip_output
                0x0000000000002f0c       0x14 contiki-avr-zigduino.a(tcpip.o)
                0x0000000000002f0c                tcpip_output
 .text.process_thread_tcpip_process
                0x0000000000002f20      0x280 contiki-avr-zigduino.a(tcpip.o)
 .text.tcpip_uipcall
                0x00000000000031a0       0x86 contiki-avr-zigduino.a(tcpip.o)
                0x00000000000031a0                tcpip_uipcall
 .text.uip_split_output
                0x0000000000003226      0x11e contiki-avr-zigduino.a(uip-split.o)
                0x0000000000003226                uip_split_output
 .text.chksum   0x0000000000003344       0x50 contiki-avr-zigduino.a(uip.o)
 .text.upper_layer_chksum
                0x0000000000003394       0x4c contiki-avr-zigduino.a(uip.o)
 .text.uip_add32
                0x00000000000033e0       0x70 contiki-avr-zigduino.a(uip.o)
                0x00000000000033e0                uip_add32
 .text.uip_add_rcv_nxt
                0x0000000000003450       0x32 contiki-avr-zigduino.a(uip.o)
 .text.uip_ipchksum
                0x0000000000003482       0x22 contiki-avr-zigduino.a(uip.o)
                0x0000000000003482                uip_ipchksum
 .text.uip_tcpchksum
                0x00000000000034a4        0x8 contiki-avr-zigduino.a(uip.o)
                0x00000000000034a4                uip_tcpchksum
 .text.uip_udpchksum
                0x00000000000034ac        0x8 contiki-avr-zigduino.a(uip.o)
                0x00000000000034ac                uip_udpchksum
 .text.uip_init
                0x00000000000034b4       0x72 contiki-avr-zigduino.a(uip.o)
                0x00000000000034b4                uip_init
 .text.uip_unlisten
                0x0000000000003526       0x34 contiki-avr-zigduino.a(uip.o)
                0x0000000000003526                uip_unlisten
 .text.uip_process
                0x000000000000355a      0xec2 contiki-avr-zigduino.a(uip.o)
                0x000000000000355a                uip_process
 .text.__vector_32
                0x000000000000441c       0x5a contiki-avr-zigduino.a(rtimer-arch.o)
                0x000000000000441c                __vector_32
 .text.rtimer_arch_init
                0x0000000000004476       0x34 contiki-avr-zigduino.a(rtimer-arch.o)
                0x0000000000004476                rtimer_arch_init
 .text.rtimer_arch_schedule
                0x00000000000044aa       0x20 contiki-avr-zigduino.a(rtimer-arch.o)
                0x00000000000044aa                rtimer_arch_schedule
 .text.__vector_13
                0x00000000000044ca       0x14 contiki-avr-zigduino.a(rtimer-arch.o)
                0x00000000000044ca                __vector_13
 .text.field_len
                0x00000000000044de       0xb2 contiki-avr-zigduino.a(frame802154.o)
 .text.frame802154_hdrlen
                0x0000000000004590       0x4a contiki-avr-zigduino.a(frame802154.o)
                0x0000000000004590                frame802154_hdrlen
 .text.frame802154_create
                0x00000000000045da      0x1c8 contiki-avr-zigduino.a(frame802154.o)
                0x00000000000045da                frame802154_create
 .text.frame802154_parse
                0x00000000000047a2      0x1a0 contiki-avr-zigduino.a(frame802154.o)
                0x00000000000047a2                frame802154_parse
 .text.memb_init
                0x0000000000004942       0x40 contiki-avr-zigduino.a(memb.o)
                0x0000000000004942                memb_init
 .text.memb_inmemb
                0x0000000000004982       0x3a contiki-avr-zigduino.a(memb.o)
                0x0000000000004982                memb_inmemb
 .text.timer_set
                0x00000000000049bc       0x18 contiki-avr-zigduino.a(timer.o)
                0x00000000000049bc                timer_set
 .text.timer_restart
                0x00000000000049d4       0x14 contiki-avr-zigduino.a(timer.o)
                0x00000000000049d4                timer_restart
 .text.timer_expired
                0x00000000000049e8       0x2e contiki-avr-zigduino.a(timer.o)
                0x00000000000049e8                timer_expired
 .text.libgcc   0x0000000000004a16       0x28 /usr/lib/gcc/avr/4.5.3/avr51/libgcc.a(_udivmodhi4.o)
                0x0000000000004a16                __udivmodhi4
 .text.libgcc   0x0000000000004a3e       0x44 /usr/lib/gcc/avr/4.5.3/avr51/libgcc.a(_udivmodsi4.o)
                0x0000000000004a3e                __udivmodsi4
 .text.avr-libc
                0x0000000000004a82       0xbc /usr/lib/gcc/avr/4.5.3/../../../../avr/lib/avr51/libc.a(rand.o)
                0x0000000000004b18                rand_r
                0x0000000000004b1e                rand
                0x0000000000004b28                srand
 .text.avr-libc
                0x0000000000004b3e       0x1a /usr/lib/gcc/avr/4.5.3/../../../../avr/lib/avr51/libc.a(memcmp.o)
                0x0000000000004b3e                memcmp
 .text.avr-libc
                0x0000000000004b58       0x12 /usr/lib/gcc/avr/4.5.3/../../../../avr/lib/avr51/libc.a(memcpy.o)
                0x0000000000004b58                memcpy
 .text.avr-libc
                0x0000000000004b6a        0xe /usr/lib/gcc/avr/4.5.3/../../../../avr/lib/avr51/libc.a(memset.o)
                0x0000000000004b6a                memset
 .text.avr-libc
                0x0000000000004b78       0x40 /usr/lib/gcc/avr/4.5.3/../../../../avr/lib/avr51/libc.a(printf_p.o)
                0x0000000000004b78                printf_P
 .text.avr-libc
                0x0000000000004bb8      0x420 /usr/lib/gcc/avr/4.5.3/../../../../avr/lib/avr51/libc.a(vfprintf_std.o)
                0x0000000000004bb8                vfprintf
 .text.avr-libc
                0x0000000000004fd8       0x20 /usr/lib/gcc/avr/4.5.3/../../../../avr/lib/avr51/libc.a(eerd_block_atmega128rfa1.o)
                0x0000000000004fd8                __eerd_block_m128rfa1
                0x0000000000004fdc                __eerd_blraw_m128rfa1
 .text.avr-libc
                0x0000000000004ff8       0x10 /usr/lib/gcc/avr/4.5.3/../../../../avr/lib/avr51/libc.a(eerd_byte_atmega128rfa1.o)
                0x0000000000004ff8                __eerd_byte_m128rfa1
 .text.avr-libc
                0x0000000000005008        0xc /usr/lib/gcc/avr/4.5.3/../../../../avr/lib/avr51/libc.a(eerd_word_atmega128rfa1.o)
                0x0000000000005008                __eerd_word_m128rfa1
 .text.avr-libc
                0x0000000000005014       0x14 /usr/lib/gcc/avr/4.5.3/../../../../avr/lib/avr51/libc.a(eewr_block_atmega128rfa1.o)
                0x0000000000005014                __eewr_block_m128rfa1
 .text.avr-libc
                0x0000000000005028       0x1c /usr/lib/gcc/avr/4.5.3/../../../../avr/lib/avr51/libc.a(eewr_byte_atmega128rfa1.o)
                0x0000000000005028                __eewr_byte_m128rfa1
                0x000000000000502a                __eewr_r18_m128rfa1
 .text.avr-libc
                0x0000000000005044        0xa /usr/lib/gcc/avr/4.5.3/../../../../avr/lib/avr51/libc.a(eewr_word_atmega128rfa1.o)
                0x0000000000005044                __eewr_word_m128rfa1
 .text.avr-libc
                0x000000000000504e       0x16 /usr/lib/gcc/avr/4.5.3/../../../../avr/lib/avr51/libc.a(strnlen_P.o)
                0x000000000000504e                strnlen_P
 .text.avr-libc
                0x0000000000005064       0x16 /usr/lib/gcc/avr/4.5.3/../../../../avr/lib/avr51/libc.a(strnlen.o)
                0x0000000000005064                strnlen
 .text.avr-libc
                0x000000000000507a       0x58 /usr/lib/gcc/avr/4.5.3/../../../../avr/lib/avr51/libc.a(fputc.o)
                0x000000000000507a                fputc
 .text.avr-libc
                0x00000000000050d2       0xbc /usr/lib/gcc/avr/4.5.3/../../../../avr/lib/avr51/libc.a(ultoa_invert.o)
                0x00000000000050d2                __ultoa_invert
 .text.libgcc   0x000000000000518e       0x3e /usr/lib/gcc/avr/4.5.3/avr51/libgcc.a(_mulsi3.o)
                0x000000000000518e                __mulsi3
 .text.libgcc   0x00000000000051cc       0x36 /usr/lib/gcc/avr/4.5.3/avr51/libgcc.a(_divmodsi4.o)
                0x00000000000051cc                __divmodsi4
                0x0000000000005202                . = ALIGN (0x2)
 *(.fini9)
 .fini9         0x0000000000005202        0x0 /usr/lib/gcc/avr/4.5.3/avr51/libgcc.a(_exit.o)
                0x0000000000005202                exit
                0x0000000000005202                _exit
 *(.fini9)
 *(.fini8)
 *(.fini8)
 *(.fini7)
 *(.fini7)
 *(.fini6)
 *(.fini6)
 *(.fini5)
 *(.fini5)
 *(.fini4)
 *(.fini4)
 *(.fini3)
 *(.fini3)
 *(.fini2)
 *(.fini2)
 *(.fini1)
 *(.fini1)
 *(.fini0)
 .fini0         0x0000000000005202        0x4 /usr/lib/gcc/avr/4.5.3/avr51/libgcc.a(_exit.o)
 *(.fini0)
                0x0000000000005206                _etext = .

.data           0x0000000000800200      0x144 load address 0x0000000000005206
                0x0000000000800200                PROVIDE (__data_start, .)
 *(.data)
 .data          0x0000000000800200        0x0 /usr/lib/gcc/avr/4.5.3/../../../../avr/lib/avr51/crtm128rfa1.o
 .data          0x0000000000800200       0x11 antenna_on_idle.co
 .data          0x0000000000800211        0xc contiki-avr-zigduino.a(contiki-main.o)
 .data          0x000000000080021d        0x0 contiki-avr-zigduino.a(params.o)
 .data          0x000000000080021d        0x0 contiki-avr-zigduino.a(clock.o)
 .data          0x000000000080021d        0x0 contiki-avr-zigduino.a(rs232.o)
 .data          0x000000000080021d        0x0 contiki-avr-zigduino.a(watchdog.o)
 .data          0x000000000080021d        0xd contiki-avr-zigduino.a(rf230bb.o)
 .data          0x000000000080022a        0x0 contiki-avr-zigduino.a(halbb.o)
 .data          0x000000000080022a        0x0 contiki-avr-zigduino.a(rimeaddr.o)
 .data          0x000000000080022a        0x5 contiki-avr-zigduino.a(rime.o)
 .data          0x000000000080022f        0x0 contiki-avr-zigduino.a(announcement.o)
 .data          0x000000000080022f        0x0 contiki-avr-zigduino.a(broadcast-annou)
 .data          0x000000000080022f        0x0 contiki-avr-zigduino.a(broadcast.o)
 .data          0x000000000080022f        0x0 contiki-avr-zigduino.a(abc.o)
 .data          0x000000000080022f        0x0 contiki-avr-zigduino.a(chameleon.o)
 .data          0x000000000080022f        0x0 contiki-avr-zigduino.a(channel.o)
 .data          0x000000000080022f        0x0 contiki-avr-zigduino.a(chameleon-bitop)
 .data          0x000000000080022f        0x8 contiki-avr-zigduino.a(nullmac.o)
 .data          0x0000000000800237        0xb contiki-avr-zigduino.a(sicslowmac.o)
 .data          0x0000000000800242        0x0 contiki-avr-zigduino.a(process.o)
 .data          0x0000000000800242        0x0 contiki-avr-zigduino.a(autostart.o)
 .data          0x0000000000800242        0xe contiki-avr-zigduino.a(serial-line.o)
 .data          0x0000000000800250        0x0 contiki-avr-zigduino.a(mmem.o)
 .data          0x0000000000800250        0x0 contiki-avr-zigduino.a(list.o)
 .data          0x0000000000800250        0xc contiki-avr-zigduino.a(etimer.o)
 .data          0x000000000080025c        0xf contiki-avr-zigduino.a(ctimer.o)
 .data          0x000000000080026b        0x0 contiki-avr-zigduino.a(rtimer.o)
 .data          0x000000000080026b        0x0 contiki-avr-zigduino.a(random.o)
 .data          0x000000000080026b        0x0 contiki-avr-zigduino.a(ringbuf.o)
 .data          0x000000000080026b        0x0 contiki-avr-zigduino.a(packetbuf.o)
 .data          0x000000000080026b        0x0 contiki-avr-zigduino.a(queuebuf.o)
 .data          0x000000000080026b        0xd contiki-avr-zigduino.a(tcpip.o)
 .data          0x0000000000800278        0x0 contiki-avr-zigduino.a(uip-split.o)
 .data          0x0000000000800278        0x0 contiki-avr-zigduino.a(uip.o)
 .data          0x0000000000800278        0x0 contiki-avr-zigduino.a(rtimer-arch.o)
 .data          0x0000000000800278        0x0 contiki-avr-zigduino.a(frame802154.o)
 .data          0x0000000000800278        0x0 contiki-avr-zigduino.a(memb.o)
 .data          0x0000000000800278        0x0 contiki-avr-zigduino.a(timer.o)
 .data          0x0000000000800278        0x0 /usr/lib/gcc/avr/4.5.3/avr51/libgcc.a(_udivmodhi4.o)
 .data          0x0000000000800278        0x0 /usr/lib/gcc/avr/4.5.3/avr51/libgcc.a(_udivmodsi4.o)
 .data          0x0000000000800278        0x0 /usr/lib/gcc/avr/4.5.3/avr51/libgcc.a(_exit.o)
 .data          0x0000000000800278        0x0 /usr/lib/gcc/avr/4.5.3/avr51/libgcc.a(_copy_data.o)
 .data          0x0000000000800278        0x0 /usr/lib/gcc/avr/4.5.3/avr51/libgcc.a(_clear_bss.o)
 .data          0x0000000000800278        0x4 /usr/lib/gcc/avr/4.5.3/../../../../avr/lib/avr51/libc.a(rand.o)
 .data          0x000000000080027c        0x0 /usr/lib/gcc/avr/4.5.3/../../../../avr/lib/avr51/libc.a(memcmp.o)
 .data          0x000000000080027c        0x0 /usr/lib/gcc/avr/4.5.3/../../../../avr/lib/avr51/libc.a(memcpy.o)
 .data          0x000000000080027c        0x0 /usr/lib/gcc/avr/4.5.3/../../../../avr/lib/avr51/libc.a(memmove.o)
 .data          0x000000000080027c        0x0 /usr/lib/gcc/avr/4.5.3/../../../../avr/lib/avr51/libc.a(memset.o)
 .data          0x000000000080027c        0x0 /usr/lib/gcc/avr/4.5.3/../../../../avr/lib/avr51/libc.a(iob.o)
 .data          0x000000000080027c        0x0 /usr/lib/gcc/avr/4.5.3/../../../../avr/lib/avr51/libc.a(printf_p.o)
 .data          0x000000000080027c        0x0 /usr/lib/gcc/avr/4.5.3/../../../../avr/lib/avr51/libc.a(vfprintf_std.o)
 .data          0x000000000080027c        0x0 /usr/lib/gcc/avr/4.5.3/../../../../avr/lib/avr51/libc.a(eerd_block_atmega128rfa1.o)
 .data          0x000000000080027c        0x0 /usr/lib/gcc/avr/4.5.3/../../../../avr/lib/avr51/libc.a(eerd_byte_atmega128rfa1.o)
 .data          0x000000000080027c        0x0 /usr/lib/gcc/avr/4.5.3/../../../../avr/lib/avr51/libc.a(eerd_word_atmega128rfa1.o)
 .data          0x000000000080027c        0x0 /usr/lib/gcc/avr/4.5.3/../../../../avr/lib/avr51/libc.a(eewr_block_atmega128rfa1.o)
 .data          0x000000000080027c        0x0 /usr/lib/gcc/avr/4.5.3/../../../../avr/lib/avr51/libc.a(eewr_byte_atmega128rfa1.o)
 .data          0x000000000080027c        0x0 /usr/lib/gcc/avr/4.5.3/../../../../avr/lib/avr51/libc.a(eewr_word_atmega128rfa1.o)
 .data          0x000000000080027c        0x0 /usr/lib/gcc/avr/4.5.3/../../../../avr/lib/avr51/libc.a(strnlen_P.o)
 .data          0x000000000080027c        0x0 /usr/lib/gcc/avr/4.5.3/../../../../avr/lib/avr51/libc.a(strnlen.o)
 .data          0x000000000080027c        0x0 /usr/lib/gcc/avr/4.5.3/../../../../avr/lib/avr51/libc.a(fputc.o)
 .data          0x000000000080027c        0x0 /usr/lib/gcc/avr/4.5.3/../../../../avr/lib/avr51/libc.a(ultoa_invert.o)
 .data          0x000000000080027c        0x0 /usr/lib/gcc/avr/4.5.3/avr51/libgcc.a(_mulsi3.o)
 .data          0x000000000080027c        0x0 /usr/lib/gcc/avr/4.5.3/avr51/libgcc.a(_divmodsi4.o)
 *(.data*)
 .data.antenna_on_idle_process
                0x000000000080027c        0xa antenna_on_idle.co
                0x000000000080027c                antenna_on_idle_process
 .data.rs232_stdout
                0x0000000000800286        0xe contiki-avr-zigduino.a(rs232.o)
 .data.rf230_process
                0x0000000000800294        0xa contiki-avr-zigduino.a(rf230bb.o)
                0x0000000000800294                rf230_process
 .data.serial_line_process
                0x000000000080029e        0xa contiki-avr-zigduino.a(serial-line.o)
                0x000000000080029e                serial_line_process
 .data.etimer_process
                0x00000000008002a8        0xa contiki-avr-zigduino.a(etimer.o)
                0x00000000008002a8                etimer_process
 .data.ctimer_process
                0x00000000008002b2        0xa contiki-avr-zigduino.a(ctimer.o)
                0x00000000008002b2                ctimer_process
 .data.bufmem   0x00000000008002bc        0x8 contiki-avr-zigduino.a(queuebuf.o)
 .data.refbufmem
                0x00000000008002c4        0x8 contiki-avr-zigduino.a(queuebuf.o)
 .data.buframmem
                0x00000000008002cc        0x8 contiki-avr-zigduino.a(queuebuf.o)
 .data.tcpip_process
                0x00000000008002d4        0xa contiki-avr-zigduino.a(tcpip.o)
                0x00000000008002d4                tcpip_process
 *(.rodata)
 *(.rodata*)
 .rodata.autostart_processes
                0x00000000008002de        0x4 antenna_on_idle.co
                0x00000000008002de                autostart_processes
 .rodata.rf230_driver
                0x00000000008002e2       0x14 contiki-avr-zigduino.a(rf230bb.o)
                0x00000000008002e2                rf230_driver
 .rodata.rimeaddr_null
                0x00000000008002f6        0x2 contiki-avr-zigduino.a(rimeaddr.o)
                0x00000000008002f6                rimeaddr_null
 .rodata.rime_driver
                0x00000000008002f8        0x6 contiki-avr-zigduino.a(rime.o)
                0x00000000008002f8                rime_driver
 .rodata.broadcast_callbacks
                0x00000000008002fe        0x4 contiki-avr-zigduino.a(broadcast-annou)
 .rodata.broadcast
                0x0000000000800302        0x4 contiki-avr-zigduino.a(broadcast.o)
 .rodata.attributes
                0x0000000000800306        0x4 contiki-avr-zigduino.a(broadcast.o)
 .rodata.attributes
                0x000000000080030a        0x2 contiki-avr-zigduino.a(abc.o)
 .rodata.chameleon_bitopt
                0x000000000080030c        0x6 contiki-avr-zigduino.a(chameleon-bitop)
                0x000000000080030c                chameleon_bitopt
 .rodata.bitmask
                0x0000000000800312        0x9 contiki-avr-zigduino.a(chameleon-bitop)
 .rodata.nullmac_driver
                0x000000000080031b        0xe contiki-avr-zigduino.a(nullmac.o)
                0x000000000080031b                nullmac_driver
 .rodata.sicslowmac_driver
                0x0000000000800329       0x10 contiki-avr-zigduino.a(sicslowmac.o)
                0x0000000000800329                sicslowmac_driver
 .rodata.uip_broadcast_addr
                0x0000000000800339        0x4 contiki-avr-zigduino.a(uip.o)
                0x0000000000800339                uip_broadcast_addr
 .rodata.uip_all_zeroes_addr
                0x000000000080033d        0x4 contiki-avr-zigduino.a(uip.o)
                0x000000000080033d                uip_all_zeroes_addr
 .rodata.CSWTCH.4
                0x0000000000800341        0x2 contiki-avr-zigduino.a(frame802154.o)
 *(.gnu.linkonce.d*)
                0x0000000000800344                . = ALIGN (0x2)
 *fill*         0x0000000000800343        0x1 
                0x0000000000800344                _edata = .
                0x0000000000800344                PROVIDE (__data_end, .)

.bss            0x0000000000800344      0xc0d
                0x0000000000800344                PROVIDE (__bss_start, .)
 *(.bss)
 *(.bss*)
 .bss.count     0x0000000000800344        0x2 contiki-avr-zigduino.a(clock.o)
 .bss.scount    0x0000000000800346        0x1 contiki-avr-zigduino.a(clock.o)
 .bss.stdout_rs232_port
                0x0000000000800347        0x1 contiki-avr-zigduino.a(rs232.o)
 .bss.buffer    0x0000000000800348       0x81 contiki-avr-zigduino.a(rf230bb.o)
 .bss.channel   0x00000000008003c9        0x1 contiki-avr-zigduino.a(rf230bb.o)
 .bss.sniffers_list
                0x00000000008003ca        0x2 contiki-avr-zigduino.a(rime.o)
 .bss.announcements_list
                0x00000000008003cc        0x2 contiki-avr-zigduino.a(announcement.o)
 .bss.observer_callback
                0x00000000008003ce        0x2 contiki-avr-zigduino.a(announcement.o)
 .bss.c         0x00000000008003d0       0x35 contiki-avr-zigduino.a(broadcast-annou)
 .bss.channel_list_list
                0x0000000000800405        0x2 contiki-avr-zigduino.a(channel.o)
 .bss.mac_dsn   0x0000000000800407        0x1 contiki-avr-zigduino.a(sicslowmac.o)
 .bss.process_list
                0x0000000000800408        0x2 contiki-avr-zigduino.a(process.o)
                0x0000000000800408                process_list
 .bss.process_current
                0x000000000080040a        0x2 contiki-avr-zigduino.a(process.o)
                0x000000000080040a                process_current
 .bss.poll_requested
                0x000000000080040c        0x1 contiki-avr-zigduino.a(process.o)
 .bss.nevents   0x000000000080040d        0x1 contiki-avr-zigduino.a(process.o)
 .bss.fevent    0x000000000080040e        0x1 contiki-avr-zigduino.a(process.o)
 .bss.events    0x000000000080040f       0xa0 contiki-avr-zigduino.a(process.o)
 .bss.snum.1531
                0x00000000008004af        0x1 contiki-avr-zigduino.a(process.o)
 .bss.p.1516    0x00000000008004b0        0x2 contiki-avr-zigduino.a(process.o)
 .bss.receiver.1515
                0x00000000008004b2        0x2 contiki-avr-zigduino.a(process.o)
 .bss.data.1514
                0x00000000008004b4        0x2 contiki-avr-zigduino.a(process.o)
 .bss.ev.1513   0x00000000008004b6        0x1 contiki-avr-zigduino.a(process.o)
 .bss.lastevent
                0x00000000008004b7        0x1 contiki-avr-zigduino.a(process.o)
 .bss.rxbuf     0x00000000008004b8        0x5 contiki-avr-zigduino.a(serial-line.o)
 .bss.ptr.2331  0x00000000008004bd        0x2 contiki-avr-zigduino.a(serial-line.o)
 .bss.buf.2330  0x00000000008004bf       0x80 contiki-avr-zigduino.a(serial-line.o)
 .bss.overflow.2324
                0x000000000080053f        0x1 contiki-avr-zigduino.a(serial-line.o)
 .bss.mmemlist_list
                0x0000000000800540        0x2 contiki-avr-zigduino.a(mmem.o)
 .bss.timerlist
                0x0000000000800542        0x2 contiki-avr-zigduino.a(etimer.o)
 .bss.next_expiration
                0x0000000000800544        0x2 contiki-avr-zigduino.a(etimer.o)
 .bss.initialized
                0x0000000000800546        0x1 contiki-avr-zigduino.a(ctimer.o)
 .bss.ctimer_list_list
                0x0000000000800547        0x2 contiki-avr-zigduino.a(ctimer.o)
 .bss.next_rtimer
                0x0000000000800549        0x2 contiki-avr-zigduino.a(rtimer.o)
 .bss.hdrptr    0x000000000080054b        0x1 contiki-avr-zigduino.a(packetbuf.o)
 .bss.buflen    0x000000000080054c        0x2 contiki-avr-zigduino.a(packetbuf.o)
 .bss.packetbufptr
                0x000000000080054e        0x2 contiki-avr-zigduino.a(packetbuf.o)
 .bss.packetbuf_aligned
                0x0000000000800550       0xb2 contiki-avr-zigduino.a(packetbuf.o)
 .bss.bufptr    0x0000000000800602        0x2 contiki-avr-zigduino.a(packetbuf.o)
 .bss.bufmem_memb_count
                0x0000000000800604        0x3 contiki-avr-zigduino.a(queuebuf.o)
 .bss.bufmem_memb_mem
                0x0000000000800607        0x6 contiki-avr-zigduino.a(queuebuf.o)
 .bss.refbufmem_memb_count
                0x000000000080060d        0x2 contiki-avr-zigduino.a(queuebuf.o)
 .bss.refbufmem_memb_mem
                0x000000000080060f       0x6a contiki-avr-zigduino.a(queuebuf.o)
 .bss.buframmem_memb_count
                0x0000000000800679        0x3 contiki-avr-zigduino.a(queuebuf.o)
 .bss.buframmem_memb_mem
                0x000000000080067c      0x22e contiki-avr-zigduino.a(queuebuf.o)
 .bss.s         0x00000000008008aa        0xe contiki-avr-zigduino.a(tcpip.o)
 .bss.periodic  0x00000000008008b8        0x8 contiki-avr-zigduino.a(tcpip.o)
 .bss.i.4245    0x00000000008008c0        0x1 contiki-avr-zigduino.a(tcpip.o)
 .bss.i.4197    0x00000000008008c1        0x1 contiki-avr-zigduino.a(tcpip.o)
 .bss.i.4233    0x00000000008008c2        0x1 contiki-avr-zigduino.a(tcpip.o)
 .bss.outputfunc
                0x00000000008008c3        0x2 contiki-avr-zigduino.a(tcpip.o)
 .bss.iss       0x00000000008008c5        0x4 contiki-avr-zigduino.a(uip.o)
 .bss.tmp16     0x00000000008008c9        0x2 contiki-avr-zigduino.a(uip.o)
 .bss.c         0x00000000008008cb        0x1 contiki-avr-zigduino.a(uip.o)
 .bss.opt       0x00000000008008cc        0x1 contiki-avr-zigduino.a(uip.o)
 .bss.ipid      0x00000000008008cd        0x2 contiki-avr-zigduino.a(uip.o)
 .bss.lastport  0x00000000008008cf        0x2 contiki-avr-zigduino.a(uip.o)
 *(COMMON)
 COMMON         0x00000000008008d1        0x6 contiki-avr-zigduino.a(contiki-main.o)
                0x00000000008008d1                ledtimer
                0x00000000008008d3                clocktime
 COMMON         0x00000000008008d7        0x8 contiki-avr-zigduino.a(clock.o)
                0x00000000008008d7                sleepseconds
                0x00000000008008db                seconds
 COMMON         0x00000000008008df        0x4 contiki-avr-zigduino.a(rs232.o)
                0x00000000008008df                input_handler_1
                0x00000000008008e1                input_handler_0
 COMMON         0x00000000008008e3       0x8c contiki-avr-zigduino.a(rf230bb.o)
                0x00000000008008e3                rf230_last_correlation
                0x00000000008008e4                rf230_last_rssi
                0x00000000008008e5                rf230_smallest_rssi
                0x00000000008008e6                rf230_pending
                0x00000000008008e7                rf230_ccawait
                0x00000000008008e8                rf230_txendwait
                0x00000000008008e9                rxframe_tail
                0x00000000008008ea                rxframe_head
                0x00000000008008eb                rxframe
                0x000000000080096d                rf230_wakewait
                0x000000000080096e                RF230_receive_on
 COMMON         0x000000000080096f        0x2 contiki-avr-zigduino.a(rimeaddr.o)
                0x000000000080096f                rimeaddr_node_addr
 COMMON         0x0000000000800971        0x1 contiki-avr-zigduino.a(serial-line.o)
                0x0000000000800971                serial_line_event_message
 COMMON         0x0000000000800972        0x2 contiki-avr-zigduino.a(mmem.o)
                0x0000000000800972                avail_memory
 COMMON         0x0000000000800974       0x38 contiki-avr-zigduino.a(packetbuf.o)
                0x0000000000800974                packetbuf_addrs
                0x000000000080097c                packetbuf_attrs
 COMMON         0x00000000008009ac        0x1 contiki-avr-zigduino.a(tcpip.o)
                0x00000000008009ac                tcpip_event
 COMMON         0x00000000008009ad      0x59e contiki-avr-zigduino.a(uip.o)
                0x00000000008009ad                uip_len
                0x00000000008009af                uip_sappdata
                0x00000000008009b1                uip_acc32
                0x00000000008009b5                uip_aligned_buf
                0x0000000000800ec9                uip_flags
                0x0000000000800eca                uip_udp_conn
                0x0000000000800ecc                uip_appdata
                0x0000000000800ece                uip_conn
                0x0000000000800ed0                uip_conns
                0x0000000000800f10                uip_listenports
                0x0000000000800f16                uip_draddr
                0x0000000000800f1a                uip_netmask
                0x0000000000800f1e                uip_hostaddr
                0x0000000000800f22                uip_slen
                0x0000000000800f24                uip_udp_conns
 COMMON         0x0000000000800f4b        0x6 /usr/lib/gcc/avr/4.5.3/../../../../avr/lib/avr51/libc.a(iob.o)
                0x0000000000800f4b                __iob
                0x0000000000800f51                PROVIDE (__bss_end, .)
                0x0000000000005206                __data_load_start = LOADADDR (.data)
                0x000000000000534a                __data_load_end = (__data_load_start + SIZEOF (.data))

.noinit         0x0000000000800f51        0x0
                0x0000000000800f51                PROVIDE (__noinit_start, .)
 *(.noinit*)
                0x0000000000800f51                PROVIDE (__noinit_end, .)
                0x0000000000800f51                _end = .
                0x0000000000800f51                PROVIDE (__heap_start, .)

.eeprom         0x0000000000810000       0x29
 *(.eeprom*)
 .eeprom        0x0000000000810000       0x29 contiki-avr-zigduino.a(params.o)
                0x0000000000810000                eemem_mac_address
                0x0000000000810008                eemem_server_name
                0x0000000000810016                eemem_domain_name
                0x0000000000810020                eemem_nodeid
                0x0000000000810022                eemem_channel
                0x0000000000810024                eemem_panid
                0x0000000000810026                eemem_panaddr
                0x0000000000810028                eemem_txpower
                0x0000000000810029                __eeprom_end = .

.fuse           0x0000000000820000        0x3
 *(.fuse)
 .fuse          0x0000000000820000        0x3 contiki-avr-zigduino.a(contiki-main.o)
                0x0000000000820000                __fuse
 *(.lfuse)
 *(.hfuse)
 *(.efuse)

.lock
 *(.lock*)

.signature      0x0000000000840000        0x3
 *(.signature*)
 .signature     0x0000000000840000        0x3 contiki-avr-zigduino.a(contiki-main.o)
                0x0000000000840000                __signature

.stab
 *(.stab)

.stabstr
 *(.stabstr)

.stab.excl
 *(.stab.excl)

.stab.exclstr
 *(.stab.exclstr)

.stab.index
 *(.stab.index)

.stab.indexstr
 *(.stab.indexstr)

.comment
 *(.comment)

.note.gnu.build-id
 *(.note.gnu.build-id)

.debug
 *(.debug)

.line
 *(.line)

.debug_srcinfo
 *(.debug_srcinfo)

.debug_sfnames
 *(.debug_sfnames)

.debug_aranges  0x0000000000000000      0xce0
 *(.debug_aranges)
 .debug_aranges
                0x0000000000000000       0x20 antenna_on_idle.co
 .debug_aranges
                0x0000000000000020       0x38 contiki-avr-zigduino.a(contiki-main.o)
 .debug_aranges
                0x0000000000000058       0x40 contiki-avr-zigduino.a(params.o)
 .debug_aranges
                0x0000000000000098       0x60 contiki-avr-zigduino.a(clock.o)
 .debug_aranges
                0x00000000000000f8       0x60 contiki-avr-zigduino.a(rs232.o)
 .debug_aranges
                0x0000000000000158       0x40 contiki-avr-zigduino.a(watchdog.o)
 .debug_aranges
                0x0000000000000198      0x118 contiki-avr-zigduino.a(rf230bb.o)
 .debug_aranges
                0x00000000000002b0       0x80 contiki-avr-zigduino.a(halbb.o)
 .debug_aranges
                0x0000000000000330       0x30 contiki-avr-zigduino.a(rimeaddr.o)
 .debug_aranges
                0x0000000000000360       0x48 contiki-avr-zigduino.a(rime.o)
 .debug_aranges
                0x00000000000003a8       0x70 contiki-avr-zigduino.a(announcement.o)
 .debug_aranges
                0x0000000000000418       0x60 contiki-avr-zigduino.a(broadcast-annou)
 .debug_aranges
                0x0000000000000478       0x40 contiki-avr-zigduino.a(broadcast.o)
 .debug_aranges
                0x00000000000004b8       0x40 contiki-avr-zigduino.a(abc.o)
 .debug_aranges
                0x00000000000004f8       0x38 contiki-avr-zigduino.a(chameleon.o)
 .debug_aranges
                0x0000000000000530       0x40 contiki-avr-zigduino.a(channel.o)
 .debug_aranges
                0x0000000000000570       0x50 contiki-avr-zigduino.a(chameleon-bitop)
 .debug_aranges
                0x00000000000005c0       0x48 contiki-avr-zigduino.a(nullmac.o)
 .debug_aranges
                0x0000000000000608       0x50 contiki-avr-zigduino.a(sicslowmac.o)
 .debug_aranges
                0x0000000000000658       0x80 contiki-avr-zigduino.a(process.o)
 .debug_aranges
                0x00000000000006d8       0x28 contiki-avr-zigduino.a(autostart.o)
 .debug_aranges
                0x0000000000000700       0x30 contiki-avr-zigduino.a(serial-line.o)
 .debug_aranges
                0x0000000000000730       0x38 contiki-avr-zigduino.a(mmem.o)
 .debug_aranges
                0x0000000000000768       0x78 contiki-avr-zigduino.a(list.o)
 .debug_aranges
                0x00000000000007e0       0x88 contiki-avr-zigduino.a(etimer.o)
 .debug_aranges
                0x0000000000000868       0x50 contiki-avr-zigduino.a(ctimer.o)
 .debug_aranges
                0x00000000000008b8       0x30 contiki-avr-zigduino.a(rtimer.o)
 .debug_aranges
                0x00000000000008e8       0x28 contiki-avr-zigduino.a(random.o)
 .debug_aranges
                0x0000000000000910       0x40 contiki-avr-zigduino.a(ringbuf.o)
 .debug_aranges
                0x0000000000000950       0xe0 contiki-avr-zigduino.a(packetbuf.o)
 .debug_aranges
                0x0000000000000a30       0x68 contiki-avr-zigduino.a(queuebuf.o)
 .debug_aranges
                0x0000000000000a98       0x90 contiki-avr-zigduino.a(tcpip.o)
 .debug_aranges
                0x0000000000000b28       0x20 contiki-avr-zigduino.a(uip-split.o)
 .debug_aranges
                0x0000000000000b48       0xa8 contiki-avr-zigduino.a(uip.o)
 .debug_aranges
                0x0000000000000bf0       0x40 contiki-avr-zigduino.a(rtimer-arch.o)
 .debug_aranges
                0x0000000000000c30       0x38 contiki-avr-zigduino.a(frame802154.o)
 .debug_aranges
                0x0000000000000c68       0x38 contiki-avr-zigduino.a(memb.o)
 .debug_aranges
                0x0000000000000ca0       0x40 contiki-avr-zigduino.a(timer.o)

.debug_pubnames
                0x0000000000000000     0x1a25
 *(.debug_pubnames)
 .debug_pubnames
                0x0000000000000000       0x46 antenna_on_idle.co
 .debug_pubnames
                0x0000000000000046       0x93 contiki-avr-zigduino.a(contiki-main.o)
 .debug_pubnames
                0x00000000000000d9      0x162 contiki-avr-zigduino.a(params.o)
 .debug_pubnames
                0x000000000000023b       0xd5 contiki-avr-zigduino.a(clock.o)
 .debug_pubnames
                0x0000000000000310       0xe4 contiki-avr-zigduino.a(rs232.o)
 .debug_pubnames
                0x00000000000003f4       0x73 contiki-avr-zigduino.a(watchdog.o)
 .debug_pubnames
                0x0000000000000467      0x24b contiki-avr-zigduino.a(rf230bb.o)
 .debug_pubnames
                0x00000000000006b2       0xf9 contiki-avr-zigduino.a(halbb.o)
 .debug_pubnames
                0x00000000000007ab       0x79 contiki-avr-zigduino.a(rimeaddr.o)
 .debug_pubnames
                0x0000000000000824       0x5f contiki-avr-zigduino.a(rime.o)
 .debug_pubnames
                0x0000000000000883      0x144 contiki-avr-zigduino.a(announcement.o)
 .debug_pubnames
                0x00000000000009c7       0x7d contiki-avr-zigduino.a(broadcast-annou)
 .debug_pubnames
                0x0000000000000a44       0x4c contiki-avr-zigduino.a(broadcast.o)
 .debug_pubnames
                0x0000000000000a90       0x55 contiki-avr-zigduino.a(abc.o)
 .debug_pubnames
                0x0000000000000ae5       0x64 contiki-avr-zigduino.a(chameleon.o)
 .debug_pubnames
                0x0000000000000b49       0x74 contiki-avr-zigduino.a(channel.o)
 .debug_pubnames
                0x0000000000000bbd       0x6b contiki-avr-zigduino.a(chameleon-bitop)
 .debug_pubnames
                0x0000000000000c28       0x25 contiki-avr-zigduino.a(nullmac.o)
 .debug_pubnames
                0x0000000000000c4d       0x36 contiki-avr-zigduino.a(sicslowmac.o)
 .debug_pubnames
                0x0000000000000c83       0xf7 contiki-avr-zigduino.a(process.o)
 .debug_pubnames
                0x0000000000000d7a       0x39 contiki-avr-zigduino.a(autostart.o)
 .debug_pubnames
                0x0000000000000db3       0x78 contiki-avr-zigduino.a(serial-line.o)
 .debug_pubnames
                0x0000000000000e2b       0x62 contiki-avr-zigduino.a(mmem.o)
 .debug_pubnames
                0x0000000000000e8d       0xc3 contiki-avr-zigduino.a(list.o)
 .debug_pubnames
                0x0000000000000f50      0x109 contiki-avr-zigduino.a(etimer.o)
 .debug_pubnames
                0x0000000000001059       0x8b contiki-avr-zigduino.a(ctimer.o)
 .debug_pubnames
                0x00000000000010e4       0x45 contiki-avr-zigduino.a(rtimer.o)
 .debug_pubnames
                0x0000000000001129       0x32 contiki-avr-zigduino.a(random.o)
 .debug_pubnames
                0x000000000000115b       0x69 contiki-avr-zigduino.a(ringbuf.o)
 .debug_pubnames
                0x00000000000011c4      0x280 contiki-avr-zigduino.a(packetbuf.o)
 .debug_pubnames
                0x0000000000001444       0xff contiki-avr-zigduino.a(queuebuf.o)
 .debug_pubnames
                0x0000000000001543      0x116 contiki-avr-zigduino.a(tcpip.o)
 .debug_pubnames
                0x0000000000001659       0x27 contiki-avr-zigduino.a(uip-split.o)
 .debug_pubnames
                0x0000000000001680      0x224 contiki-avr-zigduino.a(uip.o)
 .debug_pubnames
                0x00000000000018a4       0x76 contiki-avr-zigduino.a(rtimer-arch.o)
 .debug_pubnames
                0x000000000000191a       0x56 contiki-avr-zigduino.a(frame802154.o)
 .debug_pubnames
                0x0000000000001970       0x4d contiki-avr-zigduino.a(memb.o)
 .debug_pubnames
                0x00000000000019bd       0x68 contiki-avr-zigduino.a(timer.o)

.debug_info     0x0000000000000000     0xae3b
 *(.debug_info .gnu.linkonce.wi.*)
 .debug_info    0x0000000000000000      0x308 antenna_on_idle.co
 .debug_info    0x0000000000000308      0x7e3 contiki-avr-zigduino.a(contiki-main.o)
 .debug_info    0x0000000000000aeb      0x392 contiki-avr-zigduino.a(params.o)
 .debug_info    0x0000000000000e7d      0x2b6 contiki-avr-zigduino.a(clock.o)
 .debug_info    0x0000000000001133      0x3a8 contiki-avr-zigduino.a(rs232.o)
 .debug_info    0x00000000000014db       0xdd contiki-avr-zigduino.a(watchdog.o)
 .debug_info    0x00000000000015b8      0xf9f contiki-avr-zigduino.a(rf230bb.o)
 .debug_info    0x0000000000002557      0x3e9 contiki-avr-zigduino.a(halbb.o)
 .debug_info    0x0000000000002940      0x176 contiki-avr-zigduino.a(rimeaddr.o)
 .debug_info    0x0000000000002ab6      0x42c contiki-avr-zigduino.a(rime.o)
 .debug_info    0x0000000000002ee2      0x3ed contiki-avr-zigduino.a(announcement.o)
 .debug_info    0x00000000000032cf      0x7de contiki-avr-zigduino.a(broadcast-annou)
 .debug_info    0x0000000000003aad      0x490 contiki-avr-zigduino.a(broadcast.o)
 .debug_info    0x0000000000003f3d      0x392 contiki-avr-zigduino.a(abc.o)
 .debug_info    0x00000000000042cf      0x2f1 contiki-avr-zigduino.a(chameleon.o)
 .debug_info    0x00000000000045c0      0x230 contiki-avr-zigduino.a(channel.o)
 .debug_info    0x00000000000047f0      0x643 contiki-avr-zigduino.a(chameleon-bitop)
 .debug_info    0x0000000000004e33      0x37d contiki-avr-zigduino.a(nullmac.o)
 .debug_info    0x00000000000051b0      0x8b1 contiki-avr-zigduino.a(sicslowmac.o)
 .debug_info    0x0000000000005a61      0x564 contiki-avr-zigduino.a(process.o)
 .debug_info    0x0000000000005fc5      0x1b9 contiki-avr-zigduino.a(autostart.o)
 .debug_info    0x000000000000617e      0x320 contiki-avr-zigduino.a(serial-line.o)
 .debug_info    0x000000000000649e      0x1c1 contiki-avr-zigduino.a(mmem.o)
 .debug_info    0x000000000000665f      0x349 contiki-avr-zigduino.a(list.o)
 .debug_info    0x00000000000069a8      0x4ec contiki-avr-zigduino.a(etimer.o)
 .debug_info    0x0000000000006e94      0x486 contiki-avr-zigduino.a(ctimer.o)
 .debug_info    0x000000000000731a      0x1be contiki-avr-zigduino.a(rtimer.o)
 .debug_info    0x00000000000074d8       0xa7 contiki-avr-zigduino.a(random.o)
 .debug_info    0x000000000000757f      0x1cc contiki-avr-zigduino.a(ringbuf.o)
 .debug_info    0x000000000000774b      0x711 contiki-avr-zigduino.a(packetbuf.o)
 .debug_info    0x0000000000007e5c      0x698 contiki-avr-zigduino.a(queuebuf.o)
 .debug_info    0x00000000000084f4      0xcfb contiki-avr-zigduino.a(tcpip.o)
 .debug_info    0x00000000000091ef      0x338 contiki-avr-zigduino.a(uip-split.o)
 .debug_info    0x0000000000009527      0xfb4 contiki-avr-zigduino.a(uip.o)
 .debug_info    0x000000000000a4db      0x188 contiki-avr-zigduino.a(rtimer-arch.o)
 .debug_info    0x000000000000a663      0x4a7 contiki-avr-zigduino.a(frame802154.o)
 .debug_info    0x000000000000ab0a      0x1ad contiki-avr-zigduino.a(memb.o)
 .debug_info    0x000000000000acb7      0x184 contiki-avr-zigduino.a(timer.o)

.debug_abbrev   0x0000000000000000     0x3bac
 *(.debug_abbrev)
 .debug_abbrev  0x0000000000000000      0x15a antenna_on_idle.co
 .debug_abbrev  0x000000000000015a      0x287 contiki-avr-zigduino.a(contiki-main.o)
 .debug_abbrev  0x00000000000003e1      0x10a contiki-avr-zigduino.a(params.o)
 .debug_abbrev  0x00000000000004eb      0x17f contiki-avr-zigduino.a(clock.o)
 .debug_abbrev  0x000000000000066a      0x186 contiki-avr-zigduino.a(rs232.o)
 .debug_abbrev  0x00000000000007f0       0x4c contiki-avr-zigduino.a(watchdog.o)
 .debug_abbrev  0x000000000000083c      0x334 contiki-avr-zigduino.a(rf230bb.o)
 .debug_abbrev  0x0000000000000b70      0x143 contiki-avr-zigduino.a(halbb.o)
 .debug_abbrev  0x0000000000000cb3      0x101 contiki-avr-zigduino.a(rimeaddr.o)
 .debug_abbrev  0x0000000000000db4      0x1ac contiki-avr-zigduino.a(rime.o)
 .debug_abbrev  0x0000000000000f60      0x16a contiki-avr-zigduino.a(announcement.o)
 .debug_abbrev  0x00000000000010ca      0x20b contiki-avr-zigduino.a(broadcast-annou)
 .debug_abbrev  0x00000000000012d5      0x185 contiki-avr-zigduino.a(broadcast.o)
 .debug_abbrev  0x000000000000145a      0x145 contiki-avr-zigduino.a(abc.o)
 .debug_abbrev  0x000000000000159f      0x12f contiki-avr-zigduino.a(chameleon.o)
 .debug_abbrev  0x00000000000016ce      0x11a contiki-avr-zigduino.a(channel.o)
 .debug_abbrev  0x00000000000017e8      0x202 contiki-avr-zigduino.a(chameleon-bitop)
 .debug_abbrev  0x00000000000019ea      0x158 contiki-avr-zigduino.a(nullmac.o)
 .debug_abbrev  0x0000000000001b42      0x25b contiki-avr-zigduino.a(sicslowmac.o)
 .debug_abbrev  0x0000000000001d9d      0x2ce contiki-avr-zigduino.a(process.o)
 .debug_abbrev  0x000000000000206b       0xf5 contiki-avr-zigduino.a(autostart.o)
 .debug_abbrev  0x0000000000002160      0x1bd contiki-avr-zigduino.a(serial-line.o)
 .debug_abbrev  0x000000000000231d      0x147 contiki-avr-zigduino.a(mmem.o)
 .debug_abbrev  0x0000000000002464      0x13a contiki-avr-zigduino.a(list.o)
 .debug_abbrev  0x000000000000259e      0x212 contiki-avr-zigduino.a(etimer.o)
 .debug_abbrev  0x00000000000027b0      0x1b5 contiki-avr-zigduino.a(ctimer.o)
 .debug_abbrev  0x0000000000002965      0x12a contiki-avr-zigduino.a(rtimer.o)
 .debug_abbrev  0x0000000000002a8f       0x67 contiki-avr-zigduino.a(random.o)
 .debug_abbrev  0x0000000000002af6       0xf0 contiki-avr-zigduino.a(ringbuf.o)
 .debug_abbrev  0x0000000000002be6      0x242 contiki-avr-zigduino.a(packetbuf.o)
 .debug_abbrev  0x0000000000002e28      0x1dd contiki-avr-zigduino.a(queuebuf.o)
 .debug_abbrev  0x0000000000003005      0x386 contiki-avr-zigduino.a(tcpip.o)
 .debug_abbrev  0x000000000000338b      0x100 contiki-avr-zigduino.a(uip-split.o)
 .debug_abbrev  0x000000000000348b      0x304 contiki-avr-zigduino.a(uip.o)
 .debug_abbrev  0x000000000000378f       0xc5 contiki-avr-zigduino.a(rtimer-arch.o)
 .debug_abbrev  0x0000000000003854      0x19c contiki-avr-zigduino.a(frame802154.o)
 .debug_abbrev  0x00000000000039f0       0xea contiki-avr-zigduino.a(memb.o)
 .debug_abbrev  0x0000000000003ada       0xd2 contiki-avr-zigduino.a(timer.o)

.debug_line     0x0000000000000000     0x8b09
 *(.debug_line .debug_line.* .debug_line_end)
 .debug_line    0x0000000000000000      0x159 antenna_on_idle.co
 .debug_line    0x0000000000000159      0x678 contiki-avr-zigduino.a(contiki-main.o)
 .debug_line    0x00000000000007d1      0x207 contiki-avr-zigduino.a(params.o)
 .debug_line    0x00000000000009d8      0x2f7 contiki-avr-zigduino.a(clock.o)
 .debug_line    0x0000000000000ccf      0x2ed contiki-avr-zigduino.a(rs232.o)
 .debug_line    0x0000000000000fbc      0x15b contiki-avr-zigduino.a(watchdog.o)
 .debug_line    0x0000000000001117      0xda2 contiki-avr-zigduino.a(rf230bb.o)
 .debug_line    0x0000000000001eb9      0x333 contiki-avr-zigduino.a(halbb.o)
 .debug_line    0x00000000000021ec       0xe6 contiki-avr-zigduino.a(rimeaddr.o)
 .debug_line    0x00000000000022d2      0x30f contiki-avr-zigduino.a(rime.o)
 .debug_line    0x00000000000025e1      0x30c contiki-avr-zigduino.a(announcement.o)
 .debug_line    0x00000000000028ed      0x44e contiki-avr-zigduino.a(broadcast-annou)
 .debug_line    0x0000000000002d3b      0x226 contiki-avr-zigduino.a(broadcast.o)
 .debug_line    0x0000000000002f61      0x1e1 contiki-avr-zigduino.a(abc.o)
 .debug_line    0x0000000000003142      0x1cb contiki-avr-zigduino.a(chameleon.o)
 .debug_line    0x000000000000330d      0x22c contiki-avr-zigduino.a(channel.o)
 .debug_line    0x0000000000003539      0x4cd contiki-avr-zigduino.a(chameleon-bitop)
 .debug_line    0x0000000000003a06      0x193 contiki-avr-zigduino.a(nullmac.o)
 .debug_line    0x0000000000003b99      0x437 contiki-avr-zigduino.a(sicslowmac.o)
 .debug_line    0x0000000000003fd0      0x4d0 contiki-avr-zigduino.a(process.o)
 .debug_line    0x00000000000044a0      0x106 contiki-avr-zigduino.a(autostart.o)
 .debug_line    0x00000000000045a6      0x29b contiki-avr-zigduino.a(serial-line.o)
 .debug_line    0x0000000000004841      0x177 contiki-avr-zigduino.a(mmem.o)
 .debug_line    0x00000000000049b8      0x349 contiki-avr-zigduino.a(list.o)
 .debug_line    0x0000000000004d01      0x4b9 contiki-avr-zigduino.a(etimer.o)
 .debug_line    0x00000000000051ba      0x3d9 contiki-avr-zigduino.a(ctimer.o)
 .debug_line    0x0000000000005593      0x125 contiki-avr-zigduino.a(rtimer.o)
 .debug_line    0x00000000000056b8       0xaf contiki-avr-zigduino.a(random.o)
 .debug_line    0x0000000000005767      0x1b6 contiki-avr-zigduino.a(ringbuf.o)
 .debug_line    0x000000000000591d      0x583 contiki-avr-zigduino.a(packetbuf.o)
 .debug_line    0x0000000000005ea0      0x3bf contiki-avr-zigduino.a(queuebuf.o)
 .debug_line    0x000000000000625f      0x735 contiki-avr-zigduino.a(tcpip.o)
 .debug_line    0x0000000000006994      0x1bc contiki-avr-zigduino.a(uip-split.o)
 .debug_line    0x0000000000006b50     0x14bb contiki-avr-zigduino.a(uip.o)
 .debug_line    0x000000000000800b      0x2f9 contiki-avr-zigduino.a(rtimer-arch.o)
 .debug_line    0x0000000000008304      0x4e7 contiki-avr-zigduino.a(frame802154.o)
 .debug_line    0x00000000000087eb      0x195 contiki-avr-zigduino.a(memb.o)
 .debug_line    0x0000000000008980      0x189 contiki-avr-zigduino.a(timer.o)

.debug_frame    0x0000000000000000     0x1598
 *(.debug_frame)
 .debug_frame   0x0000000000000000       0x24 antenna_on_idle.co
 .debug_frame   0x0000000000000024       0x54 contiki-avr-zigduino.a(contiki-main.o)
 .debug_frame   0x0000000000000078       0x64 contiki-avr-zigduino.a(params.o)
 .debug_frame   0x00000000000000dc       0xa4 contiki-avr-zigduino.a(clock.o)
 .debug_frame   0x0000000000000180       0xa4 contiki-avr-zigduino.a(rs232.o)
 .debug_frame   0x0000000000000224       0x64 contiki-avr-zigduino.a(watchdog.o)
 .debug_frame   0x0000000000000288      0x214 contiki-avr-zigduino.a(rf230bb.o)
 .debug_frame   0x000000000000049c       0xe4 contiki-avr-zigduino.a(halbb.o)
 .debug_frame   0x0000000000000580       0x44 contiki-avr-zigduino.a(rimeaddr.o)
 .debug_frame   0x00000000000005c4       0x74 contiki-avr-zigduino.a(rime.o)
 .debug_frame   0x0000000000000638       0xc4 contiki-avr-zigduino.a(announcement.o)
 .debug_frame   0x00000000000006fc       0xa4 contiki-avr-zigduino.a(broadcast-annou)
 .debug_frame   0x00000000000007a0       0x64 contiki-avr-zigduino.a(broadcast.o)
 .debug_frame   0x0000000000000804       0x64 contiki-avr-zigduino.a(abc.o)
 .debug_frame   0x0000000000000868       0x54 contiki-avr-zigduino.a(chameleon.o)
 .debug_frame   0x00000000000008bc       0x64 contiki-avr-zigduino.a(channel.o)
 .debug_frame   0x0000000000000920       0x84 contiki-avr-zigduino.a(chameleon-bitop)
 .debug_frame   0x00000000000009a4       0x74 contiki-avr-zigduino.a(nullmac.o)
 .debug_frame   0x0000000000000a18       0x84 contiki-avr-zigduino.a(sicslowmac.o)
 .debug_frame   0x0000000000000a9c       0xe4 contiki-avr-zigduino.a(process.o)
 .debug_frame   0x0000000000000b80       0x34 contiki-avr-zigduino.a(autostart.o)
 .debug_frame   0x0000000000000bb4       0x44 contiki-avr-zigduino.a(serial-line.o)
 .debug_frame   0x0000000000000bf8       0x54 contiki-avr-zigduino.a(mmem.o)
 .debug_frame   0x0000000000000c4c       0xd4 contiki-avr-zigduino.a(list.o)
 .debug_frame   0x0000000000000d20       0xf4 contiki-avr-zigduino.a(etimer.o)
 .debug_frame   0x0000000000000e14       0x84 contiki-avr-zigduino.a(ctimer.o)
 .debug_frame   0x0000000000000e98       0x44 contiki-avr-zigduino.a(rtimer.o)
 .debug_frame   0x0000000000000edc       0x34 contiki-avr-zigduino.a(random.o)
 .debug_frame   0x0000000000000f10       0x64 contiki-avr-zigduino.a(ringbuf.o)
 .debug_frame   0x0000000000000f74      0x1a4 contiki-avr-zigduino.a(packetbuf.o)
 .debug_frame   0x0000000000001118       0xb4 contiki-avr-zigduino.a(queuebuf.o)
 .debug_frame   0x00000000000011cc      0x104 contiki-avr-zigduino.a(tcpip.o)
 .debug_frame   0x00000000000012d0       0x24 contiki-avr-zigduino.a(uip-split.o)
 .debug_frame   0x00000000000012f4      0x134 contiki-avr-zigduino.a(uip.o)
 .debug_frame   0x0000000000001428       0x64 contiki-avr-zigduino.a(rtimer-arch.o)
 .debug_frame   0x000000000000148c       0x54 contiki-avr-zigduino.a(frame802154.o)
 .debug_frame   0x00000000000014e0       0x54 contiki-avr-zigduino.a(memb.o)
 .debug_frame   0x0000000000001534       0x64 contiki-avr-zigduino.a(timer.o)

.debug_str      0x0000000000000000     0x322e
 *(.debug_str)
 .debug_str     0x0000000000000000      0x14b antenna_on_idle.co
                                        0x1f9 (size before relaxing)
 .debug_str     0x000000000000014b      0x1b7 contiki-avr-zigduino.a(contiki-main.o)
                                        0x34c (size before relaxing)
 .debug_str     0x0000000000000302      0x175 contiki-avr-zigduino.a(params.o)
                                        0x21e (size before relaxing)
 .debug_str     0x0000000000000477      0x10a contiki-avr-zigduino.a(clock.o)
                                        0x1c9 (size before relaxing)
 .debug_str     0x0000000000000581      0x130 contiki-avr-zigduino.a(rs232.o)
                                        0x1d3 (size before relaxing)
 .debug_str     0x00000000000006b1       0x94 contiki-avr-zigduino.a(watchdog.o)
                                        0x118 (size before relaxing)
 .debug_str     0x0000000000000745      0x8da contiki-avr-zigduino.a(rf230bb.o)
                                        0xb2a (size before relaxing)
 .debug_str     0x000000000000101f      0x15a contiki-avr-zigduino.a(halbb.o)
                                        0x282 (size before relaxing)
 .debug_str     0x0000000000001179       0xaf contiki-avr-zigduino.a(rimeaddr.o)
                                        0x140 (size before relaxing)
 .debug_str     0x0000000000001228      0x141 contiki-avr-zigduino.a(rime.o)
                                        0x27c (size before relaxing)
 .debug_str     0x0000000000001369      0x1cb contiki-avr-zigduino.a(announcement.o)
                                        0x2d3 (size before relaxing)
 .debug_str     0x0000000000001534      0x200 contiki-avr-zigduino.a(broadcast-annou)
                                        0x3d7 (size before relaxing)
 .debug_str     0x0000000000001734       0xa5 contiki-avr-zigduino.a(broadcast.o)
                                        0x4c8 (size before relaxing)
 .debug_str     0x00000000000017d9       0x75 contiki-avr-zigduino.a(abc.o)
                                        0x461 (size before relaxing)
 .debug_str     0x000000000000184e       0xb0 contiki-avr-zigduino.a(chameleon.o)
                                        0x465 (size before relaxing)
 .debug_str     0x00000000000018fe       0xb7 contiki-avr-zigduino.a(channel.o)
                                        0x19a (size before relaxing)
 .debug_str     0x00000000000019b5      0x101 contiki-avr-zigduino.a(chameleon-bitop)
                                        0x50a (size before relaxing)
 .debug_str     0x0000000000001ab6       0x70 contiki-avr-zigduino.a(nullmac.o)
                                        0x1b2 (size before relaxing)
 .debug_str     0x0000000000001b26      0x1c3 contiki-avr-zigduino.a(sicslowmac.o)
                                        0x730 (size before relaxing)
 .debug_str     0x0000000000001ce9      0x192 contiki-avr-zigduino.a(process.o)
                                        0x27e (size before relaxing)
 .debug_str     0x0000000000001e7b       0x66 contiki-avr-zigduino.a(autostart.o)
                                        0x148 (size before relaxing)
 .debug_str     0x0000000000001ee1       0xe0 contiki-avr-zigduino.a(serial-line.o)
                                        0x207 (size before relaxing)
 .debug_str     0x0000000000001fc1       0x95 contiki-avr-zigduino.a(mmem.o)
                                        0x13d (size before relaxing)
 .debug_str     0x0000000000002056       0xd4 contiki-avr-zigduino.a(list.o)
                                         0xfb (size before relaxing)
 .debug_str     0x000000000000212a      0x15f contiki-avr-zigduino.a(etimer.o)
                                        0x29d (size before relaxing)
 .debug_str     0x0000000000002289       0xe5 contiki-avr-zigduino.a(ctimer.o)
                                        0x231 (size before relaxing)
 .debug_str     0x000000000000236e       0xee contiki-avr-zigduino.a(rtimer.o)
                                        0x18a (size before relaxing)
 .debug_str     0x000000000000245c       0x61 contiki-avr-zigduino.a(random.o)
                                         0xe7 (size before relaxing)
 .debug_str     0x00000000000024bd       0x88 contiki-avr-zigduino.a(ringbuf.o)
                                        0x145 (size before relaxing)
 .debug_str     0x0000000000002545      0x26f contiki-avr-zigduino.a(packetbuf.o)
                                        0x639 (size before relaxing)
 .debug_str     0x00000000000027b4      0x1b6 contiki-avr-zigduino.a(queuebuf.o)
                                        0x5bc (size before relaxing)
 .debug_str     0x000000000000296a      0x2e6 contiki-avr-zigduino.a(tcpip.o)
                                        0x4a7 (size before relaxing)
 .debug_str     0x0000000000002c50       0x7f contiki-avr-zigduino.a(uip-split.o)
                                        0x1e5 (size before relaxing)
 .debug_str     0x0000000000002ccf      0x2fe contiki-avr-zigduino.a(uip.o)
                                        0x5d1 (size before relaxing)
 .debug_str     0x0000000000002fcd       0xa6 contiki-avr-zigduino.a(rtimer-arch.o)
                                        0x1b4 (size before relaxing)
 .debug_str     0x0000000000003073       0xf6 contiki-avr-zigduino.a(frame802154.o)
                                        0x306 (size before relaxing)
 .debug_str     0x0000000000003169       0x72 contiki-avr-zigduino.a(memb.o)
                                        0x10d (size before relaxing)
 .debug_str     0x00000000000031db       0x53 contiki-avr-zigduino.a(timer.o)
                                        0x132 (size before relaxing)

.debug_loc      0x0000000000000000     0x4a3a
 *(.debug_loc)
 .debug_loc     0x0000000000000000       0x73 antenna_on_idle.co
 .debug_loc     0x0000000000000073       0xeb contiki-avr-zigduino.a(contiki-main.o)
 .debug_loc     0x000000000000015e      0x107 contiki-avr-zigduino.a(params.o)
 .debug_loc     0x0000000000000265       0xee contiki-avr-zigduino.a(clock.o)
 .debug_loc     0x0000000000000353      0x12e contiki-avr-zigduino.a(rs232.o)
 .debug_loc     0x0000000000000481      0x73a contiki-avr-zigduino.a(rf230bb.o)
 .debug_loc     0x0000000000000bbb      0x25b contiki-avr-zigduino.a(halbb.o)
 .debug_loc     0x0000000000000e16       0x58 contiki-avr-zigduino.a(rimeaddr.o)
 .debug_loc     0x0000000000000e6e      0x168 contiki-avr-zigduino.a(rime.o)
 .debug_loc     0x0000000000000fd6      0x224 contiki-avr-zigduino.a(announcement.o)
 .debug_loc     0x00000000000011fa      0x26b contiki-avr-zigduino.a(broadcast-annou)
 .debug_loc     0x0000000000001465      0x168 contiki-avr-zigduino.a(broadcast.o)
 .debug_loc     0x00000000000015cd      0x138 contiki-avr-zigduino.a(abc.o)
 .debug_loc     0x0000000000001705       0xac contiki-avr-zigduino.a(chameleon.o)
 .debug_loc     0x00000000000017b1      0x12c contiki-avr-zigduino.a(channel.o)
 .debug_loc     0x00000000000018dd      0x64f contiki-avr-zigduino.a(chameleon-bitop)
 .debug_loc     0x0000000000001f2c       0x48 contiki-avr-zigduino.a(nullmac.o)
 .debug_loc     0x0000000000001f74      0x177 contiki-avr-zigduino.a(sicslowmac.o)
 .debug_loc     0x00000000000020eb      0x367 contiki-avr-zigduino.a(process.o)
 .debug_loc     0x0000000000002452       0x58 contiki-avr-zigduino.a(autostart.o)
 .debug_loc     0x00000000000024aa      0x11a contiki-avr-zigduino.a(serial-line.o)
 .debug_loc     0x00000000000025c4       0xac contiki-avr-zigduino.a(mmem.o)
 .debug_loc     0x0000000000002670      0x41c contiki-avr-zigduino.a(list.o)
 .debug_loc     0x0000000000002a8c      0x42e contiki-avr-zigduino.a(etimer.o)
 .debug_loc     0x0000000000002eba      0x311 contiki-avr-zigduino.a(ctimer.o)
 .debug_loc     0x00000000000031cb       0xc7 contiki-avr-zigduino.a(rtimer.o)
 .debug_loc     0x0000000000003292       0x18 contiki-avr-zigduino.a(random.o)
 .debug_loc     0x00000000000032aa       0xd4 contiki-avr-zigduino.a(ringbuf.o)
 .debug_loc     0x000000000000337e      0x27b contiki-avr-zigduino.a(packetbuf.o)
 .debug_loc     0x00000000000035f9      0x240 contiki-avr-zigduino.a(queuebuf.o)
 .debug_loc     0x0000000000003839      0x542 contiki-avr-zigduino.a(tcpip.o)
 .debug_loc     0x0000000000003d7b       0x78 contiki-avr-zigduino.a(uip-split.o)
 .debug_loc     0x0000000000003df3      0x5bd contiki-avr-zigduino.a(uip.o)
 .debug_loc     0x00000000000043b0       0x82 contiki-avr-zigduino.a(rtimer-arch.o)
 .debug_loc     0x0000000000004432      0x34c contiki-avr-zigduino.a(frame802154.o)
 .debug_loc     0x000000000000477e      0x1b0 contiki-avr-zigduino.a(memb.o)
 .debug_loc     0x000000000000492e      0x10c contiki-avr-zigduino.a(timer.o)

.debug_macinfo
 *(.debug_macinfo)

.debug_weaknames
 *(.debug_weaknames)

.debug_funcnames
 *(.debug_funcnames)

.debug_typenames
 *(.debug_typenames)

.debug_varnames
 *(.debug_varnames)

.debug_pubtypes
                0x0000000000000000     0x12fc
 *(.debug_pubtypes)
 .debug_pubtypes
                0x0000000000000000       0x66 antenna_on_idle.co
 .debug_pubtypes
                0x0000000000000066       0xfd contiki-avr-zigduino.a(contiki-main.o)
 .debug_pubtypes
                0x0000000000000163       0x2b contiki-avr-zigduino.a(params.o)
 .debug_pubtypes
                0x000000000000018e       0x3c contiki-avr-zigduino.a(clock.o)
 .debug_pubtypes
                0x00000000000001ca       0x29 contiki-avr-zigduino.a(rs232.o)
 .debug_pubtypes
                0x00000000000001f3       0x2b contiki-avr-zigduino.a(watchdog.o)
 .debug_pubtypes
                0x000000000000021e       0xd8 contiki-avr-zigduino.a(rf230bb.o)
 .debug_pubtypes
                0x00000000000002f6       0x3e contiki-avr-zigduino.a(halbb.o)
 .debug_pubtypes
                0x0000000000000334       0x21 contiki-avr-zigduino.a(rimeaddr.o)
 .debug_pubtypes
                0x0000000000000355       0x9f contiki-avr-zigduino.a(rime.o)
 .debug_pubtypes
                0x00000000000003f4       0x8c contiki-avr-zigduino.a(announcement.o)
 .debug_pubtypes
                0x0000000000000480      0x194 contiki-avr-zigduino.a(broadcast-annou)
 .debug_pubtypes
                0x0000000000000614       0xa7 contiki-avr-zigduino.a(broadcast.o)
 .debug_pubtypes
                0x00000000000006bb       0x6d contiki-avr-zigduino.a(abc.o)
 .debug_pubtypes
                0x0000000000000728       0x63 contiki-avr-zigduino.a(chameleon.o)
 .debug_pubtypes
                0x000000000000078b       0x59 contiki-avr-zigduino.a(channel.o)
 .debug_pubtypes
                0x00000000000007e4       0x96 contiki-avr-zigduino.a(chameleon-bitop)
 .debug_pubtypes
                0x000000000000087a       0x67 contiki-avr-zigduino.a(nullmac.o)
 .debug_pubtypes
                0x00000000000008e1       0xf2 contiki-avr-zigduino.a(sicslowmac.o)
 .debug_pubtypes
                0x00000000000009d3       0x7d contiki-avr-zigduino.a(process.o)
 .debug_pubtypes
                0x0000000000000a50       0x55 contiki-avr-zigduino.a(autostart.o)
 .debug_pubtypes
                0x0000000000000aa5       0x6d contiki-avr-zigduino.a(serial-line.o)
 .debug_pubtypes
                0x0000000000000b12       0x26 contiki-avr-zigduino.a(mmem.o)
 .debug_pubtypes
                0x0000000000000b38       0x26 contiki-avr-zigduino.a(list.o)
 .debug_pubtypes
                0x0000000000000b5e       0x7b contiki-avr-zigduino.a(etimer.o)
 .debug_pubtypes
                0x0000000000000bd9       0x91 contiki-avr-zigduino.a(ctimer.o)
 .debug_pubtypes
                0x0000000000000c6a       0x46 contiki-avr-zigduino.a(rtimer.o)
 .debug_pubtypes
                0x0000000000000cb0       0x12 contiki-avr-zigduino.a(random.o)
 .debug_pubtypes