Archive member included because of file (symbol)

contiki-avr-zigduino.a(etimer.o)
                              antenna_on_idle.co (etimer_set)
contiki-avr-zigduino.a(contiki-main.o)
                              /usr/lib/gcc/avr/4.8.1/../../../avr/lib/avr51/crtm128rfa1.o (main)
contiki-avr-zigduino.a(params.o)
                              contiki-avr-zigduino.a(contiki-main.o) (params_get_channel)
contiki-avr-zigduino.a(clock.o)
                              contiki-avr-zigduino.a(contiki-main.o) (clock_init)
contiki-avr-zigduino.a(rs232.o)
                              contiki-avr-zigduino.a(contiki-main.o) (rs232_init)
contiki-avr-zigduino.a(watchdog.o)
                              contiki-avr-zigduino.a(contiki-main.o) (watchdog_init)
contiki-avr-zigduino.a(rf230bb.o)
                              contiki-avr-zigduino.a(contiki-main.o) (rf230_get_channel)
contiki-avr-zigduino.a(halbb.o)
                              contiki-avr-zigduino.a(rf230bb.o) (hal_init)
contiki-avr-zigduino.a(rimeaddr.o)
                              contiki-avr-zigduino.a(contiki-main.o) (rimeaddr_set_node_addr)
contiki-avr-zigduino.a(rime.o)
                              contiki-avr-zigduino.a(contiki-main.o) (rime_driver)
contiki-avr-zigduino.a(announcement.o)
                              contiki-avr-zigduino.a(rime.o) (announcement_init)
contiki-avr-zigduino.a(broadcast-annou)
                              contiki-avr-zigduino.a(rime.o) (broadcast_announcement_init)
contiki-avr-zigduino.a(broadcast.o)
                              contiki-avr-zigduino.a(broadcast-annou) (broadcast_open)
contiki-avr-zigduino.a(abc.o)
                              contiki-avr-zigduino.a(broadcast.o) (abc_open)
contiki-avr-zigduino.a(chameleon.o)
                              contiki-avr-zigduino.a(rime.o) (chameleon_init)
contiki-avr-zigduino.a(channel.o)
                              contiki-avr-zigduino.a(chameleon.o) (channel_init)
contiki-avr-zigduino.a(chameleon-bitop)
                              contiki-avr-zigduino.a(chameleon.o) (chameleon_bitopt)
contiki-avr-zigduino.a(nullmac.o)
                              contiki-avr-zigduino.a(contiki-main.o) (nullmac_driver)
contiki-avr-zigduino.a(sicslowmac.o)
                              contiki-avr-zigduino.a(contiki-main.o) (sicslowmac_driver)
contiki-avr-zigduino.a(process.o)
                              contiki-avr-zigduino.a(etimer.o) (process_current)
contiki-avr-zigduino.a(autostart.o)
                              contiki-avr-zigduino.a(contiki-main.o) (autostart_start)
contiki-avr-zigduino.a(serial-line.o)
                              contiki-avr-zigduino.a(contiki-main.o) (serial_line_input_byte)
contiki-avr-zigduino.a(mmem.o)
                              contiki-avr-zigduino.a(contiki-main.o) (mmem_init)
contiki-avr-zigduino.a(timer.o)
                              contiki-avr-zigduino.a(etimer.o) (timer_set)
contiki-avr-zigduino.a(list.o)
                              contiki-avr-zigduino.a(announcement.o) (list_init)
contiki-avr-zigduino.a(ctimer.o)
                              contiki-avr-zigduino.a(contiki-main.o) (ctimer_init)
contiki-avr-zigduino.a(rtimer.o)
                              contiki-avr-zigduino.a(contiki-main.o) (rtimer_init)
contiki-avr-zigduino.a(random.o)
                              contiki-avr-zigduino.a(contiki-main.o) (random_init)
contiki-avr-zigduino.a(ringbuf.o)
                              contiki-avr-zigduino.a(serial-line.o) (ringbuf_init)
contiki-avr-zigduino.a(packetbuf.o)
                              contiki-avr-zigduino.a(chameleon-bitop) (packetbuf_hdrreduce)
contiki-avr-zigduino.a(queuebuf.o)
                              contiki-avr-zigduino.a(contiki-main.o) (queuebuf_init)
contiki-avr-zigduino.a(tcpip.o)
                              contiki-avr-zigduino.a(contiki-main.o) (tcpip_process)
contiki-avr-zigduino.a(uip-split.o)
                              contiki-avr-zigduino.a(tcpip.o) (uip_split_output)
contiki-avr-zigduino.a(uip.o)
                              contiki-avr-zigduino.a(tcpip.o) (uip_aligned_buf)
contiki-avr-zigduino.a(rtimer-arch.o)
                              contiki-avr-zigduino.a(rtimer.o) (rtimer_arch_init)
contiki-avr-zigduino.a(frame802154.o)
                              contiki-avr-zigduino.a(sicslowmac.o) (frame802154_hdrlen)
contiki-avr-zigduino.a(memb.o)
                              contiki-avr-zigduino.a(queuebuf.o) (memb_init)
/usr/lib/gcc/avr/4.8.1/avr51/libgcc.a(_udivmodhi4.o)
                              contiki-avr-zigduino.a(contiki-main.o) (__udivmodhi4)
/usr/lib/gcc/avr/4.8.1/avr51/libgcc.a(_udivmodsi4.o)
                              contiki-avr-zigduino.a(contiki-main.o) (__udivmodsi4)
/usr/lib/gcc/avr/4.8.1/avr51/libgcc.a(_exit.o)
                              /usr/lib/gcc/avr/4.8.1/../../../avr/lib/avr51/crtm128rfa1.o (exit)
/usr/lib/gcc/avr/4.8.1/avr51/libgcc.a(_tablejump.o)
                              contiki-avr-zigduino.a(uip.o) (__tablejump2__)
[...]
Memory Configuration

Name             Origin             Length             Attributes
text             0x0000000000000000 0x0000000000020000 xr
data             0x0000000000800100 0x000000000000ff00 rw !x
eeprom           0x0000000000810000 0x0000000000010000 rw !x
fuse             0x0000000000820000 0x0000000000000400 rw !x
lock             0x0000000000830000 0x0000000000000400 rw !x
signature        0x0000000000840000 0x0000000000000400 rw !x
user_signatures  0x0000000000850000 0x0000000000000400 rw !x
*default*        0x0000000000000000 0xffffffffffffffff

Linker script and memory map

Address of section .data set to 0x800200
LOAD /usr/lib/gcc/avr/4.8.1/../../../avr/lib/avr51/crtm128rfa1.o
Address of section .bootloader set to 0x1f800
LOAD antenna_on_idle.co
LOAD contiki-avr-zigduino.a
START GROUP
LOAD /usr/lib/gcc/avr/4.8.1/avr51/libgcc.a
LOAD /usr/lib/gcc/avr/4.8.1/../../../avr/lib/avr51/libm.a
LOAD /usr/lib/gcc/avr/4.8.1/../../../avr/lib/avr51/libc.a
END GROUP

.hash
 *(.hash)

.dynsym
 *(.dynsym)

.dynstr
 *(.dynstr)

.gnu.version
 *(.gnu.version)

.gnu.version_d
 *(.gnu.version_d)

.gnu.version_r
 *(.gnu.version_r)

.rel.init
 *(.rel.init)

.rela.init
 *(.rela.init)

.rel.text
 *(.rel.text)
 *(.rel.text.*)
 *(.rel.gnu.linkonce.t*)

.rela.text
 *(.rela.text)
 *(.rela.text.*)
 *(.rela.gnu.linkonce.t*)

.rel.fini
 *(.rel.fini)

.rela.fini
 *(.rela.fini)

.rel.rodata
 *(.rel.rodata)
 *(.rel.rodata.*)
 *(.rel.gnu.linkonce.r*)

.rela.rodata
 *(.rela.rodata)
 *(.rela.rodata.*)
 *(.rela.gnu.linkonce.r*)

.rel.data
 *(.rel.data)
 *(.rel.data.*)
 *(.rel.gnu.linkonce.d*)

.rela.data
 *(.rela.data)
 *(.rela.data.*)
 *(.rela.gnu.linkonce.d*)

.rel.ctors
 *(.rel.ctors)

.rela.ctors
 *(.rela.ctors)

.rel.dtors
 *(.rel.dtors)

.rela.dtors
 *(.rela.dtors)

.rel.got
 *(.rel.got)

.rela.got
 *(.rela.got)

.rel.bss
 *(.rel.bss)

.rela.bss
 *(.rela.bss)

.rel.plt
 *(.rel.plt)

.rela.plt
 *(.rela.plt)

.text           0x0000000000000000     0x4e1e
 *(.vectors)
 .vectors       0x0000000000000000      0x120 /usr/lib/gcc/avr/4.8.1/../../../avr/lib/avr51/crtm128rfa1.o
                0x0000000000000000                __vectors
                0x0000000000000000                __vector_default
 *(.vectors)
 *(.progmem.gcc*)
 .progmem.gcc_sw_table.uip_process
                0x0000000000000120       0x10 contiki-avr-zigduino.a(uip.o)
                0x0000000000000130                . = ALIGN (0x2)
                0x0000000000000130                __trampolines_start = .
 *(.trampolines)
 .trampolines   0x0000000000000130        0x0 linker stubs
 *(.trampolines*)
                0x0000000000000130                __trampolines_end = .
 *(.progmem*)
 .progmem.data.__c.5075
                0x0000000000000130       0x1d contiki-avr-zigduino.a(contiki-main.o)
 .progmem.data.__c.5071
                0x000000000000014d        0x5 contiki-avr-zigduino.a(contiki-main.o)
 .progmem.data.__c.5066
                0x0000000000000152        0x8 contiki-avr-zigduino.a(contiki-main.o)
 .progmem.data.__c.5064
                0x000000000000015a       0x32 contiki-avr-zigduino.a(contiki-main.o)
 .progmem.data.__c.5062
                0x000000000000018c        0x2 contiki-avr-zigduino.a(contiki-main.o)
 .progmem.data.__c.5057
                0x000000000000018e        0x4 contiki-avr-zigduino.a(contiki-main.o)
 .progmem.data.__c.5054
                0x0000000000000192        0xd contiki-avr-zigduino.a(contiki-main.o)
 .progmem.data.__c.5052
                0x000000000000019f       0x20 contiki-avr-zigduino.a(contiki-main.o)
 .progmem.data.__c.5049
                0x00000000000001bf       0x1b contiki-avr-zigduino.a(contiki-main.o)
 .progmem.data.__c.5042
                0x00000000000001da        0xd contiki-avr-zigduino.a(contiki-main.o)
 .progmem.data.__c.5040
                0x00000000000001e7       0x11 contiki-avr-zigduino.a(contiki-main.o)
 .progmem.data.__c.5038
                0x00000000000001f8       0x11 contiki-avr-zigduino.a(contiki-main.o)
 .progmem.data.__c.5036
                0x0000000000000209       0x11 contiki-avr-zigduino.a(contiki-main.o)
 .progmem.data.__c.5034
                0x000000000000021a       0x11 contiki-avr-zigduino.a(contiki-main.o)
 .progmem.data.__c.5032
                0x000000000000022b       0x1c contiki-avr-zigduino.a(contiki-main.o)
 .progmem.data.__c.4698
                0x0000000000000247       0x2d contiki-avr-zigduino.a(params.o)
 .progmem.data.default_domain_name
                0x0000000000000274        0xa contiki-avr-zigduino.a(params.o)
                0x0000000000000274                default_domain_name
 .progmem.data.default_server_name
                0x000000000000027e        0xe contiki-avr-zigduino.a(params.o)
                0x000000000000027e                default_server_name
 .progmem.data.default_mac_address
                0x000000000000028c        0x8 contiki-avr-zigduino.a(params.o)
                0x000000000000028c                default_mac_address
                0x0000000000000294                . = ALIGN (0x2)
 *(.jumptables)
 *(.jumptables*)
 *(.lowtext)
 *(.lowtext*)
                0x0000000000000294                __ctors_start = .
 *(.ctors)
                0x0000000000000294                __ctors_end = .
                0x0000000000000294                __dtors_start = .
 *(.dtors)
                0x0000000000000294                __dtors_end = .
 SORT(*)(.ctors)
 SORT(*)(.dtors)
 *(.init0)
 .init0         0x0000000000000294        0x0 /usr/lib/gcc/avr/4.8.1/../../../avr/lib/avr51/crtm128rfa1.o
                0x0000000000000294                __init
 *(.init0)
 *(.init1)
 *(.init1)
 *(.init2)
 .init2         0x0000000000000294        0xc /usr/lib/gcc/avr/4.8.1/../../../avr/lib/avr51/crtm128rfa1.o
 *(.init2)
 *(.init3)
 *(.init3)
 *(.init4)
 .init4         0x00000000000002a0       0x1a /usr/lib/gcc/avr/4.8.1/avr51/libgcc.a(_copy_data.o)
                0x00000000000002a0                __do_copy_data
 .init4         0x00000000000002ba       0x10 /usr/lib/gcc/avr/4.8.1/avr51/libgcc.a(_clear_bss.o)
                0x00000000000002ba                __do_clear_bss
 *(.init4)
 *(.init5)
 *(.init5)
 *(.init6)
 *(.init6)
 *(.init7)
 *(.init7)
 *(.init8)
 *(.init8)
 *(.init9)
 .init9         0x00000000000002ca        0x8 /usr/lib/gcc/avr/4.8.1/../../../avr/lib/avr51/crtm128rfa1.o
 *(.init9)
 *(.text)
 .text          0x00000000000002d2        0x4 /usr/lib/gcc/avr/4.8.1/../../../avr/lib/avr51/crtm128rfa1.o
                0x00000000000002d2                __vector_38
                0x00000000000002d2                __vector_22
                0x00000000000002d2                __vector_28
                0x00000000000002d2                __vector_67
                0x00000000000002d2                __vector_1
                0x00000000000002d2                __vector_71
                0x00000000000002d2                __vector_34
                0x00000000000002d2                __vector_24
                0x00000000000002d2                __vector_12
                0x00000000000002d2                __vector_55
                0x00000000000002d2                __vector_69
                0x00000000000002d2                __vector_46
                0x00000000000002d2                __bad_interrupt
                0x00000000000002d2                __vector_6
                0x00000000000002d2                __vector_31
                0x00000000000002d2                __vector_35
                0x00000000000002d2                __vector_39
                0x00000000000002d2                __vector_3
                0x00000000000002d2                __vector_23
                0x00000000000002d2                __vector_68
                0x00000000000002d2                __vector_30
                0x00000000000002d2                __vector_45
                0x00000000000002d2                __vector_11
                0x00000000000002d2                __vector_54
                0x00000000000002d2                __vector_17
                0x00000000000002d2                __vector_19
                0x00000000000002d2                __vector_56
                0x00000000000002d2                __vector_7
                0x00000000000002d2                __vector_49
                0x00000000000002d2                __vector_41
                0x00000000000002d2                __vector_43
                0x00000000000002d2                __vector_27
                0x00000000000002d2                __vector_5
                0x00000000000002d2                __vector_33
                0x00000000000002d2                __vector_47
                0x00000000000002d2                __vector_52
                0x00000000000002d2                __vector_37
                0x00000000000002d2                __vector_4
                0x00000000000002d2                __vector_44
                0x00000000000002d2                __vector_51
                0x00000000000002d2                __vector_9
                0x00000000000002d2                __vector_2
                0x00000000000002d2                __vector_15
                0x00000000000002d2                __vector_66
                0x00000000000002d2                __vector_70
                0x00000000000002d2                __vector_29
                0x00000000000002d2                __vector_40
                0x00000000000002d2                __vector_8
                0x00000000000002d2                __vector_26
                0x00000000000002d2                __vector_48
                0x00000000000002d2                __vector_14
                0x00000000000002d2                __vector_53
                0x00000000000002d2                __vector_10
                0x00000000000002d2                __vector_50
                0x00000000000002d2                __vector_16
                0x00000000000002d2                __vector_18
                0x00000000000002d2                __vector_20
                0x00000000000002d2                __vector_42
                0x00000000000002d2                __vector_65
                0x00000000000002d6                . = ALIGN (0x2)
 *(.text.*)
 .text.process_thread_antenna_on_idle_process
                0x00000000000002d6       0x74 antenna_on_idle.co
 .text.update_time
                0x000000000000034a       0x64 contiki-avr-zigduino.a(etimer.o)
 .text.etimer_request_poll
                0x00000000000003ae        0x8 contiki-avr-zigduino.a(etimer.o)
                0x00000000000003ae                etimer_request_poll
 .text.process_thread_etimer_process
                0x00000000000003b6      0x106 contiki-avr-zigduino.a(etimer.o)
 .text.add_timer
                0x00000000000004bc       0x5e contiki-avr-zigduino.a(etimer.o)
 .text.etimer_set
                0x000000000000051a       0x14 contiki-avr-zigduino.a(etimer.o)
                0x000000000000051a                etimer_set
 .text.etimer_restart
                0x000000000000052e       0x14 contiki-avr-zigduino.a(etimer.o)
                0x000000000000052e                etimer_restart
 .text.etimer_expired
                0x0000000000000542       0x16 contiki-avr-zigduino.a(etimer.o)
                0x0000000000000542                etimer_expired
 .text.etimer_pending
                0x0000000000000558       0x16 contiki-avr-zigduino.a(etimer.o)
                0x0000000000000558                etimer_pending
 .text.rng_get_uint8
                0x000000000000056e       0x2a contiki-avr-zigduino.a(contiki-main.o)
                0x000000000000056e                rng_get_uint8
 .text.initialize
                0x0000000000000598      0x26a contiki-avr-zigduino.a(contiki-main.o)
                0x0000000000000598                initialize
 .text.startup.main
                0x0000000000000802       0xee contiki-avr-zigduino.a(contiki-main.o)
                0x0000000000000802                main
 .text.params_get_channel
                0x00000000000008f0      0x10c contiki-avr-zigduino.a(params.o)
                0x00000000000008f0                params_get_channel
 .text.params_get_eui64
                0x00000000000009fc       0x14 contiki-avr-zigduino.a(params.o)
                0x00000000000009fc                params_get_eui64
 .text.params_get_panid
                0x0000000000000a10        0x8 contiki-avr-zigduino.a(params.o)
                0x0000000000000a10                params_get_panid
 .text.params_get_panaddr
                0x0000000000000a18        0x8 contiki-avr-zigduino.a(params.o)
                0x0000000000000a18                params_get_panaddr
 .text.params_get_txpower
                0x0000000000000a20        0x8 contiki-avr-zigduino.a(params.o)
                0x0000000000000a20                params_get_txpower
 .text.clock_init
                0x0000000000000a28       0x20 contiki-avr-zigduino.a(clock.o)
                0x0000000000000a28                clock_init
 .text.clock_time
                0x0000000000000a48       0x18 contiki-avr-zigduino.a(clock.o)
                0x0000000000000a48                clock_time
 .text.clock_seconds
                0x0000000000000a60       0x34 contiki-avr-zigduino.a(clock.o)
                0x0000000000000a60                clock_seconds
 .text.__vector_21
                0x0000000000000a94       0xa2 contiki-avr-zigduino.a(clock.o)
                0x0000000000000a94                __vector_21
 .text.__vector_25
                0x0000000000000b36       0x5e contiki-avr-zigduino.a(rs232.o)
                0x0000000000000b36                __vector_25
 .text.__vector_36
                0x0000000000000b94       0x5e contiki-avr-zigduino.a(rs232.o)
                0x0000000000000b94                __vector_36
 .text.rs232_init
                0x0000000000000bf2       0x40 contiki-avr-zigduino.a(rs232.o)
                0x0000000000000bf2                rs232_init
 .text.rs232_send
                0x0000000000000c32       0x24 contiki-avr-zigduino.a(rs232.o)
                0x0000000000000c32                rs232_send
 .text.rs232_stdout_putchar
                0x0000000000000c56       0x2a contiki-avr-zigduino.a(rs232.o)
                0x0000000000000c56                rs232_stdout_putchar
 .text.rs232_set_input
                0x0000000000000c80       0x1c contiki-avr-zigduino.a(rs232.o)
                0x0000000000000c80                rs232_set_input
 .text.rs232_redirect_stdout
                0x0000000000000c9c       0x12 contiki-avr-zigduino.a(rs232.o)
                0x0000000000000c9c                rs232_redirect_stdout
 .text.watchdog_init
                0x0000000000000cae       0x18 contiki-avr-zigduino.a(watchdog.o)
                0x0000000000000cae                watchdog_init
 .text.watchdog_start
                0x0000000000000cc6       0x18 contiki-avr-zigduino.a(watchdog.o)
                0x0000000000000cc6                watchdog_start
 .text.watchdog_periodic
                0x0000000000000cde        0x4 contiki-avr-zigduino.a(watchdog.o)
                0x0000000000000cde                watchdog_periodic
 .text.rf230_pending_packet
                0x0000000000000ce2        0x8 contiki-avr-zigduino.a(rf230bb.o)
 .text.radio_reset_state_machine
                0x0000000000000cea       0x32 contiki-avr-zigduino.a(rf230bb.o)
 .text.set_txpower
                0x0000000000000d1c       0x1e contiki-avr-zigduino.a(rf230bb.o)
 .text.rf230_prepare
                0x0000000000000d3a       0x20 contiki-avr-zigduino.a(rf230bb.o)
 .text.rf230_isidle
                0x0000000000000d5a       0x2c contiki-avr-zigduino.a(rf230bb.o)
 .text.rf230_waitidle
                0x0000000000000d86       0x12 contiki-avr-zigduino.a(rf230bb.o)
 .text.rf230_receiving_packet
                0x0000000000000d98       0x2a contiki-avr-zigduino.a(rf230bb.o)
 .text.radio_off
                0x0000000000000dc2       0x28 contiki-avr-zigduino.a(rf230bb.o)
 .text.rf230_off
                0x0000000000000dea       0x16 contiki-avr-zigduino.a(rf230bb.o)
 .text.radio_get_trx_state
                0x0000000000000e00        0xc contiki-avr-zigduino.a(rf230bb.o)
                0x0000000000000e00                radio_get_trx_state
 .text.radio_set_trx_state
                0x0000000000000e0c       0xbc contiki-avr-zigduino.a(rf230bb.o)
 .text.radio_on
                0x0000000000000ec8       0x42 contiki-avr-zigduino.a(rf230bb.o)
 .text.rf230_on
                0x0000000000000f0a       0x12 contiki-avr-zigduino.a(rf230bb.o)
 .text.rf230_cca
                0x0000000000000f1c       0x96 contiki-avr-zigduino.a(rf230bb.o)
 .text.rf230_warm_reset
                0x0000000000000fb2       0x3e contiki-avr-zigduino.a(rf230bb.o)
                0x0000000000000fb2                rf230_warm_reset
 .text.rf230_init
                0x0000000000000ff0       0x6e contiki-avr-zigduino.a(rf230bb.o)
                0x0000000000000ff0                rf230_init
 .text.rf230_get_channel
                0x000000000000105e        0x6 contiki-avr-zigduino.a(rf230bb.o)
                0x000000000000105e                rf230_get_channel
 .text.rf230_set_channel
                0x0000000000001064       0x2a contiki-avr-zigduino.a(rf230bb.o)
                0x0000000000001064                rf230_set_channel
 .text.rf230_set_pan_addr
                0x000000000000108e       0x48 contiki-avr-zigduino.a(rf230bb.o)
                0x000000000000108e                rf230_set_pan_addr
 .text.rf230_interrupt
                0x00000000000010d6       0x14 contiki-avr-zigduino.a(rf230bb.o)
                0x00000000000010d6                rf230_interrupt
 .text.rf230_read
                0x00000000000010ea       0xb4 contiki-avr-zigduino.a(rf230bb.o)
 .text.process_thread_rf230_process
                0x000000000000119e       0x74 contiki-avr-zigduino.a(rf230bb.o)
 .text.rf230_set_txpower
                0x0000000000001212        0x4 contiki-avr-zigduino.a(rf230bb.o)
                0x0000000000001212                rf230_set_txpower
 .text.rf230_get_txpower
                0x0000000000001216       0x18 contiki-avr-zigduino.a(rf230bb.o)
                0x0000000000001216                rf230_get_txpower
 .text.rf230_transmit
                0x000000000000122e      0x106 contiki-avr-zigduino.a(rf230bb.o)
 .text.rf230_send
                0x0000000000001334       0x1e contiki-avr-zigduino.a(rf230bb.o)
 .text.hal_init
                0x0000000000001352        0x2 contiki-avr-zigduino.a(halbb.o)
                0x0000000000001352                hal_init
 .text.hal_subregister_read
                0x0000000000001354       0x14 contiki-avr-zigduino.a(halbb.o)
                0x0000000000001354                hal_subregister_read
 .text.hal_subregister_write
                0x0000000000001368       0x36 contiki-avr-zigduino.a(halbb.o)
                0x0000000000001368                hal_subregister_write
 .text.hal_frame_read
                0x000000000000139e       0x54 contiki-avr-zigduino.a(halbb.o)
                0x000000000000139e                hal_frame_read
 .text.hal_frame_write
                0x00000000000013f2       0x22 contiki-avr-zigduino.a(halbb.o)
                0x00000000000013f2                hal_frame_write
 .text.__vector_60
                0x0000000000001414       0x70 contiki-avr-zigduino.a(halbb.o)
                0x0000000000001414                __vector_60
 .text.__vector_59
                0x0000000000001484       0x14 contiki-avr-zigduino.a(halbb.o)
                0x0000000000001484                __vector_59
 .text.__vector_57
                0x0000000000001498       0x14 contiki-avr-zigduino.a(halbb.o)
                0x0000000000001498                __vector_57
 .text.__vector_58
                0x00000000000014ac       0x14 contiki-avr-zigduino.a(halbb.o)
                0x00000000000014ac                __vector_58
 .text.__vector_64
                0x00000000000014c0       0x18 contiki-avr-zigduino.a(halbb.o)
                0x00000000000014c0                __vector_64
 .text.__vector_63
                0x00000000000014d8       0x18 contiki-avr-zigduino.a(halbb.o)
                0x00000000000014d8                __vector_63
 .text.__vector_62
                0x00000000000014f0       0x14 contiki-avr-zigduino.a(halbb.o)
                0x00000000000014f0                __vector_62
 .text.__vector_61
                0x0000000000001504       0x18 contiki-avr-zigduino.a(halbb.o)
                0x0000000000001504                __vector_61
 .text.rimeaddr_copy
                0x000000000000151c        0xe contiki-avr-zigduino.a(rimeaddr.o)
                0x000000000000151c                rimeaddr_copy
 .text.rimeaddr_cmp
                0x000000000000152a       0x18 contiki-avr-zigduino.a(rimeaddr.o)
                0x000000000000152a                rimeaddr_cmp
 .text.rimeaddr_set_node_addr
                0x0000000000001542        0xa contiki-avr-zigduino.a(rimeaddr.o)
                0x0000000000001542                rimeaddr_set_node_addr
 .text.packet_sent
                0x000000000000154c       0x52 contiki-avr-zigduino.a(rime.o)
 .text.input    0x000000000000159e       0x64 contiki-avr-zigduino.a(rime.o)
 .text.init     0x0000000000001602       0x24 contiki-avr-zigduino.a(rime.o)
 .text.rime_output
                0x0000000000001626       0x2c contiki-avr-zigduino.a(rime.o)
                0x0000000000001626                rime_output
 .text.announcement_init
                0x0000000000001652        0x8 contiki-avr-zigduino.a(announcement.o)
                0x0000000000001652                announcement_init
 .text.announcement_register_observer_callback
                0x000000000000165a        0xa contiki-avr-zigduino.a(announcement.o)
                0x000000000000165a                announcement_register_observer_callback
 .text.announcement_list
                0x0000000000001664        0x8 contiki-avr-zigduino.a(announcement.o)
                0x0000000000001664                announcement_list
 .text.announcement_heard
                0x000000000000166c       0x62 contiki-avr-zigduino.a(announcement.o)
                0x000000000000166c                announcement_heard
 .text.adv_packet_sent
                0x00000000000016ce        0x2 contiki-avr-zigduino.a(broadcast-annou)
 .text.set_timers
                0x00000000000016d0       0x3e contiki-avr-zigduino.a(broadcast-annou)
 .text.send_timer
                0x000000000000170e       0x28 contiki-avr-zigduino.a(broadcast-annou)
 .text.send_adv
                0x0000000000001736       0x8e contiki-avr-zigduino.a(broadcast-annou)
 .text.adv_packet_received
                0x00000000000017c4       0x88 contiki-avr-zigduino.a(broadcast-annou)
 .text.new_announcement
                0x000000000000184c       0x20 contiki-avr-zigduino.a(broadcast-annou)
 .text.broadcast_announcement_init
                0x000000000000186c       0x4c contiki-avr-zigduino.a(broadcast-annou)
                0x000000000000186c                broadcast_announcement_init
 .text.sent_by_abc
                0x00000000000018b8       0x18 contiki-avr-zigduino.a(broadcast.o)
 .text.recv_from_abc
                0x00000000000018d0       0x4c contiki-avr-zigduino.a(broadcast.o)
 .text.broadcast_open
                0x000000000000191c       0x34 contiki-avr-zigduino.a(broadcast.o)
                0x000000000000191c                broadcast_open
 .text.broadcast_send
                0x0000000000001950       0x1a contiki-avr-zigduino.a(broadcast.o)
                0x0000000000001950                broadcast_send
 .text.abc_open
                0x000000000000196a       0x30 contiki-avr-zigduino.a(abc.o)
                0x000000000000196a                abc_open
 .text.abc_send
                0x000000000000199a        0x4 contiki-avr-zigduino.a(abc.o)
                0x000000000000199a                abc_send
 .text.abc_input
                0x000000000000199e       0x18 contiki-avr-zigduino.a(abc.o)
                0x000000000000199e                abc_input
 .text.abc_sent
                0x00000000000019b6       0x18 contiki-avr-zigduino.a(abc.o)
                0x00000000000019b6                abc_sent
 .text.chameleon_init
                0x00000000000019ce        0x4 contiki-avr-zigduino.a(chameleon.o)
                0x00000000000019ce                chameleon_init
 .text.chameleon_parse
                0x00000000000019d2       0x26 contiki-avr-zigduino.a(chameleon.o)
                0x00000000000019d2                chameleon_parse
 .text.chameleon_create
                0x00000000000019f8       0x36 contiki-avr-zigduino.a(chameleon.o)
                0x00000000000019f8                chameleon_create
 .text.chameleon_hdrsize
                0x0000000000001a2e        0xa contiki-avr-zigduino.a(chameleon.o)
                0x0000000000001a2e                chameleon_hdrsize
 .text.channel_init
                0x0000000000001a38        0x8 contiki-avr-zigduino.a(channel.o)
                0x0000000000001a38                channel_init
 .text.channel_open
                0x0000000000001a40       0x10 contiki-avr-zigduino.a(channel.o)
                0x0000000000001a40                channel_open
 .text.channel_lookup
                0x0000000000001a50       0x2e contiki-avr-zigduino.a(channel.o)
                0x0000000000001a50                channel_lookup
 .text.channel_set_attributes
                0x0000000000001a7e       0x2a contiki-avr-zigduino.a(channel.o)
                0x0000000000001a7e                channel_set_attributes
 .text.header_size
                0x0000000000001aa8       0x20 contiki-avr-zigduino.a(chameleon-bitop)
 .text.get_bits_in_byte
                0x0000000000001ac8       0x3e contiki-avr-zigduino.a(chameleon-bitop)
                0x0000000000001ac8                get_bits_in_byte
 .text.get_bits
                0x0000000000001b06       0xec contiki-avr-zigduino.a(chameleon-bitop)
                0x0000000000001b06                get_bits
 .text.unpack_header
                0x0000000000001bf2      0x10e contiki-avr-zigduino.a(chameleon-bitop)
 .text.set_bits_in_byte
                0x0000000000001d00       0x2e contiki-avr-zigduino.a(chameleon-bitop)
                0x0000000000001d00                set_bits_in_byte
 .text.set_bits
                0x0000000000001d2e      0x126 contiki-avr-zigduino.a(chameleon-bitop)
                0x0000000000001d2e                set_bits
 .text.pack_header
                0x0000000000001e54       0xfe contiki-avr-zigduino.a(chameleon-bitop)
 .text.send_packet
                0x0000000000001f52        0xa contiki-avr-zigduino.a(nullmac.o)
 .text.packet_input
                0x0000000000001f5c        0xa contiki-avr-zigduino.a(nullmac.o)
 .text.on       0x0000000000001f66        0xa contiki-avr-zigduino.a(nullmac.o)
 .text.off      0x0000000000001f70        0xa contiki-avr-zigduino.a(nullmac.o)
 .text.channel_check_interval
                0x0000000000001f7a        0x6 contiki-avr-zigduino.a(nullmac.o)
 .text.init     0x0000000000001f80        0x2 contiki-avr-zigduino.a(nullmac.o)
 .text.on       0x0000000000001f82        0xa contiki-avr-zigduino.a(sicslowmac.o)
 .text.channel_check_interval
                0x0000000000001f8c        0x6 contiki-avr-zigduino.a(sicslowmac.o)
 .text.send_packet
                0x0000000000001f92      0x136 contiki-avr-zigduino.a(sicslowmac.o)
 .text.send_list
                0x00000000000020c8       0x48 contiki-avr-zigduino.a(sicslowmac.o)
                0x00000000000020c8                send_list
 .text.input_packet
                0x0000000000002110       0xd6 contiki-avr-zigduino.a(sicslowmac.o)
 .text.init     0x00000000000021e6       0x12 contiki-avr-zigduino.a(sicslowmac.o)
 .text.off      0x00000000000021f8       0x18 contiki-avr-zigduino.a(sicslowmac.o)
 .text.call_process.part.0
                0x0000000000002210       0x4e contiki-avr-zigduino.a(process.o)
 .text.call_process
                0x000000000000225e        0xc contiki-avr-zigduino.a(process.o)
 .text.exit_process
                0x000000000000226a       0xd8 contiki-avr-zigduino.a(process.o)
 .text.do_poll  0x0000000000002342       0x3e contiki-avr-zigduino.a(process.o)
 .text.process_alloc_event
                0x0000000000002380        0xe contiki-avr-zigduino.a(process.o)
                0x0000000000002380                process_alloc_event
 .text.process_init
                0x000000000000238e       0x20 contiki-avr-zigduino.a(process.o)
                0x000000000000238e                process_init
 .text.process_run
                0x00000000000023ae       0xc6 contiki-avr-zigduino.a(process.o)
                0x00000000000023ae                process_run
 .text.process_post
                0x0000000000002474       0x3c contiki-avr-zigduino.a(process.o)
                0x0000000000002474                process_post
 .text.process_post_synch
                0x00000000000024b0       0x1e contiki-avr-zigduino.a(process.o)
                0x00000000000024b0                process_post_synch
 .text.process_start
                0x00000000000024ce       0x42 contiki-avr-zigduino.a(process.o)
                0x00000000000024ce                process_start
 .text.process_poll
                0x0000000000002510       0x18 contiki-avr-zigduino.a(process.o)
                0x0000000000002510                process_poll
 .text.autostart_start
                0x0000000000002528       0x1e contiki-avr-zigduino.a(autostart.o)
                0x0000000000002528                autostart_start
 .text.process_thread_serial_line_process
                0x0000000000002546       0xcc contiki-avr-zigduino.a(serial-line.o)
 .text.serial_line_input_byte
                0x0000000000002612       0x4c contiki-avr-zigduino.a(serial-line.o)
                0x0000000000002612                serial_line_input_byte
 .text.mmem_init
                0x000000000000265e       0x16 contiki-avr-zigduino.a(mmem.o)
                0x000000000000265e                mmem_init
 .text.timer_set
                0x0000000000002674       0x18 contiki-avr-zigduino.a(timer.o)
                0x0000000000002674                timer_set
 .text.timer_restart
                0x000000000000268c       0x14 contiki-avr-zigduino.a(timer.o)
                0x000000000000268c                timer_restart
 .text.timer_expired
                0x00000000000026a0       0x30 contiki-avr-zigduino.a(timer.o)
                0x00000000000026a0                timer_expired
 .text.list_init
                0x00000000000026d0        0x8 contiki-avr-zigduino.a(list.o)
                0x00000000000026d0                list_init
 .text.list_head
                0x00000000000026d8        0x8 contiki-avr-zigduino.a(list.o)
                0x00000000000026d8                list_head
 .text.list_tail
                0x00000000000026e0       0x20 contiki-avr-zigduino.a(list.o)
                0x00000000000026e0                list_tail
 .text.list_remove
                0x0000000000002700       0x36 contiki-avr-zigduino.a(list.o)
                0x0000000000002700                list_remove
 .text.list_add
                0x0000000000002736       0x32 contiki-avr-zigduino.a(list.o)
                0x0000000000002736                list_add
 .text.list_item_next
                0x0000000000002768       0x12 contiki-avr-zigduino.a(list.o)
                0x0000000000002768                list_item_next
 .text.process_thread_ctimer_process
                0x000000000000277a       0xc8 contiki-avr-zigduino.a(ctimer.o)
 .text.ctimer_init
                0x0000000000002842       0x18 contiki-avr-zigduino.a(ctimer.o)
                0x0000000000002842                ctimer_init
 .text.ctimer_set
                0x000000000000285a       0x64 contiki-avr-zigduino.a(ctimer.o)
                0x000000000000285a                ctimer_set
 .text.rtimer_init
                0x00000000000028be        0x4 contiki-avr-zigduino.a(rtimer.o)
                0x00000000000028be                rtimer_init
 .text.rtimer_run_next
                0x00000000000028c2       0x3e contiki-avr-zigduino.a(rtimer.o)
                0x00000000000028c2                rtimer_run_next
 .text.random_init
                0x0000000000002900        0x4 contiki-avr-zigduino.a(random.o)
                0x0000000000002900                random_init
 .text.random_rand
                0x0000000000002904        0x4 contiki-avr-zigduino.a(random.o)
                0x0000000000002904                random_rand
 .text.ringbuf_put
                0x0000000000002908       0x3e contiki-avr-zigduino.a(ringbuf.o)
                0x0000000000002908                ringbuf_put
 .text.ringbuf_get
                0x0000000000002946       0x3a contiki-avr-zigduino.a(ringbuf.o)
                0x0000000000002946                ringbuf_get
 .text.packetbuf_hdrreduce
                0x0000000000002980       0x3a contiki-avr-zigduino.a(packetbuf.o)
                0x0000000000002980                packetbuf_hdrreduce
 .text.packetbuf_set_datalen
                0x00000000000029ba        0xa contiki-avr-zigduino.a(packetbuf.o)
                0x00000000000029ba                packetbuf_set_datalen
 .text.packetbuf_dataptr
                0x00000000000029c4        0xe contiki-avr-zigduino.a(packetbuf.o)
                0x00000000000029c4                packetbuf_dataptr
 .text.packetbuf_hdrptr
                0x00000000000029d2        0xc contiki-avr-zigduino.a(packetbuf.o)
                0x00000000000029d2                packetbuf_hdrptr
 .text.packetbuf_is_reference
                0x00000000000029de       0x18 contiki-avr-zigduino.a(packetbuf.o)
                0x00000000000029de                packetbuf_is_reference
 .text.packetbuf_compact
                0x00000000000029f6       0x5e contiki-avr-zigduino.a(packetbuf.o)
                0x00000000000029f6                packetbuf_compact
 .text.packetbuf_datalen
                0x0000000000002a54        0xa contiki-avr-zigduino.a(packetbuf.o)
                0x0000000000002a54                packetbuf_datalen
 .text.packetbuf_totlen
                0x0000000000002a5e       0x16 contiki-avr-zigduino.a(packetbuf.o)
                0x0000000000002a5e                packetbuf_totlen
 .text.packetbuf_hdralloc
                0x0000000000002a74       0x3c contiki-avr-zigduino.a(packetbuf.o)
                0x0000000000002a74                packetbuf_hdralloc
 .text.packetbuf_attr_clear
                0x0000000000002ab0       0x32 contiki-avr-zigduino.a(packetbuf.o)
                0x0000000000002ab0                packetbuf_attr_clear
 .text.packetbuf_clear
                0x0000000000002ae2       0x26 contiki-avr-zigduino.a(packetbuf.o)
                0x0000000000002ae2                packetbuf_clear
 .text.packetbuf_copyfrom
                0x0000000000002b08       0x5e contiki-avr-zigduino.a(packetbuf.o)
                0x0000000000002b08                packetbuf_copyfrom
 .text.packetbuf_attr_copyfrom
                0x0000000000002b66       0x22 contiki-avr-zigduino.a(packetbuf.o)
                0x0000000000002b66                packetbuf_attr_copyfrom
 .text.packetbuf_set_attr
                0x0000000000002b88       0x16 contiki-avr-zigduino.a(packetbuf.o)
                0x0000000000002b88                packetbuf_set_attr
 .text.packetbuf_attr
                0x0000000000002b9e       0x12 contiki-avr-zigduino.a(packetbuf.o)
                0x0000000000002b9e                packetbuf_attr
 .text.packetbuf_set_addr
                0x0000000000002bb0       0x14 contiki-avr-zigduino.a(packetbuf.o)
                0x0000000000002bb0                packetbuf_set_addr
 .text.packetbuf_addr
                0x0000000000002bc4        0xc contiki-avr-zigduino.a(packetbuf.o)
                0x0000000000002bc4                packetbuf_addr
 .text.queuebuf_init
                0x0000000000002bd0       0x18 contiki-avr-zigduino.a(queuebuf.o)
                0x0000000000002bd0                queuebuf_init
 .text.queuebuf_to_packetbuf
                0x0000000000002be8       0x8e contiki-avr-zigduino.a(queuebuf.o)
                0x0000000000002be8                queuebuf_to_packetbuf
 .text.start_periodic_tcp_timer
                0x0000000000002c76       0x16 contiki-avr-zigduino.a(tcpip.o)
 .text.tcpip_output
                0x0000000000002c8c       0x12 contiki-avr-zigduino.a(tcpip.o)
                0x0000000000002c8c                tcpip_output
 .text.process_thread_tcpip_process
                0x0000000000002c9e      0x234 contiki-avr-zigduino.a(tcpip.o)
 .text.tcpip_uipcall
                0x0000000000002ed2       0x8a contiki-avr-zigduino.a(tcpip.o)
                0x0000000000002ed2                tcpip_uipcall
 .text.uip_split_output
                0x0000000000002f5c      0x114 contiki-avr-zigduino.a(uip-split.o)
                0x0000000000002f5c                uip_split_output
 .text.chksum   0x0000000000003070       0x4a contiki-avr-zigduino.a(uip.o)
 .text.upper_layer_chksum
                0x00000000000030ba       0x4e contiki-avr-zigduino.a(uip.o)
 .text.uip_add32
                0x0000000000003108       0x6e contiki-avr-zigduino.a(uip.o)
                0x0000000000003108                uip_add32
 .text.unlikely.uip_add_rcv_nxt
                0x0000000000003176       0x34 contiki-avr-zigduino.a(uip.o)
 .text.uip_ipchksum
                0x00000000000031aa       0x22 contiki-avr-zigduino.a(uip.o)
                0x00000000000031aa                uip_ipchksum
 .text.uip_tcpchksum
                0x00000000000031cc        0x6 contiki-avr-zigduino.a(uip.o)
                0x00000000000031cc                uip_tcpchksum
 .text.uip_udpchksum
                0x00000000000031d2        0x6 contiki-avr-zigduino.a(uip.o)
                0x00000000000031d2                uip_udpchksum
 .text.uip_init
                0x00000000000031d8       0x58 contiki-avr-zigduino.a(uip.o)
                0x00000000000031d8                uip_init
 .text.uip_unlisten
                0x0000000000003230       0x34 contiki-avr-zigduino.a(uip.o)
                0x0000000000003230                uip_unlisten
 .text.uip_process
                0x0000000000003264      0xe2e contiki-avr-zigduino.a(uip.o)
                0x0000000000003264                uip_process
 .text.__vector_32
                0x0000000000004092       0x5a contiki-avr-zigduino.a(rtimer-arch.o)
                0x0000000000004092                __vector_32
 .text.rtimer_arch_init
                0x00000000000040ec       0x34 contiki-avr-zigduino.a(rtimer-arch.o)
                0x00000000000040ec                rtimer_arch_init
 .text.rtimer_arch_schedule
                0x0000000000004120       0x20 contiki-avr-zigduino.a(rtimer-arch.o)
                0x0000000000004120                rtimer_arch_schedule
 .text.__vector_13
                0x0000000000004140       0x14 contiki-avr-zigduino.a(rtimer-arch.o)
                0x0000000000004140                __vector_13
 .text.field_len
                0x0000000000004154       0x8e contiki-avr-zigduino.a(frame802154.o)
 .text.frame802154_hdrlen
                0x00000000000041e2       0x46 contiki-avr-zigduino.a(frame802154.o)
                0x00000000000041e2                frame802154_hdrlen
 .text.frame802154_create
                0x0000000000004228      0x1f4 contiki-avr-zigduino.a(frame802154.o)
                0x0000000000004228                frame802154_create
 .text.frame802154_parse
                0x000000000000441c      0x19c contiki-avr-zigduino.a(frame802154.o)
                0x000000000000441c                frame802154_parse
 .text.memb_init
                0x00000000000045b8       0x3c contiki-avr-zigduino.a(memb.o)
                0x00000000000045b8                memb_init
 .text.memb_inmemb
                0x00000000000045f4       0x3a contiki-avr-zigduino.a(memb.o)
                0x00000000000045f4                memb_inmemb
 .text.libgcc.div
                0x000000000000462e       0x28 /usr/lib/gcc/avr/4.8.1/avr51/libgcc.a(_udivmodhi4.o)
                0x000000000000462e                __udivmodhi4
 .text.libgcc.div
                0x0000000000004656       0x44 /usr/lib/gcc/avr/4.8.1/avr51/libgcc.a(_udivmodsi4.o)
                0x0000000000004656                __udivmodsi4
 .text.libgcc   0x000000000000469a        0xc /usr/lib/gcc/avr/4.8.1/avr51/libgcc.a(_tablejump.o)
                0x000000000000469a                __tablejump2__
                0x000000000000469e                __tablejump__
 .text.avr-libc
                0x00000000000046a6       0xb8 /usr/lib/gcc/avr/4.8.1/../../../avr/lib/avr51/libc.a(rand.o)
                0x000000000000473c                rand_r
                0x0000000000004740                rand
                0x0000000000004748                srand
 .text.avr-libc
                0x000000000000475e       0x1a /usr/lib/gcc/avr/4.8.1/../../../avr/lib/avr51/libc.a(memcmp.o)
                0x000000000000475e                memcmp
 .text.avr-libc
                0x0000000000004778       0x12 /usr/lib/gcc/avr/4.8.1/../../../avr/lib/avr51/libc.a(memcpy.o)
                0x0000000000004778                memcpy
 .text.avr-libc
                0x000000000000478a        0xe /usr/lib/gcc/avr/4.8.1/../../../avr/lib/avr51/libc.a(memset.o)
                0x000000000000478a                memset
 .text.avr-libc
                0x0000000000004798       0x48 /usr/lib/gcc/avr/4.8.1/../../../avr/lib/avr51/libc.a(printf_p.o)
                0x0000000000004798                printf_P
 .text.avr-libc
                0x00000000000047e0      0x3f6 /usr/lib/gcc/avr/4.8.1/../../../avr/lib/avr51/libc.a(vfprintf_std.o)
                0x00000000000047e0                vfprintf
 .text.avr-libc
                0x0000000000004bd6       0x20 /usr/lib/gcc/avr/4.8.1/../../../avr/lib/avr51/libc.a(eerd_block_atmega128rfa1.o)
                0x0000000000004bd6                __eerd_block_m128rfa1
                0x0000000000004bda                __eerd_blraw_m128rfa1
 .text.avr-libc
                0x0000000000004bf6       0x10 /usr/lib/gcc/avr/4.8.1/../../../avr/lib/avr51/libc.a(eerd_byte_atmega128rfa1.o)
                0x0000000000004bf6                __eerd_byte_m128rfa1
 .text.avr-libc
                0x0000000000004c06        0xc /usr/lib/gcc/avr/4.8.1/../../../avr/lib/avr51/libc.a(eerd_word_atmega128rfa1.o)
                0x0000000000004c06                __eerd_word_m128rfa1
 .text.avr-libc
                0x0000000000004c12       0x14 /usr/lib/gcc/avr/4.8.1/../../../avr/lib/avr51/libc.a(eewr_block_atmega128rfa1.o)
                0x0000000000004c12                __eewr_block_m128rfa1
 .text.avr-libc
                0x0000000000004c26       0x1c /usr/lib/gcc/avr/4.8.1/../../../avr/lib/avr51/libc.a(eewr_byte_atmega128rfa1.o)
                0x0000000000004c26                __eewr_byte_m128rfa1
                0x0000000000004c28                __eewr_r18_m128rfa1
 .text.avr-libc
                0x0000000000004c42        0xa /usr/lib/gcc/avr/4.8.1/../../../avr/lib/avr51/libc.a(eewr_word_atmega128rfa1.o)
                0x0000000000004c42                __eewr_word_m128rfa1
 .text.avr-libc
                0x0000000000004c4c       0x16 /usr/lib/gcc/avr/4.8.1/../../../avr/lib/avr51/libc.a(strnlen_P.o)
                0x0000000000004c4c                strnlen_P
 .text.avr-libc
                0x0000000000004c62       0x16 /usr/lib/gcc/avr/4.8.1/../../../avr/lib/avr51/libc.a(strnlen.o)
                0x0000000000004c62                strnlen
 .text.avr-libc
                0x0000000000004c78       0x64 /usr/lib/gcc/avr/4.8.1/../../../avr/lib/avr51/libc.a(fputc.o)
                0x0000000000004c78                fputc
 .text.avr-libc
                0x0000000000004cdc       0xbc /usr/lib/gcc/avr/4.8.1/../../../avr/lib/avr51/libc.a(ultoa_invert.o)
                0x0000000000004cdc                __ultoa_invert
 .text.libgcc.div
                0x0000000000004d98       0x2e /usr/lib/gcc/avr/4.8.1/avr51/libgcc.a(_divmodsi4.o)
                0x0000000000004d98                __divmodsi4
 .text.libgcc.div
                0x0000000000004dc6       0x10 /usr/lib/gcc/avr/4.8.1/avr51/libgcc.a(_negsi2.o)
                0x0000000000004dc6                __negsi2
 .text.libgcc.mul
                0x0000000000004dd6       0x16 /usr/lib/gcc/avr/4.8.1/avr51/libgcc.a(_muluhisi3.o)
                0x0000000000004dd6                __muluhisi3
 .text.libgcc.mul
                0x0000000000004dec       0x10 /usr/lib/gcc/avr/4.8.1/avr51/libgcc.a(_mulshisi3.o)
                0x0000000000004dec                __mulshisi3
                0x0000000000004df2                __mulohisi3
 .text.libgcc.mul
                0x0000000000004dfc       0x1e /usr/lib/gcc/avr/4.8.1/avr51/libgcc.a(_umulhisi3.o)
                0x0000000000004dfc                __umulhisi3
                0x0000000000004e1a                . = ALIGN (0x2)
 *(.fini9)
 .fini9         0x0000000000004e1a        0x0 /usr/lib/gcc/avr/4.8.1/avr51/libgcc.a(_exit.o)
                0x0000000000004e1a                exit
                0x0000000000004e1a                _exit
 *(.fini9)
 *(.fini8)
 *(.fini8)
 *(.fini7)
 *(.fini7)
 *(.fini6)
 *(.fini6)
 *(.fini5)
 *(.fini5)
 *(.fini4)
 *(.fini4)
 *(.fini3)
 *(.fini3)
 *(.fini2)
 *(.fini2)
 *(.fini1)
 *(.fini1)
 *(.fini0)
 .fini0         0x0000000000004e1a        0x4 /usr/lib/gcc/avr/4.8.1/avr51/libgcc.a(_exit.o)
 *(.fini0)
                0x0000000000004e1e                _etext = .

.data           0x0000000000800200      0x142 load address 0x0000000000004e1e
                0x0000000000800200                PROVIDE (__data_start, .)
 *(.data)
 .data          0x0000000000800200        0x0 /usr/lib/gcc/avr/4.8.1/../../../avr/lib/avr51/crtm128rfa1.o
 .data          0x0000000000800200        0x0 antenna_on_idle.co
 .data          0x0000000000800200        0x0 contiki-avr-zigduino.a(etimer.o)
 .data          0x0000000000800200        0x0 contiki-avr-zigduino.a(contiki-main.o)
 .data          0x0000000000800200        0x0 contiki-avr-zigduino.a(params.o)
 .data          0x0000000000800200        0x0 contiki-avr-zigduino.a(clock.o)
 .data          0x0000000000800200        0x0 contiki-avr-zigduino.a(rs232.o)
 .data          0x0000000000800200        0x0 contiki-avr-zigduino.a(watchdog.o)
 .data          0x0000000000800200        0x0 contiki-avr-zigduino.a(rf230bb.o)
 .data          0x0000000000800200        0x0 contiki-avr-zigduino.a(halbb.o)
 .data          0x0000000000800200        0x0 contiki-avr-zigduino.a(rimeaddr.o)
 .data          0x0000000000800200        0x0 contiki-avr-zigduino.a(rime.o)
 .data          0x0000000000800200        0x0 contiki-avr-zigduino.a(announcement.o)
 .data          0x0000000000800200        0x0 contiki-avr-zigduino.a(broadcast-annou)
 .data          0x0000000000800200        0x0 contiki-avr-zigduino.a(broadcast.o)
 .data          0x0000000000800200        0x0 contiki-avr-zigduino.a(abc.o)
 .data          0x0000000000800200        0x0 contiki-avr-zigduino.a(chameleon.o)
 .data          0x0000000000800200        0x0 contiki-avr-zigduino.a(channel.o)
 .data          0x0000000000800200        0x0 contiki-avr-zigduino.a(chameleon-bitop)
 .data          0x0000000000800200        0x0 contiki-avr-zigduino.a(nullmac.o)
 .data          0x0000000000800200        0x0 contiki-avr-zigduino.a(sicslowmac.o)
 .data          0x0000000000800200        0x0 contiki-avr-zigduino.a(process.o)
 .data          0x0000000000800200        0x0 contiki-avr-zigduino.a(autostart.o)
 .data          0x0000000000800200        0x0 contiki-avr-zigduino.a(serial-line.o)
 .data          0x0000000000800200        0x0 contiki-avr-zigduino.a(mmem.o)
 .data          0x0000000000800200        0x0 contiki-avr-zigduino.a(timer.o)
 .data          0x0000000000800200        0x0 contiki-avr-zigduino.a(list.o)
 .data          0x0000000000800200        0x0 contiki-avr-zigduino.a(ctimer.o)
 .data          0x0000000000800200        0x0 contiki-avr-zigduino.a(rtimer.o)
 .data          0x0000000000800200        0x0 contiki-avr-zigduino.a(random.o)
 .data          0x0000000000800200        0x0 contiki-avr-zigduino.a(ringbuf.o)
 .data          0x0000000000800200        0x0 contiki-avr-zigduino.a(packetbuf.o)
 .data          0x0000000000800200        0x0 contiki-avr-zigduino.a(queuebuf.o)
 .data          0x0000000000800200        0x0 contiki-avr-zigduino.a(tcpip.o)
 .data          0x0000000000800200        0x0 contiki-avr-zigduino.a(uip-split.o)
 .data          0x0000000000800200        0x0 contiki-avr-zigduino.a(uip.o)
 .data          0x0000000000800200        0x0 contiki-avr-zigduino.a(rtimer-arch.o)
 .data          0x0000000000800200        0x0 contiki-avr-zigduino.a(frame802154.o)
 .data          0x0000000000800200        0x0 contiki-avr-zigduino.a(memb.o)
 .data          0x0000000000800200        0x0 /usr/lib/gcc/avr/4.8.1/avr51/libgcc.a(_udivmodhi4.o)
 .data          0x0000000000800200        0x0 /usr/lib/gcc/avr/4.8.1/avr51/libgcc.a(_udivmodsi4.o)
 .data          0x0000000000800200        0x0 /usr/lib/gcc/avr/4.8.1/avr51/libgcc.a(_exit.o)
 .data          0x0000000000800200        0x0 /usr/lib/gcc/avr/4.8.1/avr51/libgcc.a(_tablejump.o)
 .data          0x0000000000800200        0x0 /usr/lib/gcc/avr/4.8.1/avr51/libgcc.a(_copy_data.o)
 .data          0x0000000000800200        0x0 /usr/lib/gcc/avr/4.8.1/avr51/libgcc.a(_clear_bss.o)
 .data          0x0000000000800200        0x0 /usr/lib/gcc/avr/4.8.1/avr51/libgcc.a(_bswapsi2.o)
 .data          0x0000000000800200        0x4 /usr/lib/gcc/avr/4.8.1/../../../avr/lib/avr51/libc.a(rand.o)
 .data          0x0000000000800204        0x0 /usr/lib/gcc/avr/4.8.1/../../../avr/lib/avr51/libc.a(memcmp.o)
 .data          0x0000000000800204        0x0 /usr/lib/gcc/avr/4.8.1/../../../avr/lib/avr51/libc.a(memcpy.o)
 .data          0x0000000000800204        0x0 /usr/lib/gcc/avr/4.8.1/../../../avr/lib/avr51/libc.a(memmove.o)
 .data          0x0000000000800204        0x0 /usr/lib/gcc/avr/4.8.1/../../../avr/lib/avr51/libc.a(memset.o)
 .data          0x0000000000800204        0x0 /usr/lib/gcc/avr/4.8.1/../../../avr/lib/avr51/libc.a(iob.o)
 .data          0x0000000000800204        0x0 /usr/lib/gcc/avr/4.8.1/../../../avr/lib/avr51/libc.a(printf_p.o)
 .data          0x0000000000800204        0x0 /usr/lib/gcc/avr/4.8.1/../../../avr/lib/avr51/libc.a(vfprintf_std.o)
 .data          0x0000000000800204        0x0 /usr/lib/gcc/avr/4.8.1/../../../avr/lib/avr51/libc.a(eerd_block_atmega128rfa1.o)
 .data          0x0000000000800204        0x0 /usr/lib/gcc/avr/4.8.1/../../../avr/lib/avr51/libc.a(eerd_byte_atmega128rfa1.o)
 .data          0x0000000000800204        0x0 /usr/lib/gcc/avr/4.8.1/../../../avr/lib/avr51/libc.a(eerd_word_atmega128rfa1.o)
 .data          0x0000000000800204        0x0 /usr/lib/gcc/avr/4.8.1/../../../avr/lib/avr51/libc.a(eewr_block_atmega128rfa1.o)
 .data          0x0000000000800204        0x0 /usr/lib/gcc/avr/4.8.1/../../../avr/lib/avr51/libc.a(eewr_byte_atmega128rfa1.o)
 .data          0x0000000000800204        0x0 /usr/lib/gcc/avr/4.8.1/../../../avr/lib/avr51/libc.a(eewr_word_atmega128rfa1.o)
 .data          0x0000000000800204        0x0 /usr/lib/gcc/avr/4.8.1/../../../avr/lib/avr51/libc.a(strnlen_P.o)
 .data          0x0000000000800204        0x0 /usr/lib/gcc/avr/4.8.1/../../../avr/lib/avr51/libc.a(strnlen.o)
 .data          0x0000000000800204        0x0 /usr/lib/gcc/avr/4.8.1/../../../avr/lib/avr51/libc.a(fputc.o)
 .data          0x0000000000800204        0x0 /usr/lib/gcc/avr/4.8.1/../../../avr/lib/avr51/libc.a(ultoa_invert.o)
 .data          0x0000000000800204        0x0 /usr/lib/gcc/avr/4.8.1/avr51/libgcc.a(_divmodsi4.o)
 .data          0x0000000000800204        0x0 /usr/lib/gcc/avr/4.8.1/avr51/libgcc.a(_negsi2.o)
 .data          0x0000000000800204        0x0 /usr/lib/gcc/avr/4.8.1/avr51/libgcc.a(_muluhisi3.o)
 .data          0x0000000000800204        0x0 /usr/lib/gcc/avr/4.8.1/avr51/libgcc.a(_mulshisi3.o)
 .data          0x0000000000800204        0x0 /usr/lib/gcc/avr/4.8.1/avr51/libgcc.a(_umulhisi3.o)
 *(.data*)
 .data.antenna_on_idle_process
                0x0000000000800204        0xa antenna_on_idle.co
                0x0000000000800204                antenna_on_idle_process
 .data.etimer_process
                0x000000000080020e        0xa contiki-avr-zigduino.a(etimer.o)
                0x000000000080020e                etimer_process
 .data.rs232_stdout
                0x0000000000800218        0xe contiki-avr-zigduino.a(rs232.o)
 .data.rf230_process
                0x0000000000800226        0xa contiki-avr-zigduino.a(rf230bb.o)
                0x0000000000800226                rf230_process
 .data.serial_line_process
                0x0000000000800230        0xa contiki-avr-zigduino.a(serial-line.o)
                0x0000000000800230                serial_line_process
 .data.ctimer_process
                0x000000000080023a        0xa contiki-avr-zigduino.a(ctimer.o)
                0x000000000080023a                ctimer_process
 .data.buframmem
                0x0000000000800244        0x8 contiki-avr-zigduino.a(queuebuf.o)
 .data.refbufmem
                0x000000000080024c        0x8 contiki-avr-zigduino.a(queuebuf.o)
 .data.bufmem   0x0000000000800254        0x8 contiki-avr-zigduino.a(queuebuf.o)
 .data.tcpip_process
                0x000000000080025c        0xa contiki-avr-zigduino.a(tcpip.o)
                0x000000000080025c                tcpip_process
 *(.rodata)
 *(.rodata*)
 .rodata.autostart_processes
                0x0000000000800266        0x4 antenna_on_idle.co
                0x0000000000800266                autostart_processes
 .rodata.str1.1
                0x000000000080026a       0x11 antenna_on_idle.co
 .rodata.str1.1
                0x000000000080027b        0xc contiki-avr-zigduino.a(etimer.o)
 .rodata.str1.1
                0x0000000000800287        0xc contiki-avr-zigduino.a(contiki-main.o)
 .rodata.str1.1
                0x0000000000800293        0xd contiki-avr-zigduino.a(rf230bb.o)
 .rodata.rf230_driver
                0x00000000008002a0       0x14 contiki-avr-zigduino.a(rf230bb.o)
                0x00000000008002a0                rf230_driver
 .rodata.rimeaddr_null
                0x00000000008002b4        0x2 contiki-avr-zigduino.a(rimeaddr.o)
                0x00000000008002b4                rimeaddr_null
 .rodata.str1.1
                0x00000000008002b6        0x5 contiki-avr-zigduino.a(rime.o)
 .rodata.rime_driver
                0x00000000008002bb        0x6 contiki-avr-zigduino.a(rime.o)
                0x00000000008002bb                rime_driver
 .rodata.broadcast_callbacks
                0x00000000008002c1        0x4 contiki-avr-zigduino.a(broadcast-annou)
 .rodata.broadcast
                0x00000000008002c5        0x4 contiki-avr-zigduino.a(broadcast.o)
 .rodata.attributes
                0x00000000008002c9        0x4 contiki-avr-zigduino.a(broadcast.o)
 .rodata.attributes
                0x00000000008002cd        0x2 contiki-avr-zigduino.a(abc.o)
 .rodata.chameleon_bitopt
                0x00000000008002cf        0x6 contiki-avr-zigduino.a(chameleon-bitop)
                0x00000000008002cf                chameleon_bitopt
 .rodata.bitmask
                0x00000000008002d5        0x9 contiki-avr-zigduino.a(chameleon-bitop)
 .rodata.str1.1
                0x00000000008002de        0x8 contiki-avr-zigduino.a(nullmac.o)
 .rodata.nullmac_driver
                0x00000000008002e6        0xe contiki-avr-zigduino.a(nullmac.o)
                0x00000000008002e6                nullmac_driver
 .rodata.str1.1
                0x00000000008002f4        0xb contiki-avr-zigduino.a(sicslowmac.o)
 .rodata.sicslowmac_driver
                0x00000000008002ff       0x10 contiki-avr-zigduino.a(sicslowmac.o)
                0x00000000008002ff                sicslowmac_driver
 .rodata.str1.1
                0x000000000080030f        0xe contiki-avr-zigduino.a(serial-line.o)
 .rodata.str1.1
                0x000000000080031d        0xf contiki-avr-zigduino.a(ctimer.o)
 .rodata.str1.1
                0x000000000080032c        0xd contiki-avr-zigduino.a(tcpip.o)
 .rodata.uip_all_zeroes_addr
                0x0000000000800339        0x4 contiki-avr-zigduino.a(uip.o)
                0x0000000000800339                uip_all_zeroes_addr
 .rodata.uip_broadcast_addr
                0x000000000080033d        0x4 contiki-avr-zigduino.a(uip.o)
                0x000000000080033d                uip_broadcast_addr
 *(.gnu.linkonce.d*)
                0x0000000000800342                . = ALIGN (0x2)
 *fill*         0x0000000000800341        0x1 
                0x0000000000800342                _edata = .
                0x0000000000800342                PROVIDE (__data_end, .)

.bss            0x0000000000800342      0xc15
                0x0000000000800342                PROVIDE (__bss_start, .)
 *(.bss)
 *(.bss*)
 .bss.et.2712   0x0000000000800342        0x8 antenna_on_idle.co
 .bss.next_expiration
                0x000000000080034a        0x2 contiki-avr-zigduino.a(etimer.o)
 .bss.timerlist
                0x000000000080034c        0x2 contiki-avr-zigduino.a(etimer.o)
 .bss.scount    0x000000000080034e        0x1 contiki-avr-zigduino.a(clock.o)
 .bss.count     0x000000000080034f        0x2 contiki-avr-zigduino.a(clock.o)
 .bss.stdout_rs232_port
                0x0000000000800351        0x1 contiki-avr-zigduino.a(rs232.o)
 .bss.buffer    0x0000000000800352       0x81 contiki-avr-zigduino.a(rf230bb.o)
 .bss.channel   0x00000000008003d3        0x1 contiki-avr-zigduino.a(rf230bb.o)
 .bss.sniffers_list
                0x00000000008003d4        0x2 contiki-avr-zigduino.a(rime.o)
 .bss.observer_callback
                0x00000000008003d6        0x2 contiki-avr-zigduino.a(announcement.o)
 .bss.announcements_list
                0x00000000008003d8        0x2 contiki-avr-zigduino.a(announcement.o)
 .bss.c         0x00000000008003da       0x35 contiki-avr-zigduino.a(broadcast-annou)
 .bss.channel_list_list
                0x000000000080040f        0x2 contiki-avr-zigduino.a(channel.o)
 .bss.mac_dsn   0x0000000000800411        0x1 contiki-avr-zigduino.a(sicslowmac.o)
 .bss.snum.1783
                0x0000000000800412        0x1 contiki-avr-zigduino.a(process.o)
 .bss.p.1768    0x0000000000800413        0x2 contiki-avr-zigduino.a(process.o)
 .bss.receiver.1767
                0x0000000000800415        0x2 contiki-avr-zigduino.a(process.o)
 .bss.data.1766
                0x0000000000800417        0x2 contiki-avr-zigduino.a(process.o)
 .bss.ev.1765   0x0000000000800419        0x1 contiki-avr-zigduino.a(process.o)
 .bss.poll_requested
                0x000000000080041a        0x1 contiki-avr-zigduino.a(process.o)
 .bss.events    0x000000000080041b       0xa0 contiki-avr-zigduino.a(process.o)
 .bss.fevent    0x00000000008004bb        0x1 contiki-avr-zigduino.a(process.o)
 .bss.nevents   0x00000000008004bc        0x1 contiki-avr-zigduino.a(process.o)
 .bss.lastevent
                0x00000000008004bd        0x1 contiki-avr-zigduino.a(process.o)
 .bss.process_current
                0x00000000008004be        0x2 contiki-avr-zigduino.a(process.o)
                0x00000000008004be                process_current
 .bss.process_list
                0x00000000008004c0        0x2 contiki-avr-zigduino.a(process.o)
                0x00000000008004c0                process_list
 .bss.overflow.2740
                0x00000000008004c2        0x1 contiki-avr-zigduino.a(serial-line.o)
 .bss.buf.2746  0x00000000008004c3       0x80 contiki-avr-zigduino.a(serial-line.o)
 .bss.ptr.2747  0x0000000000800543        0x2 contiki-avr-zigduino.a(serial-line.o)
 .bss.rxbuf     0x0000000000800545        0x5 contiki-avr-zigduino.a(serial-line.o)
 .bss.mmemlist_list
                0x000000000080054a        0x2 contiki-avr-zigduino.a(mmem.o)
 .bss.initialized
                0x000000000080054c        0x1 contiki-avr-zigduino.a(ctimer.o)
 .bss.ctimer_list_list
                0x000000000080054d        0x2 contiki-avr-zigduino.a(ctimer.o)
 .bss.next_rtimer
                0x000000000080054f        0x2 contiki-avr-zigduino.a(rtimer.o)
 .bss.packetbufptr
                0x0000000000800551        0x2 contiki-avr-zigduino.a(packetbuf.o)
 .bss.packetbuf_aligned
                0x0000000000800553       0xb2 contiki-avr-zigduino.a(packetbuf.o)
 .bss.hdrptr    0x0000000000800605        0x1 contiki-avr-zigduino.a(packetbuf.o)
 .bss.bufptr    0x0000000000800606        0x2 contiki-avr-zigduino.a(packetbuf.o)
 .bss.buflen    0x0000000000800608        0x2 contiki-avr-zigduino.a(packetbuf.o)
 .bss.buframmem_memb_mem
                0x000000000080060a      0x22e contiki-avr-zigduino.a(queuebuf.o)
 .bss.buframmem_memb_count
                0x0000000000800838        0x3 contiki-avr-zigduino.a(queuebuf.o)
 .bss.refbufmem_memb_mem
                0x000000000080083b       0x6a contiki-avr-zigduino.a(queuebuf.o)
 .bss.refbufmem_memb_count
                0x00000000008008a5        0x2 contiki-avr-zigduino.a(queuebuf.o)
 .bss.bufmem_memb_mem
                0x00000000008008a7        0x6 contiki-avr-zigduino.a(queuebuf.o)
 .bss.bufmem_memb_count
                0x00000000008008ad        0x3 contiki-avr-zigduino.a(queuebuf.o)
 .bss.i.4649    0x00000000008008b0        0x1 contiki-avr-zigduino.a(tcpip.o)
 .bss.i.4613    0x00000000008008b1        0x1 contiki-avr-zigduino.a(tcpip.o)
 .bss.i.4661    0x00000000008008b2        0x1 contiki-avr-zigduino.a(tcpip.o)
 .bss.outputfunc
                0x00000000008008b3        0x2 contiki-avr-zigduino.a(tcpip.o)
 .bss.s         0x00000000008008b5        0xe contiki-avr-zigduino.a(tcpip.o)
 .bss.periodic  0x00000000008008c3        0x8 contiki-avr-zigduino.a(tcpip.o)
 .bss.tmp16     0x00000000008008cb        0x2 contiki-avr-zigduino.a(uip.o)
 .bss.opt       0x00000000008008cd        0x1 contiki-avr-zigduino.a(uip.o)
 .bss.c         0x00000000008008ce        0x1 contiki-avr-zigduino.a(uip.o)
 .bss.lastport  0x00000000008008cf        0x2 contiki-avr-zigduino.a(uip.o)
 .bss.iss       0x00000000008008d1        0x4 contiki-avr-zigduino.a(uip.o)
 .bss.ipid      0x00000000008008d5        0x2 contiki-avr-zigduino.a(uip.o)
 *(COMMON)
 COMMON         0x00000000008008d7        0x6 contiki-avr-zigduino.a(contiki-main.o)
                0x00000000008008d7                ledtimer
                0x00000000008008d9                clocktime
 COMMON         0x00000000008008dd        0x8 contiki-avr-zigduino.a(clock.o)
                0x00000000008008dd                sleepseconds
                0x00000000008008e1                seconds
 COMMON         0x00000000008008e5        0x4 contiki-avr-zigduino.a(rs232.o)
                0x00000000008008e5                input_handler_1
                0x00000000008008e7                input_handler_0
 COMMON         0x00000000008008e9       0x8c contiki-avr-zigduino.a(rf230bb.o)
                0x00000000008008e9                rf230_last_correlation
                0x00000000008008ea                rf230_last_rssi
                0x00000000008008eb                rf230_smallest_rssi
                0x00000000008008ec                rf230_pending
                0x00000000008008ed                rf230_ccawait
                0x00000000008008ee                rf230_txendwait
                0x00000000008008ef                rxframe_tail
                0x00000000008008f0                rxframe_head
                0x00000000008008f1                rxframe
                0x0000000000800973                rf230_wakewait
                0x0000000000800974                RF230_receive_on
 COMMON         0x0000000000800975        0x2 contiki-avr-zigduino.a(rimeaddr.o)
                0x0000000000800975                rimeaddr_node_addr
 COMMON         0x0000000000800977        0x1 contiki-avr-zigduino.a(serial-line.o)
                0x0000000000800977                serial_line_event_message
 COMMON         0x0000000000800978        0x2 contiki-avr-zigduino.a(mmem.o)
                0x0000000000800978                avail_memory
 COMMON         0x000000000080097a       0x38 contiki-avr-zigduino.a(packetbuf.o)
                0x000000000080097a                packetbuf_addrs
                0x0000000000800982                packetbuf_attrs
 COMMON         0x00000000008009b2        0x1 contiki-avr-zigduino.a(tcpip.o)
                0x00000000008009b2                tcpip_event
 COMMON         0x00000000008009b3      0x59e contiki-avr-zigduino.a(uip.o)
                0x00000000008009b3                uip_len
                0x00000000008009b5                uip_sappdata
                0x00000000008009b7                uip_acc32
                0x00000000008009bb                uip_aligned_buf
                0x0000000000800ecf                uip_flags
                0x0000000000800ed0                uip_udp_conn
                0x0000000000800ed2                uip_appdata
                0x0000000000800ed4                uip_conn
                0x0000000000800ed6                uip_conns
                0x0000000000800f16                uip_listenports
                0x0000000000800f1c                uip_draddr
                0x0000000000800f20                uip_netmask
                0x0000000000800f24                uip_hostaddr
                0x0000000000800f28                uip_slen
                0x0000000000800f2a                uip_udp_conns
 COMMON         0x0000000000800f51        0x6 /usr/lib/gcc/avr/4.8.1/../../../avr/lib/avr51/libc.a(iob.o)
                0x0000000000800f51                __iob
                0x0000000000800f57                PROVIDE (__bss_end, .)
                0x0000000000004e1e                __data_load_start = LOADADDR (.data)
                0x0000000000004f60                __data_load_end = (__data_load_start + SIZEOF (.data))

.noinit         0x0000000000800f57        0x0
                0x0000000000800f57                PROVIDE (__noinit_start, .)
 *(.noinit*)
                0x0000000000800f57                PROVIDE (__noinit_end, .)
                0x0000000000800f57                _end = .
                0x0000000000800f57                PROVIDE (__heap_start, .)

.eeprom         0x0000000000810000       0x29
 *(.eeprom*)
 .eeprom        0x0000000000810000       0x29 contiki-avr-zigduino.a(params.o)
                0x0000000000810000                eemem_txpower
                0x0000000000810001                eemem_panaddr
                0x0000000000810003                eemem_panid
                0x0000000000810005                eemem_channel
                0x0000000000810007                eemem_nodeid
                0x0000000000810009                eemem_domain_name
                0x0000000000810013                eemem_server_name
                0x0000000000810021                eemem_mac_address
                0x0000000000810029                __eeprom_end = .

.fuse           0x0000000000820000        0x3
 *(.fuse)
 .fuse          0x0000000000820000        0x3 contiki-avr-zigduino.a(contiki-main.o)
                0x0000000000820000                __fuse
 *(.lfuse)
 *(.hfuse)
 *(.efuse)

.lock
 *(.lock*)

.signature      0x0000000000840000        0x3
 *(.signature*)
 .signature     0x0000000000840000        0x3 contiki-avr-zigduino.a(contiki-main.o)
                0x0000000000840000                __signature

.user_signatures
 *(.user_signatures*)

.stab
 *(.stab)

.stabstr
 *(.stabstr)

.stab.excl
 *(.stab.excl)

.stab.exclstr
 *(.stab.exclstr)

.stab.index
 *(.stab.index)

.stab.indexstr
 *(.stab.indexstr)

.comment        0x0000000000000000       0x11
 *(.comment)
 .comment       0x0000000000000000       0x11 antenna_on_idle.co
                                         0x12 (size before relaxing)
 .comment       0x0000000000000000       0x12 contiki-avr-zigduino.a(etimer.o)
 .comment       0x0000000000000000       0x12 contiki-avr-zigduino.a(contiki-main.o)
 .comment       0x0000000000000000       0x12 contiki-avr-zigduino.a(params.o)
 .comment       0x0000000000000000       0x12 contiki-avr-zigduino.a(clock.o)
 .comment       0x0000000000000000       0x12 contiki-avr-zigduino.a(rs232.o)
 .comment       0x0000000000000000       0x12 contiki-avr-zigduino.a(watchdog.o)
 .comment       0x0000000000000000       0x12 contiki-avr-zigduino.a(rf230bb.o)
 .comment       0x0000000000000000       0x12 contiki-avr-zigduino.a(halbb.o)
 .comment       0x0000000000000000       0x12 contiki-avr-zigduino.a(rimeaddr.o)
 .comment       0x0000000000000000       0x12 contiki-avr-zigduino.a(rime.o)
 .comment       0x0000000000000000       0x12 contiki-avr-zigduino.a(announcement.o)
 .comment       0x0000000000000000       0x12 contiki-avr-zigduino.a(broadcast-annou)
 .comment       0x0000000000000000       0x12 contiki-avr-zigduino.a(broadcast.o)
 .comment       0x0000000000000000       0x12 contiki-avr-zigduino.a(abc.o)
 .comment       0x0000000000000000       0x12 contiki-avr-zigduino.a(chameleon.o)
 .comment       0x0000000000000000       0x12 contiki-avr-zigduino.a(channel.o)
 .comment       0x0000000000000000       0x12 contiki-avr-zigduino.a(chameleon-bitop)
 .comment       0x0000000000000000       0x12 contiki-avr-zigduino.a(nullmac.o)
 .comment       0x0000000000000000       0x12 contiki-avr-zigduino.a(sicslowmac.o)
 .comment       0x0000000000000000       0x12 contiki-avr-zigduino.a(process.o)
 .comment       0x0000000000000000       0x12 contiki-avr-zigduino.a(autostart.o)
 .comment       0x0000000000000000       0x12 contiki-avr-zigduino.a(serial-line.o)
 .comment       0x0000000000000000       0x12 contiki-avr-zigduino.a(mmem.o)
 .comment       0x0000000000000000       0x12 contiki-avr-zigduino.a(timer.o)
 .comment       0x0000000000000000       0x12 contiki-avr-zigduino.a(list.o)
 .comment       0x0000000000000000       0x12 contiki-avr-zigduino.a(ctimer.o)
 .comment       0x0000000000000000       0x12 contiki-avr-zigduino.a(rtimer.o)
 .comment       0x0000000000000000       0x12 contiki-avr-zigduino.a(random.o)
 .comment       0x0000000000000000       0x12 contiki-avr-zigduino.a(ringbuf.o)
 .comment       0x0000000000000000       0x12 contiki-avr-zigduino.a(packetbuf.o)
 .comment       0x0000000000000000       0x12 contiki-avr-zigduino.a(queuebuf.o)
 .comment       0x0000000000000000       0x12 contiki-avr-zigduino.a(tcpip.o)
 .comment       0x0000000000000000       0x12 contiki-avr-zigduino.a(uip-split.o)
 .comment       0x0000000000000000       0x12 contiki-avr-zigduino.a(uip.o)
 .comment       0x0000000000000000       0x12 contiki-avr-zigduino.a(rtimer-arch.o)
 .comment       0x0000000000000000       0x12 contiki-avr-zigduino.a(frame802154.o)
 .comment       0x0000000000000000       0x12 contiki-avr-zigduino.a(memb.o)
 .comment       0x0000000000000000       0x12 /usr/lib/gcc/avr/4.8.1/../../../avr/lib/avr51/libc.a(rand.o)
 .comment       0x0000000000000000       0x12 /usr/lib/gcc/avr/4.8.1/../../../avr/lib/avr51/libc.a(iob.o)
 .comment       0x0000000000000000       0x12 /usr/lib/gcc/avr/4.8.1/../../../avr/lib/avr51/libc.a(printf_p.o)
 .comment       0x0000000000000000       0x12 /usr/lib/gcc/avr/4.8.1/../../../avr/lib/avr51/libc.a(vfprintf_std.o)
 .comment       0x0000000000000000       0x12 /usr/lib/gcc/avr/4.8.1/../../../avr/lib/avr51/libc.a(fputc.o)

.note.gnu.build-id
 *(.note.gnu.build-id)

.debug
 *(.debug)

.line
 *(.line)

.debug_srcinfo
 *(.debug_srcinfo)

.debug_sfnames
 *(.debug_sfnames)

.debug_aranges  0x0000000000000000      0xce0
 *(.debug_aranges)
 .debug_aranges
                0x0000000000000000       0x20 antenna_on_idle.co
 .debug_aranges
                0x0000000000000020       0x88 contiki-avr-zigduino.a(etimer.o)
 .debug_aranges
                0x00000000000000a8       0x38 contiki-avr-zigduino.a(contiki-main.o)
 .debug_aranges
                0x00000000000000e0       0x40 contiki-avr-zigduino.a(params.o)
 .debug_aranges
                0x0000000000000120       0x60 contiki-avr-zigduino.a(clock.o)
 .debug_aranges
                0x0000000000000180       0x60 contiki-avr-zigduino.a(rs232.o)
 .debug_aranges
                0x00000000000001e0       0x40 contiki-avr-zigduino.a(watchdog.o)
 .debug_aranges
                0x0000000000000220      0x110 contiki-avr-zigduino.a(rf230bb.o)
 .debug_aranges
                0x0000000000000330       0x80 contiki-avr-zigduino.a(halbb.o)
 .debug_aranges
                0x00000000000003b0       0x30 contiki-avr-zigduino.a(rimeaddr.o)
 .debug_aranges
                0x00000000000003e0       0x48 contiki-avr-zigduino.a(rime.o)
 .debug_aranges
                0x0000000000000428       0x70 contiki-avr-zigduino.a(announcement.o)
 .debug_aranges
                0x0000000000000498       0x60 contiki-avr-zigduino.a(broadcast-annou)
 .debug_aranges
                0x00000000000004f8       0x40 contiki-avr-zigduino.a(broadcast.o)
 .debug_aranges
                0x0000000000000538       0x40 contiki-avr-zigduino.a(abc.o)
 .debug_aranges
                0x0000000000000578       0x38 contiki-avr-zigduino.a(chameleon.o)
 .debug_aranges
                0x00000000000005b0       0x40 contiki-avr-zigduino.a(channel.o)
 .debug_aranges
                0x00000000000005f0       0x50 contiki-avr-zigduino.a(chameleon-bitop)
 .debug_aranges
                0x0000000000000640       0x48 contiki-avr-zigduino.a(nullmac.o)
 .debug_aranges
                0x0000000000000688       0x50 contiki-avr-zigduino.a(sicslowmac.o)
 .debug_aranges
                0x00000000000006d8       0x88 contiki-avr-zigduino.a(process.o)
 .debug_aranges
                0x0000000000000760       0x28 contiki-avr-zigduino.a(autostart.o)
 .debug_aranges
                0x0000000000000788       0x30 contiki-avr-zigduino.a(serial-line.o)
 .debug_aranges
                0x00000000000007b8       0x38 contiki-avr-zigduino.a(mmem.o)
 .debug_aranges
                0x00000000000007f0       0x40 contiki-avr-zigduino.a(timer.o)
 .debug_aranges
                0x0000000000000830       0x78 contiki-avr-zigduino.a(list.o)
 .debug_aranges
                0x00000000000008a8       0x50 contiki-avr-zigduino.a(ctimer.o)
 .debug_aranges
                0x00000000000008f8       0x30 contiki-avr-zigduino.a(rtimer.o)
 .debug_aranges
                0x0000000000000928       0x28 contiki-avr-zigduino.a(random.o)
 .debug_aranges
                0x0000000000000950       0x40 contiki-avr-zigduino.a(ringbuf.o)
 .debug_aranges
                0x0000000000000990       0xe0 contiki-avr-zigduino.a(packetbuf.o)
 .debug_aranges
                0x0000000000000a70       0x68 contiki-avr-zigduino.a(queuebuf.o)
 .debug_aranges
                0x0000000000000ad8       0x90 contiki-avr-zigduino.a(tcpip.o)
 .debug_aranges
                0x0000000000000b68       0x20 contiki-avr-zigduino.a(uip-split.o)
 .debug_aranges
                0x0000000000000b88       0xa8 contiki-avr-zigduino.a(uip.o)
 .debug_aranges
                0x0000000000000c30       0x40 contiki-avr-zigduino.a(rtimer-arch.o)
 .debug_aranges
                0x0000000000000c70       0x38 contiki-avr-zigduino.a(frame802154.o)
 .debug_aranges
                0x0000000000000ca8       0x38 contiki-avr-zigduino.a(memb.o)

.debug_pubnames
 *(.debug_pubnames)

.debug_info     0x0000000000000000     0xe848
 *(.debug_info .gnu.linkonce.wi.*)
 .debug_info    0x0000000000000000      0x2e4 antenna_on_idle.co
 .debug_info    0x00000000000002e4      0x6e5 contiki-avr-zigduino.a(etimer.o)
 .debug_info    0x00000000000009c9      0xbde contiki-avr-zigduino.a(contiki-main.o)
 .debug_info    0x00000000000015a7      0x5e3 contiki-avr-zigduino.a(params.o)
 .debug_info    0x0000000000001b8a      0x327 contiki-avr-zigduino.a(clock.o)
 .debug_info    0x0000000000001eb1      0x446 contiki-avr-zigduino.a(rs232.o)
 .debug_info    0x00000000000022f7       0xe2 contiki-avr-zigduino.a(watchdog.o)
 .debug_info    0x00000000000023d9     0x1669 contiki-avr-zigduino.a(rf230bb.o)
 .debug_info    0x0000000000003a42      0x3ce contiki-avr-zigduino.a(halbb.o)
 .debug_info    0x0000000000003e10      0x1f8 contiki-avr-zigduino.a(rimeaddr.o)
 .debug_info    0x0000000000004008      0x6e8 contiki-avr-zigduino.a(rime.o)
 .debug_info    0x00000000000046f0      0x5c5 contiki-avr-zigduino.a(announcement.o)
 .debug_info    0x0000000000004cb5      0xb31 contiki-avr-zigduino.a(broadcast-annou)
 .debug_info    0x00000000000057e6      0x64f contiki-avr-zigduino.a(broadcast.o)
 .debug_info    0x0000000000005e35      0x4ad contiki-avr-zigduino.a(abc.o)
 .debug_info    0x00000000000062e2      0x382 contiki-avr-zigduino.a(chameleon.o)
 .debug_info    0x0000000000006664      0x382 contiki-avr-zigduino.a(channel.o)
 .debug_info    0x00000000000069e6      0x9db contiki-avr-zigduino.a(chameleon-bitop)
 .debug_info    0x00000000000073c1      0x3b8 contiki-avr-zigduino.a(nullmac.o)
 .debug_info    0x0000000000007779      0xc3b contiki-avr-zigduino.a(sicslowmac.o)
 .debug_info    0x00000000000083b4      0x758 contiki-avr-zigduino.a(process.o)
 .debug_info    0x0000000000008b0c      0x1ff contiki-avr-zigduino.a(autostart.o)
 .debug_info    0x0000000000008d0b      0x4d5 contiki-avr-zigduino.a(serial-line.o)
 .debug_info    0x00000000000091e0      0x2aa contiki-avr-zigduino.a(mmem.o)
 .debug_info    0x000000000000948a      0x1bf contiki-avr-zigduino.a(timer.o)
 .debug_info    0x0000000000009649      0x3da contiki-avr-zigduino.a(list.o)
 .debug_info    0x0000000000009a23      0x7bd contiki-avr-zigduino.a(ctimer.o)
 .debug_info    0x000000000000a1e0      0x20a contiki-avr-zigduino.a(rtimer.o)
 .debug_info    0x000000000000a3ea       0xf3 contiki-avr-zigduino.a(random.o)
 .debug_info    0x000000000000a4dd      0x1d1 contiki-avr-zigduino.a(ringbuf.o)
 .debug_info    0x000000000000a6ae      0x845 contiki-avr-zigduino.a(packetbuf.o)
 .debug_info    0x000000000000aef3      0xaae contiki-avr-zigduino.a(queuebuf.o)
 .debug_info    0x000000000000b9a1     0x1039 contiki-avr-zigduino.a(tcpip.o)
 .debug_info    0x000000000000c9da      0x3e3 contiki-avr-zigduino.a(uip-split.o)
 .debug_info    0x000000000000cdbd     0x111f contiki-avr-zigduino.a(uip.o)
 .debug_info    0x000000000000dedc      0x1f0 contiki-avr-zigduino.a(rtimer-arch.o)
 .debug_info    0x000000000000e0cc      0x56f contiki-avr-zigduino.a(frame802154.o)
 .debug_info    0x000000000000e63b      0x20d contiki-avr-zigduino.a(memb.o)

.debug_abbrev   0x0000000000000000     0x51bc
 *(.debug_abbrev)
 .debug_abbrev  0x0000000000000000      0x197 antenna_on_idle.co
 .debug_abbrev  0x0000000000000197      0x332 contiki-avr-zigduino.a(etimer.o)
 .debug_abbrev  0x00000000000004c9      0x371 contiki-avr-zigduino.a(contiki-main.o)
 .debug_abbrev  0x000000000000083a      0x186 contiki-avr-zigduino.a(params.o)
 .debug_abbrev  0x00000000000009c0      0x218 contiki-avr-zigduino.a(clock.o)
 .debug_abbrev  0x0000000000000bd8      0x241 contiki-avr-zigduino.a(rs232.o)
 .debug_abbrev  0x0000000000000e19       0x4f contiki-avr-zigduino.a(watchdog.o)
 .debug_abbrev  0x0000000000000e68      0x4cb contiki-avr-zigduino.a(rf230bb.o)
 .debug_abbrev  0x0000000000001333      0x194 contiki-avr-zigduino.a(halbb.o)
 .debug_abbrev  0x00000000000014c7      0x13c contiki-avr-zigduino.a(rimeaddr.o)
 .debug_abbrev  0x0000000000001603      0x265 contiki-avr-zigduino.a(rime.o)
 .debug_abbrev  0x0000000000001868      0x207 contiki-avr-zigduino.a(announcement.o)
 .debug_abbrev  0x0000000000001a6f      0x319 contiki-avr-zigduino.a(broadcast-annou)
 .debug_abbrev  0x0000000000001d88      0x237 contiki-avr-zigduino.a(broadcast.o)
 .debug_abbrev  0x0000000000001fbf      0x1be contiki-avr-zigduino.a(abc.o)
 .debug_abbrev  0x000000000000217d      0x1cb contiki-avr-zigduino.a(chameleon.o)
 .debug_abbrev  0x0000000000002348      0x1a4 contiki-avr-zigduino.a(channel.o)
 .debug_abbrev  0x00000000000024ec      0x35b contiki-avr-zigduino.a(chameleon-bitop)
 .debug_abbrev  0x0000000000002847      0x173 contiki-avr-zigduino.a(nullmac.o)
 .debug_abbrev  0x00000000000029ba      0x34f contiki-avr-zigduino.a(sicslowmac.o)
 .debug_abbrev  0x0000000000002d09      0x38d contiki-avr-zigduino.a(process.o)
 .debug_abbrev  0x0000000000003096      0x127 contiki-avr-zigduino.a(autostart.o)
 .debug_abbrev  0x00000000000031bd      0x26a contiki-avr-zigduino.a(serial-line.o)
 .debug_abbrev  0x0000000000003427      0x1bb contiki-avr-zigduino.a(mmem.o)
 .debug_abbrev  0x00000000000035e2       0xf9 contiki-avr-zigduino.a(timer.o)
 .debug_abbrev  0x00000000000036db      0x1a4 contiki-avr-zigduino.a(list.o)
 .debug_abbrev  0x000000000000387f      0x24d contiki-avr-zigduino.a(ctimer.o)
 .debug_abbrev  0x0000000000003acc      0x17c contiki-avr-zigduino.a(rtimer.o)
 .debug_abbrev  0x0000000000003c48       0xc4 contiki-avr-zigduino.a(random.o)
 .debug_abbrev  0x0000000000003d0c       0xf9 contiki-avr-zigduino.a(ringbuf.o)
 .debug_abbrev  0x0000000000003e05      0x31d contiki-avr-zigduino.a(packetbuf.o)
 .debug_abbrev  0x0000000000004122      0x305 contiki-avr-zigduino.a(queuebuf.o)
 .debug_abbrev  0x0000000000004427      0x475 contiki-avr-zigduino.a(tcpip.o)
 .debug_abbrev  0x000000000000489c      0x196 contiki-avr-zigduino.a(uip-split.o)
 .debug_abbrev  0x0000000000004a32      0x39c contiki-avr-zigduino.a(uip.o)
 .debug_abbrev  0x0000000000004dce      0x101 contiki-avr-zigduino.a(rtimer-arch.o)
 .debug_abbrev  0x0000000000004ecf      0x1d3 contiki-avr-zigduino.a(frame802154.o)
 .debug_abbrev  0x00000000000050a2      0x11a contiki-avr-zigduino.a(memb.o)

.debug_line     0x0000000000000000     0x4a2b
 *(.debug_line .debug_line.* .debug_line_end)
 .debug_line    0x0000000000000000      0x13f antenna_on_idle.co
 .debug_line    0x000000000000013f      0x269 contiki-avr-zigduino.a(etimer.o)
 .debug_line    0x00000000000003a8      0x4ee contiki-avr-zigduino.a(contiki-main.o)
 .debug_line    0x0000000000000896      0x169 contiki-avr-zigduino.a(params.o)
 .debug_line    0x00000000000009ff      0x20d contiki-avr-zigduino.a(clock.o)
 .debug_line    0x0000000000000c0c      0x170 contiki-avr-zigduino.a(rs232.o)
 .debug_line    0x0000000000000d7c       0xdc contiki-avr-zigduino.a(watchdog.o)
 .debug_line    0x0000000000000e58      0x5cd contiki-avr-zigduino.a(rf230bb.o)
 .debug_line    0x0000000000001425      0x1a5 contiki-avr-zigduino.a(halbb.o)
 .debug_line    0x00000000000015ca       0xf5 contiki-avr-zigduino.a(rimeaddr.o)
 .debug_line    0x00000000000016bf      0x2b7 contiki-avr-zigduino.a(rime.o)
 .debug_line    0x0000000000001976      0x1ca contiki-avr-zigduino.a(announcement.o)
 .debug_line    0x0000000000001b40      0x343 contiki-avr-zigduino.a(broadcast-annou)
 .debug_line    0x0000000000001e83      0x166 contiki-avr-zigduino.a(broadcast.o)
 .debug_line    0x0000000000001fe9      0x149 contiki-avr-zigduino.a(abc.o)
 .debug_line    0x0000000000002132      0x13a contiki-avr-zigduino.a(chameleon.o)
 .debug_line    0x000000000000226c      0x196 contiki-avr-zigduino.a(channel.o)
 .debug_line    0x0000000000002402      0x21e contiki-avr-zigduino.a(chameleon-bitop)
 .debug_line    0x0000000000002620      0x123 contiki-avr-zigduino.a(nullmac.o)
 .debug_line    0x0000000000002743      0x2b2 contiki-avr-zigduino.a(sicslowmac.o)
 .debug_line    0x00000000000029f5      0x210 contiki-avr-zigduino.a(process.o)
 .debug_line    0x0000000000002c05       0xbc contiki-avr-zigduino.a(autostart.o)
 .debug_line    0x0000000000002cc1      0x187 contiki-avr-zigduino.a(serial-line.o)
 .debug_line    0x0000000000002e48      0x12b contiki-avr-zigduino.a(mmem.o)
 .debug_line    0x0000000000002f73      0x12b contiki-avr-zigduino.a(timer.o)
 .debug_line    0x000000000000309e      0x185 contiki-avr-zigduino.a(list.o)
 .debug_line    0x0000000000003223      0x21e contiki-avr-zigduino.a(ctimer.o)
 .debug_line    0x0000000000003441       0xaa contiki-avr-zigduino.a(rtimer.o)
 .debug_line    0x00000000000034eb       0xa2 contiki-avr-zigduino.a(random.o)
 .debug_line    0x000000000000358d       0xf6 contiki-avr-zigduino.a(ringbuf.o)
 .debug_line    0x0000000000003683      0x2dd contiki-avr-zigduino.a(packetbuf.o)
 .debug_line    0x0000000000003960      0x20c contiki-avr-zigduino.a(queuebuf.o)
 .debug_line    0x0000000000003b6c      0x33c contiki-avr-zigduino.a(tcpip.o)
 .debug_line    0x0000000000003ea8       0xe0 contiki-avr-zigduino.a(uip-split.o)
 .debug_line    0x0000000000003f88      0x5c2 contiki-avr-zigduino.a(uip.o)
 .debug_line    0x000000000000454a      0x204 contiki-avr-zigduino.a(rtimer-arch.o)
 .debug_line    0x000000000000474e      0x1f8 contiki-avr-zigduino.a(frame802154.o)
 .debug_line    0x0000000000004946       0xe5 contiki-avr-zigduino.a(memb.o)

.debug_frame    0x0000000000000000     0x205c
 *(.debug_frame)
 .debug_frame   0x0000000000000000       0x30 antenna_on_idle.co
 .debug_frame   0x0000000000000030      0x150 contiki-avr-zigduino.a(etimer.o)
 .debug_frame   0x0000000000000180       0xb4 contiki-avr-zigduino.a(contiki-main.o)
 .debug_frame   0x0000000000000234       0x7c contiki-avr-zigduino.a(params.o)
 .debug_frame   0x00000000000002b0      0x124 contiki-avr-zigduino.a(clock.o)
 .debug_frame   0x00000000000003d4      0x14c contiki-avr-zigduino.a(rs232.o)
 .debug_frame   0x0000000000000520       0x64 contiki-avr-zigduino.a(watchdog.o)
 .debug_frame   0x0000000000000584      0x2a4 contiki-avr-zigduino.a(rf230bb.o)
 .debug_frame   0x0000000000000828      0x190 contiki-avr-zigduino.a(halbb.o)
 .debug_frame   0x00000000000009b8       0x44 contiki-avr-zigduino.a(rimeaddr.o)
 .debug_frame   0x00000000000009fc       0xc4 contiki-avr-zigduino.a(rime.o)
 .debug_frame   0x0000000000000ac0      0x10c contiki-avr-zigduino.a(announcement.o)
 .debug_frame   0x0000000000000bcc      0x11c contiki-avr-zigduino.a(broadcast-annou)
 .debug_frame   0x0000000000000ce8       0xac contiki-avr-zigduino.a(broadcast.o)
 .debug_frame   0x0000000000000d94       0x84 contiki-avr-zigduino.a(abc.o)
 .debug_frame   0x0000000000000e18       0x74 contiki-avr-zigduino.a(chameleon.o)
 .debug_frame   0x0000000000000e8c       0x84 contiki-avr-zigduino.a(channel.o)
 .debug_frame   0x0000000000000f10      0x1a4 contiki-avr-zigduino.a(chameleon-bitop)
 .debug_frame   0x00000000000010b4       0x74 contiki-avr-zigduino.a(nullmac.o)
 .debug_frame   0x0000000000001128       0xf4 contiki-avr-zigduino.a(sicslowmac.o)
 .debug_frame   0x000000000000121c      0x148 contiki-avr-zigduino.a(process.o)
 .debug_frame   0x0000000000001364       0x4c contiki-avr-zigduino.a(autostart.o)
 .debug_frame   0x00000000000013b0       0x50 contiki-avr-zigduino.a(serial-line.o)
 .debug_frame   0x0000000000001400       0x74 contiki-avr-zigduino.a(mmem.o)
 .debug_frame   0x0000000000001474       0x94 contiki-avr-zigduino.a(timer.o)
 .debug_frame   0x0000000000001508       0xfc contiki-avr-zigduino.a(list.o)
 .debug_frame   0x0000000000001604       0xf8 contiki-avr-zigduino.a(ctimer.o)
 .debug_frame   0x00000000000016fc       0x50 contiki-avr-zigduino.a(rtimer.o)
 .debug_frame   0x000000000000174c       0x34 contiki-avr-zigduino.a(random.o)
 .debug_frame   0x0000000000001780       0x64 contiki-avr-zigduino.a(ringbuf.o)
 .debug_frame   0x00000000000017e4      0x22c contiki-avr-zigduino.a(packetbuf.o)
 .debug_frame   0x0000000000001a10       0xf4 contiki-avr-zigduino.a(queuebuf.o)
 .debug_frame   0x0000000000001b04      0x16c contiki-avr-zigduino.a(tcpip.o)
 .debug_frame   0x0000000000001c70       0x38 contiki-avr-zigduino.a(uip-split.o)
 .debug_frame   0x0000000000001ca8      0x180 contiki-avr-zigduino.a(uip.o)
 .debug_frame   0x0000000000001e28       0xd8 contiki-avr-zigduino.a(rtimer-arch.o)
 .debug_frame   0x0000000000001f00       0xfc contiki-avr-zigduino.a(frame802154.o)
 .debug_frame   0x0000000000001ffc       0x60 contiki-avr-zigduino.a(memb.o)

.debug_str      0x0000000000000000     0x3363
 *(.debug_str)
 .debug_str     0x0000000000000000      0x1bd antenna_on_idle.co
                                        0x240 (size before relaxing)
 .debug_str     0x00000000000001bd      0x17a contiki-avr-zigduino.a(etimer.o)
                                        0x34f (size before relaxing)
 .debug_str     0x0000000000000337      0x3af contiki-avr-zigduino.a(contiki-main.o)
                                        0x57a (size before relaxing)
 .debug_str     0x00000000000006e6      0x1a1 contiki-avr-zigduino.a(params.o)
                                        0x312 (size before relaxing)
 .debug_str     0x0000000000000887       0xe1 contiki-avr-zigduino.a(clock.o)
                                        0x247 (size before relaxing)
 .debug_str     0x0000000000000968       0xff contiki-avr-zigduino.a(rs232.o)
                                        0x22e (size before relaxing)
 .debug_str     0x0000000000000a67       0x65 contiki-avr-zigduino.a(watchdog.o)
                                        0x173 (size before relaxing)
 .debug_str     0x0000000000000acc      0x935 contiki-avr-zigduino.a(rf230bb.o)
                                        0xc5f (size before relaxing)
 .debug_str     0x0000000000001401      0x116 contiki-avr-zigduino.a(halbb.o)
                                        0x2f6 (size before relaxing)
 .debug_str     0x0000000000001517       0x9f contiki-avr-zigduino.a(rimeaddr.o)
                                        0x1b2 (size before relaxing)
 .debug_str     0x00000000000015b6      0x1e0 contiki-avr-zigduino.a(rime.o)
                                        0x3bc (size before relaxing)
 .debug_str     0x0000000000001796      0x1d5 contiki-avr-zigduino.a(announcement.o)
                                        0x36f (size before relaxing)
 .debug_str     0x000000000000196b      0x240 contiki-avr-zigduino.a(broadcast-annou)
                                        0x548 (size before relaxing)
 .debug_str     0x0000000000001bab       0xcc contiki-avr-zigduino.a(broadcast.o)
                                        0x58f (size before relaxing)
 .debug_str     0x0000000000001c77       0x61 contiki-avr-zigduino.a(abc.o)
                                        0x503 (size before relaxing)
 .debug_str     0x0000000000001cd8       0x8d contiki-avr-zigduino.a(chameleon.o)
                                        0x4fa (size before relaxing)
 .debug_str     0x0000000000001d65       0x78 contiki-avr-zigduino.a(channel.o)
                                        0x248 (size before relaxing)
 .debug_str     0x0000000000001ddd      0x12f contiki-avr-zigduino.a(chameleon-bitop)
                                        0x612 (size before relaxing)
 .debug_str     0x0000000000001f0c       0x70 contiki-avr-zigduino.a(nullmac.o)
                                        0x216 (size before relaxing)
 .debug_str     0x0000000000001f7c      0x222 contiki-avr-zigduino.a(sicslowmac.o)
                                        0x8b8 (size before relaxing)
 .debug_str     0x000000000000219e      0x141 contiki-avr-zigduino.a(process.o)
                                        0x2e2 (size before relaxing)
 .debug_str     0x00000000000022df       0x56 contiki-avr-zigduino.a(autostart.o)
                                        0x1be (size before relaxing)
 .debug_str     0x0000000000002335      0x105 contiki-avr-zigduino.a(serial-line.o)
                                        0x2cc (size before relaxing)
 .debug_str     0x000000000000243a       0x93 contiki-avr-zigduino.a(mmem.o)
                                        0x1cf (size before relaxing)
 .debug_str     0x00000000000024cd       0x53 contiki-avr-zigduino.a(timer.o)
                                        0x198 (size before relaxing)
 .debug_str     0x0000000000002520       0x9c contiki-avr-zigduino.a(list.o)
                                        0x156 (size before relaxing)
 .debug_str     0x00000000000025bc       0xc2 contiki-avr-zigduino.a(ctimer.o)
                                        0x305 (size before relaxing)
 .debug_str     0x000000000000267e      0x108 contiki-avr-zigduino.a(rtimer.o)
                                        0x20b (size before relaxing)
 .debug_str     0x0000000000002786       0x4f contiki-avr-zigduino.a(random.o)
                                        0x14d (size before relaxing)
 .debug_str     0x00000000000027d5       0x63 contiki-avr-zigduino.a(ringbuf.o)
                                        0x1a0 (size before relaxing)
 .debug_str     0x0000000000002838      0x186 contiki-avr-zigduino.a(packetbuf.o)
                                        0x6b2 (size before relaxing)
 .debug_str     0x00000000000029be      0x1bd contiki-avr-zigduino.a(queuebuf.o)
                                        0x72e (size before relaxing)
 .debug_str     0x0000000000002b7b      0x33c contiki-avr-zigduino.a(tcpip.o)
                                        0x5be (size before relaxing)
 .debug_str     0x0000000000002eb7       0x93 contiki-avr-zigduino.a(uip-split.o)
                                        0x282 (size before relaxing)
 .debug_str     0x0000000000002f4a      0x294 contiki-avr-zigduino.a(uip.o)
                                        0x64a (size before relaxing)
 .debug_str     0x00000000000031de       0x80 contiki-avr-zigduino.a(rtimer-arch.o)
                                        0x23f (size before relaxing)
 .debug_str     0x000000000000325e       0xbe contiki-avr-zigduino.a(frame802154.o)
                                        0x378 (size before relaxing)
 .debug_str     0x000000000000331c       0x47 contiki-avr-zigduino.a(memb.o)
                                        0x178 (size before relaxing)

.debug_loc      0x0000000000000000     0x86db
 *(.debug_loc)
 .debug_loc     0x0000000000000000      0x11b antenna_on_idle.co
 .debug_loc     0x000000000000011b      0x5bb contiki-avr-zigduino.a(etimer.o)
 .debug_loc     0x00000000000006d6      0x2e9 contiki-avr-zigduino.a(contiki-main.o)
 .debug_loc     0x00000000000009bf      0x223 contiki-avr-zigduino.a(params.o)
 .debug_loc     0x0000000000000be2      0x2b3 contiki-avr-zigduino.a(clock.o)
 .debug_loc     0x0000000000000e95      0x3fc contiki-avr-zigduino.a(rs232.o)
 .debug_loc     0x0000000000001291      0xab2 contiki-avr-zigduino.a(rf230bb.o)
 .debug_loc     0x0000000000001d43      0x493 contiki-avr-zigduino.a(halbb.o)
 .debug_loc     0x00000000000021d6       0x82 contiki-avr-zigduino.a(rimeaddr.o)
 .debug_loc     0x0000000000002258      0x380 contiki-avr-zigduino.a(rime.o)
 .debug_loc     0x00000000000025d8      0x46f contiki-avr-zigduino.a(announcement.o)
 .debug_loc     0x0000000000002a47      0x5eb contiki-avr-zigduino.a(broadcast-annou)
 .debug_loc     0x0000000000003032      0x32f contiki-avr-zigduino.a(broadcast.o)
 .debug_loc     0x0000000000003361      0x248 contiki-avr-zigduino.a(abc.o)
 .debug_loc     0x00000000000035a9      0x130 contiki-avr-zigduino.a(chameleon.o)
 .debug_loc     0x00000000000036d9      0x204 contiki-avr-zigduino.a(channel.o)
 .debug_loc     0x00000000000038dd      0xb70 contiki-avr-zigduino.a(chameleon-bitop)
 .debug_loc     0x000000000000444d       0x72 contiki-avr-zigduino.a(nullmac.o)
 .debug_loc     0x00000000000044bf      0x373 contiki-avr-zigduino.a(sicslowmac.o)
 .debug_loc     0x0000000000004832      0x5da contiki-avr-zigduino.a(process.o)