Archive member included because of file (symbol)

contiki-avr-zigduino.a(etimer.o)
                              antenna_on_idle.co (etimer_set)
contiki-avr-zigduino.a(contiki-main.o)
                              /usr/lib/gcc/avr/4.5.3/../../../../avr/lib/avr51/crtm128rfa1.o (main)
contiki-avr-zigduino.a(params.o)
                              contiki-avr-zigduino.a(contiki-main.o) (params_get_channel)
contiki-avr-zigduino.a(clock.o)
                              contiki-avr-zigduino.a(contiki-main.o) (clock_init)
contiki-avr-zigduino.a(rs232.o)
                              contiki-avr-zigduino.a(contiki-main.o) (rs232_init)
contiki-avr-zigduino.a(watchdog.o)
                              contiki-avr-zigduino.a(contiki-main.o) (watchdog_init)
contiki-avr-zigduino.a(rf230bb.o)
                              contiki-avr-zigduino.a(contiki-main.o) (rf230_get_channel)
contiki-avr-zigduino.a(halbb.o)
                              contiki-avr-zigduino.a(rf230bb.o) (hal_init)
contiki-avr-zigduino.a(rimeaddr.o)
                              contiki-avr-zigduino.a(contiki-main.o) (rimeaddr_set_node_addr)
contiki-avr-zigduino.a(rime.o)
                              contiki-avr-zigduino.a(contiki-main.o) (rime_driver)
contiki-avr-zigduino.a(announcement.o)
                              contiki-avr-zigduino.a(rime.o) (announcement_init)
contiki-avr-zigduino.a(broadcast-annou)
                              contiki-avr-zigduino.a(rime.o) (broadcast_announcement_init)
contiki-avr-zigduino.a(broadcast.o)
                              contiki-avr-zigduino.a(broadcast-annou) (broadcast_open)
contiki-avr-zigduino.a(abc.o)
                              contiki-avr-zigduino.a(broadcast.o) (abc_open)
contiki-avr-zigduino.a(chameleon.o)
                              contiki-avr-zigduino.a(rime.o) (chameleon_init)
contiki-avr-zigduino.a(channel.o)
                              contiki-avr-zigduino.a(chameleon.o) (channel_init)
contiki-avr-zigduino.a(chameleon-bitop)
                              contiki-avr-zigduino.a(chameleon.o) (chameleon_bitopt)
contiki-avr-zigduino.a(nullmac.o)
                              contiki-avr-zigduino.a(contiki-main.o) (nullmac_driver)
contiki-avr-zigduino.a(sicslowmac.o)
                              contiki-avr-zigduino.a(contiki-main.o) (sicslowmac_driver)
contiki-avr-zigduino.a(process.o)
                              contiki-avr-zigduino.a(etimer.o) (process_current)
contiki-avr-zigduino.a(autostart.o)
                              contiki-avr-zigduino.a(contiki-main.o) (autostart_start)
contiki-avr-zigduino.a(serial-line.o)
                              contiki-avr-zigduino.a(contiki-main.o) (serial_line_input_byte)
contiki-avr-zigduino.a(mmem.o)
                              contiki-avr-zigduino.a(contiki-main.o) (mmem_init)
contiki-avr-zigduino.a(timer.o)
                              contiki-avr-zigduino.a(etimer.o) (timer_set)
contiki-avr-zigduino.a(list.o)
                              contiki-avr-zigduino.a(announcement.o) (list_init)
contiki-avr-zigduino.a(ctimer.o)
                              contiki-avr-zigduino.a(contiki-main.o) (ctimer_init)
contiki-avr-zigduino.a(rtimer.o)
                              contiki-avr-zigduino.a(contiki-main.o) (rtimer_init)
contiki-avr-zigduino.a(random.o)
                              contiki-avr-zigduino.a(contiki-main.o) (random_init)
contiki-avr-zigduino.a(ringbuf.o)
                              contiki-avr-zigduino.a(serial-line.o) (ringbuf_init)
contiki-avr-zigduino.a(packetbuf.o)
                              contiki-avr-zigduino.a(chameleon-bitop) (packetbuf_hdrreduce)
contiki-avr-zigduino.a(queuebuf.o)
                              contiki-avr-zigduino.a(contiki-main.o) (queuebuf_init)
contiki-avr-zigduino.a(tcpip.o)
                              contiki-avr-zigduino.a(contiki-main.o) (tcpip_process)
contiki-avr-zigduino.a(uip-split.o)
                              contiki-avr-zigduino.a(tcpip.o) (uip_split_output)
contiki-avr-zigduino.a(uip.o)
                              contiki-avr-zigduino.a(tcpip.o) (uip_aligned_buf)
contiki-avr-zigduino.a(rtimer-arch.o)
                              contiki-avr-zigduino.a(rtimer.o) (rtimer_arch_init)
contiki-avr-zigduino.a(frame802154.o)
                              contiki-avr-zigduino.a(sicslowmac.o) (frame802154_hdrlen)
contiki-avr-zigduino.a(memb.o)
                              contiki-avr-zigduino.a(queuebuf.o) (memb_init)
/usr/lib/gcc/avr/4.5.3/avr51/libgcc.a(_udivmodhi4.o)
                              contiki-avr-zigduino.a(contiki-main.o) (__udivmodhi4)
/usr/lib/gcc/avr/4.5.3/avr51/libgcc.a(_udivmodsi4.o)
                              contiki-avr-zigduino.a(contiki-main.o) (__udivmodsi4)
/usr/lib/gcc/avr/4.5.3/avr51/libgcc.a(_exit.o)
                              /usr/lib/gcc/avr/4.5.3/../../../../avr/lib/avr51/crtm128rfa1.o (exit)
/usr/lib/gcc/avr/4.5.3/avr51/libgcc.a(_copy_data.o)
                              antenna_on_idle.co (__do_copy_data)
[...]
Memory Configuration

Name             Origin             Length             Attributes
text             0x0000000000000000 0x0000000000020000 xr
data             0x0000000000800100 0x000000000000ff00 rw !x
eeprom           0x0000000000810000 0x0000000000010000 rw !x
fuse             0x0000000000820000 0x0000000000000400 rw !x
lock             0x0000000000830000 0x0000000000000400 rw !x
signature        0x0000000000840000 0x0000000000000400 rw !x
*default*        0x0000000000000000 0xffffffffffffffff

Linker script and memory map

Address of section .data set to 0x800200
LOAD /usr/lib/gcc/avr/4.5.3/../../../../avr/lib/avr51/crtm128rfa1.o
Address of section .bootloader set to 0x1f800
LOAD antenna_on_idle.co
LOAD contiki-avr-zigduino.a
LOAD /usr/lib/gcc/avr/4.5.3/avr51/libgcc.a
LOAD /usr/lib/gcc/avr/4.5.3/../../../../avr/lib/avr51/libc.a
LOAD /usr/lib/gcc/avr/4.5.3/avr51/libgcc.a

.hash
 *(.hash)

.dynsym
 *(.dynsym)

.dynstr
 *(.dynstr)

.gnu.version
 *(.gnu.version)

.gnu.version_d
 *(.gnu.version_d)

.gnu.version_r
 *(.gnu.version_r)

.rel.init
 *(.rel.init)

.rela.init
 *(.rela.init)

.rel.text
 *(.rel.text)
 *(.rel.text.*)
 *(.rel.gnu.linkonce.t*)

.rela.text
 *(.rela.text)
 *(.rela.text.*)
 *(.rela.gnu.linkonce.t*)

.rel.fini
 *(.rel.fini)

.rela.fini
 *(.rela.fini)

.rel.rodata
 *(.rel.rodata)
 *(.rel.rodata.*)
 *(.rel.gnu.linkonce.r*)

.rela.rodata
 *(.rela.rodata)
 *(.rela.rodata.*)
 *(.rela.gnu.linkonce.r*)

.rel.data
 *(.rel.data)
 *(.rel.data.*)
 *(.rel.gnu.linkonce.d*)

.rela.data
 *(.rela.data)
 *(.rela.data.*)
 *(.rela.gnu.linkonce.d*)

.rel.ctors
 *(.rel.ctors)

.rela.ctors
 *(.rela.ctors)

.rel.dtors
 *(.rel.dtors)

.rela.dtors
 *(.rela.dtors)

.rel.got
 *(.rel.got)

.rela.got
 *(.rela.got)

.rel.bss
 *(.rel.bss)

.rela.bss
 *(.rela.bss)

.rel.plt
 *(.rel.plt)

.rela.plt
 *(.rela.plt)

.text           0x0000000000000000     0x5236
 *(.vectors)
 .vectors       0x0000000000000000      0x120 /usr/lib/gcc/avr/4.5.3/../../../../avr/lib/avr51/crtm128rfa1.o
                0x0000000000000000                __vectors
                0x0000000000000000                __vector_default
 *(.vectors)
 *(.progmem.gcc*)
                0x0000000000000120                . = ALIGN (0x2)
                0x0000000000000120                __trampolines_start = .
 *(.trampolines)
 .trampolines   0x0000000000000120        0x0 linker stubs
 *(.trampolines*)
                0x0000000000000120                __trampolines_end = .
 *(.progmem*)
 .progmem.data  0x0000000000000120      0x11d contiki-avr-zigduino.a(contiki-main.o)
 .progmem.data  0x000000000000023d       0x4d contiki-avr-zigduino.a(params.o)
                0x000000000000023d                default_mac_address
                0x0000000000000245                default_server_name
                0x0000000000000253                default_domain_name
                0x000000000000028a                . = ALIGN (0x2)
 *(.jumptables)
 *(.jumptables*)
 *(.lowtext)
 *(.lowtext*)
                0x000000000000028a                __ctors_start = .
 *(.ctors)
                0x000000000000028a                __ctors_end = .
                0x000000000000028a                __dtors_start = .
 *(.dtors)
                0x000000000000028a                __dtors_end = .
 SORT(*)(.ctors)
 SORT(*)(.dtors)
 *(.init0)
 .init0         0x000000000000028a        0x0 /usr/lib/gcc/avr/4.5.3/../../../../avr/lib/avr51/crtm128rfa1.o
                0x000000000000028a                __init
 *(.init0)
 *(.init1)
 *(.init1)
 *(.init2)
 .init2         0x000000000000028a        0xc /usr/lib/gcc/avr/4.5.3/../../../../avr/lib/avr51/crtm128rfa1.o
 *(.init2)
 *(.init3)
 *(.init3)
 *(.init4)
 .init4         0x0000000000000296       0x1a /usr/lib/gcc/avr/4.5.3/avr51/libgcc.a(_copy_data.o)
                0x0000000000000296                __do_copy_data
 .init4         0x00000000000002b0       0x10 /usr/lib/gcc/avr/4.5.3/avr51/libgcc.a(_clear_bss.o)
                0x00000000000002b0                __do_clear_bss
 *(.init4)
 *(.init5)
 *(.init5)
 *(.init6)
 *(.init6)
 *(.init7)
 *(.init7)
 *(.init8)
 *(.init8)
 *(.init9)
 .init9         0x00000000000002c0        0x8 /usr/lib/gcc/avr/4.5.3/../../../../avr/lib/avr51/crtm128rfa1.o
 *(.init9)
 *(.text)
 .text          0x00000000000002c8        0x4 /usr/lib/gcc/avr/4.5.3/../../../../avr/lib/avr51/crtm128rfa1.o
                0x00000000000002c8                __vector_38
                0x00000000000002c8                __vector_22
                0x00000000000002c8                __vector_28
                0x00000000000002c8                __vector_67
                0x00000000000002c8                __vector_1
                0x00000000000002c8                __vector_71
                0x00000000000002c8                __vector_34
                0x00000000000002c8                __vector_24
                0x00000000000002c8                __vector_12
                0x00000000000002c8                __vector_55
                0x00000000000002c8                __vector_69
                0x00000000000002c8                __vector_46
                0x00000000000002c8                __bad_interrupt
                0x00000000000002c8                __vector_6
                0x00000000000002c8                __vector_31
                0x00000000000002c8                __vector_35
                0x00000000000002c8                __vector_39
                0x00000000000002c8                __vector_3
                0x00000000000002c8                __vector_23
                0x00000000000002c8                __vector_68
                0x00000000000002c8                __vector_30
                0x00000000000002c8                __vector_45
                0x00000000000002c8                __vector_11
                0x00000000000002c8                __vector_54
                0x00000000000002c8                __vector_17
                0x00000000000002c8                __vector_19
                0x00000000000002c8                __vector_56
                0x00000000000002c8                __vector_7
                0x00000000000002c8                __vector_49
                0x00000000000002c8                __vector_41
                0x00000000000002c8                __vector_43
                0x00000000000002c8                __vector_27
                0x00000000000002c8                __vector_5
                0x00000000000002c8                __vector_33
                0x00000000000002c8                __vector_47
                0x00000000000002c8                __vector_52
                0x00000000000002c8                __vector_37
                0x00000000000002c8                __vector_4
                0x00000000000002c8                __vector_44
                0x00000000000002c8                __vector_51
                0x00000000000002c8                __vector_9
                0x00000000000002c8                __vector_2
                0x00000000000002c8                __vector_15
                0x00000000000002c8                __vector_66
                0x00000000000002c8                __vector_70
                0x00000000000002c8                __vector_29
                0x00000000000002c8                __vector_40
                0x00000000000002c8                __vector_8
                0x00000000000002c8                __vector_26
                0x00000000000002c8                __vector_48
                0x00000000000002c8                __vector_14
                0x00000000000002c8                __vector_53
                0x00000000000002c8                __vector_10
                0x00000000000002c8                __vector_50
                0x00000000000002c8                __vector_16
                0x00000000000002c8                __vector_18
                0x00000000000002c8                __vector_20
                0x00000000000002c8                __vector_42
                0x00000000000002c8                __vector_65
                0x00000000000002cc                . = ALIGN (0x2)
 *(.text.*)
 .text.process_thread_antenna_on_idle_process
                0x00000000000002cc       0x54 antenna_on_idle.co
 .text.update_time
                0x0000000000000320       0x64 contiki-avr-zigduino.a(etimer.o)
 .text.etimer_request_poll
                0x0000000000000384        0xa contiki-avr-zigduino.a(etimer.o)
                0x0000000000000384                etimer_request_poll
 .text.process_thread_etimer_process
                0x000000000000038e      0x11a contiki-avr-zigduino.a(etimer.o)
 .text.add_timer
                0x00000000000004a8       0x64 contiki-avr-zigduino.a(etimer.o)
 .text.etimer_set
                0x000000000000050c       0x16 contiki-avr-zigduino.a(etimer.o)
                0x000000000000050c                etimer_set
 .text.etimer_restart
                0x0000000000000522       0x16 contiki-avr-zigduino.a(etimer.o)
                0x0000000000000522                etimer_restart
 .text.etimer_expired
                0x0000000000000538       0x16 contiki-avr-zigduino.a(etimer.o)
                0x0000000000000538                etimer_expired
 .text.etimer_pending
                0x000000000000054e       0x18 contiki-avr-zigduino.a(etimer.o)
                0x000000000000054e                etimer_pending
 .text.rng_get_uint8
                0x0000000000000566       0x2e contiki-avr-zigduino.a(contiki-main.o)
                0x0000000000000566                rng_get_uint8
 .text.initialize
                0x0000000000000594      0x326 contiki-avr-zigduino.a(contiki-main.o)
                0x0000000000000594                initialize
 .text.main     0x00000000000008ba      0x132 contiki-avr-zigduino.a(contiki-main.o)
                0x00000000000008ba                main
 .text.params_get_channel
                0x00000000000009ec      0x130 contiki-avr-zigduino.a(params.o)
                0x00000000000009ec                params_get_channel
 .text.params_get_eui64
                0x0000000000000b1c       0x14 contiki-avr-zigduino.a(params.o)
                0x0000000000000b1c                params_get_eui64
 .text.params_get_panid
                0x0000000000000b30        0xa contiki-avr-zigduino.a(params.o)
                0x0000000000000b30                params_get_panid
 .text.params_get_panaddr
                0x0000000000000b3a        0xa contiki-avr-zigduino.a(params.o)
                0x0000000000000b3a                params_get_panaddr
 .text.params_get_txpower
                0x0000000000000b44        0xa contiki-avr-zigduino.a(params.o)
                0x0000000000000b44                params_get_txpower
 .text.clock_init
                0x0000000000000b4e       0x20 contiki-avr-zigduino.a(clock.o)
                0x0000000000000b4e                clock_init
 .text.clock_time
                0x0000000000000b6e       0x1a contiki-avr-zigduino.a(clock.o)
                0x0000000000000b6e                clock_time
 .text.clock_seconds
                0x0000000000000b88       0x30 contiki-avr-zigduino.a(clock.o)
                0x0000000000000b88                clock_seconds
 .text.__vector_21
                0x0000000000000bb8       0xa6 contiki-avr-zigduino.a(clock.o)
                0x0000000000000bb8                __vector_21
 .text.__vector_25
                0x0000000000000c5e       0x5e contiki-avr-zigduino.a(rs232.o)
                0x0000000000000c5e                __vector_25
 .text.__vector_36
                0x0000000000000cbc       0x5e contiki-avr-zigduino.a(rs232.o)
                0x0000000000000cbc                __vector_36
 .text.rs232_init
                0x0000000000000d1a       0x40 contiki-avr-zigduino.a(rs232.o)
                0x0000000000000d1a                rs232_init
 .text.rs232_send
                0x0000000000000d5a       0x24 contiki-avr-zigduino.a(rs232.o)
                0x0000000000000d5a                rs232_send
 .text.rs232_stdout_putchar
                0x0000000000000d7e       0x2a contiki-avr-zigduino.a(rs232.o)
                0x0000000000000d7e                rs232_stdout_putchar
 .text.rs232_set_input
                0x0000000000000da8       0x1c contiki-avr-zigduino.a(rs232.o)
                0x0000000000000da8                rs232_set_input
 .text.rs232_redirect_stdout
                0x0000000000000dc4       0x12 contiki-avr-zigduino.a(rs232.o)
                0x0000000000000dc4                rs232_redirect_stdout
 .text.watchdog_init
                0x0000000000000dd6       0x18 contiki-avr-zigduino.a(watchdog.o)
                0x0000000000000dd6                watchdog_init
 .text.watchdog_start
                0x0000000000000dee       0x18 contiki-avr-zigduino.a(watchdog.o)
                0x0000000000000dee                watchdog_start
 .text.watchdog_periodic
                0x0000000000000e06        0x4 contiki-avr-zigduino.a(watchdog.o)
                0x0000000000000e06                watchdog_periodic
 .text.flushrx  0x0000000000000e0a       0x22 contiki-avr-zigduino.a(rf230bb.o)
 .text.rf230_pending_packet
                0x0000000000000e2c        0x8 contiki-avr-zigduino.a(rf230bb.o)
 .text.rf230_isidle
                0x0000000000000e34       0x38 contiki-avr-zigduino.a(rf230bb.o)
 .text.rf230_waitidle
                0x0000000000000e6c       0x12 contiki-avr-zigduino.a(rf230bb.o)
 .text.rf230_receiving_packet
                0x0000000000000e7e       0x2e contiki-avr-zigduino.a(rf230bb.o)
 .text.radio_reset_state_machine
                0x0000000000000eac       0x32 contiki-avr-zigduino.a(rf230bb.o)
 .text.radio_off
                0x0000000000000ede       0x28 contiki-avr-zigduino.a(rf230bb.o)
 .text.rf230_off
                0x0000000000000f06       0x16 contiki-avr-zigduino.a(rf230bb.o)
 .text.set_txpower
                0x0000000000000f1c       0x1e contiki-avr-zigduino.a(rf230bb.o)
 .text.rf230_prepare
                0x0000000000000f3a       0x2a contiki-avr-zigduino.a(rf230bb.o)
 .text.radio_get_trx_state
                0x0000000000000f64        0xe contiki-avr-zigduino.a(rf230bb.o)
                0x0000000000000f64                radio_get_trx_state
 .text.radio_set_trx_state
                0x0000000000000f72       0xc4 contiki-avr-zigduino.a(rf230bb.o)
 .text.radio_on
                0x0000000000001036       0x42 contiki-avr-zigduino.a(rf230bb.o)
 .text.rf230_on
                0x0000000000001078       0x12 contiki-avr-zigduino.a(rf230bb.o)
 .text.rf230_cca
                0x000000000000108a       0x92 contiki-avr-zigduino.a(rf230bb.o)
 .text.rf230_warm_reset
                0x000000000000111c       0x40 contiki-avr-zigduino.a(rf230bb.o)
                0x000000000000111c                rf230_warm_reset
 .text.rf230_init
                0x000000000000115c       0x74 contiki-avr-zigduino.a(rf230bb.o)
                0x000000000000115c                rf230_init
 .text.rf230_get_channel
                0x00000000000011d0        0x6 contiki-avr-zigduino.a(rf230bb.o)
                0x00000000000011d0                rf230_get_channel
 .text.rf230_set_channel
                0x00000000000011d6       0x2a contiki-avr-zigduino.a(rf230bb.o)
                0x00000000000011d6                rf230_set_channel
 .text.rf230_set_pan_addr
                0x0000000000001200       0x64 contiki-avr-zigduino.a(rf230bb.o)
                0x0000000000001200                rf230_set_pan_addr
 .text.rf230_interrupt
                0x0000000000001264       0x14 contiki-avr-zigduino.a(rf230bb.o)
                0x0000000000001264                rf230_interrupt
 .text.rf230_read
                0x0000000000001278      0x120 contiki-avr-zigduino.a(rf230bb.o)
 .text.process_thread_rf230_process
                0x0000000000001398       0x7c contiki-avr-zigduino.a(rf230bb.o)
 .text.rf230_set_txpower
                0x0000000000001414        0x6 contiki-avr-zigduino.a(rf230bb.o)
                0x0000000000001414                rf230_set_txpower
 .text.rf230_get_txpower
                0x000000000000141a       0x1a contiki-avr-zigduino.a(rf230bb.o)
                0x000000000000141a                rf230_get_txpower
 .text.rf230_transmit
                0x0000000000001434      0x10c contiki-avr-zigduino.a(rf230bb.o)
 .text.rf230_send
                0x0000000000001540       0x20 contiki-avr-zigduino.a(rf230bb.o)
 .text.hal_init
                0x0000000000001560        0x2 contiki-avr-zigduino.a(halbb.o)
                0x0000000000001560                hal_init
 .text.hal_subregister_read
                0x0000000000001562       0x14 contiki-avr-zigduino.a(halbb.o)
                0x0000000000001562                hal_subregister_read
 .text.hal_subregister_write
                0x0000000000001576       0x38 contiki-avr-zigduino.a(halbb.o)
                0x0000000000001576                hal_subregister_write
 .text.hal_frame_read
                0x00000000000015ae       0x5a contiki-avr-zigduino.a(halbb.o)
                0x00000000000015ae                hal_frame_read
 .text.hal_frame_write
                0x0000000000001608       0x1e contiki-avr-zigduino.a(halbb.o)
                0x0000000000001608                hal_frame_write
 .text.__vector_60
                0x0000000000001626       0x7e contiki-avr-zigduino.a(halbb.o)
                0x0000000000001626                __vector_60
 .text.__vector_59
                0x00000000000016a4       0x14 contiki-avr-zigduino.a(halbb.o)
                0x00000000000016a4                __vector_59
 .text.__vector_57
                0x00000000000016b8       0x14 contiki-avr-zigduino.a(halbb.o)
                0x00000000000016b8                __vector_57
 .text.__vector_58
                0x00000000000016cc       0x14 contiki-avr-zigduino.a(halbb.o)
                0x00000000000016cc                __vector_58
 .text.__vector_64
                0x00000000000016e0       0x18 contiki-avr-zigduino.a(halbb.o)
                0x00000000000016e0                __vector_64
 .text.__vector_63
                0x00000000000016f8       0x18 contiki-avr-zigduino.a(halbb.o)
                0x00000000000016f8                __vector_63
 .text.__vector_62
                0x0000000000001710       0x14 contiki-avr-zigduino.a(halbb.o)
                0x0000000000001710                __vector_62
 .text.__vector_61
                0x0000000000001724       0x18 contiki-avr-zigduino.a(halbb.o)
                0x0000000000001724                __vector_61
 .text.rimeaddr_copy
                0x000000000000173c        0xe contiki-avr-zigduino.a(rimeaddr.o)
                0x000000000000173c                rimeaddr_copy
 .text.rimeaddr_cmp
                0x000000000000174a       0x18 contiki-avr-zigduino.a(rimeaddr.o)
                0x000000000000174a                rimeaddr_cmp
 .text.rimeaddr_set_node_addr
                0x0000000000001762        0xc contiki-avr-zigduino.a(rimeaddr.o)
                0x0000000000001762                rimeaddr_set_node_addr
 .text.input    0x000000000000176e       0x4c contiki-avr-zigduino.a(rime.o)
 .text.init     0x00000000000017ba       0x26 contiki-avr-zigduino.a(rime.o)
 .text.packet_sent
                0x00000000000017e0       0x5e contiki-avr-zigduino.a(rime.o)
 .text.rime_output
                0x000000000000183e       0x34 contiki-avr-zigduino.a(rime.o)
                0x000000000000183e                rime_output
 .text.announcement_init
                0x0000000000001872        0xa contiki-avr-zigduino.a(announcement.o)
                0x0000000000001872                announcement_init
 .text.announcement_register_observer_callback
                0x000000000000187c        0xa contiki-avr-zigduino.a(announcement.o)
                0x000000000000187c                announcement_register_observer_callback
 .text.announcement_list
                0x0000000000001886        0xa contiki-avr-zigduino.a(announcement.o)
                0x0000000000001886                announcement_list
 .text.announcement_heard
                0x0000000000001890       0x5e contiki-avr-zigduino.a(announcement.o)
                0x0000000000001890                announcement_heard
 .text.adv_packet_sent
                0x00000000000018ee        0x2 contiki-avr-zigduino.a(broadcast-annou)
 .text.adv_packet_received
                0x00000000000018f0       0x84 contiki-avr-zigduino.a(broadcast-annou)
 .text.set_timers
                0x0000000000001974       0x46 contiki-avr-zigduino.a(broadcast-annou)
 .text.new_announcement
                0x00000000000019ba       0x1e contiki-avr-zigduino.a(broadcast-annou)
 .text.send_timer
                0x00000000000019d8       0x2a contiki-avr-zigduino.a(broadcast-annou)
 .text.send_adv
                0x0000000000001a02       0xa8 contiki-avr-zigduino.a(broadcast-annou)
 .text.broadcast_announcement_init
                0x0000000000001aaa       0x50 contiki-avr-zigduino.a(broadcast-annou)
                0x0000000000001aaa                broadcast_announcement_init
 .text.sent_by_abc
                0x0000000000001afa       0x18 contiki-avr-zigduino.a(broadcast.o)
 .text.recv_from_abc
                0x0000000000001b12       0x56 contiki-avr-zigduino.a(broadcast.o)
 .text.broadcast_open
                0x0000000000001b68       0x36 contiki-avr-zigduino.a(broadcast.o)
                0x0000000000001b68                broadcast_open
 .text.broadcast_send
                0x0000000000001b9e       0x1c contiki-avr-zigduino.a(broadcast.o)
                0x0000000000001b9e                broadcast_send
 .text.abc_open
                0x0000000000001bba       0x32 contiki-avr-zigduino.a(abc.o)
                0x0000000000001bba                abc_open
 .text.abc_send
                0x0000000000001bec        0x6 contiki-avr-zigduino.a(abc.o)
                0x0000000000001bec                abc_send
 .text.abc_input
                0x0000000000001bf2       0x18 contiki-avr-zigduino.a(abc.o)
                0x0000000000001bf2                abc_input
 .text.abc_sent
                0x0000000000001c0a       0x18 contiki-avr-zigduino.a(abc.o)
                0x0000000000001c0a                abc_sent
 .text.chameleon_init
                0x0000000000001c22        0x6 contiki-avr-zigduino.a(chameleon.o)
                0x0000000000001c22                chameleon_init
 .text.chameleon_parse
                0x0000000000001c28       0x2e contiki-avr-zigduino.a(chameleon.o)
                0x0000000000001c28                chameleon_parse
 .text.chameleon_create
                0x0000000000001c56       0x3a contiki-avr-zigduino.a(chameleon.o)
                0x0000000000001c56                chameleon_create
 .text.chameleon_hdrsize
                0x0000000000001c90        0xc contiki-avr-zigduino.a(chameleon.o)
                0x0000000000001c90                chameleon_hdrsize
 .text.channel_init
                0x0000000000001c9c        0xa contiki-avr-zigduino.a(channel.o)
                0x0000000000001c9c                channel_init
 .text.channel_open
                0x0000000000001ca6       0x12 contiki-avr-zigduino.a(channel.o)
                0x0000000000001ca6                channel_open
 .text.channel_lookup
                0x0000000000001cb8       0x30 contiki-avr-zigduino.a(channel.o)
                0x0000000000001cb8                channel_lookup
 .text.channel_set_attributes
                0x0000000000001ce8       0x2a contiki-avr-zigduino.a(channel.o)
                0x0000000000001ce8                channel_set_attributes
 .text.header_size
                0x0000000000001d12       0x1a contiki-avr-zigduino.a(chameleon-bitop)
 .text.get_bits_in_byte
                0x0000000000001d2c       0x3e contiki-avr-zigduino.a(chameleon-bitop)
                0x0000000000001d2c                get_bits_in_byte
 .text.get_bits
                0x0000000000001d6a       0xda contiki-avr-zigduino.a(chameleon-bitop)
                0x0000000000001d6a                get_bits
 .text.unpack_header
                0x0000000000001e44      0x136 contiki-avr-zigduino.a(chameleon-bitop)
 .text.set_bits_in_byte
                0x0000000000001f7a       0x28 contiki-avr-zigduino.a(chameleon-bitop)
                0x0000000000001f7a                set_bits_in_byte
 .text.set_bits
                0x0000000000001fa2      0x100 contiki-avr-zigduino.a(chameleon-bitop)
                0x0000000000001fa2                set_bits
 .text.pack_header
                0x00000000000020a2      0x12c contiki-avr-zigduino.a(chameleon-bitop)
 .text.send_packet
                0x00000000000021ce        0xc contiki-avr-zigduino.a(nullmac.o)
 .text.packet_input
                0x00000000000021da        0xc contiki-avr-zigduino.a(nullmac.o)
 .text.on       0x00000000000021e6        0xc contiki-avr-zigduino.a(nullmac.o)
 .text.off      0x00000000000021f2        0xc contiki-avr-zigduino.a(nullmac.o)
 .text.channel_check_interval
                0x00000000000021fe        0x6 contiki-avr-zigduino.a(nullmac.o)
 .text.init     0x0000000000002204        0x2 contiki-avr-zigduino.a(nullmac.o)
 .text.on       0x0000000000002206        0xc contiki-avr-zigduino.a(sicslowmac.o)
 .text.off      0x0000000000002212       0x1c contiki-avr-zigduino.a(sicslowmac.o)
 .text.channel_check_interval
                0x000000000000222e        0x6 contiki-avr-zigduino.a(sicslowmac.o)
 .text.input_packet
                0x0000000000002234       0xd4 contiki-avr-zigduino.a(sicslowmac.o)
 .text.send_packet
                0x0000000000002308      0x140 contiki-avr-zigduino.a(sicslowmac.o)
 .text.init     0x0000000000002448       0x14 contiki-avr-zigduino.a(sicslowmac.o)
 .text.send_list
                0x000000000000245c       0x2e contiki-avr-zigduino.a(sicslowmac.o)
                0x000000000000245c                send_list
 .text.call_process
                0x000000000000248a       0x52 contiki-avr-zigduino.a(process.o)
 .text.exit_process
                0x00000000000024dc       0xd8 contiki-avr-zigduino.a(process.o)
 .text.do_poll  0x00000000000025b4       0x3e contiki-avr-zigduino.a(process.o)
 .text.process_alloc_event
                0x00000000000025f2        0xe contiki-avr-zigduino.a(process.o)
                0x00000000000025f2                process_alloc_event
 .text.process_init
                0x0000000000002600       0x20 contiki-avr-zigduino.a(process.o)
                0x0000000000002600                process_init
 .text.process_run
                0x0000000000002620       0xd2 contiki-avr-zigduino.a(process.o)
                0x0000000000002620                process_run
 .text.process_post
                0x00000000000026f2       0x46 contiki-avr-zigduino.a(process.o)
                0x00000000000026f2                process_post
 .text.process_post_synch
                0x0000000000002738       0x1e contiki-avr-zigduino.a(process.o)
                0x0000000000002738                process_post_synch
 .text.process_start
                0x0000000000002756       0x46 contiki-avr-zigduino.a(process.o)
                0x0000000000002756                process_start
 .text.process_poll
                0x000000000000279c       0x18 contiki-avr-zigduino.a(process.o)
                0x000000000000279c                process_poll
 .text.autostart_start
                0x00000000000027b4       0x2e contiki-avr-zigduino.a(autostart.o)
                0x00000000000027b4                autostart_start
 .text.process_thread_serial_line_process
                0x00000000000027e2       0xca contiki-avr-zigduino.a(serial-line.o)
 .text.serial_line_input_byte
                0x00000000000028ac       0x4c contiki-avr-zigduino.a(serial-line.o)
                0x00000000000028ac                serial_line_input_byte
 .text.mmem_init
                0x00000000000028f8       0x16 contiki-avr-zigduino.a(mmem.o)
                0x00000000000028f8                mmem_init
 .text.timer_set
                0x000000000000290e       0x18 contiki-avr-zigduino.a(timer.o)
                0x000000000000290e                timer_set
 .text.timer_restart
                0x0000000000002926       0x14 contiki-avr-zigduino.a(timer.o)
                0x0000000000002926                timer_restart
 .text.timer_expired
                0x000000000000293a       0x2e contiki-avr-zigduino.a(timer.o)
                0x000000000000293a                timer_expired
 .text.list_init
                0x0000000000002968        0x8 contiki-avr-zigduino.a(list.o)
                0x0000000000002968                list_init
 .text.list_head
                0x0000000000002970        0x8 contiki-avr-zigduino.a(list.o)
                0x0000000000002970                list_head
 .text.list_tail
                0x0000000000002978       0x24 contiki-avr-zigduino.a(list.o)
                0x0000000000002978                list_tail
 .text.list_remove
                0x000000000000299c       0x4a contiki-avr-zigduino.a(list.o)
                0x000000000000299c                list_remove
 .text.list_add
                0x00000000000029e6       0x3e contiki-avr-zigduino.a(list.o)
                0x00000000000029e6                list_add
 .text.list_item_next
                0x0000000000002a24       0x14 contiki-avr-zigduino.a(list.o)
                0x0000000000002a24                list_item_next
 .text.process_thread_ctimer_process
                0x0000000000002a38       0xe6 contiki-avr-zigduino.a(ctimer.o)
 .text.ctimer_init
                0x0000000000002b1e       0x1a contiki-avr-zigduino.a(ctimer.o)
                0x0000000000002b1e                ctimer_init
 .text.ctimer_set
                0x0000000000002b38       0x66 contiki-avr-zigduino.a(ctimer.o)
                0x0000000000002b38                ctimer_set
 .text.rtimer_init
                0x0000000000002b9e        0x6 contiki-avr-zigduino.a(rtimer.o)
                0x0000000000002b9e                rtimer_init
 .text.rtimer_run_next
                0x0000000000002ba4       0x3e contiki-avr-zigduino.a(rtimer.o)
                0x0000000000002ba4                rtimer_run_next
 .text.random_init
                0x0000000000002be2        0x6 contiki-avr-zigduino.a(random.o)
                0x0000000000002be2                random_init
 .text.random_rand
                0x0000000000002be8        0x6 contiki-avr-zigduino.a(random.o)
                0x0000000000002be8                random_rand
 .text.ringbuf_put
                0x0000000000002bee       0x40 contiki-avr-zigduino.a(ringbuf.o)
                0x0000000000002bee                ringbuf_put
 .text.ringbuf_get
                0x0000000000002c2e       0x3e contiki-avr-zigduino.a(ringbuf.o)
                0x0000000000002c2e                ringbuf_get
 .text.packetbuf_hdrreduce
                0x0000000000002c6c       0x3e contiki-avr-zigduino.a(packetbuf.o)
                0x0000000000002c6c                packetbuf_hdrreduce
 .text.packetbuf_set_datalen
                0x0000000000002caa        0xa contiki-avr-zigduino.a(packetbuf.o)
                0x0000000000002caa                packetbuf_set_datalen
 .text.packetbuf_dataptr
                0x0000000000002cb4       0x10 contiki-avr-zigduino.a(packetbuf.o)
                0x0000000000002cb4                packetbuf_dataptr
 .text.packetbuf_hdrptr
                0x0000000000002cc4        0xe contiki-avr-zigduino.a(packetbuf.o)
                0x0000000000002cc4                packetbuf_hdrptr
 .text.packetbuf_is_reference
                0x0000000000002cd2       0x1c contiki-avr-zigduino.a(packetbuf.o)
                0x0000000000002cd2                packetbuf_is_reference
 .text.packetbuf_compact
                0x0000000000002cee       0x60 contiki-avr-zigduino.a(packetbuf.o)
                0x0000000000002cee                packetbuf_compact
 .text.packetbuf_datalen
                0x0000000000002d4e        0xa contiki-avr-zigduino.a(packetbuf.o)
                0x0000000000002d4e                packetbuf_datalen
 .text.packetbuf_totlen
                0x0000000000002d58       0x18 contiki-avr-zigduino.a(packetbuf.o)
                0x0000000000002d58                packetbuf_totlen
 .text.packetbuf_hdralloc
                0x0000000000002d70       0x3e contiki-avr-zigduino.a(packetbuf.o)
                0x0000000000002d70                packetbuf_hdralloc
 .text.packetbuf_attr_clear
                0x0000000000002dae       0x38 contiki-avr-zigduino.a(packetbuf.o)
                0x0000000000002dae                packetbuf_attr_clear
 .text.packetbuf_clear
                0x0000000000002de6       0x28 contiki-avr-zigduino.a(packetbuf.o)
                0x0000000000002de6                packetbuf_clear
 .text.packetbuf_copyfrom
                0x0000000000002e0e       0x66 contiki-avr-zigduino.a(packetbuf.o)
                0x0000000000002e0e                packetbuf_copyfrom
 .text.packetbuf_attr_copyfrom
                0x0000000000002e74       0x2a contiki-avr-zigduino.a(packetbuf.o)
                0x0000000000002e74                packetbuf_attr_copyfrom
 .text.packetbuf_set_attr
                0x0000000000002e9e       0x16 contiki-avr-zigduino.a(packetbuf.o)
                0x0000000000002e9e                packetbuf_set_attr
 .text.packetbuf_attr
                0x0000000000002eb4       0x12 contiki-avr-zigduino.a(packetbuf.o)
                0x0000000000002eb4                packetbuf_attr
 .text.packetbuf_set_addr
                0x0000000000002ec6       0x14 contiki-avr-zigduino.a(packetbuf.o)
                0x0000000000002ec6                packetbuf_set_addr
 .text.packetbuf_addr
                0x0000000000002eda       0x10 contiki-avr-zigduino.a(packetbuf.o)
                0x0000000000002eda                packetbuf_addr
 .text.queuebuf_init
                0x0000000000002eea       0x1a contiki-avr-zigduino.a(queuebuf.o)
                0x0000000000002eea                queuebuf_init
 .text.queuebuf_to_packetbuf
                0x0000000000002f04       0x7c contiki-avr-zigduino.a(queuebuf.o)
                0x0000000000002f04                queuebuf_to_packetbuf
 .text.start_periodic_tcp_timer
                0x0000000000002f80       0x16 contiki-avr-zigduino.a(tcpip.o)
 .text.tcpip_output
                0x0000000000002f96       0x14 contiki-avr-zigduino.a(tcpip.o)
                0x0000000000002f96                tcpip_output
 .text.process_thread_tcpip_process
                0x0000000000002faa      0x280 contiki-avr-zigduino.a(tcpip.o)
 .text.tcpip_uipcall
                0x000000000000322a       0x86 contiki-avr-zigduino.a(tcpip.o)
                0x000000000000322a                tcpip_uipcall
 .text.uip_split_output
                0x00000000000032b0      0x11e contiki-avr-zigduino.a(uip-split.o)
                0x00000000000032b0                uip_split_output
 .text.chksum   0x00000000000033ce       0x50 contiki-avr-zigduino.a(uip.o)
 .text.upper_layer_chksum
                0x000000000000341e       0x4c contiki-avr-zigduino.a(uip.o)
 .text.uip_add32
                0x000000000000346a       0x70 contiki-avr-zigduino.a(uip.o)
                0x000000000000346a                uip_add32
 .text.uip_add_rcv_nxt
                0x00000000000034da       0x32 contiki-avr-zigduino.a(uip.o)
 .text.uip_ipchksum
                0x000000000000350c       0x22 contiki-avr-zigduino.a(uip.o)
                0x000000000000350c                uip_ipchksum
 .text.uip_tcpchksum
                0x000000000000352e        0x8 contiki-avr-zigduino.a(uip.o)
                0x000000000000352e                uip_tcpchksum
 .text.uip_udpchksum
                0x0000000000003536        0x8 contiki-avr-zigduino.a(uip.o)
                0x0000000000003536                uip_udpchksum
 .text.uip_init
                0x000000000000353e       0x72 contiki-avr-zigduino.a(uip.o)
                0x000000000000353e                uip_init
 .text.uip_unlisten
                0x00000000000035b0       0x34 contiki-avr-zigduino.a(uip.o)
                0x00000000000035b0                uip_unlisten
 .text.uip_process
                0x00000000000035e4      0xec2 contiki-avr-zigduino.a(uip.o)
                0x00000000000035e4                uip_process
 .text.__vector_32
                0x00000000000044a6       0x5a contiki-avr-zigduino.a(rtimer-arch.o)
                0x00000000000044a6                __vector_32
 .text.rtimer_arch_init
                0x0000000000004500       0x34 contiki-avr-zigduino.a(rtimer-arch.o)
                0x0000000000004500                rtimer_arch_init
 .text.rtimer_arch_schedule
                0x0000000000004534       0x20 contiki-avr-zigduino.a(rtimer-arch.o)
                0x0000000000004534                rtimer_arch_schedule
 .text.__vector_13
                0x0000000000004554       0x14 contiki-avr-zigduino.a(rtimer-arch.o)
                0x0000000000004554                __vector_13
 .text.field_len
                0x0000000000004568       0xb2 contiki-avr-zigduino.a(frame802154.o)
 .text.frame802154_hdrlen
                0x000000000000461a       0x4a contiki-avr-zigduino.a(frame802154.o)
                0x000000000000461a                frame802154_hdrlen
 .text.frame802154_create
                0x0000000000004664      0x1c8 contiki-avr-zigduino.a(frame802154.o)
                0x0000000000004664                frame802154_create
 .text.frame802154_parse
                0x000000000000482c      0x1a0 contiki-avr-zigduino.a(frame802154.o)
                0x000000000000482c                frame802154_parse
 .text.memb_init
                0x00000000000049cc       0x40 contiki-avr-zigduino.a(memb.o)
                0x00000000000049cc                memb_init
 .text.memb_inmemb
                0x0000000000004a0c       0x3a contiki-avr-zigduino.a(memb.o)
                0x0000000000004a0c                memb_inmemb
 .text.libgcc   0x0000000000004a46       0x28 /usr/lib/gcc/avr/4.5.3/avr51/libgcc.a(_udivmodhi4.o)
                0x0000000000004a46                __udivmodhi4
 .text.libgcc   0x0000000000004a6e       0x44 /usr/lib/gcc/avr/4.5.3/avr51/libgcc.a(_udivmodsi4.o)
                0x0000000000004a6e                __udivmodsi4
 .text.avr-libc
                0x0000000000004ab2       0xbc /usr/lib/gcc/avr/4.5.3/../../../../avr/lib/avr51/libc.a(rand.o)
                0x0000000000004b48                rand_r
                0x0000000000004b4e                rand
                0x0000000000004b58                srand
 .text.avr-libc
                0x0000000000004b6e       0x1a /usr/lib/gcc/avr/4.5.3/../../../../avr/lib/avr51/libc.a(memcmp.o)
                0x0000000000004b6e                memcmp
 .text.avr-libc
                0x0000000000004b88       0x12 /usr/lib/gcc/avr/4.5.3/../../../../avr/lib/avr51/libc.a(memcpy.o)
                0x0000000000004b88                memcpy
 .text.avr-libc
                0x0000000000004b9a        0xe /usr/lib/gcc/avr/4.5.3/../../../../avr/lib/avr51/libc.a(memset.o)
                0x0000000000004b9a                memset
 .text.avr-libc
                0x0000000000004ba8       0x40 /usr/lib/gcc/avr/4.5.3/../../../../avr/lib/avr51/libc.a(printf_p.o)
                0x0000000000004ba8                printf_P
 .text.avr-libc
                0x0000000000004be8      0x420 /usr/lib/gcc/avr/4.5.3/../../../../avr/lib/avr51/libc.a(vfprintf_std.o)
                0x0000000000004be8                vfprintf
 .text.avr-libc
                0x0000000000005008       0x20 /usr/lib/gcc/avr/4.5.3/../../../../avr/lib/avr51/libc.a(eerd_block_atmega128rfa1.o)
                0x0000000000005008                __eerd_block_m128rfa1
                0x000000000000500c                __eerd_blraw_m128rfa1
 .text.avr-libc
                0x0000000000005028       0x10 /usr/lib/gcc/avr/4.5.3/../../../../avr/lib/avr51/libc.a(eerd_byte_atmega128rfa1.o)
                0x0000000000005028                __eerd_byte_m128rfa1
 .text.avr-libc
                0x0000000000005038        0xc /usr/lib/gcc/avr/4.5.3/../../../../avr/lib/avr51/libc.a(eerd_word_atmega128rfa1.o)
                0x0000000000005038                __eerd_word_m128rfa1
 .text.avr-libc
                0x0000000000005044       0x14 /usr/lib/gcc/avr/4.5.3/../../../../avr/lib/avr51/libc.a(eewr_block_atmega128rfa1.o)
                0x0000000000005044                __eewr_block_m128rfa1
 .text.avr-libc
                0x0000000000005058       0x1c /usr/lib/gcc/avr/4.5.3/../../../../avr/lib/avr51/libc.a(eewr_byte_atmega128rfa1.o)
                0x0000000000005058                __eewr_byte_m128rfa1
                0x000000000000505a                __eewr_r18_m128rfa1
 .text.avr-libc
                0x0000000000005074        0xa /usr/lib/gcc/avr/4.5.3/../../../../avr/lib/avr51/libc.a(eewr_word_atmega128rfa1.o)
                0x0000000000005074                __eewr_word_m128rfa1
 .text.avr-libc
                0x000000000000507e       0x16 /usr/lib/gcc/avr/4.5.3/../../../../avr/lib/avr51/libc.a(strnlen_P.o)
                0x000000000000507e                strnlen_P
 .text.avr-libc
                0x0000000000005094       0x16 /usr/lib/gcc/avr/4.5.3/../../../../avr/lib/avr51/libc.a(strnlen.o)
                0x0000000000005094                strnlen
 .text.avr-libc
                0x00000000000050aa       0x58 /usr/lib/gcc/avr/4.5.3/../../../../avr/lib/avr51/libc.a(fputc.o)
                0x00000000000050aa                fputc
 .text.avr-libc
                0x0000000000005102       0xbc /usr/lib/gcc/avr/4.5.3/../../../../avr/lib/avr51/libc.a(ultoa_invert.o)
                0x0000000000005102                __ultoa_invert
 .text.libgcc   0x00000000000051be       0x3e /usr/lib/gcc/avr/4.5.3/avr51/libgcc.a(_mulsi3.o)
                0x00000000000051be                __mulsi3
 .text.libgcc   0x00000000000051fc       0x36 /usr/lib/gcc/avr/4.5.3/avr51/libgcc.a(_divmodsi4.o)
                0x00000000000051fc                __divmodsi4
                0x0000000000005232                . = ALIGN (0x2)
 *(.fini9)
 .fini9         0x0000000000005232        0x0 /usr/lib/gcc/avr/4.5.3/avr51/libgcc.a(_exit.o)
                0x0000000000005232                exit
                0x0000000000005232                _exit
 *(.fini9)
 *(.fini8)
 *(.fini8)
 *(.fini7)
 *(.fini7)
 *(.fini6)
 *(.fini6)
 *(.fini5)
 *(.fini5)
 *(.fini4)
 *(.fini4)
 *(.fini3)
 *(.fini3)
 *(.fini2)
 *(.fini2)
 *(.fini1)
 *(.fini1)
 *(.fini0)
 .fini0         0x0000000000005232        0x4 /usr/lib/gcc/avr/4.5.3/avr51/libgcc.a(_exit.o)
 *(.fini0)
                0x0000000000005236                _etext = .

.data           0x0000000000800200      0x144 load address 0x0000000000005236
                0x0000000000800200                PROVIDE (__data_start, .)
 *(.data)
 .data          0x0000000000800200        0x0 /usr/lib/gcc/avr/4.5.3/../../../../avr/lib/avr51/crtm128rfa1.o
 .data          0x0000000000800200       0x11 antenna_on_idle.co
 .data          0x0000000000800211        0xc contiki-avr-zigduino.a(etimer.o)
 .data          0x000000000080021d        0xc contiki-avr-zigduino.a(contiki-main.o)
 .data          0x0000000000800229        0x0 contiki-avr-zigduino.a(params.o)
 .data          0x0000000000800229        0x0 contiki-avr-zigduino.a(clock.o)
 .data          0x0000000000800229        0x0 contiki-avr-zigduino.a(rs232.o)
 .data          0x0000000000800229        0x0 contiki-avr-zigduino.a(watchdog.o)
 .data          0x0000000000800229        0xd contiki-avr-zigduino.a(rf230bb.o)
 .data          0x0000000000800236        0x0 contiki-avr-zigduino.a(halbb.o)
 .data          0x0000000000800236        0x0 contiki-avr-zigduino.a(rimeaddr.o)
 .data          0x0000000000800236        0x5 contiki-avr-zigduino.a(rime.o)
 .data          0x000000000080023b        0x0 contiki-avr-zigduino.a(announcement.o)
 .data          0x000000000080023b        0x0 contiki-avr-zigduino.a(broadcast-annou)
 .data          0x000000000080023b        0x0 contiki-avr-zigduino.a(broadcast.o)
 .data          0x000000000080023b        0x0 contiki-avr-zigduino.a(abc.o)
 .data          0x000000000080023b        0x0 contiki-avr-zigduino.a(chameleon.o)
 .data          0x000000000080023b        0x0 contiki-avr-zigduino.a(channel.o)
 .data          0x000000000080023b        0x0 contiki-avr-zigduino.a(chameleon-bitop)
 .data          0x000000000080023b        0x8 contiki-avr-zigduino.a(nullmac.o)
 .data          0x0000000000800243        0xb contiki-avr-zigduino.a(sicslowmac.o)
 .data          0x000000000080024e        0x0 contiki-avr-zigduino.a(process.o)
 .data          0x000000000080024e        0x0 contiki-avr-zigduino.a(autostart.o)
 .data          0x000000000080024e        0xe contiki-avr-zigduino.a(serial-line.o)
 .data          0x000000000080025c        0x0 contiki-avr-zigduino.a(mmem.o)
 .data          0x000000000080025c        0x0 contiki-avr-zigduino.a(timer.o)
 .data          0x000000000080025c        0x0 contiki-avr-zigduino.a(list.o)
 .data          0x000000000080025c        0xf contiki-avr-zigduino.a(ctimer.o)
 .data          0x000000000080026b        0x0 contiki-avr-zigduino.a(rtimer.o)
 .data          0x000000000080026b        0x0 contiki-avr-zigduino.a(random.o)
 .data          0x000000000080026b        0x0 contiki-avr-zigduino.a(ringbuf.o)
 .data          0x000000000080026b        0x0 contiki-avr-zigduino.a(packetbuf.o)
 .data          0x000000000080026b        0x0 contiki-avr-zigduino.a(queuebuf.o)
 .data          0x000000000080026b        0xd contiki-avr-zigduino.a(tcpip.o)
 .data          0x0000000000800278        0x0 contiki-avr-zigduino.a(uip-split.o)
 .data          0x0000000000800278        0x0 contiki-avr-zigduino.a(uip.o)
 .data          0x0000000000800278        0x0 contiki-avr-zigduino.a(rtimer-arch.o)
 .data          0x0000000000800278        0x0 contiki-avr-zigduino.a(frame802154.o)
 .data          0x0000000000800278        0x0 contiki-avr-zigduino.a(memb.o)
 .data          0x0000000000800278        0x0 /usr/lib/gcc/avr/4.5.3/avr51/libgcc.a(_udivmodhi4.o)
 .data          0x0000000000800278        0x0 /usr/lib/gcc/avr/4.5.3/avr51/libgcc.a(_udivmodsi4.o)
 .data          0x0000000000800278        0x0 /usr/lib/gcc/avr/4.5.3/avr51/libgcc.a(_exit.o)
 .data          0x0000000000800278        0x0 /usr/lib/gcc/avr/4.5.3/avr51/libgcc.a(_copy_data.o)
 .data          0x0000000000800278        0x0 /usr/lib/gcc/avr/4.5.3/avr51/libgcc.a(_clear_bss.o)
 .data          0x0000000000800278        0x4 /usr/lib/gcc/avr/4.5.3/../../../../avr/lib/avr51/libc.a(rand.o)
 .data          0x000000000080027c        0x0 /usr/lib/gcc/avr/4.5.3/../../../../avr/lib/avr51/libc.a(memcmp.o)
 .data          0x000000000080027c        0x0 /usr/lib/gcc/avr/4.5.3/../../../../avr/lib/avr51/libc.a(memcpy.o)
 .data          0x000000000080027c        0x0 /usr/lib/gcc/avr/4.5.3/../../../../avr/lib/avr51/libc.a(memmove.o)
 .data          0x000000000080027c        0x0 /usr/lib/gcc/avr/4.5.3/../../../../avr/lib/avr51/libc.a(memset.o)
 .data          0x000000000080027c        0x0 /usr/lib/gcc/avr/4.5.3/../../../../avr/lib/avr51/libc.a(iob.o)
 .data          0x000000000080027c        0x0 /usr/lib/gcc/avr/4.5.3/../../../../avr/lib/avr51/libc.a(printf_p.o)
 .data          0x000000000080027c        0x0 /usr/lib/gcc/avr/4.5.3/../../../../avr/lib/avr51/libc.a(vfprintf_std.o)
 .data          0x000000000080027c        0x0 /usr/lib/gcc/avr/4.5.3/../../../../avr/lib/avr51/libc.a(eerd_block_atmega128rfa1.o)
 .data          0x000000000080027c        0x0 /usr/lib/gcc/avr/4.5.3/../../../../avr/lib/avr51/libc.a(eerd_byte_atmega128rfa1.o)
 .data          0x000000000080027c        0x0 /usr/lib/gcc/avr/4.5.3/../../../../avr/lib/avr51/libc.a(eerd_word_atmega128rfa1.o)
 .data          0x000000000080027c        0x0 /usr/lib/gcc/avr/4.5.3/../../../../avr/lib/avr51/libc.a(eewr_block_atmega128rfa1.o)
 .data          0x000000000080027c        0x0 /usr/lib/gcc/avr/4.5.3/../../../../avr/lib/avr51/libc.a(eewr_byte_atmega128rfa1.o)
 .data          0x000000000080027c        0x0 /usr/lib/gcc/avr/4.5.3/../../../../avr/lib/avr51/libc.a(eewr_word_atmega128rfa1.o)
 .data          0x000000000080027c        0x0 /usr/lib/gcc/avr/4.5.3/../../../../avr/lib/avr51/libc.a(strnlen_P.o)
 .data          0x000000000080027c        0x0 /usr/lib/gcc/avr/4.5.3/../../../../avr/lib/avr51/libc.a(strnlen.o)
 .data          0x000000000080027c        0x0 /usr/lib/gcc/avr/4.5.3/../../../../avr/lib/avr51/libc.a(fputc.o)
 .data          0x000000000080027c        0x0 /usr/lib/gcc/avr/4.5.3/../../../../avr/lib/avr51/libc.a(ultoa_invert.o)
 .data          0x000000000080027c        0x0 /usr/lib/gcc/avr/4.5.3/avr51/libgcc.a(_mulsi3.o)
 .data          0x000000000080027c        0x0 /usr/lib/gcc/avr/4.5.3/avr51/libgcc.a(_divmodsi4.o)
 *(.data*)
 .data.antenna_on_idle_process
                0x000000000080027c        0xa antenna_on_idle.co
                0x000000000080027c                antenna_on_idle_process
 .data.etimer_process
                0x0000000000800286        0xa contiki-avr-zigduino.a(etimer.o)
                0x0000000000800286                etimer_process
 .data.rs232_stdout
                0x0000000000800290        0xe contiki-avr-zigduino.a(rs232.o)
 .data.rf230_process
                0x000000000080029e        0xa contiki-avr-zigduino.a(rf230bb.o)
                0x000000000080029e                rf230_process
 .data.serial_line_process
                0x00000000008002a8        0xa contiki-avr-zigduino.a(serial-line.o)
                0x00000000008002a8                serial_line_process
 .data.ctimer_process
                0x00000000008002b2        0xa contiki-avr-zigduino.a(ctimer.o)
                0x00000000008002b2                ctimer_process
 .data.bufmem   0x00000000008002bc        0x8 contiki-avr-zigduino.a(queuebuf.o)
 .data.refbufmem
                0x00000000008002c4        0x8 contiki-avr-zigduino.a(queuebuf.o)
 .data.buframmem
                0x00000000008002cc        0x8 contiki-avr-zigduino.a(queuebuf.o)
 .data.tcpip_process
                0x00000000008002d4        0xa contiki-avr-zigduino.a(tcpip.o)
                0x00000000008002d4                tcpip_process
 *(.rodata)
 *(.rodata*)
 .rodata.autostart_processes
                0x00000000008002de        0x4 antenna_on_idle.co
                0x00000000008002de                autostart_processes
 .rodata.rf230_driver
                0x00000000008002e2       0x14 contiki-avr-zigduino.a(rf230bb.o)
                0x00000000008002e2                rf230_driver
 .rodata.rimeaddr_null
                0x00000000008002f6        0x2 contiki-avr-zigduino.a(rimeaddr.o)
                0x00000000008002f6                rimeaddr_null
 .rodata.rime_driver
                0x00000000008002f8        0x6 contiki-avr-zigduino.a(rime.o)
                0x00000000008002f8                rime_driver
 .rodata.broadcast_callbacks
                0x00000000008002fe        0x4 contiki-avr-zigduino.a(broadcast-annou)
 .rodata.broadcast
                0x0000000000800302        0x4 contiki-avr-zigduino.a(broadcast.o)
 .rodata.attributes
                0x0000000000800306        0x4 contiki-avr-zigduino.a(broadcast.o)
 .rodata.attributes
                0x000000000080030a        0x2 contiki-avr-zigduino.a(abc.o)
 .rodata.chameleon_bitopt
                0x000000000080030c        0x6 contiki-avr-zigduino.a(chameleon-bitop)
                0x000000000080030c                chameleon_bitopt
 .rodata.bitmask
                0x0000000000800312        0x9 contiki-avr-zigduino.a(chameleon-bitop)
 .rodata.nullmac_driver
                0x000000000080031b        0xe contiki-avr-zigduino.a(nullmac.o)
                0x000000000080031b                nullmac_driver
 .rodata.sicslowmac_driver
                0x0000000000800329       0x10 contiki-avr-zigduino.a(sicslowmac.o)
                0x0000000000800329                sicslowmac_driver
 .rodata.uip_broadcast_addr
                0x0000000000800339        0x4 contiki-avr-zigduino.a(uip.o)
                0x0000000000800339                uip_broadcast_addr
 .rodata.uip_all_zeroes_addr
                0x000000000080033d        0x4 contiki-avr-zigduino.a(uip.o)
                0x000000000080033d                uip_all_zeroes_addr
 .rodata.CSWTCH.4
                0x0000000000800341        0x2 contiki-avr-zigduino.a(frame802154.o)
 *(.gnu.linkonce.d*)
                0x0000000000800344                . = ALIGN (0x2)
 *fill*         0x0000000000800343        0x1 
                0x0000000000800344                _edata = .
                0x0000000000800344                PROVIDE (__data_end, .)

.bss            0x0000000000800344      0xc15
                0x0000000000800344                PROVIDE (__bss_start, .)
 *(.bss)
 *(.bss*)
 .bss.et.2278   0x0000000000800344        0x8 antenna_on_idle.co
 .bss.timerlist
                0x000000000080034c        0x2 contiki-avr-zigduino.a(etimer.o)
 .bss.next_expiration
                0x000000000080034e        0x2 contiki-avr-zigduino.a(etimer.o)
 .bss.count     0x0000000000800350        0x2 contiki-avr-zigduino.a(clock.o)
 .bss.scount    0x0000000000800352        0x1 contiki-avr-zigduino.a(clock.o)
 .bss.stdout_rs232_port
                0x0000000000800353        0x1 contiki-avr-zigduino.a(rs232.o)
 .bss.buffer    0x0000000000800354       0x81 contiki-avr-zigduino.a(rf230bb.o)
 .bss.channel   0x00000000008003d5        0x1 contiki-avr-zigduino.a(rf230bb.o)
 .bss.sniffers_list
                0x00000000008003d6        0x2 contiki-avr-zigduino.a(rime.o)
 .bss.announcements_list
                0x00000000008003d8        0x2 contiki-avr-zigduino.a(announcement.o)
 .bss.observer_callback
                0x00000000008003da        0x2 contiki-avr-zigduino.a(announcement.o)
 .bss.c         0x00000000008003dc       0x35 contiki-avr-zigduino.a(broadcast-annou)
 .bss.channel_list_list
                0x0000000000800411        0x2 contiki-avr-zigduino.a(channel.o)
 .bss.mac_dsn   0x0000000000800413        0x1 contiki-avr-zigduino.a(sicslowmac.o)
 .bss.process_list
                0x0000000000800414        0x2 contiki-avr-zigduino.a(process.o)
                0x0000000000800414                process_list
 .bss.process_current
                0x0000000000800416        0x2 contiki-avr-zigduino.a(process.o)
                0x0000000000800416                process_current
 .bss.poll_requested
                0x0000000000800418        0x1 contiki-avr-zigduino.a(process.o)
 .bss.nevents   0x0000000000800419        0x1 contiki-avr-zigduino.a(process.o)
 .bss.fevent    0x000000000080041a        0x1 contiki-avr-zigduino.a(process.o)
 .bss.events    0x000000000080041b       0xa0 contiki-avr-zigduino.a(process.o)
 .bss.snum.1531
                0x00000000008004bb        0x1 contiki-avr-zigduino.a(process.o)
 .bss.p.1516    0x00000000008004bc        0x2 contiki-avr-zigduino.a(process.o)
 .bss.receiver.1515
                0x00000000008004be        0x2 contiki-avr-zigduino.a(process.o)
 .bss.data.1514
                0x00000000008004c0        0x2 contiki-avr-zigduino.a(process.o)
 .bss.ev.1513   0x00000000008004c2        0x1 contiki-avr-zigduino.a(process.o)
 .bss.lastevent
                0x00000000008004c3        0x1 contiki-avr-zigduino.a(process.o)
 .bss.rxbuf     0x00000000008004c4        0x5 contiki-avr-zigduino.a(serial-line.o)
 .bss.ptr.2331  0x00000000008004c9        0x2 contiki-avr-zigduino.a(serial-line.o)
 .bss.buf.2330  0x00000000008004cb       0x80 contiki-avr-zigduino.a(serial-line.o)
 .bss.overflow.2324
                0x000000000080054b        0x1 contiki-avr-zigduino.a(serial-line.o)
 .bss.mmemlist_list
                0x000000000080054c        0x2 contiki-avr-zigduino.a(mmem.o)
 .bss.initialized
                0x000000000080054e        0x1 contiki-avr-zigduino.a(ctimer.o)
 .bss.ctimer_list_list
                0x000000000080054f        0x2 contiki-avr-zigduino.a(ctimer.o)
 .bss.next_rtimer
                0x0000000000800551        0x2 contiki-avr-zigduino.a(rtimer.o)
 .bss.hdrptr    0x0000000000800553        0x1 contiki-avr-zigduino.a(packetbuf.o)
 .bss.buflen    0x0000000000800554        0x2 contiki-avr-zigduino.a(packetbuf.o)
 .bss.packetbufptr
                0x0000000000800556        0x2 contiki-avr-zigduino.a(packetbuf.o)
 .bss.packetbuf_aligned
                0x0000000000800558       0xb2 contiki-avr-zigduino.a(packetbuf.o)
 .bss.bufptr    0x000000000080060a        0x2 contiki-avr-zigduino.a(packetbuf.o)
 .bss.bufmem_memb_count
                0x000000000080060c        0x3 contiki-avr-zigduino.a(queuebuf.o)
 .bss.bufmem_memb_mem
                0x000000000080060f        0x6 contiki-avr-zigduino.a(queuebuf.o)
 .bss.refbufmem_memb_count
                0x0000000000800615        0x2 contiki-avr-zigduino.a(queuebuf.o)
 .bss.refbufmem_memb_mem
                0x0000000000800617       0x6a contiki-avr-zigduino.a(queuebuf.o)
 .bss.buframmem_memb_count
                0x0000000000800681        0x3 contiki-avr-zigduino.a(queuebuf.o)
 .bss.buframmem_memb_mem
                0x0000000000800684      0x22e contiki-avr-zigduino.a(queuebuf.o)
 .bss.s         0x00000000008008b2        0xe contiki-avr-zigduino.a(tcpip.o)
 .bss.periodic  0x00000000008008c0        0x8 contiki-avr-zigduino.a(tcpip.o)
 .bss.i.4245    0x00000000008008c8        0x1 contiki-avr-zigduino.a(tcpip.o)
 .bss.i.4197    0x00000000008008c9        0x1 contiki-avr-zigduino.a(tcpip.o)
 .bss.i.4233    0x00000000008008ca        0x1 contiki-avr-zigduino.a(tcpip.o)
 .bss.outputfunc
                0x00000000008008cb        0x2 contiki-avr-zigduino.a(tcpip.o)
 .bss.iss       0x00000000008008cd        0x4 contiki-avr-zigduino.a(uip.o)
 .bss.tmp16     0x00000000008008d1        0x2 contiki-avr-zigduino.a(uip.o)
 .bss.c         0x00000000008008d3        0x1 contiki-avr-zigduino.a(uip.o)
 .bss.opt       0x00000000008008d4        0x1 contiki-avr-zigduino.a(uip.o)
 .bss.ipid      0x00000000008008d5        0x2 contiki-avr-zigduino.a(uip.o)
 .bss.lastport  0x00000000008008d7        0x2 contiki-avr-zigduino.a(uip.o)
 *(COMMON)
 COMMON         0x00000000008008d9        0x6 contiki-avr-zigduino.a(contiki-main.o)
                0x00000000008008d9                ledtimer
                0x00000000008008db                clocktime
 COMMON         0x00000000008008df        0x8 contiki-avr-zigduino.a(clock.o)
                0x00000000008008df                sleepseconds
                0x00000000008008e3                seconds
 COMMON         0x00000000008008e7        0x4 contiki-avr-zigduino.a(rs232.o)
                0x00000000008008e7                input_handler_1
                0x00000000008008e9                input_handler_0
 COMMON         0x00000000008008eb       0x8c contiki-avr-zigduino.a(rf230bb.o)
                0x00000000008008eb                rf230_last_correlation
                0x00000000008008ec                rf230_last_rssi
                0x00000000008008ed                rf230_smallest_rssi
                0x00000000008008ee                rf230_pending
                0x00000000008008ef                rf230_ccawait
                0x00000000008008f0                rf230_txendwait
                0x00000000008008f1                rxframe_tail
                0x00000000008008f2                rxframe_head
                0x00000000008008f3                rxframe
                0x0000000000800975                rf230_wakewait
                0x0000000000800976                RF230_receive_on
 COMMON         0x0000000000800977        0x2 contiki-avr-zigduino.a(rimeaddr.o)
                0x0000000000800977                rimeaddr_node_addr
 COMMON         0x0000000000800979        0x1 contiki-avr-zigduino.a(serial-line.o)
                0x0000000000800979                serial_line_event_message
 COMMON         0x000000000080097a        0x2 contiki-avr-zigduino.a(mmem.o)
                0x000000000080097a                avail_memory
 COMMON         0x000000000080097c       0x38 contiki-avr-zigduino.a(packetbuf.o)
                0x000000000080097c                packetbuf_addrs
                0x0000000000800984                packetbuf_attrs
 COMMON         0x00000000008009b4        0x1 contiki-avr-zigduino.a(tcpip.o)
                0x00000000008009b4                tcpip_event
 COMMON         0x00000000008009b5      0x59e contiki-avr-zigduino.a(uip.o)
                0x00000000008009b5                uip_len
                0x00000000008009b7                uip_sappdata
                0x00000000008009b9                uip_acc32
                0x00000000008009bd                uip_aligned_buf
                0x0000000000800ed1                uip_flags
                0x0000000000800ed2                uip_udp_conn
                0x0000000000800ed4                uip_appdata
                0x0000000000800ed6                uip_conn
                0x0000000000800ed8                uip_conns
                0x0000000000800f18                uip_listenports
                0x0000000000800f1e                uip_draddr
                0x0000000000800f22                uip_netmask
                0x0000000000800f26                uip_hostaddr
                0x0000000000800f2a                uip_slen
                0x0000000000800f2c                uip_udp_conns
 COMMON         0x0000000000800f53        0x6 /usr/lib/gcc/avr/4.5.3/../../../../avr/lib/avr51/libc.a(iob.o)
                0x0000000000800f53                __iob
                0x0000000000800f59                PROVIDE (__bss_end, .)
                0x0000000000005236                __data_load_start = LOADADDR (.data)
                0x000000000000537a                __data_load_end = (__data_load_start + SIZEOF (.data))

.noinit         0x0000000000800f59        0x0
                0x0000000000800f59                PROVIDE (__noinit_start, .)
 *(.noinit*)
                0x0000000000800f59                PROVIDE (__noinit_end, .)
                0x0000000000800f59                _end = .
                0x0000000000800f59                PROVIDE (__heap_start, .)

.eeprom         0x0000000000810000       0x29
 *(.eeprom*)
 .eeprom        0x0000000000810000       0x29 contiki-avr-zigduino.a(params.o)
                0x0000000000810000                eemem_mac_address
                0x0000000000810008                eemem_server_name
                0x0000000000810016                eemem_domain_name
                0x0000000000810020                eemem_nodeid
                0x0000000000810022                eemem_channel
                0x0000000000810024                eemem_panid
                0x0000000000810026                eemem_panaddr
                0x0000000000810028                eemem_txpower
                0x0000000000810029                __eeprom_end = .

.fuse           0x0000000000820000        0x3
 *(.fuse)
 .fuse          0x0000000000820000        0x3 contiki-avr-zigduino.a(contiki-main.o)
                0x0000000000820000                __fuse
 *(.lfuse)
 *(.hfuse)
 *(.efuse)

.lock
 *(.lock*)

.signature      0x0000000000840000        0x3
 *(.signature*)
 .signature     0x0000000000840000        0x3 contiki-avr-zigduino.a(contiki-main.o)
                0x0000000000840000                __signature

.stab
 *(.stab)

.stabstr
 *(.stabstr)

.stab.excl
 *(.stab.excl)

.stab.exclstr
 *(.stab.exclstr)

.stab.index
 *(.stab.index)

.stab.indexstr
 *(.stab.indexstr)

.comment
 *(.comment)

.note.gnu.build-id
 *(.note.gnu.build-id)

.debug
 *(.debug)

.line
 *(.line)

.debug_srcinfo
 *(.debug_srcinfo)

.debug_sfnames
 *(.debug_sfnames)

.debug_aranges  0x0000000000000000      0xce0
 *(.debug_aranges)
 .debug_aranges
                0x0000000000000000       0x20 antenna_on_idle.co
 .debug_aranges
                0x0000000000000020       0x88 contiki-avr-zigduino.a(etimer.o)
 .debug_aranges
                0x00000000000000a8       0x38 contiki-avr-zigduino.a(contiki-main.o)
 .debug_aranges
                0x00000000000000e0       0x40 contiki-avr-zigduino.a(params.o)
 .debug_aranges
                0x0000000000000120       0x60 contiki-avr-zigduino.a(clock.o)
 .debug_aranges
                0x0000000000000180       0x60 contiki-avr-zigduino.a(rs232.o)
 .debug_aranges
                0x00000000000001e0       0x40 contiki-avr-zigduino.a(watchdog.o)
 .debug_aranges
                0x0000000000000220      0x118 contiki-avr-zigduino.a(rf230bb.o)
 .debug_aranges
                0x0000000000000338       0x80 contiki-avr-zigduino.a(halbb.o)
 .debug_aranges
                0x00000000000003b8       0x30 contiki-avr-zigduino.a(rimeaddr.o)
 .debug_aranges
                0x00000000000003e8       0x48 contiki-avr-zigduino.a(rime.o)
 .debug_aranges
                0x0000000000000430       0x70 contiki-avr-zigduino.a(announcement.o)
 .debug_aranges
                0x00000000000004a0       0x60 contiki-avr-zigduino.a(broadcast-annou)
 .debug_aranges
                0x0000000000000500       0x40 contiki-avr-zigduino.a(broadcast.o)
 .debug_aranges
                0x0000000000000540       0x40 contiki-avr-zigduino.a(abc.o)
 .debug_aranges
                0x0000000000000580       0x38 contiki-avr-zigduino.a(chameleon.o)
 .debug_aranges
                0x00000000000005b8       0x40 contiki-avr-zigduino.a(channel.o)
 .debug_aranges
                0x00000000000005f8       0x50 contiki-avr-zigduino.a(chameleon-bitop)
 .debug_aranges
                0x0000000000000648       0x48 contiki-avr-zigduino.a(nullmac.o)
 .debug_aranges
                0x0000000000000690       0x50 contiki-avr-zigduino.a(sicslowmac.o)
 .debug_aranges
                0x00000000000006e0       0x80 contiki-avr-zigduino.a(process.o)
 .debug_aranges
                0x0000000000000760       0x28 contiki-avr-zigduino.a(autostart.o)
 .debug_aranges
                0x0000000000000788       0x30 contiki-avr-zigduino.a(serial-line.o)
 .debug_aranges
                0x00000000000007b8       0x38 contiki-avr-zigduino.a(mmem.o)
 .debug_aranges
                0x00000000000007f0       0x40 contiki-avr-zigduino.a(timer.o)
 .debug_aranges
                0x0000000000000830       0x78 contiki-avr-zigduino.a(list.o)
 .debug_aranges
                0x00000000000008a8       0x50 contiki-avr-zigduino.a(ctimer.o)
 .debug_aranges
                0x00000000000008f8       0x30 contiki-avr-zigduino.a(rtimer.o)
 .debug_aranges
                0x0000000000000928       0x28 contiki-avr-zigduino.a(random.o)
 .debug_aranges
                0x0000000000000950       0x40 contiki-avr-zigduino.a(ringbuf.o)
 .debug_aranges
                0x0000000000000990       0xe0 contiki-avr-zigduino.a(packetbuf.o)
 .debug_aranges
                0x0000000000000a70       0x68 contiki-avr-zigduino.a(queuebuf.o)
 .debug_aranges
                0x0000000000000ad8       0x90 contiki-avr-zigduino.a(tcpip.o)
 .debug_aranges
                0x0000000000000b68       0x20 contiki-avr-zigduino.a(uip-split.o)
 .debug_aranges
                0x0000000000000b88       0xa8 contiki-avr-zigduino.a(uip.o)
 .debug_aranges
                0x0000000000000c30       0x40 contiki-avr-zigduino.a(rtimer-arch.o)
 .debug_aranges
                0x0000000000000c70       0x38 contiki-avr-zigduino.a(frame802154.o)
 .debug_aranges
                0x0000000000000ca8       0x38 contiki-avr-zigduino.a(memb.o)

.debug_pubnames
                0x0000000000000000     0x1a25
 *(.debug_pubnames)
 .debug_pubnames
                0x0000000000000000       0x46 antenna_on_idle.co
 .debug_pubnames
                0x0000000000000046      0x109 contiki-avr-zigduino.a(etimer.o)
 .debug_pubnames
                0x000000000000014f       0x93 contiki-avr-zigduino.a(contiki-main.o)
 .debug_pubnames
                0x00000000000001e2      0x162 contiki-avr-zigduino.a(params.o)
 .debug_pubnames
                0x0000000000000344       0xd5 contiki-avr-zigduino.a(clock.o)
 .debug_pubnames
                0x0000000000000419       0xe4 contiki-avr-zigduino.a(rs232.o)
 .debug_pubnames
                0x00000000000004fd       0x73 contiki-avr-zigduino.a(watchdog.o)
 .debug_pubnames
                0x0000000000000570      0x24b contiki-avr-zigduino.a(rf230bb.o)
 .debug_pubnames
                0x00000000000007bb       0xf9 contiki-avr-zigduino.a(halbb.o)
 .debug_pubnames
                0x00000000000008b4       0x79 contiki-avr-zigduino.a(rimeaddr.o)
 .debug_pubnames
                0x000000000000092d       0x5f contiki-avr-zigduino.a(rime.o)
 .debug_pubnames
                0x000000000000098c      0x144 contiki-avr-zigduino.a(announcement.o)
 .debug_pubnames
                0x0000000000000ad0       0x7d contiki-avr-zigduino.a(broadcast-annou)
 .debug_pubnames
                0x0000000000000b4d       0x4c contiki-avr-zigduino.a(broadcast.o)
 .debug_pubnames
                0x0000000000000b99       0x55 contiki-avr-zigduino.a(abc.o)
 .debug_pubnames
                0x0000000000000bee       0x64 contiki-avr-zigduino.a(chameleon.o)
 .debug_pubnames
                0x0000000000000c52       0x74 contiki-avr-zigduino.a(channel.o)
 .debug_pubnames
                0x0000000000000cc6       0x6b contiki-avr-zigduino.a(chameleon-bitop)
 .debug_pubnames
                0x0000000000000d31       0x25 contiki-avr-zigduino.a(nullmac.o)
 .debug_pubnames
                0x0000000000000d56       0x36 contiki-avr-zigduino.a(sicslowmac.o)
 .debug_pubnames
                0x0000000000000d8c       0xf7 contiki-avr-zigduino.a(process.o)
 .debug_pubnames
                0x0000000000000e83       0x39 contiki-avr-zigduino.a(autostart.o)
 .debug_pubnames
                0x0000000000000ebc       0x78 contiki-avr-zigduino.a(serial-line.o)
 .debug_pubnames
                0x0000000000000f34       0x62 contiki-avr-zigduino.a(mmem.o)
 .debug_pubnames
                0x0000000000000f96       0x68 contiki-avr-zigduino.a(timer.o)
 .debug_pubnames
                0x0000000000000ffe       0xc3 contiki-avr-zigduino.a(list.o)
 .debug_pubnames
                0x00000000000010c1       0x8b contiki-avr-zigduino.a(ctimer.o)
 .debug_pubnames
                0x000000000000114c       0x45 contiki-avr-zigduino.a(rtimer.o)
 .debug_pubnames
                0x0000000000001191       0x32 contiki-avr-zigduino.a(random.o)
 .debug_pubnames
                0x00000000000011c3       0x69 contiki-avr-zigduino.a(ringbuf.o)
 .debug_pubnames
                0x000000000000122c      0x280 contiki-avr-zigduino.a(packetbuf.o)
 .debug_pubnames
                0x00000000000014ac       0xff contiki-avr-zigduino.a(queuebuf.o)
 .debug_pubnames
                0x00000000000015ab      0x116 contiki-avr-zigduino.a(tcpip.o)
 .debug_pubnames
                0x00000000000016c1       0x27 contiki-avr-zigduino.a(uip-split.o)
 .debug_pubnames
                0x00000000000016e8      0x224 contiki-avr-zigduino.a(uip.o)
 .debug_pubnames
                0x000000000000190c       0x76 contiki-avr-zigduino.a(rtimer-arch.o)
 .debug_pubnames
                0x0000000000001982       0x56 contiki-avr-zigduino.a(frame802154.o)
 .debug_pubnames
                0x00000000000019d8       0x4d contiki-avr-zigduino.a(memb.o)

.debug_info     0x0000000000000000     0xadcf
 *(.debug_info .gnu.linkonce.wi.*)
 .debug_info    0x0000000000000000      0x29c antenna_on_idle.co
 .debug_info    0x000000000000029c      0x4ec contiki-avr-zigduino.a(etimer.o)
 .debug_info    0x0000000000000788      0x7e3 contiki-avr-zigduino.a(contiki-main.o)
 .debug_info    0x0000000000000f6b      0x392 contiki-avr-zigduino.a(params.o)
 .debug_info    0x00000000000012fd      0x2b6 contiki-avr-zigduino.a(clock.o)
 .debug_info    0x00000000000015b3      0x3a8 contiki-avr-zigduino.a(rs232.o)
 .debug_info    0x000000000000195b       0xdd contiki-avr-zigduino.a(watchdog.o)
 .debug_info    0x0000000000001a38      0xf9f contiki-avr-zigduino.a(rf230bb.o)
 .debug_info    0x00000000000029d7      0x3e9 contiki-avr-zigduino.a(halbb.o)
 .debug_info    0x0000000000002dc0      0x176 contiki-avr-zigduino.a(rimeaddr.o)
 .debug_info    0x0000000000002f36      0x42c contiki-avr-zigduino.a(rime.o)
 .debug_info    0x0000000000003362      0x3ed contiki-avr-zigduino.a(announcement.o)
 .debug_info    0x000000000000374f      0x7de contiki-avr-zigduino.a(broadcast-annou)
 .debug_info    0x0000000000003f2d      0x490 contiki-avr-zigduino.a(broadcast.o)
 .debug_info    0x00000000000043bd      0x392 contiki-avr-zigduino.a(abc.o)
 .debug_info    0x000000000000474f      0x2f1 contiki-avr-zigduino.a(chameleon.o)
 .debug_info    0x0000000000004a40      0x230 contiki-avr-zigduino.a(channel.o)
 .debug_info    0x0000000000004c70      0x643 contiki-avr-zigduino.a(chameleon-bitop)
 .debug_info    0x00000000000052b3      0x37d contiki-avr-zigduino.a(nullmac.o)
 .debug_info    0x0000000000005630      0x8b1 contiki-avr-zigduino.a(sicslowmac.o)
 .debug_info    0x0000000000005ee1      0x564 contiki-avr-zigduino.a(process.o)
 .debug_info    0x0000000000006445      0x1b9 contiki-avr-zigduino.a(autostart.o)
 .debug_info    0x00000000000065fe      0x320 contiki-avr-zigduino.a(serial-line.o)
 .debug_info    0x000000000000691e      0x1c1 contiki-avr-zigduino.a(mmem.o)
 .debug_info    0x0000000000006adf      0x184 contiki-avr-zigduino.a(timer.o)
 .debug_info    0x0000000000006c63      0x349 contiki-avr-zigduino.a(list.o)
 .debug_info    0x0000000000006fac      0x486 contiki-avr-zigduino.a(ctimer.o)
 .debug_info    0x0000000000007432      0x1be contiki-avr-zigduino.a(rtimer.o)
 .debug_info    0x00000000000075f0       0xa7 contiki-avr-zigduino.a(random.o)
 .debug_info    0x0000000000007697      0x1cc contiki-avr-zigduino.a(ringbuf.o)
 .debug_info    0x0000000000007863      0x711 contiki-avr-zigduino.a(packetbuf.o)
 .debug_info    0x0000000000007f74      0x698 contiki-avr-zigduino.a(queuebuf.o)
 .debug_info    0x000000000000860c      0xcfb contiki-avr-zigduino.a(tcpip.o)
 .debug_info    0x0000000000009307      0x338 contiki-avr-zigduino.a(uip-split.o)
 .debug_info    0x000000000000963f      0xfb4 contiki-avr-zigduino.a(uip.o)
 .debug_info    0x000000000000a5f3      0x188 contiki-avr-zigduino.a(rtimer-arch.o)
 .debug_info    0x000000000000a77b      0x4a7 contiki-avr-zigduino.a(frame802154.o)
 .debug_info    0x000000000000ac22      0x1ad contiki-avr-zigduino.a(memb.o)

.debug_abbrev   0x0000000000000000     0x3bb4
 *(.debug_abbrev)
 .debug_abbrev  0x0000000000000000      0x162 antenna_on_idle.co
 .debug_abbrev  0x0000000000000162      0x212 contiki-avr-zigduino.a(etimer.o)
 .debug_abbrev  0x0000000000000374      0x287 contiki-avr-zigduino.a(contiki-main.o)
 .debug_abbrev  0x00000000000005fb      0x10a contiki-avr-zigduino.a(params.o)
 .debug_abbrev  0x0000000000000705      0x17f contiki-avr-zigduino.a(clock.o)
 .debug_abbrev  0x0000000000000884      0x186 contiki-avr-zigduino.a(rs232.o)
 .debug_abbrev  0x0000000000000a0a       0x4c contiki-avr-zigduino.a(watchdog.o)
 .debug_abbrev  0x0000000000000a56      0x334 contiki-avr-zigduino.a(rf230bb.o)
 .debug_abbrev  0x0000000000000d8a      0x143 contiki-avr-zigduino.a(halbb.o)
 .debug_abbrev  0x0000000000000ecd      0x101 contiki-avr-zigduino.a(rimeaddr.o)
 .debug_abbrev  0x0000000000000fce      0x1ac contiki-avr-zigduino.a(rime.o)
 .debug_abbrev  0x000000000000117a      0x16a contiki-avr-zigduino.a(announcement.o)
 .debug_abbrev  0x00000000000012e4      0x20b contiki-avr-zigduino.a(broadcast-annou)
 .debug_abbrev  0x00000000000014ef      0x185 contiki-avr-zigduino.a(broadcast.o)
 .debug_abbrev  0x0000000000001674      0x145 contiki-avr-zigduino.a(abc.o)
 .debug_abbrev  0x00000000000017b9      0x12f contiki-avr-zigduino.a(chameleon.o)
 .debug_abbrev  0x00000000000018e8      0x11a contiki-avr-zigduino.a(channel.o)
 .debug_abbrev  0x0000000000001a02      0x202 contiki-avr-zigduino.a(chameleon-bitop)
 .debug_abbrev  0x0000000000001c04      0x158 contiki-avr-zigduino.a(nullmac.o)
 .debug_abbrev  0x0000000000001d5c      0x25b contiki-avr-zigduino.a(sicslowmac.o)
 .debug_abbrev  0x0000000000001fb7      0x2ce contiki-avr-zigduino.a(process.o)
 .debug_abbrev  0x0000000000002285       0xf5 contiki-avr-zigduino.a(autostart.o)
 .debug_abbrev  0x000000000000237a      0x1bd contiki-avr-zigduino.a(serial-line.o)
 .debug_abbrev  0x0000000000002537      0x147 contiki-avr-zigduino.a(mmem.o)
 .debug_abbrev  0x000000000000267e       0xd2 contiki-avr-zigduino.a(timer.o)
 .debug_abbrev  0x0000000000002750      0x13a contiki-avr-zigduino.a(list.o)
 .debug_abbrev  0x000000000000288a      0x1b5 contiki-avr-zigduino.a(ctimer.o)
 .debug_abbrev  0x0000000000002a3f      0x12a contiki-avr-zigduino.a(rtimer.o)
 .debug_abbrev  0x0000000000002b69       0x67 contiki-avr-zigduino.a(random.o)
 .debug_abbrev  0x0000000000002bd0       0xf0 contiki-avr-zigduino.a(ringbuf.o)
 .debug_abbrev  0x0000000000002cc0      0x242 contiki-avr-zigduino.a(packetbuf.o)
 .debug_abbrev  0x0000000000002f02      0x1dd contiki-avr-zigduino.a(queuebuf.o)
 .debug_abbrev  0x00000000000030df      0x386 contiki-avr-zigduino.a(tcpip.o)
 .debug_abbrev  0x0000000000003465      0x100 contiki-avr-zigduino.a(uip-split.o)
 .debug_abbrev  0x0000000000003565      0x304 contiki-avr-zigduino.a(uip.o)
 .debug_abbrev  0x0000000000003869       0xc5 contiki-avr-zigduino.a(rtimer-arch.o)
 .debug_abbrev  0x000000000000392e      0x19c contiki-avr-zigduino.a(frame802154.o)
 .debug_abbrev  0x0000000000003aca       0xea contiki-avr-zigduino.a(memb.o)

.debug_line     0x0000000000000000     0x8b4e
 *(.debug_line .debug_line.* .debug_line_end)
 .debug_line    0x0000000000000000      0x19e antenna_on_idle.co
 .debug_line    0x000000000000019e      0x4b9 contiki-avr-zigduino.a(etimer.o)
 .debug_line    0x0000000000000657      0x678 contiki-avr-zigduino.a(contiki-main.o)
 .debug_line    0x0000000000000ccf      0x207 contiki-avr-zigduino.a(params.o)
 .debug_line    0x0000000000000ed6      0x2f7 contiki-avr-zigduino.a(clock.o)
 .debug_line    0x00000000000011cd      0x2ed contiki-avr-zigduino.a(rs232.o)
 .debug_line    0x00000000000014ba      0x15b contiki-avr-zigduino.a(watchdog.o)
 .debug_line    0x0000000000001615      0xda2 contiki-avr-zigduino.a(rf230bb.o)
 .debug_line    0x00000000000023b7      0x333 contiki-avr-zigduino.a(halbb.o)
 .debug_line    0x00000000000026ea       0xe6 contiki-avr-zigduino.a(rimeaddr.o)
 .debug_line    0x00000000000027d0      0x30f contiki-avr-zigduino.a(rime.o)
 .debug_line    0x0000000000002adf      0x30c contiki-avr-zigduino.a(announcement.o)
 .debug_line    0x0000000000002deb      0x44e contiki-avr-zigduino.a(broadcast-annou)
 .debug_line    0x0000000000003239      0x226 contiki-avr-zigduino.a(broadcast.o)
 .debug_line    0x000000000000345f      0x1e1 contiki-avr-zigduino.a(abc.o)
 .debug_line    0x0000000000003640      0x1cb contiki-avr-zigduino.a(chameleon.o)
 .debug_line    0x000000000000380b      0x22c contiki-avr-zigduino.a(channel.o)
 .debug_line    0x0000000000003a37      0x4cd contiki-avr-zigduino.a(chameleon-bitop)
 .debug_line    0x0000000000003f04      0x193 contiki-avr-zigduino.a(nullmac.o)
 .debug_line    0x0000000000004097      0x437 contiki-avr-zigduino.a(sicslowmac.o)
 .debug_line    0x00000000000044ce      0x4d0 contiki-avr-zigduino.a(process.o)
 .debug_line    0x000000000000499e      0x106 contiki-avr-zigduino.a(autostart.o)
 .debug_line    0x0000000000004aa4      0x29b contiki-avr-zigduino.a(serial-line.o)
 .debug_line    0x0000000000004d3f      0x177 contiki-avr-zigduino.a(mmem.o)
 .debug_line    0x0000000000004eb6      0x189 contiki-avr-zigduino.a(timer.o)
 .debug_line    0x000000000000503f      0x349 contiki-avr-zigduino.a(list.o)
 .debug_line    0x0000000000005388      0x3d9 contiki-avr-zigduino.a(ctimer.o)
 .debug_line    0x0000000000005761      0x125 contiki-avr-zigduino.a(rtimer.o)
 .debug_line    0x0000000000005886       0xaf contiki-avr-zigduino.a(random.o)
 .debug_line    0x0000000000005935      0x1b6 contiki-avr-zigduino.a(ringbuf.o)
 .debug_line    0x0000000000005aeb      0x583 contiki-avr-zigduino.a(packetbuf.o)
 .debug_line    0x000000000000606e      0x3bf contiki-avr-zigduino.a(queuebuf.o)
 .debug_line    0x000000000000642d      0x735 contiki-avr-zigduino.a(tcpip.o)
 .debug_line    0x0000000000006b62      0x1bc contiki-avr-zigduino.a(uip-split.o)
 .debug_line    0x0000000000006d1e     0x14bb contiki-avr-zigduino.a(uip.o)
 .debug_line    0x00000000000081d9      0x2f9 contiki-avr-zigduino.a(rtimer-arch.o)
 .debug_line    0x00000000000084d2      0x4e7 contiki-avr-zigduino.a(frame802154.o)
 .debug_line    0x00000000000089b9      0x195 contiki-avr-zigduino.a(memb.o)

.debug_frame    0x0000000000000000     0x1598
 *(.debug_frame)
 .debug_frame   0x0000000000000000       0x24 antenna_on_idle.co
 .debug_frame   0x0000000000000024       0xf4 contiki-avr-zigduino.a(etimer.o)
 .debug_frame   0x0000000000000118       0x54 contiki-avr-zigduino.a(contiki-main.o)
 .debug_frame   0x000000000000016c       0x64 contiki-avr-zigduino.a(params.o)
 .debug_frame   0x00000000000001d0       0xa4 contiki-avr-zigduino.a(clock.o)
 .debug_frame   0x0000000000000274       0xa4 contiki-avr-zigduino.a(rs232.o)
 .debug_frame   0x0000000000000318       0x64 contiki-avr-zigduino.a(watchdog.o)
 .debug_frame   0x000000000000037c      0x214 contiki-avr-zigduino.a(rf230bb.o)
 .debug_frame   0x0000000000000590       0xe4 contiki-avr-zigduino.a(halbb.o)
 .debug_frame   0x0000000000000674       0x44 contiki-avr-zigduino.a(rimeaddr.o)
 .debug_frame   0x00000000000006b8       0x74 contiki-avr-zigduino.a(rime.o)
 .debug_frame   0x000000000000072c       0xc4 contiki-avr-zigduino.a(announcement.o)
 .debug_frame   0x00000000000007f0       0xa4 contiki-avr-zigduino.a(broadcast-annou)
 .debug_frame   0x0000000000000894       0x64 contiki-avr-zigduino.a(broadcast.o)
 .debug_frame   0x00000000000008f8       0x64 contiki-avr-zigduino.a(abc.o)
 .debug_frame   0x000000000000095c       0x54 contiki-avr-zigduino.a(chameleon.o)
 .debug_frame   0x00000000000009b0       0x64 contiki-avr-zigduino.a(channel.o)
 .debug_frame   0x0000000000000a14       0x84 contiki-avr-zigduino.a(chameleon-bitop)
 .debug_frame   0x0000000000000a98       0x74 contiki-avr-zigduino.a(nullmac.o)
 .debug_frame   0x0000000000000b0c       0x84 contiki-avr-zigduino.a(sicslowmac.o)
 .debug_frame   0x0000000000000b90       0xe4 contiki-avr-zigduino.a(process.o)
 .debug_frame   0x0000000000000c74       0x34 contiki-avr-zigduino.a(autostart.o)
 .debug_frame   0x0000000000000ca8       0x44 contiki-avr-zigduino.a(serial-line.o)
 .debug_frame   0x0000000000000cec       0x54 contiki-avr-zigduino.a(mmem.o)
 .debug_frame   0x0000000000000d40       0x64 contiki-avr-zigduino.a(timer.o)
 .debug_frame   0x0000000000000da4       0xd4 contiki-avr-zigduino.a(list.o)
 .debug_frame   0x0000000000000e78       0x84 contiki-avr-zigduino.a(ctimer.o)
 .debug_frame   0x0000000000000efc       0x44 contiki-avr-zigduino.a(rtimer.o)
 .debug_frame   0x0000000000000f40       0x34 contiki-avr-zigduino.a(random.o)
 .debug_frame   0x0000000000000f74       0x64 contiki-avr-zigduino.a(ringbuf.o)
 .debug_frame   0x0000000000000fd8      0x1a4 contiki-avr-zigduino.a(packetbuf.o)
 .debug_frame   0x000000000000117c       0xb4 contiki-avr-zigduino.a(queuebuf.o)
 .debug_frame   0x0000000000001230      0x104 contiki-avr-zigduino.a(tcpip.o)
 .debug_frame   0x0000000000001334       0x24 contiki-avr-zigduino.a(uip-split.o)
 .debug_frame   0x0000000000001358      0x134 contiki-avr-zigduino.a(uip.o)
 .debug_frame   0x000000000000148c       0x64 contiki-avr-zigduino.a(rtimer-arch.o)
 .debug_frame   0x00000000000014f0       0x54 contiki-avr-zigduino.a(frame802154.o)
 .debug_frame   0x0000000000001544       0x54 contiki-avr-zigduino.a(memb.o)

.debug_str      0x0000000000000000     0x323d
 *(.debug_str)
 .debug_str     0x0000000000000000      0x157 antenna_on_idle.co
                                        0x1da (size before relaxing)
 .debug_str     0x0000000000000157      0x16f contiki-avr-zigduino.a(etimer.o)
                                        0x29d (size before relaxing)
 .debug_str     0x00000000000002c6      0x1ce contiki-avr-zigduino.a(contiki-main.o)
                                        0x34c (size before relaxing)
 .debug_str     0x0000000000000494      0x175 contiki-avr-zigduino.a(params.o)
                                        0x21e (size before relaxing)
 .debug_str     0x0000000000000609       0xfd contiki-avr-zigduino.a(clock.o)
                                        0x1c9 (size before relaxing)
 .debug_str     0x0000000000000706      0x130 contiki-avr-zigduino.a(rs232.o)
                                        0x1d3 (size before relaxing)
 .debug_str     0x0000000000000836       0x94 contiki-avr-zigduino.a(watchdog.o)
                                        0x118 (size before relaxing)
 .debug_str     0x00000000000008ca      0x8da contiki-avr-zigduino.a(rf230bb.o)
                                        0xb2a (size before relaxing)
 .debug_str     0x00000000000011a4      0x15a contiki-avr-zigduino.a(halbb.o)
                                        0x282 (size before relaxing)
 .debug_str     0x00000000000012fe       0xaf contiki-avr-zigduino.a(rimeaddr.o)
                                        0x140 (size before relaxing)
 .debug_str     0x00000000000013ad      0x141 contiki-avr-zigduino.a(rime.o)
                                        0x27c (size before relaxing)
 .debug_str     0x00000000000014ee      0x1cb contiki-avr-zigduino.a(announcement.o)
                                        0x2d3 (size before relaxing)
 .debug_str     0x00000000000016b9      0x1f9 contiki-avr-zigduino.a(broadcast-annou)
                                        0x3d7 (size before relaxing)
 .debug_str     0x00000000000018b2       0xa5 contiki-avr-zigduino.a(broadcast.o)
                                        0x4c8 (size before relaxing)
 .debug_str     0x0000000000001957       0x75 contiki-avr-zigduino.a(abc.o)
                                        0x461 (size before relaxing)
 .debug_str     0x00000000000019cc       0xb0 contiki-avr-zigduino.a(chameleon.o)
                                        0x465 (size before relaxing)
 .debug_str     0x0000000000001a7c       0xb7 contiki-avr-zigduino.a(channel.o)
                                        0x19a (size before relaxing)
 .debug_str     0x0000000000001b33      0x101 contiki-avr-zigduino.a(chameleon-bitop)
                                        0x50a (size before relaxing)
 .debug_str     0x0000000000001c34       0x70 contiki-avr-zigduino.a(nullmac.o)
                                        0x1b2 (size before relaxing)
 .debug_str     0x0000000000001ca4      0x1c3 contiki-avr-zigduino.a(sicslowmac.o)
                                        0x730 (size before relaxing)
 .debug_str     0x0000000000001e67      0x182 contiki-avr-zigduino.a(process.o)
                                        0x27e (size before relaxing)
 .debug_str     0x0000000000001fe9       0x66 contiki-avr-zigduino.a(autostart.o)
                                        0x148 (size before relaxing)
 .debug_str     0x000000000000204f       0xe0 contiki-avr-zigduino.a(serial-line.o)
                                        0x207 (size before relaxing)
 .debug_str     0x000000000000212f       0x95 contiki-avr-zigduino.a(mmem.o)
                                        0x13d (size before relaxing)
 .debug_str     0x00000000000021c4       0x53 contiki-avr-zigduino.a(timer.o)
                                        0x132 (size before relaxing)
 .debug_str     0x0000000000002217       0xd4 contiki-avr-zigduino.a(list.o)
                                         0xfb (size before relaxing)
 .debug_str     0x00000000000022eb       0xe5 contiki-avr-zigduino.a(ctimer.o)
                                        0x231 (size before relaxing)
 .debug_str     0x00000000000023d0       0xee contiki-avr-zigduino.a(rtimer.o)
                                        0x18a (size before relaxing)
 .debug_str     0x00000000000024be       0x61 contiki-avr-zigduino.a(random.o)
                                         0xe7 (size before relaxing)
 .debug_str     0x000000000000251f       0x88 contiki-avr-zigduino.a(ringbuf.o)
                                        0x145 (size before relaxing)
 .debug_str     0x00000000000025a7      0x26f contiki-avr-zigduino.a(packetbuf.o)
                                        0x639 (size before relaxing)
 .debug_str     0x0000000000002816      0x1b6 contiki-avr-zigduino.a(queuebuf.o)
                                        0x5bc (size before relaxing)
 .debug_str     0x00000000000029cc      0x2e6 contiki-avr-zigduino.a(tcpip.o)
                                        0x4a7 (size before relaxing)
 .debug_str     0x0000000000002cb2       0x7f contiki-avr-zigduino.a(uip-split.o)
                                        0x1e5 (size before relaxing)
 .debug_str     0x0000000000002d31      0x2fe contiki-avr-zigduino.a(uip.o)
                                        0x5d1 (size before relaxing)
 .debug_str     0x000000000000302f       0xa6 contiki-avr-zigduino.a(rtimer-arch.o)
                                        0x1b4 (size before relaxing)
 .debug_str     0x00000000000030d5       0xf6 contiki-avr-zigduino.a(frame802154.o)
                                        0x306 (size before relaxing)
 .debug_str     0x00000000000031cb       0x72 contiki-avr-zigduino.a(memb.o)
                                        0x10d (size before relaxing)

.debug_loc      0x0000000000000000     0x4a90
 *(.debug_loc)
 .debug_loc     0x0000000000000000       0xc9 antenna_on_idle.co
 .debug_loc     0x00000000000000c9      0x42e contiki-avr-zigduino.a(etimer.o)
 .debug_loc     0x00000000000004f7       0xeb contiki-avr-zigduino.a(contiki-main.o)
 .debug_loc     0x00000000000005e2      0x107 contiki-avr-zigduino.a(params.o)
 .debug_loc     0x00000000000006e9       0xee contiki-avr-zigduino.a(clock.o)
 .debug_loc     0x00000000000007d7      0x12e contiki-avr-zigduino.a(rs232.o)
 .debug_loc     0x0000000000000905      0x73a contiki-avr-zigduino.a(rf230bb.o)
 .debug_loc     0x000000000000103f      0x25b contiki-avr-zigduino.a(halbb.o)
 .debug_loc     0x000000000000129a       0x58 contiki-avr-zigduino.a(rimeaddr.o)
 .debug_loc     0x00000000000012f2      0x168 contiki-avr-zigduino.a(rime.o)
 .debug_loc     0x000000000000145a      0x224 contiki-avr-zigduino.a(announcement.o)
 .debug_loc     0x000000000000167e      0x26b contiki-avr-zigduino.a(broadcast-annou)
 .debug_loc     0x00000000000018e9      0x168 contiki-avr-zigduino.a(broadcast.o)
 .debug_loc     0x0000000000001a51      0x138 contiki-avr-zigduino.a(abc.o)
 .debug_loc     0x0000000000001b89       0xac contiki-avr-zigduino.a(chameleon.o)
 .debug_loc     0x0000000000001c35      0x12c contiki-avr-zigduino.a(channel.o)
 .debug_loc     0x0000000000001d61      0x64f contiki-avr-zigduino.a(chameleon-bitop)
 .debug_loc     0x00000000000023b0       0x48 contiki-avr-zigduino.a(nullmac.o)
 .debug_loc     0x00000000000023f8      0x177 contiki-avr-zigduino.a(sicslowmac.o)
 .debug_loc     0x000000000000256f      0x367 contiki-avr-zigduino.a(process.o)
 .debug_loc     0x00000000000028d6       0x58 contiki-avr-zigduino.a(autostart.o)
 .debug_loc     0x000000000000292e      0x11a contiki-avr-zigduino.a(serial-line.o)
 .debug_loc     0x0000000000002a48       0xac contiki-avr-zigduino.a(mmem.o)
 .debug_loc     0x0000000000002af4      0x10c contiki-avr-zigduino.a(timer.o)
 .debug_loc     0x0000000000002c00      0x41c contiki-avr-zigduino.a(list.o)
 .debug_loc     0x000000000000301c      0x311 contiki-avr-zigduino.a(ctimer.o)
 .debug_loc     0x000000000000332d       0xc7 contiki-avr-zigduino.a(rtimer.o)
 .debug_loc     0x00000000000033f4       0x18 contiki-avr-zigduino.a(random.o)
 .debug_loc     0x000000000000340c       0xd4 contiki-avr-zigduino.a(ringbuf.o)
 .debug_loc     0x00000000000034e0      0x27b contiki-avr-zigduino.a(packetbuf.o)
 .debug_loc     0x000000000000375b      0x240 contiki-avr-zigduino.a(queuebuf.o)
 .debug_loc     0x000000000000399b      0x542 contiki-avr-zigduino.a(tcpip.o)
 .debug_loc     0x0000000000003edd       0x78 contiki-avr-zigduino.a(uip-split.o)
 .debug_loc     0x0000000000003f55      0x5bd contiki-avr-zigduino.a(uip.o)
 .debug_loc     0x0000000000004512       0x82 contiki-avr-zigduino.a(rtimer-arch.o)
 .debug_loc     0x0000000000004594      0x34c contiki-avr-zigduino.a(frame802154.o)
 .debug_loc     0x00000000000048e0      0x1b0 contiki-avr-zigduino.a(memb.o)

.debug_macinfo
 *(.debug_macinfo)

.debug_weaknames
 *(.debug_weaknames)

.debug_funcnames
 *(.debug_funcnames)

.debug_typenames
 *(.debug_typenames)

.debug_varnames
 *(.debug_varnames)

.debug_pubtypes
                0x0000000000000000     0x132a
 *(.debug_pubtypes)
 .debug_pubtypes
                0x0000000000000000       0x94 antenna_on_idle.co
 .debug_pubtypes
                0x0000000000000094       0x7b contiki-avr-zigduino.a(etimer.o)
 .debug_pubtypes
                0x000000000000010f       0xfd contiki-avr-zigduino.a(contiki-main.o)
 .debug_pubtypes
                0x000000000000020c       0x2b contiki-avr-zigduino.a(params.o)
 .debug_pubtypes
                0x0000000000000237       0x3c contiki-avr-zigduino.a(clock.o)
 .debug_pubtypes
                0x0000000000000273       0x29 contiki-avr-zigduino.a(rs232.o)
 .debug_pubtypes
                0x000000000000029c       0x2b contiki-avr-zigduino.a(watchdog.o)
 .debug_pubtypes
                0x00000000000002c7       0xd8 contiki-avr-zigduino.a(rf230bb.o)
 .debug_pubtypes
                0x000000000000039f       0x3e contiki-avr-zigduino.a(halbb.o)
 .debug_pubtypes
                0x00000000000003dd       0x21 contiki-avr-zigduino.a(rimeaddr.o)
 .debug_pubtypes
                0x00000000000003fe       0x9f contiki-avr-zigduino.a(rime.o)
 .debug_pubtypes
                0x000000000000049d       0x8c contiki-avr-zigduino.a(announcement.o)
 .debug_pubtypes
                0x0000000000000529      0x194 contiki-avr-zigduino.a(broadcast-annou)
 .debug_pubtypes
                0x00000000000006bd       0xa7 contiki-avr-zigduino.a(broadcast.o)
 .debug_pubtypes
                0x0000000000000764       0x6d contiki-avr-zigduino.a(abc.o)
 .debug_pubtypes
                0x00000000000007d1       0x63 contiki-avr-zigduino.a(chameleon.o)
 .debug_pubtypes
                0x0000000000000834       0x59 contiki-avr-zigduino.a(channel.o)
 .debug_pubtypes
                0x000000000000088d       0x96 contiki-avr-zigduino.a(chameleon-bitop)
 .debug_pubtypes
                0x0000000000000923       0x67 contiki-avr-zigduino.a(nullmac.o)
 .debug_pubtypes
                0x000000000000098a       0xf2 contiki-avr-zigduino.a(sicslowmac.o)
 .debug_pubtypes
                0x0000000000000a7c       0x7d contiki-avr-zigduino.a(process.o)
 .debug_pubtypes
                0x0000000000000af9       0x55 contiki-avr-zigduino.a(autostart.o)
 .debug_pubtypes
                0x0000000000000b4e       0x6d contiki-avr-zigduino.a(serial-line.o)
 .debug_pubtypes
                0x0000000000000bbb       0x26 contiki-avr-zigduino.a(mmem.o)
 .debug_pubtypes
                0x0000000000000be1       0x2d contiki-avr-zigduino.a(timer.o)
 .debug_pubtypes
                0x0000000000000c0e       0x26 contiki-avr-zigduino.a(list.o)
 .debug_pubtypes
                0x0000000000000c34       0x91 contiki-avr-zigduino.a(ctimer.o)
 .debug_pubtypes