Archive member included because of file (symbol)

contiki-avr-zigduino.a(nullmac.o)
                              antenna_off_idle.co (nullmac_driver)
contiki-avr-zigduino.a(sicslowmac.o)
                              contiki-avr-zigduino.a(nullmac.o) (sicslowmac_driver)
contiki-avr-zigduino.a(etimer.o)
                              antenna_off_idle.co (etimer_set)
contiki-avr-zigduino.a(random.o)
                              contiki-avr-zigduino.a(sicslowmac.o) (random_rand)
contiki-avr-zigduino.a(packetbuf.o)
                              contiki-avr-zigduino.a(sicslowmac.o) (packetbuf_hdrreduce)
contiki-avr-zigduino.a(queuebuf.o)
                              contiki-avr-zigduino.a(sicslowmac.o) (queuebuf_to_packetbuf)
contiki-avr-zigduino.a(contiki-main.o)
                              antenna_off_idle.co (rf230_driver)
contiki-avr-zigduino.a(params.o)
                              contiki-avr-zigduino.a(contiki-main.o) (params_get_channel)
contiki-avr-zigduino.a(clock.o)
                              contiki-avr-zigduino.a(contiki-main.o) (clock_init)
contiki-avr-zigduino.a(rs232.o)
                              contiki-avr-zigduino.a(contiki-main.o) (rs232_init)
contiki-avr-zigduino.a(watchdog.o)
                              contiki-avr-zigduino.a(contiki-main.o) (watchdog_init)
contiki-avr-zigduino.a(rf230bb.o)
                              contiki-avr-zigduino.a(contiki-main.o) (rf230_get_channel)
contiki-avr-zigduino.a(halbb.o)
                              contiki-avr-zigduino.a(rf230bb.o) (hal_init)
contiki-avr-zigduino.a(rimeaddr.o)
                              contiki-avr-zigduino.a(sicslowmac.o) (rimeaddr_copy)
contiki-avr-zigduino.a(rime.o)
                              contiki-avr-zigduino.a(nullmac.o) (rime_driver)
contiki-avr-zigduino.a(announcement.o)
                              contiki-avr-zigduino.a(rime.o) (announcement_init)
contiki-avr-zigduino.a(broadcast-annou)
                              contiki-avr-zigduino.a(rime.o) (broadcast_announcement_init)
contiki-avr-zigduino.a(broadcast.o)
                              contiki-avr-zigduino.a(broadcast-annou) (broadcast_open)
contiki-avr-zigduino.a(abc.o)
                              contiki-avr-zigduino.a(broadcast.o) (abc_open)
contiki-avr-zigduino.a(chameleon.o)
                              contiki-avr-zigduino.a(rime.o) (chameleon_init)
contiki-avr-zigduino.a(channel.o)
                              contiki-avr-zigduino.a(chameleon.o) (channel_init)
contiki-avr-zigduino.a(chameleon-bitop)
                              contiki-avr-zigduino.a(chameleon.o) (chameleon_bitopt)
contiki-avr-zigduino.a(frame802154.o)
                              contiki-avr-zigduino.a(sicslowmac.o) (frame802154_hdrlen)
contiki-avr-zigduino.a(process.o)
                              contiki-avr-zigduino.a(etimer.o) (process_current)
contiki-avr-zigduino.a(autostart.o)
                              contiki-avr-zigduino.a(contiki-main.o) (autostart_start)
contiki-avr-zigduino.a(serial-line.o)
                              contiki-avr-zigduino.a(contiki-main.o) (serial_line_input_byte)
contiki-avr-zigduino.a(memb.o)
                              contiki-avr-zigduino.a(queuebuf.o) (memb_init)
contiki-avr-zigduino.a(mmem.o)
                              contiki-avr-zigduino.a(contiki-main.o) (mmem_init)
contiki-avr-zigduino.a(timer.o)
                              contiki-avr-zigduino.a(etimer.o) (timer_set)
contiki-avr-zigduino.a(list.o)
                              contiki-avr-zigduino.a(announcement.o) (list_init)
contiki-avr-zigduino.a(ctimer.o)
                              contiki-avr-zigduino.a(contiki-main.o) (ctimer_init)
contiki-avr-zigduino.a(rtimer.o)
                              contiki-avr-zigduino.a(contiki-main.o) (rtimer_init)
contiki-avr-zigduino.a(ringbuf.o)
                              contiki-avr-zigduino.a(serial-line.o) (ringbuf_init)
contiki-avr-zigduino.a(tcpip.o)
                              contiki-avr-zigduino.a(contiki-main.o) (tcpip_process)
contiki-avr-zigduino.a(uip-split.o)
                              contiki-avr-zigduino.a(tcpip.o) (uip_split_output)
contiki-avr-zigduino.a(uip.o)
                              contiki-avr-zigduino.a(tcpip.o) (uip_aligned_buf)
contiki-avr-zigduino.a(rtimer-arch.o)
                              contiki-avr-zigduino.a(rtimer.o) (rtimer_arch_init)
/usr/lib/gcc/avr/4.5.3/avr51/libgcc.a(_udivmodhi4.o)
                              contiki-avr-zigduino.a(contiki-main.o) (__udivmodhi4)
/usr/lib/gcc/avr/4.5.3/avr51/libgcc.a(_udivmodsi4.o)
                              contiki-avr-zigduino.a(contiki-main.o) (__udivmodsi4)
/usr/lib/gcc/avr/4.5.3/avr51/libgcc.a(_exit.o)
                              /usr/lib/gcc/avr/4.5.3/../../../../avr/lib/avr51/crtm128rfa1.o (exit)
/usr/lib/gcc/avr/4.5.3/avr51/libgcc.a(_copy_data.o)
                              antenna_off_idle.co (__do_copy_data)
/usr/lib/gcc/avr/4.5.3/avr51/libgcc.a(_clear_bss.o)
[...]
Memory Configuration

Name             Origin             Length             Attributes
text             0x0000000000000000 0x0000000000020000 xr
data             0x0000000000800100 0x000000000000ff00 rw !x
eeprom           0x0000000000810000 0x0000000000010000 rw !x
fuse             0x0000000000820000 0x0000000000000400 rw !x
lock             0x0000000000830000 0x0000000000000400 rw !x
signature        0x0000000000840000 0x0000000000000400 rw !x
*default*        0x0000000000000000 0xffffffffffffffff

Linker script and memory map

Address of section .data set to 0x800200
LOAD /usr/lib/gcc/avr/4.5.3/../../../../avr/lib/avr51/crtm128rfa1.o
Address of section .bootloader set to 0x1f800
LOAD antenna_off_idle.co
LOAD contiki-avr-zigduino.a
LOAD /usr/lib/gcc/avr/4.5.3/avr51/libgcc.a
LOAD /usr/lib/gcc/avr/4.5.3/../../../../avr/lib/avr51/libc.a
LOAD /usr/lib/gcc/avr/4.5.3/avr51/libgcc.a

.hash
 *(.hash)

.dynsym
 *(.dynsym)

.dynstr
 *(.dynstr)

.gnu.version
 *(.gnu.version)

.gnu.version_d
 *(.gnu.version_d)

.gnu.version_r
 *(.gnu.version_r)

.rel.init
 *(.rel.init)

.rela.init
 *(.rela.init)

.rel.text
 *(.rel.text)
 *(.rel.text.*)
 *(.rel.gnu.linkonce.t*)

.rela.text
 *(.rela.text)
 *(.rela.text.*)
 *(.rela.gnu.linkonce.t*)

.rel.fini
 *(.rel.fini)

.rela.fini
 *(.rela.fini)

.rel.rodata
 *(.rel.rodata)
 *(.rel.rodata.*)
 *(.rel.gnu.linkonce.r*)

.rela.rodata
 *(.rela.rodata)
 *(.rela.rodata.*)
 *(.rela.gnu.linkonce.r*)

.rel.data
 *(.rel.data)
 *(.rel.data.*)
 *(.rel.gnu.linkonce.d*)

.rela.data
 *(.rela.data)
 *(.rela.data.*)
 *(.rela.gnu.linkonce.d*)

.rel.ctors
 *(.rel.ctors)

.rela.ctors
 *(.rela.ctors)

.rel.dtors
 *(.rel.dtors)

.rela.dtors
 *(.rela.dtors)

.rel.got
 *(.rel.got)

.rela.got
 *(.rela.got)

.rel.bss
 *(.rel.bss)

.rela.bss
 *(.rela.bss)

.rel.plt
 *(.rel.plt)

.rela.plt
 *(.rela.plt)

.text           0x0000000000000000     0x524e
 *(.vectors)
 .vectors       0x0000000000000000      0x120 /usr/lib/gcc/avr/4.5.3/../../../../avr/lib/avr51/crtm128rfa1.o
                0x0000000000000000                __vectors
                0x0000000000000000                __vector_default
 *(.vectors)
 *(.progmem.gcc*)
                0x0000000000000120                . = ALIGN (0x2)
                0x0000000000000120                __trampolines_start = .
 *(.trampolines)
 .trampolines   0x0000000000000120        0x0 linker stubs
 *(.trampolines*)
                0x0000000000000120                __trampolines_end = .
 *(.progmem*)
 .progmem.data  0x0000000000000120      0x11d contiki-avr-zigduino.a(contiki-main.o)
 .progmem.data  0x000000000000023d       0x4d contiki-avr-zigduino.a(params.o)
                0x000000000000023d                default_mac_address
                0x0000000000000245                default_server_name
                0x0000000000000253                default_domain_name
                0x000000000000028a                . = ALIGN (0x2)
 *(.jumptables)
 *(.jumptables*)
 *(.lowtext)
 *(.lowtext*)
                0x000000000000028a                __ctors_start = .
 *(.ctors)
                0x000000000000028a                __ctors_end = .
                0x000000000000028a                __dtors_start = .
 *(.dtors)
                0x000000000000028a                __dtors_end = .
 SORT(*)(.ctors)
 SORT(*)(.dtors)
 *(.init0)
 .init0         0x000000000000028a        0x0 /usr/lib/gcc/avr/4.5.3/../../../../avr/lib/avr51/crtm128rfa1.o
                0x000000000000028a                __init
 *(.init0)
 *(.init1)
 *(.init1)
 *(.init2)
 .init2         0x000000000000028a        0xc /usr/lib/gcc/avr/4.5.3/../../../../avr/lib/avr51/crtm128rfa1.o
 *(.init2)
 *(.init3)
 *(.init3)
 *(.init4)
 .init4         0x0000000000000296       0x1a /usr/lib/gcc/avr/4.5.3/avr51/libgcc.a(_copy_data.o)
                0x0000000000000296                __do_copy_data
 .init4         0x00000000000002b0       0x10 /usr/lib/gcc/avr/4.5.3/avr51/libgcc.a(_clear_bss.o)
                0x00000000000002b0                __do_clear_bss
 *(.init4)
 *(.init5)
 *(.init5)
 *(.init6)
 *(.init6)
 *(.init7)
 *(.init7)
 *(.init8)
 *(.init8)
 *(.init9)
 .init9         0x00000000000002c0        0x8 /usr/lib/gcc/avr/4.5.3/../../../../avr/lib/avr51/crtm128rfa1.o
 *(.init9)
 *(.text)
 .text          0x00000000000002c8        0x4 /usr/lib/gcc/avr/4.5.3/../../../../avr/lib/avr51/crtm128rfa1.o
                0x00000000000002c8                __vector_38
                0x00000000000002c8                __vector_22
                0x00000000000002c8                __vector_28
                0x00000000000002c8                __vector_67
                0x00000000000002c8                __vector_1
                0x00000000000002c8                __vector_71
                0x00000000000002c8                __vector_34
                0x00000000000002c8                __vector_24
                0x00000000000002c8                __vector_12
                0x00000000000002c8                __vector_55
                0x00000000000002c8                __vector_69
                0x00000000000002c8                __vector_46
                0x00000000000002c8                __bad_interrupt
                0x00000000000002c8                __vector_6
                0x00000000000002c8                __vector_31
                0x00000000000002c8                __vector_35
                0x00000000000002c8                __vector_39
                0x00000000000002c8                __vector_3
                0x00000000000002c8                __vector_23
                0x00000000000002c8                __vector_68
                0x00000000000002c8                __vector_30
                0x00000000000002c8                __vector_45
                0x00000000000002c8                __vector_11
                0x00000000000002c8                __vector_54
                0x00000000000002c8                __vector_17
                0x00000000000002c8                __vector_19
                0x00000000000002c8                __vector_56
                0x00000000000002c8                __vector_7
                0x00000000000002c8                __vector_49
                0x00000000000002c8                __vector_41
                0x00000000000002c8                __vector_43
                0x00000000000002c8                __vector_27
                0x00000000000002c8                __vector_5
                0x00000000000002c8                __vector_33
                0x00000000000002c8                __vector_47
                0x00000000000002c8                __vector_52
                0x00000000000002c8                __vector_37
                0x00000000000002c8                __vector_4
                0x00000000000002c8                __vector_44
                0x00000000000002c8                __vector_51
                0x00000000000002c8                __vector_9
                0x00000000000002c8                __vector_2
                0x00000000000002c8                __vector_15
                0x00000000000002c8                __vector_66
                0x00000000000002c8                __vector_70
                0x00000000000002c8                __vector_29
                0x00000000000002c8                __vector_40
                0x00000000000002c8                __vector_8
                0x00000000000002c8                __vector_26
                0x00000000000002c8                __vector_48
                0x00000000000002c8                __vector_14
                0x00000000000002c8                __vector_53
                0x00000000000002c8                __vector_10
                0x00000000000002c8                __vector_50
                0x00000000000002c8                __vector_16
                0x00000000000002c8                __vector_18
                0x00000000000002c8                __vector_20
                0x00000000000002c8                __vector_42
                0x00000000000002c8                __vector_65
                0x00000000000002cc                . = ALIGN (0x2)
 *(.text.*)
 .text.process_thread_antenna_off_idle_process
                0x00000000000002cc       0x6c antenna_off_idle.co
 .text.send_packet
                0x0000000000000338        0xc contiki-avr-zigduino.a(nullmac.o)
 .text.packet_input
                0x0000000000000344        0xc contiki-avr-zigduino.a(nullmac.o)
 .text.on       0x0000000000000350        0xc contiki-avr-zigduino.a(nullmac.o)
 .text.off      0x000000000000035c        0xc contiki-avr-zigduino.a(nullmac.o)
 .text.channel_check_interval
                0x0000000000000368        0x6 contiki-avr-zigduino.a(nullmac.o)
 .text.init     0x000000000000036e        0x2 contiki-avr-zigduino.a(nullmac.o)
 .text.on       0x0000000000000370        0xc contiki-avr-zigduino.a(sicslowmac.o)
 .text.off      0x000000000000037c       0x1c contiki-avr-zigduino.a(sicslowmac.o)
 .text.channel_check_interval
                0x0000000000000398        0x6 contiki-avr-zigduino.a(sicslowmac.o)
 .text.input_packet
                0x000000000000039e       0xd4 contiki-avr-zigduino.a(sicslowmac.o)
 .text.send_packet
                0x0000000000000472      0x140 contiki-avr-zigduino.a(sicslowmac.o)
 .text.init     0x00000000000005b2       0x14 contiki-avr-zigduino.a(sicslowmac.o)
 .text.send_list
                0x00000000000005c6       0x2e contiki-avr-zigduino.a(sicslowmac.o)
                0x00000000000005c6                send_list
 .text.update_time
                0x00000000000005f4       0x64 contiki-avr-zigduino.a(etimer.o)
 .text.etimer_request_poll
                0x0000000000000658        0xa contiki-avr-zigduino.a(etimer.o)
                0x0000000000000658                etimer_request_poll
 .text.process_thread_etimer_process
                0x0000000000000662      0x11a contiki-avr-zigduino.a(etimer.o)
 .text.add_timer
                0x000000000000077c       0x64 contiki-avr-zigduino.a(etimer.o)
 .text.etimer_set
                0x00000000000007e0       0x16 contiki-avr-zigduino.a(etimer.o)
                0x00000000000007e0                etimer_set
 .text.etimer_restart
                0x00000000000007f6       0x16 contiki-avr-zigduino.a(etimer.o)
                0x00000000000007f6                etimer_restart
 .text.etimer_expired
                0x000000000000080c       0x16 contiki-avr-zigduino.a(etimer.o)
                0x000000000000080c                etimer_expired
 .text.etimer_pending
                0x0000000000000822       0x18 contiki-avr-zigduino.a(etimer.o)
                0x0000000000000822                etimer_pending
 .text.random_init
                0x000000000000083a        0x6 contiki-avr-zigduino.a(random.o)
                0x000000000000083a                random_init
 .text.random_rand
                0x0000000000000840        0x6 contiki-avr-zigduino.a(random.o)
                0x0000000000000840                random_rand
 .text.packetbuf_hdrreduce
                0x0000000000000846       0x3e contiki-avr-zigduino.a(packetbuf.o)
                0x0000000000000846                packetbuf_hdrreduce
 .text.packetbuf_set_datalen
                0x0000000000000884        0xa contiki-avr-zigduino.a(packetbuf.o)
                0x0000000000000884                packetbuf_set_datalen
 .text.packetbuf_dataptr
                0x000000000000088e       0x10 contiki-avr-zigduino.a(packetbuf.o)
                0x000000000000088e                packetbuf_dataptr
 .text.packetbuf_hdrptr
                0x000000000000089e        0xe contiki-avr-zigduino.a(packetbuf.o)
                0x000000000000089e                packetbuf_hdrptr
 .text.packetbuf_is_reference
                0x00000000000008ac       0x1c contiki-avr-zigduino.a(packetbuf.o)
                0x00000000000008ac                packetbuf_is_reference
 .text.packetbuf_compact
                0x00000000000008c8       0x60 contiki-avr-zigduino.a(packetbuf.o)
                0x00000000000008c8                packetbuf_compact
 .text.packetbuf_datalen
                0x0000000000000928        0xa contiki-avr-zigduino.a(packetbuf.o)
                0x0000000000000928                packetbuf_datalen
 .text.packetbuf_totlen
                0x0000000000000932       0x18 contiki-avr-zigduino.a(packetbuf.o)
                0x0000000000000932                packetbuf_totlen
 .text.packetbuf_hdralloc
                0x000000000000094a       0x3e contiki-avr-zigduino.a(packetbuf.o)
                0x000000000000094a                packetbuf_hdralloc
 .text.packetbuf_attr_clear
                0x0000000000000988       0x38 contiki-avr-zigduino.a(packetbuf.o)
                0x0000000000000988                packetbuf_attr_clear
 .text.packetbuf_clear
                0x00000000000009c0       0x28 contiki-avr-zigduino.a(packetbuf.o)
                0x00000000000009c0                packetbuf_clear
 .text.packetbuf_copyfrom
                0x00000000000009e8       0x66 contiki-avr-zigduino.a(packetbuf.o)
                0x00000000000009e8                packetbuf_copyfrom
 .text.packetbuf_attr_copyfrom
                0x0000000000000a4e       0x2a contiki-avr-zigduino.a(packetbuf.o)
                0x0000000000000a4e                packetbuf_attr_copyfrom
 .text.packetbuf_set_attr
                0x0000000000000a78       0x16 contiki-avr-zigduino.a(packetbuf.o)
                0x0000000000000a78                packetbuf_set_attr
 .text.packetbuf_attr
                0x0000000000000a8e       0x12 contiki-avr-zigduino.a(packetbuf.o)
                0x0000000000000a8e                packetbuf_attr
 .text.packetbuf_set_addr
                0x0000000000000aa0       0x14 contiki-avr-zigduino.a(packetbuf.o)
                0x0000000000000aa0                packetbuf_set_addr
 .text.packetbuf_addr
                0x0000000000000ab4       0x10 contiki-avr-zigduino.a(packetbuf.o)
                0x0000000000000ab4                packetbuf_addr
 .text.queuebuf_init
                0x0000000000000ac4       0x1a contiki-avr-zigduino.a(queuebuf.o)
                0x0000000000000ac4                queuebuf_init
 .text.queuebuf_to_packetbuf
                0x0000000000000ade       0x7c contiki-avr-zigduino.a(queuebuf.o)
                0x0000000000000ade                queuebuf_to_packetbuf
 .text.rng_get_uint8
                0x0000000000000b5a       0x2e contiki-avr-zigduino.a(contiki-main.o)
                0x0000000000000b5a                rng_get_uint8
 .text.initialize
                0x0000000000000b88      0x326 contiki-avr-zigduino.a(contiki-main.o)
                0x0000000000000b88                initialize
 .text.main     0x0000000000000eae      0x132 contiki-avr-zigduino.a(contiki-main.o)
                0x0000000000000eae                main
 .text.params_get_channel
                0x0000000000000fe0      0x130 contiki-avr-zigduino.a(params.o)
                0x0000000000000fe0                params_get_channel
 .text.params_get_eui64
                0x0000000000001110       0x14 contiki-avr-zigduino.a(params.o)
                0x0000000000001110                params_get_eui64
 .text.params_get_panid
                0x0000000000001124        0xa contiki-avr-zigduino.a(params.o)
                0x0000000000001124                params_get_panid
 .text.params_get_panaddr
                0x000000000000112e        0xa contiki-avr-zigduino.a(params.o)
                0x000000000000112e                params_get_panaddr
 .text.params_get_txpower
                0x0000000000001138        0xa contiki-avr-zigduino.a(params.o)
                0x0000000000001138                params_get_txpower
 .text.clock_init
                0x0000000000001142       0x20 contiki-avr-zigduino.a(clock.o)
                0x0000000000001142                clock_init
 .text.clock_time
                0x0000000000001162       0x1a contiki-avr-zigduino.a(clock.o)
                0x0000000000001162                clock_time
 .text.clock_seconds
                0x000000000000117c       0x30 contiki-avr-zigduino.a(clock.o)
                0x000000000000117c                clock_seconds
 .text.__vector_21
                0x00000000000011ac       0xa6 contiki-avr-zigduino.a(clock.o)
                0x00000000000011ac                __vector_21
 .text.__vector_25
                0x0000000000001252       0x5e contiki-avr-zigduino.a(rs232.o)
                0x0000000000001252                __vector_25
 .text.__vector_36
                0x00000000000012b0       0x5e contiki-avr-zigduino.a(rs232.o)
                0x00000000000012b0                __vector_36
 .text.rs232_init
                0x000000000000130e       0x40 contiki-avr-zigduino.a(rs232.o)
                0x000000000000130e                rs232_init
 .text.rs232_send
                0x000000000000134e       0x24 contiki-avr-zigduino.a(rs232.o)
                0x000000000000134e                rs232_send
 .text.rs232_stdout_putchar
                0x0000000000001372       0x2a contiki-avr-zigduino.a(rs232.o)
                0x0000000000001372                rs232_stdout_putchar
 .text.rs232_set_input
                0x000000000000139c       0x1c contiki-avr-zigduino.a(rs232.o)
                0x000000000000139c                rs232_set_input
 .text.rs232_redirect_stdout
                0x00000000000013b8       0x12 contiki-avr-zigduino.a(rs232.o)
                0x00000000000013b8                rs232_redirect_stdout
 .text.watchdog_init
                0x00000000000013ca       0x18 contiki-avr-zigduino.a(watchdog.o)
                0x00000000000013ca                watchdog_init
 .text.watchdog_start
                0x00000000000013e2       0x18 contiki-avr-zigduino.a(watchdog.o)
                0x00000000000013e2                watchdog_start
 .text.watchdog_periodic
                0x00000000000013fa        0x4 contiki-avr-zigduino.a(watchdog.o)
                0x00000000000013fa                watchdog_periodic
 .text.flushrx  0x00000000000013fe       0x22 contiki-avr-zigduino.a(rf230bb.o)
 .text.rf230_pending_packet
                0x0000000000001420        0x8 contiki-avr-zigduino.a(rf230bb.o)
 .text.rf230_isidle
                0x0000000000001428       0x38 contiki-avr-zigduino.a(rf230bb.o)
 .text.rf230_waitidle
                0x0000000000001460       0x12 contiki-avr-zigduino.a(rf230bb.o)
 .text.rf230_receiving_packet
                0x0000000000001472       0x2e contiki-avr-zigduino.a(rf230bb.o)
 .text.radio_reset_state_machine
                0x00000000000014a0       0x32 contiki-avr-zigduino.a(rf230bb.o)
 .text.radio_off
                0x00000000000014d2       0x28 contiki-avr-zigduino.a(rf230bb.o)
 .text.rf230_off
                0x00000000000014fa       0x16 contiki-avr-zigduino.a(rf230bb.o)
 .text.set_txpower
                0x0000000000001510       0x1e contiki-avr-zigduino.a(rf230bb.o)
 .text.rf230_prepare
                0x000000000000152e       0x2a contiki-avr-zigduino.a(rf230bb.o)
 .text.radio_get_trx_state
                0x0000000000001558        0xe contiki-avr-zigduino.a(rf230bb.o)
                0x0000000000001558                radio_get_trx_state
 .text.radio_set_trx_state
                0x0000000000001566       0xc4 contiki-avr-zigduino.a(rf230bb.o)
 .text.radio_on
                0x000000000000162a       0x42 contiki-avr-zigduino.a(rf230bb.o)
 .text.rf230_on
                0x000000000000166c       0x12 contiki-avr-zigduino.a(rf230bb.o)
 .text.rf230_cca
                0x000000000000167e       0x92 contiki-avr-zigduino.a(rf230bb.o)
 .text.rf230_warm_reset
                0x0000000000001710       0x40 contiki-avr-zigduino.a(rf230bb.o)
                0x0000000000001710                rf230_warm_reset
 .text.rf230_init
                0x0000000000001750       0x74 contiki-avr-zigduino.a(rf230bb.o)
                0x0000000000001750                rf230_init
 .text.rf230_get_channel
                0x00000000000017c4        0x6 contiki-avr-zigduino.a(rf230bb.o)
                0x00000000000017c4                rf230_get_channel
 .text.rf230_set_channel
                0x00000000000017ca       0x2a contiki-avr-zigduino.a(rf230bb.o)
                0x00000000000017ca                rf230_set_channel
 .text.rf230_set_pan_addr
                0x00000000000017f4       0x64 contiki-avr-zigduino.a(rf230bb.o)
                0x00000000000017f4                rf230_set_pan_addr
 .text.rf230_interrupt
                0x0000000000001858       0x14 contiki-avr-zigduino.a(rf230bb.o)
                0x0000000000001858                rf230_interrupt
 .text.rf230_read
                0x000000000000186c      0x120 contiki-avr-zigduino.a(rf230bb.o)
 .text.process_thread_rf230_process
                0x000000000000198c       0x7c contiki-avr-zigduino.a(rf230bb.o)
 .text.rf230_set_txpower
                0x0000000000001a08        0x6 contiki-avr-zigduino.a(rf230bb.o)
                0x0000000000001a08                rf230_set_txpower
 .text.rf230_get_txpower
                0x0000000000001a0e       0x1a contiki-avr-zigduino.a(rf230bb.o)
                0x0000000000001a0e                rf230_get_txpower
 .text.rf230_transmit
                0x0000000000001a28      0x10c contiki-avr-zigduino.a(rf230bb.o)
 .text.rf230_send
                0x0000000000001b34       0x20 contiki-avr-zigduino.a(rf230bb.o)
 .text.hal_init
                0x0000000000001b54        0x2 contiki-avr-zigduino.a(halbb.o)
                0x0000000000001b54                hal_init
 .text.hal_subregister_read
                0x0000000000001b56       0x14 contiki-avr-zigduino.a(halbb.o)
                0x0000000000001b56                hal_subregister_read
 .text.hal_subregister_write
                0x0000000000001b6a       0x38 contiki-avr-zigduino.a(halbb.o)
                0x0000000000001b6a                hal_subregister_write
 .text.hal_frame_read
                0x0000000000001ba2       0x5a contiki-avr-zigduino.a(halbb.o)
                0x0000000000001ba2                hal_frame_read
 .text.hal_frame_write
                0x0000000000001bfc       0x1e contiki-avr-zigduino.a(halbb.o)
                0x0000000000001bfc                hal_frame_write
 .text.__vector_60
                0x0000000000001c1a       0x7e contiki-avr-zigduino.a(halbb.o)
                0x0000000000001c1a                __vector_60
 .text.__vector_59
                0x0000000000001c98       0x14 contiki-avr-zigduino.a(halbb.o)
                0x0000000000001c98                __vector_59
 .text.__vector_57
                0x0000000000001cac       0x14 contiki-avr-zigduino.a(halbb.o)
                0x0000000000001cac                __vector_57
 .text.__vector_58
                0x0000000000001cc0       0x14 contiki-avr-zigduino.a(halbb.o)
                0x0000000000001cc0                __vector_58
 .text.__vector_64
                0x0000000000001cd4       0x18 contiki-avr-zigduino.a(halbb.o)
                0x0000000000001cd4                __vector_64
 .text.__vector_63
                0x0000000000001cec       0x18 contiki-avr-zigduino.a(halbb.o)
                0x0000000000001cec                __vector_63
 .text.__vector_62
                0x0000000000001d04       0x14 contiki-avr-zigduino.a(halbb.o)
                0x0000000000001d04                __vector_62
 .text.__vector_61
                0x0000000000001d18       0x18 contiki-avr-zigduino.a(halbb.o)
                0x0000000000001d18                __vector_61
 .text.rimeaddr_copy
                0x0000000000001d30        0xe contiki-avr-zigduino.a(rimeaddr.o)
                0x0000000000001d30                rimeaddr_copy
 .text.rimeaddr_cmp
                0x0000000000001d3e       0x18 contiki-avr-zigduino.a(rimeaddr.o)
                0x0000000000001d3e                rimeaddr_cmp
 .text.rimeaddr_set_node_addr
                0x0000000000001d56        0xc contiki-avr-zigduino.a(rimeaddr.o)
                0x0000000000001d56                rimeaddr_set_node_addr
 .text.input    0x0000000000001d62       0x4c contiki-avr-zigduino.a(rime.o)
 .text.init     0x0000000000001dae       0x26 contiki-avr-zigduino.a(rime.o)
 .text.packet_sent
                0x0000000000001dd4       0x5e contiki-avr-zigduino.a(rime.o)
 .text.rime_output
                0x0000000000001e32       0x34 contiki-avr-zigduino.a(rime.o)
                0x0000000000001e32                rime_output
 .text.announcement_init
                0x0000000000001e66        0xa contiki-avr-zigduino.a(announcement.o)
                0x0000000000001e66                announcement_init
 .text.announcement_register_observer_callback
                0x0000000000001e70        0xa contiki-avr-zigduino.a(announcement.o)
                0x0000000000001e70                announcement_register_observer_callback
 .text.announcement_list
                0x0000000000001e7a        0xa contiki-avr-zigduino.a(announcement.o)
                0x0000000000001e7a                announcement_list
 .text.announcement_heard
                0x0000000000001e84       0x5e contiki-avr-zigduino.a(announcement.o)
                0x0000000000001e84                announcement_heard
 .text.adv_packet_sent
                0x0000000000001ee2        0x2 contiki-avr-zigduino.a(broadcast-annou)
 .text.adv_packet_received
                0x0000000000001ee4       0x84 contiki-avr-zigduino.a(broadcast-annou)
 .text.set_timers
                0x0000000000001f68       0x46 contiki-avr-zigduino.a(broadcast-annou)
 .text.new_announcement
                0x0000000000001fae       0x1e contiki-avr-zigduino.a(broadcast-annou)
 .text.send_timer
                0x0000000000001fcc       0x2a contiki-avr-zigduino.a(broadcast-annou)
 .text.send_adv
                0x0000000000001ff6       0xa8 contiki-avr-zigduino.a(broadcast-annou)
 .text.broadcast_announcement_init
                0x000000000000209e       0x50 contiki-avr-zigduino.a(broadcast-annou)
                0x000000000000209e                broadcast_announcement_init
 .text.sent_by_abc
                0x00000000000020ee       0x18 contiki-avr-zigduino.a(broadcast.o)
 .text.recv_from_abc
                0x0000000000002106       0x56 contiki-avr-zigduino.a(broadcast.o)
 .text.broadcast_open
                0x000000000000215c       0x36 contiki-avr-zigduino.a(broadcast.o)
                0x000000000000215c                broadcast_open
 .text.broadcast_send
                0x0000000000002192       0x1c contiki-avr-zigduino.a(broadcast.o)
                0x0000000000002192                broadcast_send
 .text.abc_open
                0x00000000000021ae       0x32 contiki-avr-zigduino.a(abc.o)
                0x00000000000021ae                abc_open
 .text.abc_send
                0x00000000000021e0        0x6 contiki-avr-zigduino.a(abc.o)
                0x00000000000021e0                abc_send
 .text.abc_input
                0x00000000000021e6       0x18 contiki-avr-zigduino.a(abc.o)
                0x00000000000021e6                abc_input
 .text.abc_sent
                0x00000000000021fe       0x18 contiki-avr-zigduino.a(abc.o)
                0x00000000000021fe                abc_sent
 .text.chameleon_init
                0x0000000000002216        0x6 contiki-avr-zigduino.a(chameleon.o)
                0x0000000000002216                chameleon_init
 .text.chameleon_parse
                0x000000000000221c       0x2e contiki-avr-zigduino.a(chameleon.o)
                0x000000000000221c                chameleon_parse
 .text.chameleon_create
                0x000000000000224a       0x3a contiki-avr-zigduino.a(chameleon.o)
                0x000000000000224a                chameleon_create
 .text.chameleon_hdrsize
                0x0000000000002284        0xc contiki-avr-zigduino.a(chameleon.o)
                0x0000000000002284                chameleon_hdrsize
 .text.channel_init
                0x0000000000002290        0xa contiki-avr-zigduino.a(channel.o)
                0x0000000000002290                channel_init
 .text.channel_open
                0x000000000000229a       0x12 contiki-avr-zigduino.a(channel.o)
                0x000000000000229a                channel_open
 .text.channel_lookup
                0x00000000000022ac       0x30 contiki-avr-zigduino.a(channel.o)
                0x00000000000022ac                channel_lookup
 .text.channel_set_attributes
                0x00000000000022dc       0x2a contiki-avr-zigduino.a(channel.o)
                0x00000000000022dc                channel_set_attributes
 .text.header_size
                0x0000000000002306       0x1a contiki-avr-zigduino.a(chameleon-bitop)
 .text.get_bits_in_byte
                0x0000000000002320       0x3e contiki-avr-zigduino.a(chameleon-bitop)
                0x0000000000002320                get_bits_in_byte
 .text.get_bits
                0x000000000000235e       0xda contiki-avr-zigduino.a(chameleon-bitop)
                0x000000000000235e                get_bits
 .text.unpack_header
                0x0000000000002438      0x136 contiki-avr-zigduino.a(chameleon-bitop)
 .text.set_bits_in_byte
                0x000000000000256e       0x28 contiki-avr-zigduino.a(chameleon-bitop)
                0x000000000000256e                set_bits_in_byte
 .text.set_bits
                0x0000000000002596      0x100 contiki-avr-zigduino.a(chameleon-bitop)
                0x0000000000002596                set_bits
 .text.pack_header
                0x0000000000002696      0x12c contiki-avr-zigduino.a(chameleon-bitop)
 .text.field_len
                0x00000000000027c2       0xb2 contiki-avr-zigduino.a(frame802154.o)
 .text.frame802154_hdrlen
                0x0000000000002874       0x4a contiki-avr-zigduino.a(frame802154.o)
                0x0000000000002874                frame802154_hdrlen
 .text.frame802154_create
                0x00000000000028be      0x1c8 contiki-avr-zigduino.a(frame802154.o)
                0x00000000000028be                frame802154_create
 .text.frame802154_parse
                0x0000000000002a86      0x1a0 contiki-avr-zigduino.a(frame802154.o)
                0x0000000000002a86                frame802154_parse
 .text.call_process
                0x0000000000002c26       0x52 contiki-avr-zigduino.a(process.o)
 .text.exit_process
                0x0000000000002c78       0xd8 contiki-avr-zigduino.a(process.o)
 .text.do_poll  0x0000000000002d50       0x3e contiki-avr-zigduino.a(process.o)
 .text.process_alloc_event
                0x0000000000002d8e        0xe contiki-avr-zigduino.a(process.o)
                0x0000000000002d8e                process_alloc_event
 .text.process_init
                0x0000000000002d9c       0x20 contiki-avr-zigduino.a(process.o)
                0x0000000000002d9c                process_init
 .text.process_run
                0x0000000000002dbc       0xd2 contiki-avr-zigduino.a(process.o)
                0x0000000000002dbc                process_run
 .text.process_post
                0x0000000000002e8e       0x46 contiki-avr-zigduino.a(process.o)
                0x0000000000002e8e                process_post
 .text.process_post_synch
                0x0000000000002ed4       0x1e contiki-avr-zigduino.a(process.o)
                0x0000000000002ed4                process_post_synch
 .text.process_start
                0x0000000000002ef2       0x46 contiki-avr-zigduino.a(process.o)
                0x0000000000002ef2                process_start
 .text.process_poll
                0x0000000000002f38       0x18 contiki-avr-zigduino.a(process.o)
                0x0000000000002f38                process_poll
 .text.autostart_start
                0x0000000000002f50       0x2e contiki-avr-zigduino.a(autostart.o)
                0x0000000000002f50                autostart_start
 .text.process_thread_serial_line_process
                0x0000000000002f7e       0xca contiki-avr-zigduino.a(serial-line.o)
 .text.serial_line_input_byte
                0x0000000000003048       0x4c contiki-avr-zigduino.a(serial-line.o)
                0x0000000000003048                serial_line_input_byte
 .text.memb_init
                0x0000000000003094       0x40 contiki-avr-zigduino.a(memb.o)
                0x0000000000003094                memb_init
 .text.memb_inmemb
                0x00000000000030d4       0x3a contiki-avr-zigduino.a(memb.o)
                0x00000000000030d4                memb_inmemb
 .text.mmem_init
                0x000000000000310e       0x16 contiki-avr-zigduino.a(mmem.o)
                0x000000000000310e                mmem_init
 .text.timer_set
                0x0000000000003124       0x18 contiki-avr-zigduino.a(timer.o)
                0x0000000000003124                timer_set
 .text.timer_restart
                0x000000000000313c       0x14 contiki-avr-zigduino.a(timer.o)
                0x000000000000313c                timer_restart
 .text.timer_expired
                0x0000000000003150       0x2e contiki-avr-zigduino.a(timer.o)
                0x0000000000003150                timer_expired
 .text.list_init
                0x000000000000317e        0x8 contiki-avr-zigduino.a(list.o)
                0x000000000000317e                list_init
 .text.list_head
                0x0000000000003186        0x8 contiki-avr-zigduino.a(list.o)
                0x0000000000003186                list_head
 .text.list_tail
                0x000000000000318e       0x24 contiki-avr-zigduino.a(list.o)
                0x000000000000318e                list_tail
 .text.list_remove
                0x00000000000031b2       0x4a contiki-avr-zigduino.a(list.o)
                0x00000000000031b2                list_remove
 .text.list_add
                0x00000000000031fc       0x3e contiki-avr-zigduino.a(list.o)
                0x00000000000031fc                list_add
 .text.list_item_next
                0x000000000000323a       0x14 contiki-avr-zigduino.a(list.o)
                0x000000000000323a                list_item_next
 .text.process_thread_ctimer_process
                0x000000000000324e       0xe6 contiki-avr-zigduino.a(ctimer.o)
 .text.ctimer_init
                0x0000000000003334       0x1a contiki-avr-zigduino.a(ctimer.o)
                0x0000000000003334                ctimer_init
 .text.ctimer_set
                0x000000000000334e       0x66 contiki-avr-zigduino.a(ctimer.o)
                0x000000000000334e                ctimer_set
 .text.rtimer_init
                0x00000000000033b4        0x6 contiki-avr-zigduino.a(rtimer.o)
                0x00000000000033b4                rtimer_init
 .text.rtimer_run_next
                0x00000000000033ba       0x3e contiki-avr-zigduino.a(rtimer.o)
                0x00000000000033ba                rtimer_run_next
 .text.ringbuf_put
                0x00000000000033f8       0x40 contiki-avr-zigduino.a(ringbuf.o)
                0x00000000000033f8                ringbuf_put
 .text.ringbuf_get
                0x0000000000003438       0x3e contiki-avr-zigduino.a(ringbuf.o)
                0x0000000000003438                ringbuf_get
 .text.start_periodic_tcp_timer
                0x0000000000003476       0x16 contiki-avr-zigduino.a(tcpip.o)
 .text.tcpip_output
                0x000000000000348c       0x14 contiki-avr-zigduino.a(tcpip.o)
                0x000000000000348c                tcpip_output
 .text.process_thread_tcpip_process
                0x00000000000034a0      0x280 contiki-avr-zigduino.a(tcpip.o)
 .text.tcpip_uipcall
                0x0000000000003720       0x86 contiki-avr-zigduino.a(tcpip.o)
                0x0000000000003720                tcpip_uipcall
 .text.uip_split_output
                0x00000000000037a6      0x11e contiki-avr-zigduino.a(uip-split.o)
                0x00000000000037a6                uip_split_output
 .text.chksum   0x00000000000038c4       0x50 contiki-avr-zigduino.a(uip.o)
 .text.upper_layer_chksum
                0x0000000000003914       0x4c contiki-avr-zigduino.a(uip.o)
 .text.uip_add32
                0x0000000000003960       0x70 contiki-avr-zigduino.a(uip.o)
                0x0000000000003960                uip_add32
 .text.uip_add_rcv_nxt
                0x00000000000039d0       0x32 contiki-avr-zigduino.a(uip.o)
 .text.uip_ipchksum
                0x0000000000003a02       0x22 contiki-avr-zigduino.a(uip.o)
                0x0000000000003a02                uip_ipchksum
 .text.uip_tcpchksum
                0x0000000000003a24        0x8 contiki-avr-zigduino.a(uip.o)
                0x0000000000003a24                uip_tcpchksum
 .text.uip_udpchksum
                0x0000000000003a2c        0x8 contiki-avr-zigduino.a(uip.o)
                0x0000000000003a2c                uip_udpchksum
 .text.uip_init
                0x0000000000003a34       0x72 contiki-avr-zigduino.a(uip.o)
                0x0000000000003a34                uip_init
 .text.uip_unlisten
                0x0000000000003aa6       0x34 contiki-avr-zigduino.a(uip.o)
                0x0000000000003aa6                uip_unlisten
 .text.uip_process
                0x0000000000003ada      0xec2 contiki-avr-zigduino.a(uip.o)
                0x0000000000003ada                uip_process
 .text.__vector_32
                0x000000000000499c       0x5a contiki-avr-zigduino.a(rtimer-arch.o)
                0x000000000000499c                __vector_32
 .text.rtimer_arch_init
                0x00000000000049f6       0x34 contiki-avr-zigduino.a(rtimer-arch.o)
                0x00000000000049f6                rtimer_arch_init
 .text.rtimer_arch_schedule
                0x0000000000004a2a       0x20 contiki-avr-zigduino.a(rtimer-arch.o)
                0x0000000000004a2a                rtimer_arch_schedule
 .text.__vector_13
                0x0000000000004a4a       0x14 contiki-avr-zigduino.a(rtimer-arch.o)
                0x0000000000004a4a                __vector_13
 .text.libgcc   0x0000000000004a5e       0x28 /usr/lib/gcc/avr/4.5.3/avr51/libgcc.a(_udivmodhi4.o)
                0x0000000000004a5e                __udivmodhi4
 .text.libgcc   0x0000000000004a86       0x44 /usr/lib/gcc/avr/4.5.3/avr51/libgcc.a(_udivmodsi4.o)
                0x0000000000004a86                __udivmodsi4
 .text.avr-libc
                0x0000000000004aca       0xbc /usr/lib/gcc/avr/4.5.3/../../../../avr/lib/avr51/libc.a(rand.o)
                0x0000000000004b60                rand_r
                0x0000000000004b66                rand
                0x0000000000004b70                srand
 .text.avr-libc
                0x0000000000004b86       0x1a /usr/lib/gcc/avr/4.5.3/../../../../avr/lib/avr51/libc.a(memcmp.o)
                0x0000000000004b86                memcmp
 .text.avr-libc
                0x0000000000004ba0       0x12 /usr/lib/gcc/avr/4.5.3/../../../../avr/lib/avr51/libc.a(memcpy.o)
                0x0000000000004ba0                memcpy
 .text.avr-libc
                0x0000000000004bb2        0xe /usr/lib/gcc/avr/4.5.3/../../../../avr/lib/avr51/libc.a(memset.o)
                0x0000000000004bb2                memset
 .text.avr-libc
                0x0000000000004bc0       0x40 /usr/lib/gcc/avr/4.5.3/../../../../avr/lib/avr51/libc.a(printf_p.o)
                0x0000000000004bc0                printf_P
 .text.avr-libc
                0x0000000000004c00      0x420 /usr/lib/gcc/avr/4.5.3/../../../../avr/lib/avr51/libc.a(vfprintf_std.o)
                0x0000000000004c00                vfprintf
 .text.avr-libc
                0x0000000000005020       0x20 /usr/lib/gcc/avr/4.5.3/../../../../avr/lib/avr51/libc.a(eerd_block_atmega128rfa1.o)
                0x0000000000005020                __eerd_block_m128rfa1
                0x0000000000005024                __eerd_blraw_m128rfa1
 .text.avr-libc
                0x0000000000005040       0x10 /usr/lib/gcc/avr/4.5.3/../../../../avr/lib/avr51/libc.a(eerd_byte_atmega128rfa1.o)
                0x0000000000005040                __eerd_byte_m128rfa1
 .text.avr-libc
                0x0000000000005050        0xc /usr/lib/gcc/avr/4.5.3/../../../../avr/lib/avr51/libc.a(eerd_word_atmega128rfa1.o)
                0x0000000000005050                __eerd_word_m128rfa1
 .text.avr-libc
                0x000000000000505c       0x14 /usr/lib/gcc/avr/4.5.3/../../../../avr/lib/avr51/libc.a(eewr_block_atmega128rfa1.o)
                0x000000000000505c                __eewr_block_m128rfa1
 .text.avr-libc
                0x0000000000005070       0x1c /usr/lib/gcc/avr/4.5.3/../../../../avr/lib/avr51/libc.a(eewr_byte_atmega128rfa1.o)
                0x0000000000005070                __eewr_byte_m128rfa1
                0x0000000000005072                __eewr_r18_m128rfa1
 .text.avr-libc
                0x000000000000508c        0xa /usr/lib/gcc/avr/4.5.3/../../../../avr/lib/avr51/libc.a(eewr_word_atmega128rfa1.o)
                0x000000000000508c                __eewr_word_m128rfa1
 .text.avr-libc
                0x0000000000005096       0x16 /usr/lib/gcc/avr/4.5.3/../../../../avr/lib/avr51/libc.a(strnlen_P.o)
                0x0000000000005096                strnlen_P
 .text.avr-libc
                0x00000000000050ac       0x16 /usr/lib/gcc/avr/4.5.3/../../../../avr/lib/avr51/libc.a(strnlen.o)
                0x00000000000050ac                strnlen
 .text.avr-libc
                0x00000000000050c2       0x58 /usr/lib/gcc/avr/4.5.3/../../../../avr/lib/avr51/libc.a(fputc.o)
                0x00000000000050c2                fputc
 .text.avr-libc
                0x000000000000511a       0xbc /usr/lib/gcc/avr/4.5.3/../../../../avr/lib/avr51/libc.a(ultoa_invert.o)
                0x000000000000511a                __ultoa_invert
 .text.libgcc   0x00000000000051d6       0x3e /usr/lib/gcc/avr/4.5.3/avr51/libgcc.a(_mulsi3.o)
                0x00000000000051d6                __mulsi3
 .text.libgcc   0x0000000000005214       0x36 /usr/lib/gcc/avr/4.5.3/avr51/libgcc.a(_divmodsi4.o)
                0x0000000000005214                __divmodsi4
                0x000000000000524a                . = ALIGN (0x2)
 *(.fini9)
 .fini9         0x000000000000524a        0x0 /usr/lib/gcc/avr/4.5.3/avr51/libgcc.a(_exit.o)
                0x000000000000524a                exit
                0x000000000000524a                _exit
 *(.fini9)
 *(.fini8)
 *(.fini8)
 *(.fini7)
 *(.fini7)
 *(.fini6)
 *(.fini6)
 *(.fini5)
 *(.fini5)
 *(.fini4)
 *(.fini4)
 *(.fini3)
 *(.fini3)
 *(.fini2)
 *(.fini2)
 *(.fini1)
 *(.fini1)
 *(.fini0)
 .fini0         0x000000000000524a        0x4 /usr/lib/gcc/avr/4.5.3/avr51/libgcc.a(_exit.o)
 *(.fini0)
                0x000000000000524e                _etext = .

.data           0x0000000000800200      0x144 load address 0x000000000000524e
                0x0000000000800200                PROVIDE (__data_start, .)
 *(.data)
 .data          0x0000000000800200        0x0 /usr/lib/gcc/avr/4.5.3/../../../../avr/lib/avr51/crtm128rfa1.o
 .data          0x0000000000800200       0x12 antenna_off_idle.co
 .data          0x0000000000800212        0x8 contiki-avr-zigduino.a(nullmac.o)
 .data          0x000000000080021a        0xb contiki-avr-zigduino.a(sicslowmac.o)
 .data          0x0000000000800225        0xc contiki-avr-zigduino.a(etimer.o)
 .data          0x0000000000800231        0x0 contiki-avr-zigduino.a(random.o)
 .data          0x0000000000800231        0x0 contiki-avr-zigduino.a(packetbuf.o)
 .data          0x0000000000800231        0x0 contiki-avr-zigduino.a(queuebuf.o)
 .data          0x0000000000800231        0xc contiki-avr-zigduino.a(contiki-main.o)
 .data          0x000000000080023d        0x0 contiki-avr-zigduino.a(params.o)
 .data          0x000000000080023d        0x0 contiki-avr-zigduino.a(clock.o)
 .data          0x000000000080023d        0x0 contiki-avr-zigduino.a(rs232.o)
 .data          0x000000000080023d        0x0 contiki-avr-zigduino.a(watchdog.o)
 .data          0x000000000080023d        0xd contiki-avr-zigduino.a(rf230bb.o)
 .data          0x000000000080024a        0x0 contiki-avr-zigduino.a(halbb.o)
 .data          0x000000000080024a        0x0 contiki-avr-zigduino.a(rimeaddr.o)
 .data          0x000000000080024a        0x5 contiki-avr-zigduino.a(rime.o)
 .data          0x000000000080024f        0x0 contiki-avr-zigduino.a(announcement.o)
 .data          0x000000000080024f        0x0 contiki-avr-zigduino.a(broadcast-annou)
 .data          0x000000000080024f        0x0 contiki-avr-zigduino.a(broadcast.o)
 .data          0x000000000080024f        0x0 contiki-avr-zigduino.a(abc.o)
 .data          0x000000000080024f        0x0 contiki-avr-zigduino.a(chameleon.o)
 .data          0x000000000080024f        0x0 contiki-avr-zigduino.a(channel.o)
 .data          0x000000000080024f        0x0 contiki-avr-zigduino.a(chameleon-bitop)
 .data          0x000000000080024f        0x0 contiki-avr-zigduino.a(frame802154.o)
 .data          0x000000000080024f        0x0 contiki-avr-zigduino.a(process.o)
 .data          0x000000000080024f        0x0 contiki-avr-zigduino.a(autostart.o)
 .data          0x000000000080024f        0xe contiki-avr-zigduino.a(serial-line.o)
 .data          0x000000000080025d        0x0 contiki-avr-zigduino.a(memb.o)
 .data          0x000000000080025d        0x0 contiki-avr-zigduino.a(mmem.o)
 .data          0x000000000080025d        0x0 contiki-avr-zigduino.a(timer.o)
 .data          0x000000000080025d        0x0 contiki-avr-zigduino.a(list.o)
 .data          0x000000000080025d        0xf contiki-avr-zigduino.a(ctimer.o)
 .data          0x000000000080026c        0x0 contiki-avr-zigduino.a(rtimer.o)
 .data          0x000000000080026c        0x0 contiki-avr-zigduino.a(ringbuf.o)
 .data          0x000000000080026c        0xd contiki-avr-zigduino.a(tcpip.o)
 .data          0x0000000000800279        0x0 contiki-avr-zigduino.a(uip-split.o)
 .data          0x0000000000800279        0x0 contiki-avr-zigduino.a(uip.o)
 .data          0x0000000000800279        0x0 contiki-avr-zigduino.a(rtimer-arch.o)
 .data          0x0000000000800279        0x0 /usr/lib/gcc/avr/4.5.3/avr51/libgcc.a(_udivmodhi4.o)
 .data          0x0000000000800279        0x0 /usr/lib/gcc/avr/4.5.3/avr51/libgcc.a(_udivmodsi4.o)
 .data          0x0000000000800279        0x0 /usr/lib/gcc/avr/4.5.3/avr51/libgcc.a(_exit.o)
 .data          0x0000000000800279        0x0 /usr/lib/gcc/avr/4.5.3/avr51/libgcc.a(_copy_data.o)
 .data          0x0000000000800279        0x0 /usr/lib/gcc/avr/4.5.3/avr51/libgcc.a(_clear_bss.o)
 .data          0x0000000000800279        0x4 /usr/lib/gcc/avr/4.5.3/../../../../avr/lib/avr51/libc.a(rand.o)
 .data          0x000000000080027d        0x0 /usr/lib/gcc/avr/4.5.3/../../../../avr/lib/avr51/libc.a(memcmp.o)
 .data          0x000000000080027d        0x0 /usr/lib/gcc/avr/4.5.3/../../../../avr/lib/avr51/libc.a(memcpy.o)
 .data          0x000000000080027d        0x0 /usr/lib/gcc/avr/4.5.3/../../../../avr/lib/avr51/libc.a(memmove.o)
 .data          0x000000000080027d        0x0 /usr/lib/gcc/avr/4.5.3/../../../../avr/lib/avr51/libc.a(memset.o)
 .data          0x000000000080027d        0x0 /usr/lib/gcc/avr/4.5.3/../../../../avr/lib/avr51/libc.a(iob.o)
 .data          0x000000000080027d        0x0 /usr/lib/gcc/avr/4.5.3/../../../../avr/lib/avr51/libc.a(printf_p.o)
 .data          0x000000000080027d        0x0 /usr/lib/gcc/avr/4.5.3/../../../../avr/lib/avr51/libc.a(vfprintf_std.o)
 .data          0x000000000080027d        0x0 /usr/lib/gcc/avr/4.5.3/../../../../avr/lib/avr51/libc.a(eerd_block_atmega128rfa1.o)
 .data          0x000000000080027d        0x0 /usr/lib/gcc/avr/4.5.3/../../../../avr/lib/avr51/libc.a(eerd_byte_atmega128rfa1.o)
 .data          0x000000000080027d        0x0 /usr/lib/gcc/avr/4.5.3/../../../../avr/lib/avr51/libc.a(eerd_word_atmega128rfa1.o)
 .data          0x000000000080027d        0x0 /usr/lib/gcc/avr/4.5.3/../../../../avr/lib/avr51/libc.a(eewr_block_atmega128rfa1.o)
 .data          0x000000000080027d        0x0 /usr/lib/gcc/avr/4.5.3/../../../../avr/lib/avr51/libc.a(eewr_byte_atmega128rfa1.o)
 .data          0x000000000080027d        0x0 /usr/lib/gcc/avr/4.5.3/../../../../avr/lib/avr51/libc.a(eewr_word_atmega128rfa1.o)
 .data          0x000000000080027d        0x0 /usr/lib/gcc/avr/4.5.3/../../../../avr/lib/avr51/libc.a(strnlen_P.o)
 .data          0x000000000080027d        0x0 /usr/lib/gcc/avr/4.5.3/../../../../avr/lib/avr51/libc.a(strnlen.o)
 .data          0x000000000080027d        0x0 /usr/lib/gcc/avr/4.5.3/../../../../avr/lib/avr51/libc.a(fputc.o)
 .data          0x000000000080027d        0x0 /usr/lib/gcc/avr/4.5.3/../../../../avr/lib/avr51/libc.a(ultoa_invert.o)
 .data          0x000000000080027d        0x0 /usr/lib/gcc/avr/4.5.3/avr51/libgcc.a(_mulsi3.o)
 .data          0x000000000080027d        0x0 /usr/lib/gcc/avr/4.5.3/avr51/libgcc.a(_divmodsi4.o)
 *(.data*)
 .data.antenna_off_idle_process
                0x000000000080027d        0xa antenna_off_idle.co
                0x000000000080027d                antenna_off_idle_process
 .data.etimer_process
                0x0000000000800287        0xa contiki-avr-zigduino.a(etimer.o)
                0x0000000000800287                etimer_process
 .data.bufmem   0x0000000000800291        0x8 contiki-avr-zigduino.a(queuebuf.o)
 .data.refbufmem
                0x0000000000800299        0x8 contiki-avr-zigduino.a(queuebuf.o)
 .data.buframmem
                0x00000000008002a1        0x8 contiki-avr-zigduino.a(queuebuf.o)
 .data.rs232_stdout
                0x00000000008002a9        0xe contiki-avr-zigduino.a(rs232.o)
 .data.rf230_process
                0x00000000008002b7        0xa contiki-avr-zigduino.a(rf230bb.o)
                0x00000000008002b7                rf230_process
 .data.serial_line_process
                0x00000000008002c1        0xa contiki-avr-zigduino.a(serial-line.o)
                0x00000000008002c1                serial_line_process
 .data.ctimer_process
                0x00000000008002cb        0xa contiki-avr-zigduino.a(ctimer.o)
                0x00000000008002cb                ctimer_process
 .data.tcpip_process
                0x00000000008002d5        0xa contiki-avr-zigduino.a(tcpip.o)
                0x00000000008002d5                tcpip_process
 *(.rodata)
 *(.rodata*)
 .rodata.autostart_processes
                0x00000000008002df        0x4 antenna_off_idle.co
                0x00000000008002df                autostart_processes
 .rodata.nullmac_driver
                0x00000000008002e3        0xe contiki-avr-zigduino.a(nullmac.o)
                0x00000000008002e3                nullmac_driver
 .rodata.sicslowmac_driver
                0x00000000008002f1       0x10 contiki-avr-zigduino.a(sicslowmac.o)
                0x00000000008002f1                sicslowmac_driver
 .rodata.rf230_driver
                0x0000000000800301       0x14 contiki-avr-zigduino.a(rf230bb.o)
                0x0000000000800301                rf230_driver
 .rodata.rimeaddr_null
                0x0000000000800315        0x2 contiki-avr-zigduino.a(rimeaddr.o)
                0x0000000000800315                rimeaddr_null
 .rodata.rime_driver
                0x0000000000800317        0x6 contiki-avr-zigduino.a(rime.o)
                0x0000000000800317                rime_driver
 .rodata.broadcast_callbacks
                0x000000000080031d        0x4 contiki-avr-zigduino.a(broadcast-annou)
 .rodata.broadcast
                0x0000000000800321        0x4 contiki-avr-zigduino.a(broadcast.o)
 .rodata.attributes
                0x0000000000800325        0x4 contiki-avr-zigduino.a(broadcast.o)
 .rodata.attributes
                0x0000000000800329        0x2 contiki-avr-zigduino.a(abc.o)
 .rodata.chameleon_bitopt
                0x000000000080032b        0x6 contiki-avr-zigduino.a(chameleon-bitop)
                0x000000000080032b                chameleon_bitopt
 .rodata.bitmask
                0x0000000000800331        0x9 contiki-avr-zigduino.a(chameleon-bitop)
 .rodata.CSWTCH.4
                0x000000000080033a        0x2 contiki-avr-zigduino.a(frame802154.o)
 .rodata.uip_broadcast_addr
                0x000000000080033c        0x4 contiki-avr-zigduino.a(uip.o)
                0x000000000080033c                uip_broadcast_addr
 .rodata.uip_all_zeroes_addr
                0x0000000000800340        0x4 contiki-avr-zigduino.a(uip.o)
                0x0000000000800340                uip_all_zeroes_addr
 *(.gnu.linkonce.d*)
                0x0000000000800344                . = ALIGN (0x2)
                0x0000000000800344                _edata = .
                0x0000000000800344                PROVIDE (__data_end, .)

.bss            0x0000000000800344      0xc15
                0x0000000000800344                PROVIDE (__bss_start, .)
 *(.bss)
 *(.bss*)
 .bss.et.2278   0x0000000000800344        0x8 antenna_off_idle.co
 .bss.mac_dsn   0x000000000080034c        0x1 contiki-avr-zigduino.a(sicslowmac.o)
 .bss.timerlist
                0x000000000080034d        0x2 contiki-avr-zigduino.a(etimer.o)
 .bss.next_expiration
                0x000000000080034f        0x2 contiki-avr-zigduino.a(etimer.o)
 .bss.hdrptr    0x0000000000800351        0x1 contiki-avr-zigduino.a(packetbuf.o)
 .bss.buflen    0x0000000000800352        0x2 contiki-avr-zigduino.a(packetbuf.o)
 .bss.packetbufptr
                0x0000000000800354        0x2 contiki-avr-zigduino.a(packetbuf.o)
 .bss.packetbuf_aligned
                0x0000000000800356       0xb2 contiki-avr-zigduino.a(packetbuf.o)
 .bss.bufptr    0x0000000000800408        0x2 contiki-avr-zigduino.a(packetbuf.o)
 .bss.bufmem_memb_count
                0x000000000080040a        0x3 contiki-avr-zigduino.a(queuebuf.o)
 .bss.bufmem_memb_mem
                0x000000000080040d        0x6 contiki-avr-zigduino.a(queuebuf.o)
 .bss.refbufmem_memb_count
                0x0000000000800413        0x2 contiki-avr-zigduino.a(queuebuf.o)
 .bss.refbufmem_memb_mem
                0x0000000000800415       0x6a contiki-avr-zigduino.a(queuebuf.o)
 .bss.buframmem_memb_count
                0x000000000080047f        0x3 contiki-avr-zigduino.a(queuebuf.o)
 .bss.buframmem_memb_mem
                0x0000000000800482      0x22e contiki-avr-zigduino.a(queuebuf.o)
 .bss.count     0x00000000008006b0        0x2 contiki-avr-zigduino.a(clock.o)
 .bss.scount    0x00000000008006b2        0x1 contiki-avr-zigduino.a(clock.o)
 .bss.stdout_rs232_port
                0x00000000008006b3        0x1 contiki-avr-zigduino.a(rs232.o)
 .bss.buffer    0x00000000008006b4       0x81 contiki-avr-zigduino.a(rf230bb.o)
 .bss.channel   0x0000000000800735        0x1 contiki-avr-zigduino.a(rf230bb.o)
 .bss.sniffers_list
                0x0000000000800736        0x2 contiki-avr-zigduino.a(rime.o)
 .bss.announcements_list
                0x0000000000800738        0x2 contiki-avr-zigduino.a(announcement.o)
 .bss.observer_callback
                0x000000000080073a        0x2 contiki-avr-zigduino.a(announcement.o)
 .bss.c         0x000000000080073c       0x35 contiki-avr-zigduino.a(broadcast-annou)
 .bss.channel_list_list
                0x0000000000800771        0x2 contiki-avr-zigduino.a(channel.o)
 .bss.process_list
                0x0000000000800773        0x2 contiki-avr-zigduino.a(process.o)
                0x0000000000800773                process_list
 .bss.process_current
                0x0000000000800775        0x2 contiki-avr-zigduino.a(process.o)
                0x0000000000800775                process_current
 .bss.poll_requested
                0x0000000000800777        0x1 contiki-avr-zigduino.a(process.o)
 .bss.nevents   0x0000000000800778        0x1 contiki-avr-zigduino.a(process.o)
 .bss.fevent    0x0000000000800779        0x1 contiki-avr-zigduino.a(process.o)
 .bss.events    0x000000000080077a       0xa0 contiki-avr-zigduino.a(process.o)
 .bss.snum.1531
                0x000000000080081a        0x1 contiki-avr-zigduino.a(process.o)
 .bss.p.1516    0x000000000080081b        0x2 contiki-avr-zigduino.a(process.o)
 .bss.receiver.1515
                0x000000000080081d        0x2 contiki-avr-zigduino.a(process.o)
 .bss.data.1514
                0x000000000080081f        0x2 contiki-avr-zigduino.a(process.o)
 .bss.ev.1513   0x0000000000800821        0x1 contiki-avr-zigduino.a(process.o)
 .bss.lastevent
                0x0000000000800822        0x1 contiki-avr-zigduino.a(process.o)
 .bss.rxbuf     0x0000000000800823        0x5 contiki-avr-zigduino.a(serial-line.o)
 .bss.ptr.2331  0x0000000000800828        0x2 contiki-avr-zigduino.a(serial-line.o)
 .bss.buf.2330  0x000000000080082a       0x80 contiki-avr-zigduino.a(serial-line.o)
 .bss.overflow.2324
                0x00000000008008aa        0x1 contiki-avr-zigduino.a(serial-line.o)
 .bss.mmemlist_list
                0x00000000008008ab        0x2 contiki-avr-zigduino.a(mmem.o)
 .bss.initialized
                0x00000000008008ad        0x1 contiki-avr-zigduino.a(ctimer.o)
 .bss.ctimer_list_list
                0x00000000008008ae        0x2 contiki-avr-zigduino.a(ctimer.o)
 .bss.next_rtimer
                0x00000000008008b0        0x2 contiki-avr-zigduino.a(rtimer.o)
 .bss.s         0x00000000008008b2        0xe contiki-avr-zigduino.a(tcpip.o)
 .bss.periodic  0x00000000008008c0        0x8 contiki-avr-zigduino.a(tcpip.o)
 .bss.i.4245    0x00000000008008c8        0x1 contiki-avr-zigduino.a(tcpip.o)
 .bss.i.4197    0x00000000008008c9        0x1 contiki-avr-zigduino.a(tcpip.o)
 .bss.i.4233    0x00000000008008ca        0x1 contiki-avr-zigduino.a(tcpip.o)
 .bss.outputfunc
                0x00000000008008cb        0x2 contiki-avr-zigduino.a(tcpip.o)
 .bss.iss       0x00000000008008cd        0x4 contiki-avr-zigduino.a(uip.o)
 .bss.tmp16     0x00000000008008d1        0x2 contiki-avr-zigduino.a(uip.o)
 .bss.c         0x00000000008008d3        0x1 contiki-avr-zigduino.a(uip.o)
 .bss.opt       0x00000000008008d4        0x1 contiki-avr-zigduino.a(uip.o)
 .bss.ipid      0x00000000008008d5        0x2 contiki-avr-zigduino.a(uip.o)
 .bss.lastport  0x00000000008008d7        0x2 contiki-avr-zigduino.a(uip.o)
 *(COMMON)
 COMMON         0x00000000008008d9       0x38 contiki-avr-zigduino.a(packetbuf.o)
                0x00000000008008d9                packetbuf_addrs
                0x00000000008008e1                packetbuf_attrs
 COMMON         0x0000000000800911        0x6 contiki-avr-zigduino.a(contiki-main.o)
                0x0000000000800911                ledtimer
                0x0000000000800913                clocktime
 COMMON         0x0000000000800917        0x8 contiki-avr-zigduino.a(clock.o)
                0x0000000000800917                sleepseconds
                0x000000000080091b                seconds
 COMMON         0x000000000080091f        0x4 contiki-avr-zigduino.a(rs232.o)
                0x000000000080091f                input_handler_1
                0x0000000000800921                input_handler_0
 COMMON         0x0000000000800923       0x8c contiki-avr-zigduino.a(rf230bb.o)
                0x0000000000800923                rf230_last_correlation
                0x0000000000800924                rf230_last_rssi
                0x0000000000800925                rf230_smallest_rssi
                0x0000000000800926                rf230_pending
                0x0000000000800927                rf230_ccawait
                0x0000000000800928                rf230_txendwait
                0x0000000000800929                rxframe_tail
                0x000000000080092a                rxframe_head
                0x000000000080092b                rxframe
                0x00000000008009ad                rf230_wakewait
                0x00000000008009ae                RF230_receive_on
 COMMON         0x00000000008009af        0x2 contiki-avr-zigduino.a(rimeaddr.o)
                0x00000000008009af                rimeaddr_node_addr
 COMMON         0x00000000008009b1        0x1 contiki-avr-zigduino.a(serial-line.o)
                0x00000000008009b1                serial_line_event_message
 COMMON         0x00000000008009b2        0x2 contiki-avr-zigduino.a(mmem.o)
                0x00000000008009b2                avail_memory
 COMMON         0x00000000008009b4        0x1 contiki-avr-zigduino.a(tcpip.o)
                0x00000000008009b4                tcpip_event
 COMMON         0x00000000008009b5      0x59e contiki-avr-zigduino.a(uip.o)
                0x00000000008009b5                uip_len
                0x00000000008009b7                uip_sappdata
                0x00000000008009b9                uip_acc32
                0x00000000008009bd                uip_aligned_buf
                0x0000000000800ed1                uip_flags
                0x0000000000800ed2                uip_udp_conn
                0x0000000000800ed4                uip_appdata
                0x0000000000800ed6                uip_conn
                0x0000000000800ed8                uip_conns
                0x0000000000800f18                uip_listenports
                0x0000000000800f1e                uip_draddr
                0x0000000000800f22                uip_netmask
                0x0000000000800f26                uip_hostaddr
                0x0000000000800f2a                uip_slen
                0x0000000000800f2c                uip_udp_conns
 COMMON         0x0000000000800f53        0x6 /usr/lib/gcc/avr/4.5.3/../../../../avr/lib/avr51/libc.a(iob.o)
                0x0000000000800f53                __iob
                0x0000000000800f59                PROVIDE (__bss_end, .)
                0x000000000000524e                __data_load_start = LOADADDR (.data)
                0x0000000000005392                __data_load_end = (__data_load_start + SIZEOF (.data))

.noinit         0x0000000000800f59        0x0
                0x0000000000800f59                PROVIDE (__noinit_start, .)
 *(.noinit*)
                0x0000000000800f59                PROVIDE (__noinit_end, .)
                0x0000000000800f59                _end = .
                0x0000000000800f59                PROVIDE (__heap_start, .)

.eeprom         0x0000000000810000       0x29
 *(.eeprom*)
 .eeprom        0x0000000000810000       0x29 contiki-avr-zigduino.a(params.o)
                0x0000000000810000                eemem_mac_address
                0x0000000000810008                eemem_server_name
                0x0000000000810016                eemem_domain_name
                0x0000000000810020                eemem_nodeid
                0x0000000000810022                eemem_channel
                0x0000000000810024                eemem_panid
                0x0000000000810026                eemem_panaddr
                0x0000000000810028                eemem_txpower
                0x0000000000810029                __eeprom_end = .

.fuse           0x0000000000820000        0x3
 *(.fuse)
 .fuse          0x0000000000820000        0x3 contiki-avr-zigduino.a(contiki-main.o)
                0x0000000000820000                __fuse
 *(.lfuse)
 *(.hfuse)
 *(.efuse)

.lock
 *(.lock*)

.signature      0x0000000000840000        0x3
 *(.signature*)
 .signature     0x0000000000840000        0x3 contiki-avr-zigduino.a(contiki-main.o)
                0x0000000000840000                __signature

.stab
 *(.stab)

.stabstr
 *(.stabstr)

.stab.excl
 *(.stab.excl)

.stab.exclstr
 *(.stab.exclstr)

.stab.index
 *(.stab.index)

.stab.indexstr
 *(.stab.indexstr)

.comment
 *(.comment)

.note.gnu.build-id
 *(.note.gnu.build-id)

.debug
 *(.debug)

.line
 *(.line)

.debug_srcinfo
 *(.debug_srcinfo)

.debug_sfnames
 *(.debug_sfnames)

.debug_aranges  0x0000000000000000      0xce0
 *(.debug_aranges)
 .debug_aranges
                0x0000000000000000       0x20 antenna_off_idle.co
 .debug_aranges
                0x0000000000000020       0x48 contiki-avr-zigduino.a(nullmac.o)
 .debug_aranges
                0x0000000000000068       0x50 contiki-avr-zigduino.a(sicslowmac.o)
 .debug_aranges
                0x00000000000000b8       0x88 contiki-avr-zigduino.a(etimer.o)
 .debug_aranges
                0x0000000000000140       0x28 contiki-avr-zigduino.a(random.o)
 .debug_aranges
                0x0000000000000168       0xe0 contiki-avr-zigduino.a(packetbuf.o)
 .debug_aranges
                0x0000000000000248       0x68 contiki-avr-zigduino.a(queuebuf.o)
 .debug_aranges
                0x00000000000002b0       0x38 contiki-avr-zigduino.a(contiki-main.o)
 .debug_aranges
                0x00000000000002e8       0x40 contiki-avr-zigduino.a(params.o)
 .debug_aranges
                0x0000000000000328       0x60 contiki-avr-zigduino.a(clock.o)
 .debug_aranges
                0x0000000000000388       0x60 contiki-avr-zigduino.a(rs232.o)
 .debug_aranges
                0x00000000000003e8       0x40 contiki-avr-zigduino.a(watchdog.o)
 .debug_aranges
                0x0000000000000428      0x118 contiki-avr-zigduino.a(rf230bb.o)
 .debug_aranges
                0x0000000000000540       0x80 contiki-avr-zigduino.a(halbb.o)
 .debug_aranges
                0x00000000000005c0       0x30 contiki-avr-zigduino.a(rimeaddr.o)
 .debug_aranges
                0x00000000000005f0       0x48 contiki-avr-zigduino.a(rime.o)
 .debug_aranges
                0x0000000000000638       0x70 contiki-avr-zigduino.a(announcement.o)
 .debug_aranges
                0x00000000000006a8       0x60 contiki-avr-zigduino.a(broadcast-annou)
 .debug_aranges
                0x0000000000000708       0x40 contiki-avr-zigduino.a(broadcast.o)
 .debug_aranges
                0x0000000000000748       0x40 contiki-avr-zigduino.a(abc.o)
 .debug_aranges
                0x0000000000000788       0x38 contiki-avr-zigduino.a(chameleon.o)
 .debug_aranges
                0x00000000000007c0       0x40 contiki-avr-zigduino.a(channel.o)
 .debug_aranges
                0x0000000000000800       0x50 contiki-avr-zigduino.a(chameleon-bitop)
 .debug_aranges
                0x0000000000000850       0x38 contiki-avr-zigduino.a(frame802154.o)
 .debug_aranges
                0x0000000000000888       0x80 contiki-avr-zigduino.a(process.o)
 .debug_aranges
                0x0000000000000908       0x28 contiki-avr-zigduino.a(autostart.o)
 .debug_aranges
                0x0000000000000930       0x30 contiki-avr-zigduino.a(serial-line.o)
 .debug_aranges
                0x0000000000000960       0x38 contiki-avr-zigduino.a(memb.o)
 .debug_aranges
                0x0000000000000998       0x38 contiki-avr-zigduino.a(mmem.o)
 .debug_aranges
                0x00000000000009d0       0x40 contiki-avr-zigduino.a(timer.o)
 .debug_aranges
                0x0000000000000a10       0x78 contiki-avr-zigduino.a(list.o)
 .debug_aranges
                0x0000000000000a88       0x50 contiki-avr-zigduino.a(ctimer.o)
 .debug_aranges
                0x0000000000000ad8       0x30 contiki-avr-zigduino.a(rtimer.o)
 .debug_aranges
                0x0000000000000b08       0x40 contiki-avr-zigduino.a(ringbuf.o)
 .debug_aranges
                0x0000000000000b48       0x90 contiki-avr-zigduino.a(tcpip.o)
 .debug_aranges
                0x0000000000000bd8       0x20 contiki-avr-zigduino.a(uip-split.o)
 .debug_aranges
                0x0000000000000bf8       0xa8 contiki-avr-zigduino.a(uip.o)
 .debug_aranges
                0x0000000000000ca0       0x40 contiki-avr-zigduino.a(rtimer-arch.o)

.debug_pubnames
                0x0000000000000000     0x1a26
 *(.debug_pubnames)
 .debug_pubnames
                0x0000000000000000       0x47 antenna_off_idle.co
 .debug_pubnames
                0x0000000000000047       0x25 contiki-avr-zigduino.a(nullmac.o)
 .debug_pubnames
                0x000000000000006c       0x36 contiki-avr-zigduino.a(sicslowmac.o)
 .debug_pubnames
                0x00000000000000a2      0x109 contiki-avr-zigduino.a(etimer.o)
 .debug_pubnames
                0x00000000000001ab       0x32 contiki-avr-zigduino.a(random.o)
 .debug_pubnames
                0x00000000000001dd      0x280 contiki-avr-zigduino.a(packetbuf.o)
 .debug_pubnames
                0x000000000000045d       0xff contiki-avr-zigduino.a(queuebuf.o)
 .debug_pubnames
                0x000000000000055c       0x93 contiki-avr-zigduino.a(contiki-main.o)
 .debug_pubnames
                0x00000000000005ef      0x162 contiki-avr-zigduino.a(params.o)
 .debug_pubnames
                0x0000000000000751       0xd5 contiki-avr-zigduino.a(clock.o)
 .debug_pubnames
                0x0000000000000826       0xe4 contiki-avr-zigduino.a(rs232.o)
 .debug_pubnames
                0x000000000000090a       0x73 contiki-avr-zigduino.a(watchdog.o)
 .debug_pubnames
                0x000000000000097d      0x24b contiki-avr-zigduino.a(rf230bb.o)
 .debug_pubnames
                0x0000000000000bc8       0xf9 contiki-avr-zigduino.a(halbb.o)
 .debug_pubnames
                0x0000000000000cc1       0x79 contiki-avr-zigduino.a(rimeaddr.o)
 .debug_pubnames
                0x0000000000000d3a       0x5f contiki-avr-zigduino.a(rime.o)
 .debug_pubnames
                0x0000000000000d99      0x144 contiki-avr-zigduino.a(announcement.o)
 .debug_pubnames
                0x0000000000000edd       0x7d contiki-avr-zigduino.a(broadcast-annou)
 .debug_pubnames
                0x0000000000000f5a       0x4c contiki-avr-zigduino.a(broadcast.o)
 .debug_pubnames
                0x0000000000000fa6       0x55 contiki-avr-zigduino.a(abc.o)
 .debug_pubnames
                0x0000000000000ffb       0x64 contiki-avr-zigduino.a(chameleon.o)
 .debug_pubnames
                0x000000000000105f       0x74 contiki-avr-zigduino.a(channel.o)
 .debug_pubnames
                0x00000000000010d3       0x6b contiki-avr-zigduino.a(chameleon-bitop)
 .debug_pubnames
                0x000000000000113e       0x56 contiki-avr-zigduino.a(frame802154.o)
 .debug_pubnames
                0x0000000000001194       0xf7 contiki-avr-zigduino.a(process.o)
 .debug_pubnames
                0x000000000000128b       0x39 contiki-avr-zigduino.a(autostart.o)
 .debug_pubnames
                0x00000000000012c4       0x78 contiki-avr-zigduino.a(serial-line.o)
 .debug_pubnames
                0x000000000000133c       0x4d contiki-avr-zigduino.a(memb.o)
 .debug_pubnames
                0x0000000000001389       0x62 contiki-avr-zigduino.a(mmem.o)
 .debug_pubnames
                0x00000000000013eb       0x68 contiki-avr-zigduino.a(timer.o)
 .debug_pubnames
                0x0000000000001453       0xc3 contiki-avr-zigduino.a(list.o)
 .debug_pubnames
                0x0000000000001516       0x8b contiki-avr-zigduino.a(ctimer.o)
 .debug_pubnames
                0x00000000000015a1       0x45 contiki-avr-zigduino.a(rtimer.o)
 .debug_pubnames
                0x00000000000015e6       0x69 contiki-avr-zigduino.a(ringbuf.o)
 .debug_pubnames
                0x000000000000164f      0x116 contiki-avr-zigduino.a(tcpip.o)
 .debug_pubnames
                0x0000000000001765       0x27 contiki-avr-zigduino.a(uip-split.o)
 .debug_pubnames
                0x000000000000178c      0x224 contiki-avr-zigduino.a(uip.o)
 .debug_pubnames
                0x00000000000019b0       0x76 contiki-avr-zigduino.a(rtimer-arch.o)

.debug_info     0x0000000000000000     0xafe0
 *(.debug_info .gnu.linkonce.wi.*)
 .debug_info    0x0000000000000000      0x4ad antenna_off_idle.co
 .debug_info    0x00000000000004ad      0x37d contiki-avr-zigduino.a(nullmac.o)
 .debug_info    0x000000000000082a      0x8b1 contiki-avr-zigduino.a(sicslowmac.o)
 .debug_info    0x00000000000010db      0x4ec contiki-avr-zigduino.a(etimer.o)
 .debug_info    0x00000000000015c7       0xa7 contiki-avr-zigduino.a(random.o)
 .debug_info    0x000000000000166e      0x711 contiki-avr-zigduino.a(packetbuf.o)
 .debug_info    0x0000000000001d7f      0x698 contiki-avr-zigduino.a(queuebuf.o)
 .debug_info    0x0000000000002417      0x7e3 contiki-avr-zigduino.a(contiki-main.o)
 .debug_info    0x0000000000002bfa      0x392 contiki-avr-zigduino.a(params.o)
 .debug_info    0x0000000000002f8c      0x2b6 contiki-avr-zigduino.a(clock.o)
 .debug_info    0x0000000000003242      0x3a8 contiki-avr-zigduino.a(rs232.o)
 .debug_info    0x00000000000035ea       0xdd contiki-avr-zigduino.a(watchdog.o)
 .debug_info    0x00000000000036c7      0xf9f contiki-avr-zigduino.a(rf230bb.o)
 .debug_info    0x0000000000004666      0x3e9 contiki-avr-zigduino.a(halbb.o)
 .debug_info    0x0000000000004a4f      0x176 contiki-avr-zigduino.a(rimeaddr.o)
 .debug_info    0x0000000000004bc5      0x42c contiki-avr-zigduino.a(rime.o)
 .debug_info    0x0000000000004ff1      0x3ed contiki-avr-zigduino.a(announcement.o)
 .debug_info    0x00000000000053de      0x7de contiki-avr-zigduino.a(broadcast-annou)
 .debug_info    0x0000000000005bbc      0x490 contiki-avr-zigduino.a(broadcast.o)
 .debug_info    0x000000000000604c      0x392 contiki-avr-zigduino.a(abc.o)
 .debug_info    0x00000000000063de      0x2f1 contiki-avr-zigduino.a(chameleon.o)
 .debug_info    0x00000000000066cf      0x230 contiki-avr-zigduino.a(channel.o)
 .debug_info    0x00000000000068ff      0x643 contiki-avr-zigduino.a(chameleon-bitop)
 .debug_info    0x0000000000006f42      0x4a7 contiki-avr-zigduino.a(frame802154.o)
 .debug_info    0x00000000000073e9      0x564 contiki-avr-zigduino.a(process.o)
 .debug_info    0x000000000000794d      0x1b9 contiki-avr-zigduino.a(autostart.o)
 .debug_info    0x0000000000007b06      0x320 contiki-avr-zigduino.a(serial-line.o)
 .debug_info    0x0000000000007e26      0x1ad contiki-avr-zigduino.a(memb.o)
 .debug_info    0x0000000000007fd3      0x1c1 contiki-avr-zigduino.a(mmem.o)
 .debug_info    0x0000000000008194      0x184 contiki-avr-zigduino.a(timer.o)
 .debug_info    0x0000000000008318      0x349 contiki-avr-zigduino.a(list.o)
 .debug_info    0x0000000000008661      0x486 contiki-avr-zigduino.a(ctimer.o)
 .debug_info    0x0000000000008ae7      0x1be contiki-avr-zigduino.a(rtimer.o)
 .debug_info    0x0000000000008ca5      0x1cc contiki-avr-zigduino.a(ringbuf.o)
 .debug_info    0x0000000000008e71      0xcfb contiki-avr-zigduino.a(tcpip.o)
 .debug_info    0x0000000000009b6c      0x338 contiki-avr-zigduino.a(uip-split.o)
 .debug_info    0x0000000000009ea4      0xfb4 contiki-avr-zigduino.a(uip.o)
 .debug_info    0x000000000000ae58      0x188 contiki-avr-zigduino.a(rtimer-arch.o)

.debug_abbrev   0x0000000000000000     0x3bd2
 *(.debug_abbrev)
 .debug_abbrev  0x0000000000000000      0x180 antenna_off_idle.co
 .debug_abbrev  0x0000000000000180      0x158 contiki-avr-zigduino.a(nullmac.o)
 .debug_abbrev  0x00000000000002d8      0x25b contiki-avr-zigduino.a(sicslowmac.o)
 .debug_abbrev  0x0000000000000533      0x212 contiki-avr-zigduino.a(etimer.o)
 .debug_abbrev  0x0000000000000745       0x67 contiki-avr-zigduino.a(random.o)
 .debug_abbrev  0x00000000000007ac      0x242 contiki-avr-zigduino.a(packetbuf.o)
 .debug_abbrev  0x00000000000009ee      0x1dd contiki-avr-zigduino.a(queuebuf.o)
 .debug_abbrev  0x0000000000000bcb      0x287 contiki-avr-zigduino.a(contiki-main.o)
 .debug_abbrev  0x0000000000000e52      0x10a contiki-avr-zigduino.a(params.o)
 .debug_abbrev  0x0000000000000f5c      0x17f contiki-avr-zigduino.a(clock.o)
 .debug_abbrev  0x00000000000010db      0x186 contiki-avr-zigduino.a(rs232.o)
 .debug_abbrev  0x0000000000001261       0x4c contiki-avr-zigduino.a(watchdog.o)
 .debug_abbrev  0x00000000000012ad      0x334 contiki-avr-zigduino.a(rf230bb.o)
 .debug_abbrev  0x00000000000015e1      0x143 contiki-avr-zigduino.a(halbb.o)
 .debug_abbrev  0x0000000000001724      0x101 contiki-avr-zigduino.a(rimeaddr.o)
 .debug_abbrev  0x0000000000001825      0x1ac contiki-avr-zigduino.a(rime.o)
 .debug_abbrev  0x00000000000019d1      0x16a contiki-avr-zigduino.a(announcement.o)
 .debug_abbrev  0x0000000000001b3b      0x20b contiki-avr-zigduino.a(broadcast-annou)
 .debug_abbrev  0x0000000000001d46      0x185 contiki-avr-zigduino.a(broadcast.o)
 .debug_abbrev  0x0000000000001ecb      0x145 contiki-avr-zigduino.a(abc.o)
 .debug_abbrev  0x0000000000002010      0x12f contiki-avr-zigduino.a(chameleon.o)
 .debug_abbrev  0x000000000000213f      0x11a contiki-avr-zigduino.a(channel.o)
 .debug_abbrev  0x0000000000002259      0x202 contiki-avr-zigduino.a(chameleon-bitop)
 .debug_abbrev  0x000000000000245b      0x19c contiki-avr-zigduino.a(frame802154.o)
 .debug_abbrev  0x00000000000025f7      0x2ce contiki-avr-zigduino.a(process.o)
 .debug_abbrev  0x00000000000028c5       0xf5 contiki-avr-zigduino.a(autostart.o)
 .debug_abbrev  0x00000000000029ba      0x1bd contiki-avr-zigduino.a(serial-line.o)
 .debug_abbrev  0x0000000000002b77       0xea contiki-avr-zigduino.a(memb.o)
 .debug_abbrev  0x0000000000002c61      0x147 contiki-avr-zigduino.a(mmem.o)
 .debug_abbrev  0x0000000000002da8       0xd2 contiki-avr-zigduino.a(timer.o)
 .debug_abbrev  0x0000000000002e7a      0x13a contiki-avr-zigduino.a(list.o)
 .debug_abbrev  0x0000000000002fb4      0x1b5 contiki-avr-zigduino.a(ctimer.o)
 .debug_abbrev  0x0000000000003169      0x12a contiki-avr-zigduino.a(rtimer.o)
 .debug_abbrev  0x0000000000003293       0xf0 contiki-avr-zigduino.a(ringbuf.o)
 .debug_abbrev  0x0000000000003383      0x386 contiki-avr-zigduino.a(tcpip.o)
 .debug_abbrev  0x0000000000003709      0x100 contiki-avr-zigduino.a(uip-split.o)
 .debug_abbrev  0x0000000000003809      0x304 contiki-avr-zigduino.a(uip.o)
 .debug_abbrev  0x0000000000003b0d       0xc5 contiki-avr-zigduino.a(rtimer-arch.o)

.debug_line     0x0000000000000000     0x8c3a
 *(.debug_line .debug_line.* .debug_line_end)
 .debug_line    0x0000000000000000      0x28a antenna_off_idle.co
 .debug_line    0x000000000000028a      0x193 contiki-avr-zigduino.a(nullmac.o)
 .debug_line    0x000000000000041d      0x437 contiki-avr-zigduino.a(sicslowmac.o)
 .debug_line    0x0000000000000854      0x4b9 contiki-avr-zigduino.a(etimer.o)
 .debug_line    0x0000000000000d0d       0xaf contiki-avr-zigduino.a(random.o)
 .debug_line    0x0000000000000dbc      0x583 contiki-avr-zigduino.a(packetbuf.o)
 .debug_line    0x000000000000133f      0x3bf contiki-avr-zigduino.a(queuebuf.o)
 .debug_line    0x00000000000016fe      0x678 contiki-avr-zigduino.a(contiki-main.o)
 .debug_line    0x0000000000001d76      0x207 contiki-avr-zigduino.a(params.o)
 .debug_line    0x0000000000001f7d      0x2f7 contiki-avr-zigduino.a(clock.o)
 .debug_line    0x0000000000002274      0x2ed contiki-avr-zigduino.a(rs232.o)
 .debug_line    0x0000000000002561      0x15b contiki-avr-zigduino.a(watchdog.o)
 .debug_line    0x00000000000026bc      0xda2 contiki-avr-zigduino.a(rf230bb.o)
 .debug_line    0x000000000000345e      0x333 contiki-avr-zigduino.a(halbb.o)
 .debug_line    0x0000000000003791       0xe6 contiki-avr-zigduino.a(rimeaddr.o)
 .debug_line    0x0000000000003877      0x30f contiki-avr-zigduino.a(rime.o)
 .debug_line    0x0000000000003b86      0x30c contiki-avr-zigduino.a(announcement.o)
 .debug_line    0x0000000000003e92      0x44e contiki-avr-zigduino.a(broadcast-annou)
 .debug_line    0x00000000000042e0      0x226 contiki-avr-zigduino.a(broadcast.o)
 .debug_line    0x0000000000004506      0x1e1 contiki-avr-zigduino.a(abc.o)
 .debug_line    0x00000000000046e7      0x1cb contiki-avr-zigduino.a(chameleon.o)
 .debug_line    0x00000000000048b2      0x22c contiki-avr-zigduino.a(channel.o)
 .debug_line    0x0000000000004ade      0x4cd contiki-avr-zigduino.a(chameleon-bitop)
 .debug_line    0x0000000000004fab      0x4e7 contiki-avr-zigduino.a(frame802154.o)
 .debug_line    0x0000000000005492      0x4d0 contiki-avr-zigduino.a(process.o)
 .debug_line    0x0000000000005962      0x106 contiki-avr-zigduino.a(autostart.o)
 .debug_line    0x0000000000005a68      0x29b contiki-avr-zigduino.a(serial-line.o)
 .debug_line    0x0000000000005d03      0x195 contiki-avr-zigduino.a(memb.o)
 .debug_line    0x0000000000005e98      0x177 contiki-avr-zigduino.a(mmem.o)
 .debug_line    0x000000000000600f      0x189 contiki-avr-zigduino.a(timer.o)
 .debug_line    0x0000000000006198      0x349 contiki-avr-zigduino.a(list.o)
 .debug_line    0x00000000000064e1      0x3d9 contiki-avr-zigduino.a(ctimer.o)
 .debug_line    0x00000000000068ba      0x125 contiki-avr-zigduino.a(rtimer.o)
 .debug_line    0x00000000000069df      0x1b6 contiki-avr-zigduino.a(ringbuf.o)
 .debug_line    0x0000000000006b95      0x735 contiki-avr-zigduino.a(tcpip.o)
 .debug_line    0x00000000000072ca      0x1bc contiki-avr-zigduino.a(uip-split.o)
 .debug_line    0x0000000000007486     0x14bb contiki-avr-zigduino.a(uip.o)
 .debug_line    0x0000000000008941      0x2f9 contiki-avr-zigduino.a(rtimer-arch.o)

.debug_frame    0x0000000000000000     0x1598
 *(.debug_frame)
 .debug_frame   0x0000000000000000       0x24 antenna_off_idle.co
 .debug_frame   0x0000000000000024       0x74 contiki-avr-zigduino.a(nullmac.o)
 .debug_frame   0x0000000000000098       0x84 contiki-avr-zigduino.a(sicslowmac.o)
 .debug_frame   0x000000000000011c       0xf4 contiki-avr-zigduino.a(etimer.o)
 .debug_frame   0x0000000000000210       0x34 contiki-avr-zigduino.a(random.o)
 .debug_frame   0x0000000000000244      0x1a4 contiki-avr-zigduino.a(packetbuf.o)
 .debug_frame   0x00000000000003e8       0xb4 contiki-avr-zigduino.a(queuebuf.o)
 .debug_frame   0x000000000000049c       0x54 contiki-avr-zigduino.a(contiki-main.o)
 .debug_frame   0x00000000000004f0       0x64 contiki-avr-zigduino.a(params.o)
 .debug_frame   0x0000000000000554       0xa4 contiki-avr-zigduino.a(clock.o)
 .debug_frame   0x00000000000005f8       0xa4 contiki-avr-zigduino.a(rs232.o)
 .debug_frame   0x000000000000069c       0x64 contiki-avr-zigduino.a(watchdog.o)
 .debug_frame   0x0000000000000700      0x214 contiki-avr-zigduino.a(rf230bb.o)
 .debug_frame   0x0000000000000914       0xe4 contiki-avr-zigduino.a(halbb.o)
 .debug_frame   0x00000000000009f8       0x44 contiki-avr-zigduino.a(rimeaddr.o)
 .debug_frame   0x0000000000000a3c       0x74 contiki-avr-zigduino.a(rime.o)
 .debug_frame   0x0000000000000ab0       0xc4 contiki-avr-zigduino.a(announcement.o)
 .debug_frame   0x0000000000000b74       0xa4 contiki-avr-zigduino.a(broadcast-annou)
 .debug_frame   0x0000000000000c18       0x64 contiki-avr-zigduino.a(broadcast.o)
 .debug_frame   0x0000000000000c7c       0x64 contiki-avr-zigduino.a(abc.o)
 .debug_frame   0x0000000000000ce0       0x54 contiki-avr-zigduino.a(chameleon.o)
 .debug_frame   0x0000000000000d34       0x64 contiki-avr-zigduino.a(channel.o)
 .debug_frame   0x0000000000000d98       0x84 contiki-avr-zigduino.a(chameleon-bitop)
 .debug_frame   0x0000000000000e1c       0x54 contiki-avr-zigduino.a(frame802154.o)
 .debug_frame   0x0000000000000e70       0xe4 contiki-avr-zigduino.a(process.o)
 .debug_frame   0x0000000000000f54       0x34 contiki-avr-zigduino.a(autostart.o)
 .debug_frame   0x0000000000000f88       0x44 contiki-avr-zigduino.a(serial-line.o)
 .debug_frame   0x0000000000000fcc       0x54 contiki-avr-zigduino.a(memb.o)
 .debug_frame   0x0000000000001020       0x54 contiki-avr-zigduino.a(mmem.o)
 .debug_frame   0x0000000000001074       0x64 contiki-avr-zigduino.a(timer.o)
 .debug_frame   0x00000000000010d8       0xd4 contiki-avr-zigduino.a(list.o)
 .debug_frame   0x00000000000011ac       0x84 contiki-avr-zigduino.a(ctimer.o)
 .debug_frame   0x0000000000001230       0x44 contiki-avr-zigduino.a(rtimer.o)
 .debug_frame   0x0000000000001274       0x64 contiki-avr-zigduino.a(ringbuf.o)
 .debug_frame   0x00000000000012d8      0x104 contiki-avr-zigduino.a(tcpip.o)
 .debug_frame   0x00000000000013dc       0x24 contiki-avr-zigduino.a(uip-split.o)
 .debug_frame   0x0000000000001400      0x134 contiki-avr-zigduino.a(uip.o)
 .debug_frame   0x0000000000001534       0x64 contiki-avr-zigduino.a(rtimer-arch.o)

.debug_str      0x0000000000000000     0x3240
 *(.debug_str)
 .debug_str     0x0000000000000000      0x1b7 antenna_off_idle.co
                                        0x28c (size before relaxing)
 .debug_str     0x00000000000001b7       0xc8 contiki-avr-zigduino.a(nullmac.o)
                                        0x1b2 (size before relaxing)
 .debug_str     0x000000000000027f      0x567 contiki-avr-zigduino.a(sicslowmac.o)
                                        0x730 (size before relaxing)
 .debug_str     0x00000000000007e6      0x16f contiki-avr-zigduino.a(etimer.o)
                                        0x29d (size before relaxing)
 .debug_str     0x0000000000000955       0x61 contiki-avr-zigduino.a(random.o)
                                         0xe7 (size before relaxing)
 .debug_str     0x00000000000009b6      0x280 contiki-avr-zigduino.a(packetbuf.o)
                                        0x639 (size before relaxing)
 .debug_str     0x0000000000000c36      0x1b6 contiki-avr-zigduino.a(queuebuf.o)
                                        0x5bc (size before relaxing)
 .debug_str     0x0000000000000dec      0x105 contiki-avr-zigduino.a(contiki-main.o)
                                        0x34c (size before relaxing)
 .debug_str     0x0000000000000ef1      0x175 contiki-avr-zigduino.a(params.o)
                                        0x21e (size before relaxing)
 .debug_str     0x0000000000001066       0xfd contiki-avr-zigduino.a(clock.o)
                                        0x1c9 (size before relaxing)
 .debug_str     0x0000000000001163      0x130 contiki-avr-zigduino.a(rs232.o)
                                        0x1d3 (size before relaxing)
 .debug_str     0x0000000000001293       0x94 contiki-avr-zigduino.a(watchdog.o)
                                        0x118 (size before relaxing)
 .debug_str     0x0000000000001327      0x5bf contiki-avr-zigduino.a(rf230bb.o)
                                        0xb2a (size before relaxing)
 .debug_str     0x00000000000018e6      0x15a contiki-avr-zigduino.a(halbb.o)
                                        0x282 (size before relaxing)
 .debug_str     0x0000000000001a40       0x8e contiki-avr-zigduino.a(rimeaddr.o)
                                        0x140 (size before relaxing)
 .debug_str     0x0000000000001ace       0xed contiki-avr-zigduino.a(rime.o)
                                        0x27c (size before relaxing)
 .debug_str     0x0000000000001bbb      0x1cb contiki-avr-zigduino.a(announcement.o)
                                        0x2d3 (size before relaxing)
 .debug_str     0x0000000000001d86      0x1f9 contiki-avr-zigduino.a(broadcast-annou)
                                        0x3d7 (size before relaxing)
 .debug_str     0x0000000000001f7f       0xa5 contiki-avr-zigduino.a(broadcast.o)
                                        0x4c8 (size before relaxing)
 .debug_str     0x0000000000002024       0x75 contiki-avr-zigduino.a(abc.o)
                                        0x461 (size before relaxing)
 .debug_str     0x0000000000002099       0xb0 contiki-avr-zigduino.a(chameleon.o)
                                        0x465 (size before relaxing)
 .debug_str     0x0000000000002149       0xb7 contiki-avr-zigduino.a(channel.o)
                                        0x19a (size before relaxing)
 .debug_str     0x0000000000002200       0xf0 contiki-avr-zigduino.a(chameleon-bitop)
                                        0x50a (size before relaxing)
 .debug_str     0x00000000000022f0       0xf6 contiki-avr-zigduino.a(frame802154.o)
                                        0x306 (size before relaxing)
 .debug_str     0x00000000000023e6      0x182 contiki-avr-zigduino.a(process.o)
                                        0x27e (size before relaxing)
 .debug_str     0x0000000000002568       0x66 contiki-avr-zigduino.a(autostart.o)
                                        0x148 (size before relaxing)
 .debug_str     0x00000000000025ce       0xe0 contiki-avr-zigduino.a(serial-line.o)
                                        0x207 (size before relaxing)
 .debug_str     0x00000000000026ae       0x72 contiki-avr-zigduino.a(memb.o)
                                        0x10d (size before relaxing)
 .debug_str     0x0000000000002720       0x95 contiki-avr-zigduino.a(mmem.o)
                                        0x13d (size before relaxing)
 .debug_str     0x00000000000027b5       0x53 contiki-avr-zigduino.a(timer.o)
                                        0x132 (size before relaxing)
 .debug_str     0x0000000000002808       0xd4 contiki-avr-zigduino.a(list.o)
                                         0xfb (size before relaxing)
 .debug_str     0x00000000000028dc       0xe5 contiki-avr-zigduino.a(ctimer.o)
                                        0x231 (size before relaxing)
 .debug_str     0x00000000000029c1       0xee contiki-avr-zigduino.a(rtimer.o)
                                        0x18a (size before relaxing)
 .debug_str     0x0000000000002aaf       0x88 contiki-avr-zigduino.a(ringbuf.o)
                                        0x145 (size before relaxing)
 .debug_str     0x0000000000002b37      0x2e6 contiki-avr-zigduino.a(tcpip.o)
                                        0x4a7 (size before relaxing)
 .debug_str     0x0000000000002e1d       0x7f contiki-avr-zigduino.a(uip-split.o)
                                        0x1e5 (size before relaxing)
 .debug_str     0x0000000000002e9c      0x2fe contiki-avr-zigduino.a(uip.o)
                                        0x5d1 (size before relaxing)
 .debug_str     0x000000000000319a       0xa6 contiki-avr-zigduino.a(rtimer-arch.o)
                                        0x1b4 (size before relaxing)

.debug_loc      0x0000000000000000     0x4a90
 *(.debug_loc)
 .debug_loc     0x0000000000000000       0xc9 antenna_off_idle.co
 .debug_loc     0x00000000000000c9       0x48 contiki-avr-zigduino.a(nullmac.o)
 .debug_loc     0x0000000000000111      0x177 contiki-avr-zigduino.a(sicslowmac.o)
 .debug_loc     0x0000000000000288      0x42e contiki-avr-zigduino.a(etimer.o)
 .debug_loc     0x00000000000006b6       0x18 contiki-avr-zigduino.a(random.o)
 .debug_loc     0x00000000000006ce      0x27b contiki-avr-zigduino.a(packetbuf.o)
 .debug_loc     0x0000000000000949      0x240 contiki-avr-zigduino.a(queuebuf.o)
 .debug_loc     0x0000000000000b89       0xeb contiki-avr-zigduino.a(contiki-main.o)
 .debug_loc     0x0000000000000c74      0x107 contiki-avr-zigduino.a(params.o)
 .debug_loc     0x0000000000000d7b       0xee contiki-avr-zigduino.a(clock.o)
 .debug_loc     0x0000000000000e69      0x12e contiki-avr-zigduino.a(rs232.o)
 .debug_loc     0x0000000000000f97      0x73a contiki-avr-zigduino.a(rf230bb.o)
 .debug_loc     0x00000000000016d1      0x25b contiki-avr-zigduino.a(halbb.o)
 .debug_loc     0x000000000000192c       0x58 contiki-avr-zigduino.a(rimeaddr.o)
 .debug_loc     0x0000000000001984      0x168 contiki-avr-zigduino.a(rime.o)
 .debug_loc     0x0000000000001aec      0x224 contiki-avr-zigduino.a(announcement.o)
 .debug_loc     0x0000000000001d10      0x26b contiki-avr-zigduino.a(broadcast-annou)
 .debug_loc     0x0000000000001f7b      0x168 contiki-avr-zigduino.a(broadcast.o)
 .debug_loc     0x00000000000020e3      0x138 contiki-avr-zigduino.a(abc.o)
 .debug_loc     0x000000000000221b       0xac contiki-avr-zigduino.a(chameleon.o)
 .debug_loc     0x00000000000022c7      0x12c contiki-avr-zigduino.a(channel.o)
 .debug_loc     0x00000000000023f3      0x64f contiki-avr-zigduino.a(chameleon-bitop)
 .debug_loc     0x0000000000002a42      0x34c contiki-avr-zigduino.a(frame802154.o)
 .debug_loc     0x0000000000002d8e      0x367 contiki-avr-zigduino.a(process.o)
 .debug_loc     0x00000000000030f5       0x58 contiki-avr-zigduino.a(autostart.o)
 .debug_loc     0x000000000000314d      0x11a contiki-avr-zigduino.a(serial-line.o)
 .debug_loc     0x0000000000003267      0x1b0 contiki-avr-zigduino.a(memb.o)
 .debug_loc     0x0000000000003417       0xac contiki-avr-zigduino.a(mmem.o)
 .debug_loc     0x00000000000034c3      0x10c contiki-avr-zigduino.a(timer.o)
 .debug_loc     0x00000000000035cf      0x41c contiki-avr-zigduino.a(list.o)
 .debug_loc     0x00000000000039eb      0x311 contiki-avr-zigduino.a(ctimer.o)
 .debug_loc     0x0000000000003cfc       0xc7 contiki-avr-zigduino.a(rtimer.o)
 .debug_loc     0x0000000000003dc3       0xd4 contiki-avr-zigduino.a(ringbuf.o)
 .debug_loc     0x0000000000003e97      0x542 contiki-avr-zigduino.a(tcpip.o)
 .debug_loc     0x00000000000043d9       0x78 contiki-avr-zigduino.a(uip-split.o)
 .debug_loc     0x0000000000004451      0x5bd contiki-avr-zigduino.a(uip.o)
 .debug_loc     0x0000000000004a0e       0x82 contiki-avr-zigduino.a(rtimer-arch.o)

.debug_macinfo
 *(.debug_macinfo)

.debug_weaknames
 *(.debug_weaknames)

.debug_funcnames
 *(.debug_funcnames)

.debug_typenames
 *(.debug_typenames)

.debug_varnames
 *(.debug_varnames)

.debug_pubtypes
                0x0000000000000000     0x135d
 *(.debug_pubtypes)
 .debug_pubtypes
                0x0000000000000000       0xc7 antenna_off_idle.co
 .debug_pubtypes
                0x00000000000000c7       0x67 contiki-avr-zigduino.a(nullmac.o)
 .debug_pubtypes
                0x000000000000012e       0xf2 contiki-avr-zigduino.a(sicslowmac.o)
 .debug_pubtypes
                0x0000000000000220       0x7b contiki-avr-zigduino.a(etimer.o)
 .debug_pubtypes
                0x000000000000029b       0x12 contiki-avr-zigduino.a(random.o)
 .debug_pubtypes
                0x00000000000002ad       0x75 contiki-avr-zigduino.a(packetbuf.o)
 .debug_pubtypes
                0x0000000000000322       0xae contiki-avr-zigduino.a(queuebuf.o)
 .debug_pubtypes
                0x00000000000003d0       0xfd contiki-avr-zigduino.a(contiki-main.o)
 .debug_pubtypes
                0x00000000000004cd       0x2b contiki-avr-zigduino.a(params.o)
 .debug_pubtypes
                0x00000000000004f8       0x3c contiki-avr-zigduino.a(clock.o)
 .debug_pubtypes
                0x0000000000000534       0x29 contiki-avr-zigduino.a(rs232.o)
 .debug_pubtypes
                0x000000000000055d       0x2b contiki-avr-zigduino.a(watchdog.o)
 .debug_pubtypes
                0x0000000000000588       0xd8 contiki-avr-zigduino.a(rf230bb.o)
 .debug_pubtypes
                0x0000000000000660       0x3e contiki-avr-zigduino.a(halbb.o)
 .debug_pubtypes
                0x000000000000069e       0x21 contiki-avr-zigduino.a(rimeaddr.o)
 .debug_pubtypes
                0x00000000000006bf       0x9f contiki-avr-zigduino.a(rime.o)
 .debug_pubtypes
                0x000000000000075e       0x8c contiki-avr-zigduino.a(announcement.o)
 .debug_pubtypes
                0x00000000000007ea      0x194 contiki-avr-zigduino.a(broadcast-annou)
 .debug_pubtypes
                0x000000000000097e       0xa7 contiki-avr-zigduino.a(broadcast.o)
 .debug_pubtypes
                0x0000000000000a25       0x6d contiki-avr-zigduino.a(abc.o)
 .debug_pubtypes
                0x0000000000000a92       0x63 contiki-avr-zigduino.a(chameleon.o)
 .debug_pubtypes
                0x0000000000000af5       0x59 contiki-avr-zigduino.a(channel.o)
 .debug_pubtypes
                0x0000000000000b4e       0x96 contiki-avr-zigduino.a(chameleon-bitop)
 .debug_pubtypes
                0x0000000000000be4       0xb2 contiki-avr-zigduino.a(frame802154.o)
 .debug_pubtypes
                0x0000000000000c96       0x7d contiki-avr-zigduino.a(process.o)
 .debug_pubtypes
                0x0000000000000d13       0x55 contiki-avr-zigduino.a(autostart.o)
 .debug_pubtypes
                0x0000000000000d68       0x6d contiki-avr-zigduino.a(serial-line.o)
 .debug_pubtypes