Archive member included because of file (symbol)

contiki-avr-zigduino.a(etimer.o)
                              naive_temp_average.co (etimer_set)
contiki-avr-zigduino.a(contiki-main.o)
                              /usr/lib/gcc/avr/4.8.1/../../../avr/lib/avr51/crtm128rfa1.o (main)
contiki-avr-zigduino.a(params.o)
                              contiki-avr-zigduino.a(contiki-main.o) (params_get_channel)
contiki-avr-zigduino.a(clock.o)
                              contiki-avr-zigduino.a(contiki-main.o) (clock_init)
contiki-avr-zigduino.a(rs232.o)
                              contiki-avr-zigduino.a(contiki-main.o) (rs232_init)
contiki-avr-zigduino.a(watchdog.o)
                              contiki-avr-zigduino.a(contiki-main.o) (watchdog_init)
contiki-avr-zigduino.a(rf230bb.o)
                              contiki-avr-zigduino.a(contiki-main.o) (rf230_get_channel)
contiki-avr-zigduino.a(halbb.o)
                              contiki-avr-zigduino.a(rf230bb.o) (hal_init)
contiki-avr-zigduino.a(rimeaddr.o)
                              contiki-avr-zigduino.a(contiki-main.o) (rimeaddr_set_node_addr)
contiki-avr-zigduino.a(rime.o)
                              contiki-avr-zigduino.a(contiki-main.o) (rime_driver)
contiki-avr-zigduino.a(announcement.o)
                              contiki-avr-zigduino.a(rime.o) (announcement_init)
contiki-avr-zigduino.a(broadcast-annou)
                              contiki-avr-zigduino.a(rime.o) (broadcast_announcement_init)
contiki-avr-zigduino.a(broadcast.o)
                              contiki-avr-zigduino.a(broadcast-annou) (broadcast_open)
contiki-avr-zigduino.a(abc.o)
                              contiki-avr-zigduino.a(broadcast.o) (abc_open)
contiki-avr-zigduino.a(chameleon.o)
                              contiki-avr-zigduino.a(rime.o) (chameleon_init)
contiki-avr-zigduino.a(channel.o)
                              contiki-avr-zigduino.a(chameleon.o) (channel_init)
contiki-avr-zigduino.a(chameleon-bitop)
                              contiki-avr-zigduino.a(chameleon.o) (chameleon_bitopt)
contiki-avr-zigduino.a(nullmac.o)
                              contiki-avr-zigduino.a(contiki-main.o) (nullmac_driver)
contiki-avr-zigduino.a(sicslowmac.o)
                              contiki-avr-zigduino.a(contiki-main.o) (sicslowmac_driver)
contiki-avr-zigduino.a(process.o)
                              contiki-avr-zigduino.a(etimer.o) (process_current)
contiki-avr-zigduino.a(autostart.o)
                              contiki-avr-zigduino.a(contiki-main.o) (autostart_start)
contiki-avr-zigduino.a(serial-line.o)
                              contiki-avr-zigduino.a(contiki-main.o) (serial_line_input_byte)
contiki-avr-zigduino.a(mmem.o)
                              contiki-avr-zigduino.a(contiki-main.o) (mmem_init)
contiki-avr-zigduino.a(timer.o)
                              contiki-avr-zigduino.a(etimer.o) (timer_set)
contiki-avr-zigduino.a(list.o)
                              contiki-avr-zigduino.a(announcement.o) (list_init)
contiki-avr-zigduino.a(ctimer.o)
                              contiki-avr-zigduino.a(contiki-main.o) (ctimer_init)
contiki-avr-zigduino.a(rtimer.o)
                              contiki-avr-zigduino.a(contiki-main.o) (rtimer_init)
contiki-avr-zigduino.a(random.o)
                              contiki-avr-zigduino.a(contiki-main.o) (random_init)
contiki-avr-zigduino.a(ringbuf.o)
                              contiki-avr-zigduino.a(serial-line.o) (ringbuf_init)
contiki-avr-zigduino.a(packetbuf.o)
                              contiki-avr-zigduino.a(chameleon-bitop) (packetbuf_hdrreduce)
contiki-avr-zigduino.a(queuebuf.o)
                              contiki-avr-zigduino.a(contiki-main.o) (queuebuf_init)
contiki-avr-zigduino.a(tcpip.o)
                              contiki-avr-zigduino.a(contiki-main.o) (tcpip_process)
contiki-avr-zigduino.a(uip-split.o)
                              contiki-avr-zigduino.a(tcpip.o) (uip_split_output)
contiki-avr-zigduino.a(uip.o)
                              contiki-avr-zigduino.a(tcpip.o) (uip_aligned_buf)
contiki-avr-zigduino.a(rtimer-arch.o)
                              contiki-avr-zigduino.a(rtimer.o) (rtimer_arch_init)
contiki-avr-zigduino.a(frame802154.o)
                              contiki-avr-zigduino.a(sicslowmac.o) (frame802154_hdrlen)
contiki-avr-zigduino.a(memb.o)
                              contiki-avr-zigduino.a(queuebuf.o) (memb_init)
/usr/lib/gcc/avr/4.8.1/avr51/libgcc.a(_udivmodqi4.o)
                              naive_temp_average.co (__udivmodqi4)
/usr/lib/gcc/avr/4.8.1/avr51/libgcc.a(_udivmodhi4.o)
                              contiki-avr-zigduino.a(contiki-main.o) (__udivmodhi4)
/usr/lib/gcc/avr/4.8.1/avr51/libgcc.a(_udivmodsi4.o)
                              contiki-avr-zigduino.a(contiki-main.o) (__udivmodsi4)
/usr/lib/gcc/avr/4.8.1/avr51/libgcc.a(_exit.o)
                              /usr/lib/gcc/avr/4.8.1/../../../avr/lib/avr51/crtm128rfa1.o (exit)
[...]
Memory Configuration

Name             Origin             Length             Attributes
text             0x0000000000000000 0x0000000000020000 xr
data             0x0000000000800100 0x000000000000ff00 rw !x
eeprom           0x0000000000810000 0x0000000000010000 rw !x
fuse             0x0000000000820000 0x0000000000000400 rw !x
lock             0x0000000000830000 0x0000000000000400 rw !x
signature        0x0000000000840000 0x0000000000000400 rw !x
user_signatures  0x0000000000850000 0x0000000000000400 rw !x
*default*        0x0000000000000000 0xffffffffffffffff

Linker script and memory map

Address of section .data set to 0x800200
LOAD /usr/lib/gcc/avr/4.8.1/../../../avr/lib/avr51/crtm128rfa1.o
Address of section .bootloader set to 0x1f800
LOAD naive_temp_average.co
LOAD contiki-avr-zigduino.a
START GROUP
LOAD /usr/lib/gcc/avr/4.8.1/avr51/libgcc.a
LOAD /usr/lib/gcc/avr/4.8.1/../../../avr/lib/avr51/libm.a
LOAD /usr/lib/gcc/avr/4.8.1/../../../avr/lib/avr51/libc.a
END GROUP

.hash
 *(.hash)

.dynsym
 *(.dynsym)

.dynstr
 *(.dynstr)

.gnu.version
 *(.gnu.version)

.gnu.version_d
 *(.gnu.version_d)

.gnu.version_r
 *(.gnu.version_r)

.rel.init
 *(.rel.init)

.rela.init
 *(.rela.init)

.rel.text
 *(.rel.text)
 *(.rel.text.*)
 *(.rel.gnu.linkonce.t*)

.rela.text
 *(.rela.text)
 *(.rela.text.*)
 *(.rela.gnu.linkonce.t*)

.rel.fini
 *(.rel.fini)

.rela.fini
 *(.rela.fini)

.rel.rodata
 *(.rel.rodata)
 *(.rel.rodata.*)
 *(.rel.gnu.linkonce.r*)

.rela.rodata
 *(.rela.rodata)
 *(.rela.rodata.*)
 *(.rela.gnu.linkonce.r*)

.rel.data
 *(.rel.data)
 *(.rel.data.*)
 *(.rel.gnu.linkonce.d*)

.rela.data
 *(.rela.data)
 *(.rela.data.*)
 *(.rela.gnu.linkonce.d*)

.rel.ctors
 *(.rel.ctors)

.rela.ctors
 *(.rela.ctors)

.rel.dtors
 *(.rel.dtors)

.rela.dtors
 *(.rela.dtors)

.rel.got
 *(.rel.got)

.rela.got
 *(.rela.got)

.rel.bss
 *(.rel.bss)

.rela.bss
 *(.rela.bss)

.rel.plt
 *(.rel.plt)

.rela.plt
 *(.rela.plt)

.text           0x0000000000000000     0x4e34
 *(.vectors)
 .vectors       0x0000000000000000      0x120 /usr/lib/gcc/avr/4.8.1/../../../avr/lib/avr51/crtm128rfa1.o
                0x0000000000000000                __vectors
                0x0000000000000000                __vector_default
 *(.vectors)
 *(.progmem.gcc*)
 .progmem.gcc_sw_table.uip_process
                0x0000000000000120       0x10 contiki-avr-zigduino.a(uip.o)
                0x0000000000000130                . = ALIGN (0x2)
                0x0000000000000130                __trampolines_start = .
 *(.trampolines)
 .trampolines   0x0000000000000130        0x0 linker stubs
 *(.trampolines*)
                0x0000000000000130                __trampolines_end = .
 *(.progmem*)
 .progmem.data.__c.5075
                0x0000000000000130       0x1d contiki-avr-zigduino.a(contiki-main.o)
 .progmem.data.__c.5071
                0x000000000000014d        0x5 contiki-avr-zigduino.a(contiki-main.o)
 .progmem.data.__c.5066
                0x0000000000000152        0x8 contiki-avr-zigduino.a(contiki-main.o)
 .progmem.data.__c.5064
                0x000000000000015a       0x32 contiki-avr-zigduino.a(contiki-main.o)
 .progmem.data.__c.5062
                0x000000000000018c        0x2 contiki-avr-zigduino.a(contiki-main.o)
 .progmem.data.__c.5057
                0x000000000000018e        0x4 contiki-avr-zigduino.a(contiki-main.o)
 .progmem.data.__c.5054
                0x0000000000000192        0xd contiki-avr-zigduino.a(contiki-main.o)
 .progmem.data.__c.5052
                0x000000000000019f       0x20 contiki-avr-zigduino.a(contiki-main.o)
 .progmem.data.__c.5049
                0x00000000000001bf       0x1b contiki-avr-zigduino.a(contiki-main.o)
 .progmem.data.__c.5042
                0x00000000000001da        0xd contiki-avr-zigduino.a(contiki-main.o)
 .progmem.data.__c.5040
                0x00000000000001e7       0x11 contiki-avr-zigduino.a(contiki-main.o)
 .progmem.data.__c.5038
                0x00000000000001f8       0x11 contiki-avr-zigduino.a(contiki-main.o)
 .progmem.data.__c.5036
                0x0000000000000209       0x11 contiki-avr-zigduino.a(contiki-main.o)
 .progmem.data.__c.5034
                0x000000000000021a       0x11 contiki-avr-zigduino.a(contiki-main.o)
 .progmem.data.__c.5032
                0x000000000000022b       0x1c contiki-avr-zigduino.a(contiki-main.o)
 .progmem.data.__c.4698
                0x0000000000000247       0x2d contiki-avr-zigduino.a(params.o)
 .progmem.data.default_domain_name
                0x0000000000000274        0xa contiki-avr-zigduino.a(params.o)
                0x0000000000000274                default_domain_name
 .progmem.data.default_server_name
                0x000000000000027e        0xe contiki-avr-zigduino.a(params.o)
                0x000000000000027e                default_server_name
 .progmem.data.default_mac_address
                0x000000000000028c        0x8 contiki-avr-zigduino.a(params.o)
                0x000000000000028c                default_mac_address
                0x0000000000000294                . = ALIGN (0x2)
 *(.jumptables)
 *(.jumptables*)
 *(.lowtext)
 *(.lowtext*)
                0x0000000000000294                __ctors_start = .
 *(.ctors)
                0x0000000000000294                __ctors_end = .
                0x0000000000000294                __dtors_start = .
 *(.dtors)
                0x0000000000000294                __dtors_end = .
 SORT(*)(.ctors)
 SORT(*)(.dtors)
 *(.init0)
 .init0         0x0000000000000294        0x0 /usr/lib/gcc/avr/4.8.1/../../../avr/lib/avr51/crtm128rfa1.o
                0x0000000000000294                __init
 *(.init0)
 *(.init1)
 *(.init1)
 *(.init2)
 .init2         0x0000000000000294        0xc /usr/lib/gcc/avr/4.8.1/../../../avr/lib/avr51/crtm128rfa1.o
 *(.init2)
 *(.init3)
 *(.init3)
 *(.init4)
 .init4         0x00000000000002a0       0x1a /usr/lib/gcc/avr/4.8.1/avr51/libgcc.a(_copy_data.o)
                0x00000000000002a0                __do_copy_data
 .init4         0x00000000000002ba       0x10 /usr/lib/gcc/avr/4.8.1/avr51/libgcc.a(_clear_bss.o)
                0x00000000000002ba                __do_clear_bss
 *(.init4)
 *(.init5)
 *(.init5)
 *(.init6)
 *(.init6)
 *(.init7)
 *(.init7)
 *(.init8)
 *(.init8)
 *(.init9)
 .init9         0x00000000000002ca        0x8 /usr/lib/gcc/avr/4.8.1/../../../avr/lib/avr51/crtm128rfa1.o
 *(.init9)
 *(.text)
 .text          0x00000000000002d2        0x4 /usr/lib/gcc/avr/4.8.1/../../../avr/lib/avr51/crtm128rfa1.o
                0x00000000000002d2                __vector_38
                0x00000000000002d2                __vector_22
                0x00000000000002d2                __vector_28
                0x00000000000002d2                __vector_67
                0x00000000000002d2                __vector_1
                0x00000000000002d2                __vector_71
                0x00000000000002d2                __vector_34
                0x00000000000002d2                __vector_24
                0x00000000000002d2                __vector_12
                0x00000000000002d2                __vector_55
                0x00000000000002d2                __vector_69
                0x00000000000002d2                __vector_46
                0x00000000000002d2                __bad_interrupt
                0x00000000000002d2                __vector_6
                0x00000000000002d2                __vector_31
                0x00000000000002d2                __vector_35
                0x00000000000002d2                __vector_39
                0x00000000000002d2                __vector_3
                0x00000000000002d2                __vector_23
                0x00000000000002d2                __vector_68
                0x00000000000002d2                __vector_30
                0x00000000000002d2                __vector_45
                0x00000000000002d2                __vector_11
                0x00000000000002d2                __vector_54
                0x00000000000002d2                __vector_17
                0x00000000000002d2                __vector_19
                0x00000000000002d2                __vector_56
                0x00000000000002d2                __vector_7
                0x00000000000002d2                __vector_49
                0x00000000000002d2                __vector_41
                0x00000000000002d2                __vector_43
                0x00000000000002d2                __vector_27
                0x00000000000002d2                __vector_5
                0x00000000000002d2                __vector_33
                0x00000000000002d2                __vector_47
                0x00000000000002d2                __vector_52
                0x00000000000002d2                __vector_37
                0x00000000000002d2                __vector_4
                0x00000000000002d2                __vector_44
                0x00000000000002d2                __vector_51
                0x00000000000002d2                __vector_9
                0x00000000000002d2                __vector_2
                0x00000000000002d2                __vector_15
                0x00000000000002d2                __vector_66
                0x00000000000002d2                __vector_70
                0x00000000000002d2                __vector_29
                0x00000000000002d2                __vector_40
                0x00000000000002d2                __vector_8
                0x00000000000002d2                __vector_26
                0x00000000000002d2                __vector_48
                0x00000000000002d2                __vector_14
                0x00000000000002d2                __vector_53
                0x00000000000002d2                __vector_10
                0x00000000000002d2                __vector_50
                0x00000000000002d2                __vector_16
                0x00000000000002d2                __vector_18
                0x00000000000002d2                __vector_20
                0x00000000000002d2                __vector_42
                0x00000000000002d2                __vector_65
                0x00000000000002d6                . = ALIGN (0x2)
 *(.text.*)
 .text.process_thread_antenna_on_idle_process
                0x00000000000002d6       0x72 naive_temp_average.co
 .text.update_time
                0x0000000000000348       0x64 contiki-avr-zigduino.a(etimer.o)
 .text.etimer_request_poll
                0x00000000000003ac        0x8 contiki-avr-zigduino.a(etimer.o)
                0x00000000000003ac                etimer_request_poll
 .text.process_thread_etimer_process
                0x00000000000003b4      0x106 contiki-avr-zigduino.a(etimer.o)
 .text.add_timer
                0x00000000000004ba       0x5e contiki-avr-zigduino.a(etimer.o)
 .text.etimer_set
                0x0000000000000518       0x14 contiki-avr-zigduino.a(etimer.o)
                0x0000000000000518                etimer_set
 .text.etimer_restart
                0x000000000000052c       0x14 contiki-avr-zigduino.a(etimer.o)
                0x000000000000052c                etimer_restart
 .text.etimer_expired
                0x0000000000000540       0x16 contiki-avr-zigduino.a(etimer.o)
                0x0000000000000540                etimer_expired
 .text.etimer_pending
                0x0000000000000556       0x16 contiki-avr-zigduino.a(etimer.o)
                0x0000000000000556                etimer_pending
 .text.rng_get_uint8
                0x000000000000056c       0x2a contiki-avr-zigduino.a(contiki-main.o)
                0x000000000000056c                rng_get_uint8
 .text.initialize
                0x0000000000000596      0x26a contiki-avr-zigduino.a(contiki-main.o)
                0x0000000000000596                initialize
 .text.startup.main
                0x0000000000000800       0xee contiki-avr-zigduino.a(contiki-main.o)
                0x0000000000000800                main
 .text.params_get_channel
                0x00000000000008ee      0x10c contiki-avr-zigduino.a(params.o)
                0x00000000000008ee                params_get_channel
 .text.params_get_eui64
                0x00000000000009fa       0x14 contiki-avr-zigduino.a(params.o)
                0x00000000000009fa                params_get_eui64
 .text.params_get_panid
                0x0000000000000a0e        0x8 contiki-avr-zigduino.a(params.o)
                0x0000000000000a0e                params_get_panid
 .text.params_get_panaddr
                0x0000000000000a16        0x8 contiki-avr-zigduino.a(params.o)
                0x0000000000000a16                params_get_panaddr
 .text.params_get_txpower
                0x0000000000000a1e        0x8 contiki-avr-zigduino.a(params.o)
                0x0000000000000a1e                params_get_txpower
 .text.clock_init
                0x0000000000000a26       0x20 contiki-avr-zigduino.a(clock.o)
                0x0000000000000a26                clock_init
 .text.clock_time
                0x0000000000000a46       0x18 contiki-avr-zigduino.a(clock.o)
                0x0000000000000a46                clock_time
 .text.clock_seconds
                0x0000000000000a5e       0x34 contiki-avr-zigduino.a(clock.o)
                0x0000000000000a5e                clock_seconds
 .text.__vector_21
                0x0000000000000a92       0xa2 contiki-avr-zigduino.a(clock.o)
                0x0000000000000a92                __vector_21
 .text.__vector_25
                0x0000000000000b34       0x5e contiki-avr-zigduino.a(rs232.o)
                0x0000000000000b34                __vector_25
 .text.__vector_36
                0x0000000000000b92       0x5e contiki-avr-zigduino.a(rs232.o)
                0x0000000000000b92                __vector_36
 .text.rs232_init
                0x0000000000000bf0       0x40 contiki-avr-zigduino.a(rs232.o)
                0x0000000000000bf0                rs232_init
 .text.rs232_send
                0x0000000000000c30       0x24 contiki-avr-zigduino.a(rs232.o)
                0x0000000000000c30                rs232_send
 .text.rs232_stdout_putchar
                0x0000000000000c54       0x2a contiki-avr-zigduino.a(rs232.o)
                0x0000000000000c54                rs232_stdout_putchar
 .text.rs232_set_input
                0x0000000000000c7e       0x1c contiki-avr-zigduino.a(rs232.o)
                0x0000000000000c7e                rs232_set_input
 .text.rs232_redirect_stdout
                0x0000000000000c9a       0x12 contiki-avr-zigduino.a(rs232.o)
                0x0000000000000c9a                rs232_redirect_stdout
 .text.watchdog_init
                0x0000000000000cac       0x18 contiki-avr-zigduino.a(watchdog.o)
                0x0000000000000cac                watchdog_init
 .text.watchdog_start
                0x0000000000000cc4       0x18 contiki-avr-zigduino.a(watchdog.o)
                0x0000000000000cc4                watchdog_start
 .text.watchdog_periodic
                0x0000000000000cdc        0x4 contiki-avr-zigduino.a(watchdog.o)
                0x0000000000000cdc                watchdog_periodic
 .text.rf230_pending_packet
                0x0000000000000ce0        0x8 contiki-avr-zigduino.a(rf230bb.o)
 .text.radio_reset_state_machine
                0x0000000000000ce8       0x32 contiki-avr-zigduino.a(rf230bb.o)
 .text.set_txpower
                0x0000000000000d1a       0x1e contiki-avr-zigduino.a(rf230bb.o)
 .text.rf230_prepare
                0x0000000000000d38       0x20 contiki-avr-zigduino.a(rf230bb.o)
 .text.rf230_isidle
                0x0000000000000d58       0x2c contiki-avr-zigduino.a(rf230bb.o)
 .text.rf230_waitidle
                0x0000000000000d84       0x12 contiki-avr-zigduino.a(rf230bb.o)
 .text.rf230_receiving_packet
                0x0000000000000d96       0x2a contiki-avr-zigduino.a(rf230bb.o)
 .text.radio_off
                0x0000000000000dc0       0x28 contiki-avr-zigduino.a(rf230bb.o)
 .text.rf230_off
                0x0000000000000de8       0x16 contiki-avr-zigduino.a(rf230bb.o)
 .text.radio_get_trx_state
                0x0000000000000dfe        0xc contiki-avr-zigduino.a(rf230bb.o)
                0x0000000000000dfe                radio_get_trx_state
 .text.radio_set_trx_state
                0x0000000000000e0a       0xbc contiki-avr-zigduino.a(rf230bb.o)
 .text.radio_on
                0x0000000000000ec6       0x42 contiki-avr-zigduino.a(rf230bb.o)
 .text.rf230_on
                0x0000000000000f08       0x12 contiki-avr-zigduino.a(rf230bb.o)
 .text.rf230_cca
                0x0000000000000f1a       0x96 contiki-avr-zigduino.a(rf230bb.o)
 .text.rf230_warm_reset
                0x0000000000000fb0       0x3e contiki-avr-zigduino.a(rf230bb.o)
                0x0000000000000fb0                rf230_warm_reset
 .text.rf230_init
                0x0000000000000fee       0x6e contiki-avr-zigduino.a(rf230bb.o)
                0x0000000000000fee                rf230_init
 .text.rf230_get_channel
                0x000000000000105c        0x6 contiki-avr-zigduino.a(rf230bb.o)
                0x000000000000105c                rf230_get_channel
 .text.rf230_set_channel
                0x0000000000001062       0x2a contiki-avr-zigduino.a(rf230bb.o)
                0x0000000000001062                rf230_set_channel
 .text.rf230_set_pan_addr
                0x000000000000108c       0x48 contiki-avr-zigduino.a(rf230bb.o)
                0x000000000000108c                rf230_set_pan_addr
 .text.rf230_interrupt
                0x00000000000010d4       0x14 contiki-avr-zigduino.a(rf230bb.o)
                0x00000000000010d4                rf230_interrupt
 .text.rf230_read
                0x00000000000010e8       0xb4 contiki-avr-zigduino.a(rf230bb.o)
 .text.process_thread_rf230_process
                0x000000000000119c       0x74 contiki-avr-zigduino.a(rf230bb.o)
 .text.rf230_set_txpower
                0x0000000000001210        0x4 contiki-avr-zigduino.a(rf230bb.o)
                0x0000000000001210                rf230_set_txpower
 .text.rf230_get_txpower
                0x0000000000001214       0x18 contiki-avr-zigduino.a(rf230bb.o)
                0x0000000000001214                rf230_get_txpower
 .text.rf230_transmit
                0x000000000000122c      0x106 contiki-avr-zigduino.a(rf230bb.o)
 .text.rf230_send
                0x0000000000001332       0x1e contiki-avr-zigduino.a(rf230bb.o)
 .text.hal_init
                0x0000000000001350        0x2 contiki-avr-zigduino.a(halbb.o)
                0x0000000000001350                hal_init
 .text.hal_subregister_read
                0x0000000000001352       0x14 contiki-avr-zigduino.a(halbb.o)
                0x0000000000001352                hal_subregister_read
 .text.hal_subregister_write
                0x0000000000001366       0x36 contiki-avr-zigduino.a(halbb.o)
                0x0000000000001366                hal_subregister_write
 .text.hal_frame_read
                0x000000000000139c       0x54 contiki-avr-zigduino.a(halbb.o)
                0x000000000000139c                hal_frame_read
 .text.hal_frame_write
                0x00000000000013f0       0x22 contiki-avr-zigduino.a(halbb.o)
                0x00000000000013f0                hal_frame_write
 .text.__vector_60
                0x0000000000001412       0x70 contiki-avr-zigduino.a(halbb.o)
                0x0000000000001412                __vector_60
 .text.__vector_59
                0x0000000000001482       0x14 contiki-avr-zigduino.a(halbb.o)
                0x0000000000001482                __vector_59
 .text.__vector_57
                0x0000000000001496       0x14 contiki-avr-zigduino.a(halbb.o)
                0x0000000000001496                __vector_57
 .text.__vector_58
                0x00000000000014aa       0x14 contiki-avr-zigduino.a(halbb.o)
                0x00000000000014aa                __vector_58
 .text.__vector_64
                0x00000000000014be       0x18 contiki-avr-zigduino.a(halbb.o)
                0x00000000000014be                __vector_64
 .text.__vector_63
                0x00000000000014d6       0x18 contiki-avr-zigduino.a(halbb.o)
                0x00000000000014d6                __vector_63
 .text.__vector_62
                0x00000000000014ee       0x14 contiki-avr-zigduino.a(halbb.o)
                0x00000000000014ee                __vector_62
 .text.__vector_61
                0x0000000000001502       0x18 contiki-avr-zigduino.a(halbb.o)
                0x0000000000001502                __vector_61
 .text.rimeaddr_copy
                0x000000000000151a        0xe contiki-avr-zigduino.a(rimeaddr.o)
                0x000000000000151a                rimeaddr_copy
 .text.rimeaddr_cmp
                0x0000000000001528       0x18 contiki-avr-zigduino.a(rimeaddr.o)
                0x0000000000001528                rimeaddr_cmp
 .text.rimeaddr_set_node_addr
                0x0000000000001540        0xa contiki-avr-zigduino.a(rimeaddr.o)
                0x0000000000001540                rimeaddr_set_node_addr
 .text.packet_sent
                0x000000000000154a       0x52 contiki-avr-zigduino.a(rime.o)
 .text.input    0x000000000000159c       0x64 contiki-avr-zigduino.a(rime.o)
 .text.init     0x0000000000001600       0x24 contiki-avr-zigduino.a(rime.o)
 .text.rime_output
                0x0000000000001624       0x2c contiki-avr-zigduino.a(rime.o)
                0x0000000000001624                rime_output
 .text.announcement_init
                0x0000000000001650        0x8 contiki-avr-zigduino.a(announcement.o)
                0x0000000000001650                announcement_init
 .text.announcement_register_observer_callback
                0x0000000000001658        0xa contiki-avr-zigduino.a(announcement.o)
                0x0000000000001658                announcement_register_observer_callback
 .text.announcement_list
                0x0000000000001662        0x8 contiki-avr-zigduino.a(announcement.o)
                0x0000000000001662                announcement_list
 .text.announcement_heard
                0x000000000000166a       0x62 contiki-avr-zigduino.a(announcement.o)
                0x000000000000166a                announcement_heard
 .text.adv_packet_sent
                0x00000000000016cc        0x2 contiki-avr-zigduino.a(broadcast-annou)
 .text.set_timers
                0x00000000000016ce       0x3e contiki-avr-zigduino.a(broadcast-annou)
 .text.send_timer
                0x000000000000170c       0x28 contiki-avr-zigduino.a(broadcast-annou)
 .text.send_adv
                0x0000000000001734       0x8e contiki-avr-zigduino.a(broadcast-annou)
 .text.adv_packet_received
                0x00000000000017c2       0x88 contiki-avr-zigduino.a(broadcast-annou)
 .text.new_announcement
                0x000000000000184a       0x20 contiki-avr-zigduino.a(broadcast-annou)
 .text.broadcast_announcement_init
                0x000000000000186a       0x4c contiki-avr-zigduino.a(broadcast-annou)
                0x000000000000186a                broadcast_announcement_init
 .text.sent_by_abc
                0x00000000000018b6       0x18 contiki-avr-zigduino.a(broadcast.o)
 .text.recv_from_abc
                0x00000000000018ce       0x4c contiki-avr-zigduino.a(broadcast.o)
 .text.broadcast_open
                0x000000000000191a       0x34 contiki-avr-zigduino.a(broadcast.o)
                0x000000000000191a                broadcast_open
 .text.broadcast_send
                0x000000000000194e       0x1a contiki-avr-zigduino.a(broadcast.o)
                0x000000000000194e                broadcast_send
 .text.abc_open
                0x0000000000001968       0x30 contiki-avr-zigduino.a(abc.o)
                0x0000000000001968                abc_open
 .text.abc_send
                0x0000000000001998        0x4 contiki-avr-zigduino.a(abc.o)
                0x0000000000001998                abc_send
 .text.abc_input
                0x000000000000199c       0x18 contiki-avr-zigduino.a(abc.o)
                0x000000000000199c                abc_input
 .text.abc_sent
                0x00000000000019b4       0x18 contiki-avr-zigduino.a(abc.o)
                0x00000000000019b4                abc_sent
 .text.chameleon_init
                0x00000000000019cc        0x4 contiki-avr-zigduino.a(chameleon.o)
                0x00000000000019cc                chameleon_init
 .text.chameleon_parse
                0x00000000000019d0       0x26 contiki-avr-zigduino.a(chameleon.o)
                0x00000000000019d0                chameleon_parse
 .text.chameleon_create
                0x00000000000019f6       0x36 contiki-avr-zigduino.a(chameleon.o)
                0x00000000000019f6                chameleon_create
 .text.chameleon_hdrsize
                0x0000000000001a2c        0xa contiki-avr-zigduino.a(chameleon.o)
                0x0000000000001a2c                chameleon_hdrsize
 .text.channel_init
                0x0000000000001a36        0x8 contiki-avr-zigduino.a(channel.o)
                0x0000000000001a36                channel_init
 .text.channel_open
                0x0000000000001a3e       0x10 contiki-avr-zigduino.a(channel.o)
                0x0000000000001a3e                channel_open
 .text.channel_lookup
                0x0000000000001a4e       0x2e contiki-avr-zigduino.a(channel.o)
                0x0000000000001a4e                channel_lookup
 .text.channel_set_attributes
                0x0000000000001a7c       0x2a contiki-avr-zigduino.a(channel.o)
                0x0000000000001a7c                channel_set_attributes
 .text.header_size
                0x0000000000001aa6       0x20 contiki-avr-zigduino.a(chameleon-bitop)
 .text.get_bits_in_byte
                0x0000000000001ac6       0x3e contiki-avr-zigduino.a(chameleon-bitop)
                0x0000000000001ac6                get_bits_in_byte
 .text.get_bits
                0x0000000000001b04       0xec contiki-avr-zigduino.a(chameleon-bitop)
                0x0000000000001b04                get_bits
 .text.unpack_header
                0x0000000000001bf0      0x10e contiki-avr-zigduino.a(chameleon-bitop)
 .text.set_bits_in_byte
                0x0000000000001cfe       0x2e contiki-avr-zigduino.a(chameleon-bitop)
                0x0000000000001cfe                set_bits_in_byte
 .text.set_bits
                0x0000000000001d2c      0x126 contiki-avr-zigduino.a(chameleon-bitop)
                0x0000000000001d2c                set_bits
 .text.pack_header
                0x0000000000001e52       0xfe contiki-avr-zigduino.a(chameleon-bitop)
 .text.send_packet
                0x0000000000001f50        0xa contiki-avr-zigduino.a(nullmac.o)
 .text.packet_input
                0x0000000000001f5a        0xa contiki-avr-zigduino.a(nullmac.o)
 .text.on       0x0000000000001f64        0xa contiki-avr-zigduino.a(nullmac.o)
 .text.off      0x0000000000001f6e        0xa contiki-avr-zigduino.a(nullmac.o)
 .text.channel_check_interval
                0x0000000000001f78        0x6 contiki-avr-zigduino.a(nullmac.o)
 .text.init     0x0000000000001f7e        0x2 contiki-avr-zigduino.a(nullmac.o)
 .text.on       0x0000000000001f80        0xa contiki-avr-zigduino.a(sicslowmac.o)
 .text.channel_check_interval
                0x0000000000001f8a        0x6 contiki-avr-zigduino.a(sicslowmac.o)
 .text.send_packet
                0x0000000000001f90      0x136 contiki-avr-zigduino.a(sicslowmac.o)
 .text.send_list
                0x00000000000020c6       0x48 contiki-avr-zigduino.a(sicslowmac.o)
                0x00000000000020c6                send_list
 .text.input_packet
                0x000000000000210e       0xd6 contiki-avr-zigduino.a(sicslowmac.o)
 .text.init     0x00000000000021e4       0x12 contiki-avr-zigduino.a(sicslowmac.o)
 .text.off      0x00000000000021f6       0x18 contiki-avr-zigduino.a(sicslowmac.o)
 .text.call_process.part.0
                0x000000000000220e       0x4e contiki-avr-zigduino.a(process.o)
 .text.call_process
                0x000000000000225c        0xc contiki-avr-zigduino.a(process.o)
 .text.exit_process
                0x0000000000002268       0xd8 contiki-avr-zigduino.a(process.o)
 .text.do_poll  0x0000000000002340       0x3e contiki-avr-zigduino.a(process.o)
 .text.process_alloc_event
                0x000000000000237e        0xe contiki-avr-zigduino.a(process.o)
                0x000000000000237e                process_alloc_event
 .text.process_init
                0x000000000000238c       0x20 contiki-avr-zigduino.a(process.o)
                0x000000000000238c                process_init
 .text.process_run
                0x00000000000023ac       0xc6 contiki-avr-zigduino.a(process.o)
                0x00000000000023ac                process_run
 .text.process_post
                0x0000000000002472       0x3c contiki-avr-zigduino.a(process.o)
                0x0000000000002472                process_post
 .text.process_post_synch
                0x00000000000024ae       0x1e contiki-avr-zigduino.a(process.o)
                0x00000000000024ae                process_post_synch
 .text.process_start
                0x00000000000024cc       0x42 contiki-avr-zigduino.a(process.o)
                0x00000000000024cc                process_start
 .text.process_poll
                0x000000000000250e       0x18 contiki-avr-zigduino.a(process.o)
                0x000000000000250e                process_poll
 .text.autostart_start
                0x0000000000002526       0x1e contiki-avr-zigduino.a(autostart.o)
                0x0000000000002526                autostart_start
 .text.process_thread_serial_line_process
                0x0000000000002544       0xcc contiki-avr-zigduino.a(serial-line.o)
 .text.serial_line_input_byte
                0x0000000000002610       0x4c contiki-avr-zigduino.a(serial-line.o)
                0x0000000000002610                serial_line_input_byte
 .text.mmem_init
                0x000000000000265c       0x16 contiki-avr-zigduino.a(mmem.o)
                0x000000000000265c                mmem_init
 .text.timer_set
                0x0000000000002672       0x18 contiki-avr-zigduino.a(timer.o)
                0x0000000000002672                timer_set
 .text.timer_restart
                0x000000000000268a       0x14 contiki-avr-zigduino.a(timer.o)
                0x000000000000268a                timer_restart
 .text.timer_expired
                0x000000000000269e       0x30 contiki-avr-zigduino.a(timer.o)
                0x000000000000269e                timer_expired
 .text.list_init
                0x00000000000026ce        0x8 contiki-avr-zigduino.a(list.o)
                0x00000000000026ce                list_init
 .text.list_head
                0x00000000000026d6        0x8 contiki-avr-zigduino.a(list.o)
                0x00000000000026d6                list_head
 .text.list_tail
                0x00000000000026de       0x20 contiki-avr-zigduino.a(list.o)
                0x00000000000026de                list_tail
 .text.list_remove
                0x00000000000026fe       0x36 contiki-avr-zigduino.a(list.o)
                0x00000000000026fe                list_remove
 .text.list_add
                0x0000000000002734       0x32 contiki-avr-zigduino.a(list.o)
                0x0000000000002734                list_add
 .text.list_item_next
                0x0000000000002766       0x12 contiki-avr-zigduino.a(list.o)
                0x0000000000002766                list_item_next
 .text.process_thread_ctimer_process
                0x0000000000002778       0xc8 contiki-avr-zigduino.a(ctimer.o)
 .text.ctimer_init
                0x0000000000002840       0x18 contiki-avr-zigduino.a(ctimer.o)
                0x0000000000002840                ctimer_init
 .text.ctimer_set
                0x0000000000002858       0x64 contiki-avr-zigduino.a(ctimer.o)
                0x0000000000002858                ctimer_set
 .text.rtimer_init
                0x00000000000028bc        0x4 contiki-avr-zigduino.a(rtimer.o)
                0x00000000000028bc                rtimer_init
 .text.rtimer_run_next
                0x00000000000028c0       0x3e contiki-avr-zigduino.a(rtimer.o)
                0x00000000000028c0                rtimer_run_next
 .text.random_init
                0x00000000000028fe        0x4 contiki-avr-zigduino.a(random.o)
                0x00000000000028fe                random_init
 .text.random_rand
                0x0000000000002902        0x4 contiki-avr-zigduino.a(random.o)
                0x0000000000002902                random_rand
 .text.ringbuf_put
                0x0000000000002906       0x3e contiki-avr-zigduino.a(ringbuf.o)
                0x0000000000002906                ringbuf_put
 .text.ringbuf_get
                0x0000000000002944       0x3a contiki-avr-zigduino.a(ringbuf.o)
                0x0000000000002944                ringbuf_get
 .text.packetbuf_hdrreduce
                0x000000000000297e       0x3a contiki-avr-zigduino.a(packetbuf.o)
                0x000000000000297e                packetbuf_hdrreduce
 .text.packetbuf_set_datalen
                0x00000000000029b8        0xa contiki-avr-zigduino.a(packetbuf.o)
                0x00000000000029b8                packetbuf_set_datalen
 .text.packetbuf_dataptr
                0x00000000000029c2        0xe contiki-avr-zigduino.a(packetbuf.o)
                0x00000000000029c2                packetbuf_dataptr
 .text.packetbuf_hdrptr
                0x00000000000029d0        0xc contiki-avr-zigduino.a(packetbuf.o)
                0x00000000000029d0                packetbuf_hdrptr
 .text.packetbuf_is_reference
                0x00000000000029dc       0x18 contiki-avr-zigduino.a(packetbuf.o)
                0x00000000000029dc                packetbuf_is_reference
 .text.packetbuf_compact
                0x00000000000029f4       0x5e contiki-avr-zigduino.a(packetbuf.o)
                0x00000000000029f4                packetbuf_compact
 .text.packetbuf_datalen
                0x0000000000002a52        0xa contiki-avr-zigduino.a(packetbuf.o)
                0x0000000000002a52                packetbuf_datalen
 .text.packetbuf_totlen
                0x0000000000002a5c       0x16 contiki-avr-zigduino.a(packetbuf.o)
                0x0000000000002a5c                packetbuf_totlen
 .text.packetbuf_hdralloc
                0x0000000000002a72       0x3c contiki-avr-zigduino.a(packetbuf.o)
                0x0000000000002a72                packetbuf_hdralloc
 .text.packetbuf_attr_clear
                0x0000000000002aae       0x32 contiki-avr-zigduino.a(packetbuf.o)
                0x0000000000002aae                packetbuf_attr_clear
 .text.packetbuf_clear
                0x0000000000002ae0       0x26 contiki-avr-zigduino.a(packetbuf.o)
                0x0000000000002ae0                packetbuf_clear
 .text.packetbuf_copyfrom
                0x0000000000002b06       0x5e contiki-avr-zigduino.a(packetbuf.o)
                0x0000000000002b06                packetbuf_copyfrom
 .text.packetbuf_attr_copyfrom
                0x0000000000002b64       0x22 contiki-avr-zigduino.a(packetbuf.o)
                0x0000000000002b64                packetbuf_attr_copyfrom
 .text.packetbuf_set_attr
                0x0000000000002b86       0x16 contiki-avr-zigduino.a(packetbuf.o)
                0x0000000000002b86                packetbuf_set_attr
 .text.packetbuf_attr
                0x0000000000002b9c       0x12 contiki-avr-zigduino.a(packetbuf.o)
                0x0000000000002b9c                packetbuf_attr
 .text.packetbuf_set_addr
                0x0000000000002bae       0x14 contiki-avr-zigduino.a(packetbuf.o)
                0x0000000000002bae                packetbuf_set_addr
 .text.packetbuf_addr
                0x0000000000002bc2        0xc contiki-avr-zigduino.a(packetbuf.o)
                0x0000000000002bc2                packetbuf_addr
 .text.queuebuf_init
                0x0000000000002bce       0x18 contiki-avr-zigduino.a(queuebuf.o)
                0x0000000000002bce                queuebuf_init
 .text.queuebuf_to_packetbuf
                0x0000000000002be6       0x8e contiki-avr-zigduino.a(queuebuf.o)
                0x0000000000002be6                queuebuf_to_packetbuf
 .text.start_periodic_tcp_timer
                0x0000000000002c74       0x16 contiki-avr-zigduino.a(tcpip.o)
 .text.tcpip_output
                0x0000000000002c8a       0x12 contiki-avr-zigduino.a(tcpip.o)
                0x0000000000002c8a                tcpip_output
 .text.process_thread_tcpip_process
                0x0000000000002c9c      0x234 contiki-avr-zigduino.a(tcpip.o)
 .text.tcpip_uipcall
                0x0000000000002ed0       0x8a contiki-avr-zigduino.a(tcpip.o)
                0x0000000000002ed0                tcpip_uipcall
 .text.uip_split_output
                0x0000000000002f5a      0x114 contiki-avr-zigduino.a(uip-split.o)
                0x0000000000002f5a                uip_split_output
 .text.chksum   0x000000000000306e       0x4a contiki-avr-zigduino.a(uip.o)
 .text.upper_layer_chksum
                0x00000000000030b8       0x4e contiki-avr-zigduino.a(uip.o)
 .text.uip_add32
                0x0000000000003106       0x6e contiki-avr-zigduino.a(uip.o)
                0x0000000000003106                uip_add32
 .text.unlikely.uip_add_rcv_nxt
                0x0000000000003174       0x34 contiki-avr-zigduino.a(uip.o)
 .text.uip_ipchksum
                0x00000000000031a8       0x22 contiki-avr-zigduino.a(uip.o)
                0x00000000000031a8                uip_ipchksum
 .text.uip_tcpchksum
                0x00000000000031ca        0x6 contiki-avr-zigduino.a(uip.o)
                0x00000000000031ca                uip_tcpchksum
 .text.uip_udpchksum
                0x00000000000031d0        0x6 contiki-avr-zigduino.a(uip.o)
                0x00000000000031d0                uip_udpchksum
 .text.uip_init
                0x00000000000031d6       0x58 contiki-avr-zigduino.a(uip.o)
                0x00000000000031d6                uip_init
 .text.uip_unlisten
                0x000000000000322e       0x34 contiki-avr-zigduino.a(uip.o)
                0x000000000000322e                uip_unlisten
 .text.uip_process
                0x0000000000003262      0xe2e contiki-avr-zigduino.a(uip.o)
                0x0000000000003262                uip_process
 .text.__vector_32
                0x0000000000004090       0x5a contiki-avr-zigduino.a(rtimer-arch.o)
                0x0000000000004090                __vector_32
 .text.rtimer_arch_init
                0x00000000000040ea       0x34 contiki-avr-zigduino.a(rtimer-arch.o)
                0x00000000000040ea                rtimer_arch_init
 .text.rtimer_arch_schedule
                0x000000000000411e       0x20 contiki-avr-zigduino.a(rtimer-arch.o)
                0x000000000000411e                rtimer_arch_schedule
 .text.__vector_13
                0x000000000000413e       0x14 contiki-avr-zigduino.a(rtimer-arch.o)
                0x000000000000413e                __vector_13
 .text.field_len
                0x0000000000004152       0x8e contiki-avr-zigduino.a(frame802154.o)
 .text.frame802154_hdrlen
                0x00000000000041e0       0x46 contiki-avr-zigduino.a(frame802154.o)
                0x00000000000041e0                frame802154_hdrlen
 .text.frame802154_create
                0x0000000000004226      0x1f4 contiki-avr-zigduino.a(frame802154.o)
                0x0000000000004226                frame802154_create
 .text.frame802154_parse
                0x000000000000441a      0x19c contiki-avr-zigduino.a(frame802154.o)
                0x000000000000441a                frame802154_parse
 .text.memb_init
                0x00000000000045b6       0x3c contiki-avr-zigduino.a(memb.o)
                0x00000000000045b6                memb_init
 .text.memb_inmemb
                0x00000000000045f2       0x3a contiki-avr-zigduino.a(memb.o)
                0x00000000000045f2                memb_inmemb
 .text.libgcc.div
                0x000000000000462c       0x18 /usr/lib/gcc/avr/4.8.1/avr51/libgcc.a(_udivmodqi4.o)
                0x000000000000462c                __udivmodqi4
 .text.libgcc.div
                0x0000000000004644       0x28 /usr/lib/gcc/avr/4.8.1/avr51/libgcc.a(_udivmodhi4.o)
                0x0000000000004644                __udivmodhi4
 .text.libgcc.div
                0x000000000000466c       0x44 /usr/lib/gcc/avr/4.8.1/avr51/libgcc.a(_udivmodsi4.o)
                0x000000000000466c                __udivmodsi4
 .text.libgcc   0x00000000000046b0        0xc /usr/lib/gcc/avr/4.8.1/avr51/libgcc.a(_tablejump.o)
                0x00000000000046b0                __tablejump2__
                0x00000000000046b4                __tablejump__
 .text.avr-libc
                0x00000000000046bc       0xb8 /usr/lib/gcc/avr/4.8.1/../../../avr/lib/avr51/libc.a(rand.o)
                0x0000000000004752                rand_r
                0x0000000000004756                rand
                0x000000000000475e                srand
 .text.avr-libc
                0x0000000000004774       0x1a /usr/lib/gcc/avr/4.8.1/../../../avr/lib/avr51/libc.a(memcmp.o)
                0x0000000000004774                memcmp
 .text.avr-libc
                0x000000000000478e       0x12 /usr/lib/gcc/avr/4.8.1/../../../avr/lib/avr51/libc.a(memcpy.o)
                0x000000000000478e                memcpy
 .text.avr-libc
                0x00000000000047a0        0xe /usr/lib/gcc/avr/4.8.1/../../../avr/lib/avr51/libc.a(memset.o)
                0x00000000000047a0                memset
 .text.avr-libc
                0x00000000000047ae       0x48 /usr/lib/gcc/avr/4.8.1/../../../avr/lib/avr51/libc.a(printf_p.o)
                0x00000000000047ae                printf_P
 .text.avr-libc
                0x00000000000047f6      0x3f6 /usr/lib/gcc/avr/4.8.1/../../../avr/lib/avr51/libc.a(vfprintf_std.o)
                0x00000000000047f6                vfprintf
 .text.avr-libc
                0x0000000000004bec       0x20 /usr/lib/gcc/avr/4.8.1/../../../avr/lib/avr51/libc.a(eerd_block_atmega128rfa1.o)
                0x0000000000004bec                __eerd_block_m128rfa1
                0x0000000000004bf0                __eerd_blraw_m128rfa1
 .text.avr-libc
                0x0000000000004c0c       0x10 /usr/lib/gcc/avr/4.8.1/../../../avr/lib/avr51/libc.a(eerd_byte_atmega128rfa1.o)
                0x0000000000004c0c                __eerd_byte_m128rfa1
 .text.avr-libc
                0x0000000000004c1c        0xc /usr/lib/gcc/avr/4.8.1/../../../avr/lib/avr51/libc.a(eerd_word_atmega128rfa1.o)
                0x0000000000004c1c                __eerd_word_m128rfa1
 .text.avr-libc
                0x0000000000004c28       0x14 /usr/lib/gcc/avr/4.8.1/../../../avr/lib/avr51/libc.a(eewr_block_atmega128rfa1.o)
                0x0000000000004c28                __eewr_block_m128rfa1
 .text.avr-libc
                0x0000000000004c3c       0x1c /usr/lib/gcc/avr/4.8.1/../../../avr/lib/avr51/libc.a(eewr_byte_atmega128rfa1.o)
                0x0000000000004c3c                __eewr_byte_m128rfa1
                0x0000000000004c3e                __eewr_r18_m128rfa1
 .text.avr-libc
                0x0000000000004c58        0xa /usr/lib/gcc/avr/4.8.1/../../../avr/lib/avr51/libc.a(eewr_word_atmega128rfa1.o)
                0x0000000000004c58                __eewr_word_m128rfa1
 .text.avr-libc
                0x0000000000004c62       0x16 /usr/lib/gcc/avr/4.8.1/../../../avr/lib/avr51/libc.a(strnlen_P.o)
                0x0000000000004c62                strnlen_P
 .text.avr-libc
                0x0000000000004c78       0x16 /usr/lib/gcc/avr/4.8.1/../../../avr/lib/avr51/libc.a(strnlen.o)
                0x0000000000004c78                strnlen
 .text.avr-libc
                0x0000000000004c8e       0x64 /usr/lib/gcc/avr/4.8.1/../../../avr/lib/avr51/libc.a(fputc.o)
                0x0000000000004c8e                fputc
 .text.avr-libc
                0x0000000000004cf2       0xbc /usr/lib/gcc/avr/4.8.1/../../../avr/lib/avr51/libc.a(ultoa_invert.o)
                0x0000000000004cf2                __ultoa_invert
 .text.libgcc.div
                0x0000000000004dae       0x2e /usr/lib/gcc/avr/4.8.1/avr51/libgcc.a(_divmodsi4.o)
                0x0000000000004dae                __divmodsi4
 .text.libgcc.div
                0x0000000000004ddc       0x10 /usr/lib/gcc/avr/4.8.1/avr51/libgcc.a(_negsi2.o)
                0x0000000000004ddc                __negsi2
 .text.libgcc.mul
                0x0000000000004dec       0x16 /usr/lib/gcc/avr/4.8.1/avr51/libgcc.a(_muluhisi3.o)
                0x0000000000004dec                __muluhisi3
 .text.libgcc.mul
                0x0000000000004e02       0x10 /usr/lib/gcc/avr/4.8.1/avr51/libgcc.a(_mulshisi3.o)
                0x0000000000004e02                __mulshisi3
                0x0000000000004e08                __mulohisi3
 .text.libgcc.mul
                0x0000000000004e12       0x1e /usr/lib/gcc/avr/4.8.1/avr51/libgcc.a(_umulhisi3.o)
                0x0000000000004e12                __umulhisi3
                0x0000000000004e30                . = ALIGN (0x2)
 *(.fini9)
 .fini9         0x0000000000004e30        0x0 /usr/lib/gcc/avr/4.8.1/avr51/libgcc.a(_exit.o)
                0x0000000000004e30                exit
                0x0000000000004e30                _exit
 *(.fini9)
 *(.fini8)
 *(.fini8)
 *(.fini7)
 *(.fini7)
 *(.fini6)
 *(.fini6)
 *(.fini5)
 *(.fini5)
 *(.fini4)
 *(.fini4)
 *(.fini3)
 *(.fini3)
 *(.fini2)
 *(.fini2)
 *(.fini1)
 *(.fini1)
 *(.fini0)
 .fini0         0x0000000000004e30        0x4 /usr/lib/gcc/avr/4.8.1/avr51/libgcc.a(_exit.o)
 *(.fini0)
                0x0000000000004e34                _etext = .

.data           0x0000000000800200      0x156 load address 0x0000000000004e34
                0x0000000000800200                PROVIDE (__data_start, .)
 *(.data)
 .data          0x0000000000800200        0x0 /usr/lib/gcc/avr/4.8.1/../../../avr/lib/avr51/crtm128rfa1.o
 .data          0x0000000000800200        0x0 naive_temp_average.co
 .data          0x0000000000800200        0x0 contiki-avr-zigduino.a(etimer.o)
 .data          0x0000000000800200        0x0 contiki-avr-zigduino.a(contiki-main.o)
 .data          0x0000000000800200        0x0 contiki-avr-zigduino.a(params.o)
 .data          0x0000000000800200        0x0 contiki-avr-zigduino.a(clock.o)
 .data          0x0000000000800200        0x0 contiki-avr-zigduino.a(rs232.o)
 .data          0x0000000000800200        0x0 contiki-avr-zigduino.a(watchdog.o)
 .data          0x0000000000800200        0x0 contiki-avr-zigduino.a(rf230bb.o)
 .data          0x0000000000800200        0x0 contiki-avr-zigduino.a(halbb.o)
 .data          0x0000000000800200        0x0 contiki-avr-zigduino.a(rimeaddr.o)
 .data          0x0000000000800200        0x0 contiki-avr-zigduino.a(rime.o)
 .data          0x0000000000800200        0x0 contiki-avr-zigduino.a(announcement.o)
 .data          0x0000000000800200        0x0 contiki-avr-zigduino.a(broadcast-annou)
 .data          0x0000000000800200        0x0 contiki-avr-zigduino.a(broadcast.o)
 .data          0x0000000000800200        0x0 contiki-avr-zigduino.a(abc.o)
 .data          0x0000000000800200        0x0 contiki-avr-zigduino.a(chameleon.o)
 .data          0x0000000000800200        0x0 contiki-avr-zigduino.a(channel.o)
 .data          0x0000000000800200        0x0 contiki-avr-zigduino.a(chameleon-bitop)
 .data          0x0000000000800200        0x0 contiki-avr-zigduino.a(nullmac.o)
 .data          0x0000000000800200        0x0 contiki-avr-zigduino.a(sicslowmac.o)
 .data          0x0000000000800200        0x0 contiki-avr-zigduino.a(process.o)
 .data          0x0000000000800200        0x0 contiki-avr-zigduino.a(autostart.o)
 .data          0x0000000000800200        0x0 contiki-avr-zigduino.a(serial-line.o)
 .data          0x0000000000800200        0x0 contiki-avr-zigduino.a(mmem.o)
 .data          0x0000000000800200        0x0 contiki-avr-zigduino.a(timer.o)
 .data          0x0000000000800200        0x0 contiki-avr-zigduino.a(list.o)
 .data          0x0000000000800200        0x0 contiki-avr-zigduino.a(ctimer.o)
 .data          0x0000000000800200        0x0 contiki-avr-zigduino.a(rtimer.o)
 .data          0x0000000000800200        0x0 contiki-avr-zigduino.a(random.o)
 .data          0x0000000000800200        0x0 contiki-avr-zigduino.a(ringbuf.o)
 .data          0x0000000000800200        0x0 contiki-avr-zigduino.a(packetbuf.o)
 .data          0x0000000000800200        0x0 contiki-avr-zigduino.a(queuebuf.o)
 .data          0x0000000000800200        0x0 contiki-avr-zigduino.a(tcpip.o)
 .data          0x0000000000800200        0x0 contiki-avr-zigduino.a(uip-split.o)
 .data          0x0000000000800200        0x0 contiki-avr-zigduino.a(uip.o)
 .data          0x0000000000800200        0x0 contiki-avr-zigduino.a(rtimer-arch.o)
 .data          0x0000000000800200        0x0 contiki-avr-zigduino.a(frame802154.o)
 .data          0x0000000000800200        0x0 contiki-avr-zigduino.a(memb.o)
 .data          0x0000000000800200        0x0 /usr/lib/gcc/avr/4.8.1/avr51/libgcc.a(_udivmodqi4.o)
 .data          0x0000000000800200        0x0 /usr/lib/gcc/avr/4.8.1/avr51/libgcc.a(_udivmodhi4.o)
 .data          0x0000000000800200        0x0 /usr/lib/gcc/avr/4.8.1/avr51/libgcc.a(_udivmodsi4.o)
 .data          0x0000000000800200        0x0 /usr/lib/gcc/avr/4.8.1/avr51/libgcc.a(_exit.o)
 .data          0x0000000000800200        0x0 /usr/lib/gcc/avr/4.8.1/avr51/libgcc.a(_tablejump.o)
 .data          0x0000000000800200        0x0 /usr/lib/gcc/avr/4.8.1/avr51/libgcc.a(_copy_data.o)
 .data          0x0000000000800200        0x0 /usr/lib/gcc/avr/4.8.1/avr51/libgcc.a(_clear_bss.o)
 .data          0x0000000000800200        0x0 /usr/lib/gcc/avr/4.8.1/avr51/libgcc.a(_bswapsi2.o)
 .data          0x0000000000800200        0x4 /usr/lib/gcc/avr/4.8.1/../../../avr/lib/avr51/libc.a(rand.o)
 .data          0x0000000000800204        0x0 /usr/lib/gcc/avr/4.8.1/../../../avr/lib/avr51/libc.a(memcmp.o)
 .data          0x0000000000800204        0x0 /usr/lib/gcc/avr/4.8.1/../../../avr/lib/avr51/libc.a(memcpy.o)
 .data          0x0000000000800204        0x0 /usr/lib/gcc/avr/4.8.1/../../../avr/lib/avr51/libc.a(memmove.o)
 .data          0x0000000000800204        0x0 /usr/lib/gcc/avr/4.8.1/../../../avr/lib/avr51/libc.a(memset.o)
 .data          0x0000000000800204        0x0 /usr/lib/gcc/avr/4.8.1/../../../avr/lib/avr51/libc.a(iob.o)
 .data          0x0000000000800204        0x0 /usr/lib/gcc/avr/4.8.1/../../../avr/lib/avr51/libc.a(printf_p.o)
 .data          0x0000000000800204        0x0 /usr/lib/gcc/avr/4.8.1/../../../avr/lib/avr51/libc.a(vfprintf_std.o)
 .data          0x0000000000800204        0x0 /usr/lib/gcc/avr/4.8.1/../../../avr/lib/avr51/libc.a(eerd_block_atmega128rfa1.o)
 .data          0x0000000000800204        0x0 /usr/lib/gcc/avr/4.8.1/../../../avr/lib/avr51/libc.a(eerd_byte_atmega128rfa1.o)
 .data          0x0000000000800204        0x0 /usr/lib/gcc/avr/4.8.1/../../../avr/lib/avr51/libc.a(eerd_word_atmega128rfa1.o)
 .data          0x0000000000800204        0x0 /usr/lib/gcc/avr/4.8.1/../../../avr/lib/avr51/libc.a(eewr_block_atmega128rfa1.o)
 .data          0x0000000000800204        0x0 /usr/lib/gcc/avr/4.8.1/../../../avr/lib/avr51/libc.a(eewr_byte_atmega128rfa1.o)
 .data          0x0000000000800204        0x0 /usr/lib/gcc/avr/4.8.1/../../../avr/lib/avr51/libc.a(eewr_word_atmega128rfa1.o)
 .data          0x0000000000800204        0x0 /usr/lib/gcc/avr/4.8.1/../../../avr/lib/avr51/libc.a(strnlen_P.o)
 .data          0x0000000000800204        0x0 /usr/lib/gcc/avr/4.8.1/../../../avr/lib/avr51/libc.a(strnlen.o)
 .data          0x0000000000800204        0x0 /usr/lib/gcc/avr/4.8.1/../../../avr/lib/avr51/libc.a(fputc.o)
 .data          0x0000000000800204        0x0 /usr/lib/gcc/avr/4.8.1/../../../avr/lib/avr51/libc.a(ultoa_invert.o)
 .data          0x0000000000800204        0x0 /usr/lib/gcc/avr/4.8.1/avr51/libgcc.a(_divmodsi4.o)
 .data          0x0000000000800204        0x0 /usr/lib/gcc/avr/4.8.1/avr51/libgcc.a(_negsi2.o)
 .data          0x0000000000800204        0x0 /usr/lib/gcc/avr/4.8.1/avr51/libgcc.a(_muluhisi3.o)
 .data          0x0000000000800204        0x0 /usr/lib/gcc/avr/4.8.1/avr51/libgcc.a(_mulshisi3.o)
 .data          0x0000000000800204        0x0 /usr/lib/gcc/avr/4.8.1/avr51/libgcc.a(_umulhisi3.o)
 *(.data*)
 .data.antenna_on_idle_process
                0x0000000000800204        0xa naive_temp_average.co
                0x0000000000800204                antenna_on_idle_process
 .data.etimer_process
                0x000000000080020e        0xa contiki-avr-zigduino.a(etimer.o)
                0x000000000080020e                etimer_process
 .data.rs232_stdout
                0x0000000000800218        0xe contiki-avr-zigduino.a(rs232.o)
 .data.rf230_process
                0x0000000000800226        0xa contiki-avr-zigduino.a(rf230bb.o)
                0x0000000000800226                rf230_process
 .data.serial_line_process
                0x0000000000800230        0xa contiki-avr-zigduino.a(serial-line.o)
                0x0000000000800230                serial_line_process
 .data.ctimer_process
                0x000000000080023a        0xa contiki-avr-zigduino.a(ctimer.o)
                0x000000000080023a                ctimer_process
 .data.buframmem
                0x0000000000800244        0x8 contiki-avr-zigduino.a(queuebuf.o)
 .data.refbufmem
                0x000000000080024c        0x8 contiki-avr-zigduino.a(queuebuf.o)
 .data.bufmem   0x0000000000800254        0x8 contiki-avr-zigduino.a(queuebuf.o)
 .data.tcpip_process
                0x000000000080025c        0xa contiki-avr-zigduino.a(tcpip.o)
                0x000000000080025c                tcpip_process
 *(.rodata)
 *(.rodata*)
 .rodata.temps.2614
                0x0000000000800266       0x14 naive_temp_average.co
 .rodata.autostart_processes
                0x000000000080027a        0x4 naive_temp_average.co
                0x000000000080027a                autostart_processes
 .rodata.str1.1
                0x000000000080027e       0x11 naive_temp_average.co
 .rodata.str1.1
                0x000000000080028f        0xc contiki-avr-zigduino.a(etimer.o)
 .rodata.str1.1
                0x000000000080029b        0xc contiki-avr-zigduino.a(contiki-main.o)
 .rodata.str1.1
                0x00000000008002a7        0xd contiki-avr-zigduino.a(rf230bb.o)
 .rodata.rf230_driver
                0x00000000008002b4       0x14 contiki-avr-zigduino.a(rf230bb.o)
                0x00000000008002b4                rf230_driver
 .rodata.rimeaddr_null
                0x00000000008002c8        0x2 contiki-avr-zigduino.a(rimeaddr.o)
                0x00000000008002c8                rimeaddr_null
 .rodata.str1.1
                0x00000000008002ca        0x5 contiki-avr-zigduino.a(rime.o)
 .rodata.rime_driver
                0x00000000008002cf        0x6 contiki-avr-zigduino.a(rime.o)
                0x00000000008002cf                rime_driver
 .rodata.broadcast_callbacks
                0x00000000008002d5        0x4 contiki-avr-zigduino.a(broadcast-annou)
 .rodata.broadcast
                0x00000000008002d9        0x4 contiki-avr-zigduino.a(broadcast.o)
 .rodata.attributes
                0x00000000008002dd        0x4 contiki-avr-zigduino.a(broadcast.o)
 .rodata.attributes
                0x00000000008002e1        0x2 contiki-avr-zigduino.a(abc.o)
 .rodata.chameleon_bitopt
                0x00000000008002e3        0x6 contiki-avr-zigduino.a(chameleon-bitop)
                0x00000000008002e3                chameleon_bitopt
 .rodata.bitmask
                0x00000000008002e9        0x9 contiki-avr-zigduino.a(chameleon-bitop)
 .rodata.str1.1
                0x00000000008002f2        0x8 contiki-avr-zigduino.a(nullmac.o)
 .rodata.nullmac_driver
                0x00000000008002fa        0xe contiki-avr-zigduino.a(nullmac.o)
                0x00000000008002fa                nullmac_driver
 .rodata.str1.1
                0x0000000000800308        0xb contiki-avr-zigduino.a(sicslowmac.o)
 .rodata.sicslowmac_driver
                0x0000000000800313       0x10 contiki-avr-zigduino.a(sicslowmac.o)
                0x0000000000800313                sicslowmac_driver
 .rodata.str1.1
                0x0000000000800323        0xe contiki-avr-zigduino.a(serial-line.o)
 .rodata.str1.1
                0x0000000000800331        0xf contiki-avr-zigduino.a(ctimer.o)
 .rodata.str1.1
                0x0000000000800340        0xd contiki-avr-zigduino.a(tcpip.o)
 .rodata.uip_all_zeroes_addr
                0x000000000080034d        0x4 contiki-avr-zigduino.a(uip.o)
                0x000000000080034d                uip_all_zeroes_addr
 .rodata.uip_broadcast_addr
                0x0000000000800351        0x4 contiki-avr-zigduino.a(uip.o)
                0x0000000000800351                uip_broadcast_addr
 *(.gnu.linkonce.d*)
                0x0000000000800356                . = ALIGN (0x2)
 *fill*         0x0000000000800355        0x1 
                0x0000000000800356                _edata = .
                0x0000000000800356                PROVIDE (__data_end, .)

.bss            0x0000000000800356      0xc16
                0x0000000000800356                PROVIDE (__bss_start, .)
 *(.bss)
 *(.bss*)
 .bss.et.2612   0x0000000000800356        0x8 naive_temp_average.co
 .bss.avg.2613  0x000000000080035e        0x1 naive_temp_average.co
 .bss.next_expiration
                0x000000000080035f        0x2 contiki-avr-zigduino.a(etimer.o)
 .bss.timerlist
                0x0000000000800361        0x2 contiki-avr-zigduino.a(etimer.o)
 .bss.scount    0x0000000000800363        0x1 contiki-avr-zigduino.a(clock.o)
 .bss.count     0x0000000000800364        0x2 contiki-avr-zigduino.a(clock.o)
 .bss.stdout_rs232_port
                0x0000000000800366        0x1 contiki-avr-zigduino.a(rs232.o)
 .bss.buffer    0x0000000000800367       0x81 contiki-avr-zigduino.a(rf230bb.o)
 .bss.channel   0x00000000008003e8        0x1 contiki-avr-zigduino.a(rf230bb.o)
 .bss.sniffers_list
                0x00000000008003e9        0x2 contiki-avr-zigduino.a(rime.o)
 .bss.observer_callback
                0x00000000008003eb        0x2 contiki-avr-zigduino.a(announcement.o)
 .bss.announcements_list
                0x00000000008003ed        0x2 contiki-avr-zigduino.a(announcement.o)
 .bss.c         0x00000000008003ef       0x35 contiki-avr-zigduino.a(broadcast-annou)
 .bss.channel_list_list
                0x0000000000800424        0x2 contiki-avr-zigduino.a(channel.o)
 .bss.mac_dsn   0x0000000000800426        0x1 contiki-avr-zigduino.a(sicslowmac.o)
 .bss.snum.1783
                0x0000000000800427        0x1 contiki-avr-zigduino.a(process.o)
 .bss.p.1768    0x0000000000800428        0x2 contiki-avr-zigduino.a(process.o)
 .bss.receiver.1767
                0x000000000080042a        0x2 contiki-avr-zigduino.a(process.o)
 .bss.data.1766
                0x000000000080042c        0x2 contiki-avr-zigduino.a(process.o)
 .bss.ev.1765   0x000000000080042e        0x1 contiki-avr-zigduino.a(process.o)
 .bss.poll_requested
                0x000000000080042f        0x1 contiki-avr-zigduino.a(process.o)
 .bss.events    0x0000000000800430       0xa0 contiki-avr-zigduino.a(process.o)
 .bss.fevent    0x00000000008004d0        0x1 contiki-avr-zigduino.a(process.o)
 .bss.nevents   0x00000000008004d1        0x1 contiki-avr-zigduino.a(process.o)
 .bss.lastevent
                0x00000000008004d2        0x1 contiki-avr-zigduino.a(process.o)
 .bss.process_current
                0x00000000008004d3        0x2 contiki-avr-zigduino.a(process.o)
                0x00000000008004d3                process_current
 .bss.process_list
                0x00000000008004d5        0x2 contiki-avr-zigduino.a(process.o)
                0x00000000008004d5                process_list
 .bss.overflow.2740
                0x00000000008004d7        0x1 contiki-avr-zigduino.a(serial-line.o)
 .bss.buf.2746  0x00000000008004d8       0x80 contiki-avr-zigduino.a(serial-line.o)
 .bss.ptr.2747  0x0000000000800558        0x2 contiki-avr-zigduino.a(serial-line.o)
 .bss.rxbuf     0x000000000080055a        0x5 contiki-avr-zigduino.a(serial-line.o)
 .bss.mmemlist_list
                0x000000000080055f        0x2 contiki-avr-zigduino.a(mmem.o)
 .bss.initialized
                0x0000000000800561        0x1 contiki-avr-zigduino.a(ctimer.o)
 .bss.ctimer_list_list
                0x0000000000800562        0x2 contiki-avr-zigduino.a(ctimer.o)
 .bss.next_rtimer
                0x0000000000800564        0x2 contiki-avr-zigduino.a(rtimer.o)
 .bss.packetbufptr
                0x0000000000800566        0x2 contiki-avr-zigduino.a(packetbuf.o)
 .bss.packetbuf_aligned
                0x0000000000800568       0xb2 contiki-avr-zigduino.a(packetbuf.o)
 .bss.hdrptr    0x000000000080061a        0x1 contiki-avr-zigduino.a(packetbuf.o)
 .bss.bufptr    0x000000000080061b        0x2 contiki-avr-zigduino.a(packetbuf.o)
 .bss.buflen    0x000000000080061d        0x2 contiki-avr-zigduino.a(packetbuf.o)
 .bss.buframmem_memb_mem
                0x000000000080061f      0x22e contiki-avr-zigduino.a(queuebuf.o)
 .bss.buframmem_memb_count
                0x000000000080084d        0x3 contiki-avr-zigduino.a(queuebuf.o)
 .bss.refbufmem_memb_mem
                0x0000000000800850       0x6a contiki-avr-zigduino.a(queuebuf.o)
 .bss.refbufmem_memb_count
                0x00000000008008ba        0x2 contiki-avr-zigduino.a(queuebuf.o)
 .bss.bufmem_memb_mem
                0x00000000008008bc        0x6 contiki-avr-zigduino.a(queuebuf.o)
 .bss.bufmem_memb_count
                0x00000000008008c2        0x3 contiki-avr-zigduino.a(queuebuf.o)
 .bss.i.4649    0x00000000008008c5        0x1 contiki-avr-zigduino.a(tcpip.o)
 .bss.i.4613    0x00000000008008c6        0x1 contiki-avr-zigduino.a(tcpip.o)
 .bss.i.4661    0x00000000008008c7        0x1 contiki-avr-zigduino.a(tcpip.o)
 .bss.outputfunc
                0x00000000008008c8        0x2 contiki-avr-zigduino.a(tcpip.o)
 .bss.s         0x00000000008008ca        0xe contiki-avr-zigduino.a(tcpip.o)
 .bss.periodic  0x00000000008008d8        0x8 contiki-avr-zigduino.a(tcpip.o)
 .bss.tmp16     0x00000000008008e0        0x2 contiki-avr-zigduino.a(uip.o)
 .bss.opt       0x00000000008008e2        0x1 contiki-avr-zigduino.a(uip.o)
 .bss.c         0x00000000008008e3        0x1 contiki-avr-zigduino.a(uip.o)
 .bss.lastport  0x00000000008008e4        0x2 contiki-avr-zigduino.a(uip.o)
 .bss.iss       0x00000000008008e6        0x4 contiki-avr-zigduino.a(uip.o)
 .bss.ipid      0x00000000008008ea        0x2 contiki-avr-zigduino.a(uip.o)
 *(COMMON)
 COMMON         0x00000000008008ec        0x6 contiki-avr-zigduino.a(contiki-main.o)
                0x00000000008008ec                ledtimer
                0x00000000008008ee                clocktime
 COMMON         0x00000000008008f2        0x8 contiki-avr-zigduino.a(clock.o)
                0x00000000008008f2                sleepseconds
                0x00000000008008f6                seconds
 COMMON         0x00000000008008fa        0x4 contiki-avr-zigduino.a(rs232.o)
                0x00000000008008fa                input_handler_1
                0x00000000008008fc                input_handler_0
 COMMON         0x00000000008008fe       0x8c contiki-avr-zigduino.a(rf230bb.o)
                0x00000000008008fe                rf230_last_correlation
                0x00000000008008ff                rf230_last_rssi
                0x0000000000800900                rf230_smallest_rssi
                0x0000000000800901                rf230_pending
                0x0000000000800902                rf230_ccawait
                0x0000000000800903                rf230_txendwait
                0x0000000000800904                rxframe_tail
                0x0000000000800905                rxframe_head
                0x0000000000800906                rxframe
                0x0000000000800988                rf230_wakewait
                0x0000000000800989                RF230_receive_on
 COMMON         0x000000000080098a        0x2 contiki-avr-zigduino.a(rimeaddr.o)
                0x000000000080098a                rimeaddr_node_addr
 COMMON         0x000000000080098c        0x1 contiki-avr-zigduino.a(serial-line.o)
                0x000000000080098c                serial_line_event_message
 COMMON         0x000000000080098d        0x2 contiki-avr-zigduino.a(mmem.o)
                0x000000000080098d                avail_memory
 COMMON         0x000000000080098f       0x38 contiki-avr-zigduino.a(packetbuf.o)
                0x000000000080098f                packetbuf_addrs
                0x0000000000800997                packetbuf_attrs
 COMMON         0x00000000008009c7        0x1 contiki-avr-zigduino.a(tcpip.o)
                0x00000000008009c7                tcpip_event
 COMMON         0x00000000008009c8      0x59e contiki-avr-zigduino.a(uip.o)
                0x00000000008009c8                uip_len
                0x00000000008009ca                uip_sappdata
                0x00000000008009cc                uip_acc32
                0x00000000008009d0                uip_aligned_buf
                0x0000000000800ee4                uip_flags
                0x0000000000800ee5                uip_udp_conn
                0x0000000000800ee7                uip_appdata
                0x0000000000800ee9                uip_conn
                0x0000000000800eeb                uip_conns
                0x0000000000800f2b                uip_listenports
                0x0000000000800f31                uip_draddr
                0x0000000000800f35                uip_netmask
                0x0000000000800f39                uip_hostaddr
                0x0000000000800f3d                uip_slen
                0x0000000000800f3f                uip_udp_conns
 COMMON         0x0000000000800f66        0x6 /usr/lib/gcc/avr/4.8.1/../../../avr/lib/avr51/libc.a(iob.o)
                0x0000000000800f66                __iob
                0x0000000000800f6c                PROVIDE (__bss_end, .)
                0x0000000000004e34                __data_load_start = LOADADDR (.data)
                0x0000000000004f8a                __data_load_end = (__data_load_start + SIZEOF (.data))

.noinit         0x0000000000800f6c        0x0
                0x0000000000800f6c                PROVIDE (__noinit_start, .)
 *(.noinit*)
                0x0000000000800f6c                PROVIDE (__noinit_end, .)
                0x0000000000800f6c                _end = .
                0x0000000000800f6c                PROVIDE (__heap_start, .)

.eeprom         0x0000000000810000       0x29
 *(.eeprom*)
 .eeprom        0x0000000000810000       0x29 contiki-avr-zigduino.a(params.o)
                0x0000000000810000                eemem_txpower
                0x0000000000810001                eemem_panaddr
                0x0000000000810003                eemem_panid
                0x0000000000810005                eemem_channel
                0x0000000000810007                eemem_nodeid
                0x0000000000810009                eemem_domain_name
                0x0000000000810013                eemem_server_name
                0x0000000000810021                eemem_mac_address
                0x0000000000810029                __eeprom_end = .

.fuse           0x0000000000820000        0x3
 *(.fuse)
 .fuse          0x0000000000820000        0x3 contiki-avr-zigduino.a(contiki-main.o)
                0x0000000000820000                __fuse
 *(.lfuse)
 *(.hfuse)
 *(.efuse)

.lock
 *(.lock*)

.signature      0x0000000000840000        0x3
 *(.signature*)
 .signature     0x0000000000840000        0x3 contiki-avr-zigduino.a(contiki-main.o)
                0x0000000000840000                __signature

.user_signatures
 *(.user_signatures*)

.stab
 *(.stab)

.stabstr
 *(.stabstr)

.stab.excl
 *(.stab.excl)

.stab.exclstr
 *(.stab.exclstr)

.stab.index
 *(.stab.index)

.stab.indexstr
 *(.stab.indexstr)

.comment        0x0000000000000000       0x11
 *(.comment)
 .comment       0x0000000000000000       0x11 naive_temp_average.co
                                         0x12 (size before relaxing)
 .comment       0x0000000000000000       0x12 contiki-avr-zigduino.a(etimer.o)
 .comment       0x0000000000000000       0x12 contiki-avr-zigduino.a(contiki-main.o)
 .comment       0x0000000000000000       0x12 contiki-avr-zigduino.a(params.o)
 .comment       0x0000000000000000       0x12 contiki-avr-zigduino.a(clock.o)
 .comment       0x0000000000000000       0x12 contiki-avr-zigduino.a(rs232.o)
 .comment       0x0000000000000000       0x12 contiki-avr-zigduino.a(watchdog.o)
 .comment       0x0000000000000000       0x12 contiki-avr-zigduino.a(rf230bb.o)
 .comment       0x0000000000000000       0x12 contiki-avr-zigduino.a(halbb.o)
 .comment       0x0000000000000000       0x12 contiki-avr-zigduino.a(rimeaddr.o)
 .comment       0x0000000000000000       0x12 contiki-avr-zigduino.a(rime.o)
 .comment       0x0000000000000000       0x12 contiki-avr-zigduino.a(announcement.o)
 .comment       0x0000000000000000       0x12 contiki-avr-zigduino.a(broadcast-annou)
 .comment       0x0000000000000000       0x12 contiki-avr-zigduino.a(broadcast.o)
 .comment       0x0000000000000000       0x12 contiki-avr-zigduino.a(abc.o)
 .comment       0x0000000000000000       0x12 contiki-avr-zigduino.a(chameleon.o)
 .comment       0x0000000000000000       0x12 contiki-avr-zigduino.a(channel.o)
 .comment       0x0000000000000000       0x12 contiki-avr-zigduino.a(chameleon-bitop)
 .comment       0x0000000000000000       0x12 contiki-avr-zigduino.a(nullmac.o)
 .comment       0x0000000000000000       0x12 contiki-avr-zigduino.a(sicslowmac.o)
 .comment       0x0000000000000000       0x12 contiki-avr-zigduino.a(process.o)
 .comment       0x0000000000000000       0x12 contiki-avr-zigduino.a(autostart.o)
 .comment       0x0000000000000000       0x12 contiki-avr-zigduino.a(serial-line.o)
 .comment       0x0000000000000000       0x12 contiki-avr-zigduino.a(mmem.o)
 .comment       0x0000000000000000       0x12 contiki-avr-zigduino.a(timer.o)
 .comment       0x0000000000000000       0x12 contiki-avr-zigduino.a(list.o)
 .comment       0x0000000000000000       0x12 contiki-avr-zigduino.a(ctimer.o)
 .comment       0x0000000000000000       0x12 contiki-avr-zigduino.a(rtimer.o)
 .comment       0x0000000000000000       0x12 contiki-avr-zigduino.a(random.o)
 .comment       0x0000000000000000       0x12 contiki-avr-zigduino.a(ringbuf.o)
 .comment       0x0000000000000000       0x12 contiki-avr-zigduino.a(packetbuf.o)
 .comment       0x0000000000000000       0x12 contiki-avr-zigduino.a(queuebuf.o)
 .comment       0x0000000000000000       0x12 contiki-avr-zigduino.a(tcpip.o)
 .comment       0x0000000000000000       0x12 contiki-avr-zigduino.a(uip-split.o)
 .comment       0x0000000000000000       0x12 contiki-avr-zigduino.a(uip.o)
 .comment       0x0000000000000000       0x12 contiki-avr-zigduino.a(rtimer-arch.o)
 .comment       0x0000000000000000       0x12 contiki-avr-zigduino.a(frame802154.o)
 .comment       0x0000000000000000       0x12 contiki-avr-zigduino.a(memb.o)
 .comment       0x0000000000000000       0x12 /usr/lib/gcc/avr/4.8.1/../../../avr/lib/avr51/libc.a(rand.o)
 .comment       0x0000000000000000       0x12 /usr/lib/gcc/avr/4.8.1/../../../avr/lib/avr51/libc.a(iob.o)
 .comment       0x0000000000000000       0x12 /usr/lib/gcc/avr/4.8.1/../../../avr/lib/avr51/libc.a(printf_p.o)
 .comment       0x0000000000000000       0x12 /usr/lib/gcc/avr/4.8.1/../../../avr/lib/avr51/libc.a(vfprintf_std.o)
 .comment       0x0000000000000000       0x12 /usr/lib/gcc/avr/4.8.1/../../../avr/lib/avr51/libc.a(fputc.o)

.note.gnu.build-id
 *(.note.gnu.build-id)

.debug
 *(.debug)

.line
 *(.line)

.debug_srcinfo
 *(.debug_srcinfo)

.debug_sfnames
 *(.debug_sfnames)

.debug_aranges  0x0000000000000000      0xce0
 *(.debug_aranges)
 .debug_aranges
                0x0000000000000000       0x20 naive_temp_average.co
 .debug_aranges
                0x0000000000000020       0x88 contiki-avr-zigduino.a(etimer.o)
 .debug_aranges
                0x00000000000000a8       0x38 contiki-avr-zigduino.a(contiki-main.o)
 .debug_aranges
                0x00000000000000e0       0x40 contiki-avr-zigduino.a(params.o)
 .debug_aranges
                0x0000000000000120       0x60 contiki-avr-zigduino.a(clock.o)
 .debug_aranges
                0x0000000000000180       0x60 contiki-avr-zigduino.a(rs232.o)
 .debug_aranges
                0x00000000000001e0       0x40 contiki-avr-zigduino.a(watchdog.o)
 .debug_aranges
                0x0000000000000220      0x110 contiki-avr-zigduino.a(rf230bb.o)
 .debug_aranges
                0x0000000000000330       0x80 contiki-avr-zigduino.a(halbb.o)
 .debug_aranges
                0x00000000000003b0       0x30 contiki-avr-zigduino.a(rimeaddr.o)
 .debug_aranges
                0x00000000000003e0       0x48 contiki-avr-zigduino.a(rime.o)
 .debug_aranges
                0x0000000000000428       0x70 contiki-avr-zigduino.a(announcement.o)
 .debug_aranges
                0x0000000000000498       0x60 contiki-avr-zigduino.a(broadcast-annou)
 .debug_aranges
                0x00000000000004f8       0x40 contiki-avr-zigduino.a(broadcast.o)
 .debug_aranges
                0x0000000000000538       0x40 contiki-avr-zigduino.a(abc.o)
 .debug_aranges
                0x0000000000000578       0x38 contiki-avr-zigduino.a(chameleon.o)
 .debug_aranges
                0x00000000000005b0       0x40 contiki-avr-zigduino.a(channel.o)
 .debug_aranges
                0x00000000000005f0       0x50 contiki-avr-zigduino.a(chameleon-bitop)
 .debug_aranges
                0x0000000000000640       0x48 contiki-avr-zigduino.a(nullmac.o)
 .debug_aranges
                0x0000000000000688       0x50 contiki-avr-zigduino.a(sicslowmac.o)
 .debug_aranges
                0x00000000000006d8       0x88 contiki-avr-zigduino.a(process.o)
 .debug_aranges
                0x0000000000000760       0x28 contiki-avr-zigduino.a(autostart.o)
 .debug_aranges
                0x0000000000000788       0x30 contiki-avr-zigduino.a(serial-line.o)
 .debug_aranges
                0x00000000000007b8       0x38 contiki-avr-zigduino.a(mmem.o)
 .debug_aranges
                0x00000000000007f0       0x40 contiki-avr-zigduino.a(timer.o)
 .debug_aranges
                0x0000000000000830       0x78 contiki-avr-zigduino.a(list.o)
 .debug_aranges
                0x00000000000008a8       0x50 contiki-avr-zigduino.a(ctimer.o)
 .debug_aranges
                0x00000000000008f8       0x30 contiki-avr-zigduino.a(rtimer.o)
 .debug_aranges
                0x0000000000000928       0x28 contiki-avr-zigduino.a(random.o)
 .debug_aranges
                0x0000000000000950       0x40 contiki-avr-zigduino.a(ringbuf.o)
 .debug_aranges
                0x0000000000000990       0xe0 contiki-avr-zigduino.a(packetbuf.o)
 .debug_aranges
                0x0000000000000a70       0x68 contiki-avr-zigduino.a(queuebuf.o)
 .debug_aranges
                0x0000000000000ad8       0x90 contiki-avr-zigduino.a(tcpip.o)
 .debug_aranges
                0x0000000000000b68       0x20 contiki-avr-zigduino.a(uip-split.o)
 .debug_aranges
                0x0000000000000b88       0xa8 contiki-avr-zigduino.a(uip.o)
 .debug_aranges
                0x0000000000000c30       0x40 contiki-avr-zigduino.a(rtimer-arch.o)
 .debug_aranges
                0x0000000000000c70       0x38 contiki-avr-zigduino.a(frame802154.o)
 .debug_aranges
                0x0000000000000ca8       0x38 contiki-avr-zigduino.a(memb.o)

.debug_pubnames
 *(.debug_pubnames)

.debug_info     0x0000000000000000     0xe895
 *(.debug_info .gnu.linkonce.wi.*)
 .debug_info    0x0000000000000000      0x331 naive_temp_average.co
 .debug_info    0x0000000000000331      0x6e5 contiki-avr-zigduino.a(etimer.o)
 .debug_info    0x0000000000000a16      0xbde contiki-avr-zigduino.a(contiki-main.o)
 .debug_info    0x00000000000015f4      0x5e3 contiki-avr-zigduino.a(params.o)
 .debug_info    0x0000000000001bd7      0x327 contiki-avr-zigduino.a(clock.o)
 .debug_info    0x0000000000001efe      0x446 contiki-avr-zigduino.a(rs232.o)
 .debug_info    0x0000000000002344       0xe2 contiki-avr-zigduino.a(watchdog.o)
 .debug_info    0x0000000000002426     0x1669 contiki-avr-zigduino.a(rf230bb.o)
 .debug_info    0x0000000000003a8f      0x3ce contiki-avr-zigduino.a(halbb.o)
 .debug_info    0x0000000000003e5d      0x1f8 contiki-avr-zigduino.a(rimeaddr.o)
 .debug_info    0x0000000000004055      0x6e8 contiki-avr-zigduino.a(rime.o)
 .debug_info    0x000000000000473d      0x5c5 contiki-avr-zigduino.a(announcement.o)
 .debug_info    0x0000000000004d02      0xb31 contiki-avr-zigduino.a(broadcast-annou)
 .debug_info    0x0000000000005833      0x64f contiki-avr-zigduino.a(broadcast.o)
 .debug_info    0x0000000000005e82      0x4ad contiki-avr-zigduino.a(abc.o)
 .debug_info    0x000000000000632f      0x382 contiki-avr-zigduino.a(chameleon.o)
 .debug_info    0x00000000000066b1      0x382 contiki-avr-zigduino.a(channel.o)
 .debug_info    0x0000000000006a33      0x9db contiki-avr-zigduino.a(chameleon-bitop)
 .debug_info    0x000000000000740e      0x3b8 contiki-avr-zigduino.a(nullmac.o)
 .debug_info    0x00000000000077c6      0xc3b contiki-avr-zigduino.a(sicslowmac.o)
 .debug_info    0x0000000000008401      0x758 contiki-avr-zigduino.a(process.o)
 .debug_info    0x0000000000008b59      0x1ff contiki-avr-zigduino.a(autostart.o)
 .debug_info    0x0000000000008d58      0x4d5 contiki-avr-zigduino.a(serial-line.o)
 .debug_info    0x000000000000922d      0x2aa contiki-avr-zigduino.a(mmem.o)
 .debug_info    0x00000000000094d7      0x1bf contiki-avr-zigduino.a(timer.o)
 .debug_info    0x0000000000009696      0x3da contiki-avr-zigduino.a(list.o)
 .debug_info    0x0000000000009a70      0x7bd contiki-avr-zigduino.a(ctimer.o)
 .debug_info    0x000000000000a22d      0x20a contiki-avr-zigduino.a(rtimer.o)
 .debug_info    0x000000000000a437       0xf3 contiki-avr-zigduino.a(random.o)
 .debug_info    0x000000000000a52a      0x1d1 contiki-avr-zigduino.a(ringbuf.o)
 .debug_info    0x000000000000a6fb      0x845 contiki-avr-zigduino.a(packetbuf.o)
 .debug_info    0x000000000000af40      0xaae contiki-avr-zigduino.a(queuebuf.o)
 .debug_info    0x000000000000b9ee     0x1039 contiki-avr-zigduino.a(tcpip.o)
 .debug_info    0x000000000000ca27      0x3e3 contiki-avr-zigduino.a(uip-split.o)
 .debug_info    0x000000000000ce0a     0x111f contiki-avr-zigduino.a(uip.o)
 .debug_info    0x000000000000df29      0x1f0 contiki-avr-zigduino.a(rtimer-arch.o)
 .debug_info    0x000000000000e119      0x56f contiki-avr-zigduino.a(frame802154.o)
 .debug_info    0x000000000000e688      0x20d contiki-avr-zigduino.a(memb.o)

.debug_abbrev   0x0000000000000000     0x51da
 *(.debug_abbrev)
 .debug_abbrev  0x0000000000000000      0x1b5 naive_temp_average.co
 .debug_abbrev  0x00000000000001b5      0x332 contiki-avr-zigduino.a(etimer.o)
 .debug_abbrev  0x00000000000004e7      0x371 contiki-avr-zigduino.a(contiki-main.o)
 .debug_abbrev  0x0000000000000858      0x186 contiki-avr-zigduino.a(params.o)
 .debug_abbrev  0x00000000000009de      0x218 contiki-avr-zigduino.a(clock.o)
 .debug_abbrev  0x0000000000000bf6      0x241 contiki-avr-zigduino.a(rs232.o)
 .debug_abbrev  0x0000000000000e37       0x4f contiki-avr-zigduino.a(watchdog.o)
 .debug_abbrev  0x0000000000000e86      0x4cb contiki-avr-zigduino.a(rf230bb.o)
 .debug_abbrev  0x0000000000001351      0x194 contiki-avr-zigduino.a(halbb.o)
 .debug_abbrev  0x00000000000014e5      0x13c contiki-avr-zigduino.a(rimeaddr.o)
 .debug_abbrev  0x0000000000001621      0x265 contiki-avr-zigduino.a(rime.o)
 .debug_abbrev  0x0000000000001886      0x207 contiki-avr-zigduino.a(announcement.o)
 .debug_abbrev  0x0000000000001a8d      0x319 contiki-avr-zigduino.a(broadcast-annou)
 .debug_abbrev  0x0000000000001da6      0x237 contiki-avr-zigduino.a(broadcast.o)
 .debug_abbrev  0x0000000000001fdd      0x1be contiki-avr-zigduino.a(abc.o)
 .debug_abbrev  0x000000000000219b      0x1cb contiki-avr-zigduino.a(chameleon.o)
 .debug_abbrev  0x0000000000002366      0x1a4 contiki-avr-zigduino.a(channel.o)
 .debug_abbrev  0x000000000000250a      0x35b contiki-avr-zigduino.a(chameleon-bitop)
 .debug_abbrev  0x0000000000002865      0x173 contiki-avr-zigduino.a(nullmac.o)
 .debug_abbrev  0x00000000000029d8      0x34f contiki-avr-zigduino.a(sicslowmac.o)
 .debug_abbrev  0x0000000000002d27      0x38d contiki-avr-zigduino.a(process.o)
 .debug_abbrev  0x00000000000030b4      0x127 contiki-avr-zigduino.a(autostart.o)
 .debug_abbrev  0x00000000000031db      0x26a contiki-avr-zigduino.a(serial-line.o)
 .debug_abbrev  0x0000000000003445      0x1bb contiki-avr-zigduino.a(mmem.o)
 .debug_abbrev  0x0000000000003600       0xf9 contiki-avr-zigduino.a(timer.o)
 .debug_abbrev  0x00000000000036f9      0x1a4 contiki-avr-zigduino.a(list.o)
 .debug_abbrev  0x000000000000389d      0x24d contiki-avr-zigduino.a(ctimer.o)
 .debug_abbrev  0x0000000000003aea      0x17c contiki-avr-zigduino.a(rtimer.o)
 .debug_abbrev  0x0000000000003c66       0xc4 contiki-avr-zigduino.a(random.o)
 .debug_abbrev  0x0000000000003d2a       0xf9 contiki-avr-zigduino.a(ringbuf.o)
 .debug_abbrev  0x0000000000003e23      0x31d contiki-avr-zigduino.a(packetbuf.o)
 .debug_abbrev  0x0000000000004140      0x305 contiki-avr-zigduino.a(queuebuf.o)
 .debug_abbrev  0x0000000000004445      0x475 contiki-avr-zigduino.a(tcpip.o)
 .debug_abbrev  0x00000000000048ba      0x196 contiki-avr-zigduino.a(uip-split.o)
 .debug_abbrev  0x0000000000004a50      0x39c contiki-avr-zigduino.a(uip.o)
 .debug_abbrev  0x0000000000004dec      0x101 contiki-avr-zigduino.a(rtimer-arch.o)
 .debug_abbrev  0x0000000000004eed      0x1d3 contiki-avr-zigduino.a(frame802154.o)
 .debug_abbrev  0x00000000000050c0      0x11a contiki-avr-zigduino.a(memb.o)

.debug_line     0x0000000000000000     0x4a36
 *(.debug_line .debug_line.* .debug_line_end)
 .debug_line    0x0000000000000000      0x14a naive_temp_average.co
 .debug_line    0x000000000000014a      0x269 contiki-avr-zigduino.a(etimer.o)
 .debug_line    0x00000000000003b3      0x4ee contiki-avr-zigduino.a(contiki-main.o)
 .debug_line    0x00000000000008a1      0x169 contiki-avr-zigduino.a(params.o)
 .debug_line    0x0000000000000a0a      0x20d contiki-avr-zigduino.a(clock.o)
 .debug_line    0x0000000000000c17      0x170 contiki-avr-zigduino.a(rs232.o)
 .debug_line    0x0000000000000d87       0xdc contiki-avr-zigduino.a(watchdog.o)
 .debug_line    0x0000000000000e63      0x5cd contiki-avr-zigduino.a(rf230bb.o)
 .debug_line    0x0000000000001430      0x1a5 contiki-avr-zigduino.a(halbb.o)
 .debug_line    0x00000000000015d5       0xf5 contiki-avr-zigduino.a(rimeaddr.o)
 .debug_line    0x00000000000016ca      0x2b7 contiki-avr-zigduino.a(rime.o)
 .debug_line    0x0000000000001981      0x1ca contiki-avr-zigduino.a(announcement.o)
 .debug_line    0x0000000000001b4b      0x343 contiki-avr-zigduino.a(broadcast-annou)
 .debug_line    0x0000000000001e8e      0x166 contiki-avr-zigduino.a(broadcast.o)
 .debug_line    0x0000000000001ff4      0x149 contiki-avr-zigduino.a(abc.o)
 .debug_line    0x000000000000213d      0x13a contiki-avr-zigduino.a(chameleon.o)
 .debug_line    0x0000000000002277      0x196 contiki-avr-zigduino.a(channel.o)
 .debug_line    0x000000000000240d      0x21e contiki-avr-zigduino.a(chameleon-bitop)
 .debug_line    0x000000000000262b      0x123 contiki-avr-zigduino.a(nullmac.o)
 .debug_line    0x000000000000274e      0x2b2 contiki-avr-zigduino.a(sicslowmac.o)
 .debug_line    0x0000000000002a00      0x210 contiki-avr-zigduino.a(process.o)
 .debug_line    0x0000000000002c10       0xbc contiki-avr-zigduino.a(autostart.o)
 .debug_line    0x0000000000002ccc      0x187 contiki-avr-zigduino.a(serial-line.o)
 .debug_line    0x0000000000002e53      0x12b contiki-avr-zigduino.a(mmem.o)
 .debug_line    0x0000000000002f7e      0x12b contiki-avr-zigduino.a(timer.o)
 .debug_line    0x00000000000030a9      0x185 contiki-avr-zigduino.a(list.o)
 .debug_line    0x000000000000322e      0x21e contiki-avr-zigduino.a(ctimer.o)
 .debug_line    0x000000000000344c       0xaa contiki-avr-zigduino.a(rtimer.o)
 .debug_line    0x00000000000034f6       0xa2 contiki-avr-zigduino.a(random.o)
 .debug_line    0x0000000000003598       0xf6 contiki-avr-zigduino.a(ringbuf.o)
 .debug_line    0x000000000000368e      0x2dd contiki-avr-zigduino.a(packetbuf.o)
 .debug_line    0x000000000000396b      0x20c contiki-avr-zigduino.a(queuebuf.o)
 .debug_line    0x0000000000003b77      0x33c contiki-avr-zigduino.a(tcpip.o)
 .debug_line    0x0000000000003eb3       0xe0 contiki-avr-zigduino.a(uip-split.o)
 .debug_line    0x0000000000003f93      0x5c2 contiki-avr-zigduino.a(uip.o)
 .debug_line    0x0000000000004555      0x204 contiki-avr-zigduino.a(rtimer-arch.o)
 .debug_line    0x0000000000004759      0x1f8 contiki-avr-zigduino.a(frame802154.o)
 .debug_line    0x0000000000004951       0xe5 contiki-avr-zigduino.a(memb.o)

.debug_frame    0x0000000000000000     0x205c
 *(.debug_frame)
 .debug_frame   0x0000000000000000       0x30 naive_temp_average.co
 .debug_frame   0x0000000000000030      0x150 contiki-avr-zigduino.a(etimer.o)
 .debug_frame   0x0000000000000180       0xb4 contiki-avr-zigduino.a(contiki-main.o)
 .debug_frame   0x0000000000000234       0x7c contiki-avr-zigduino.a(params.o)
 .debug_frame   0x00000000000002b0      0x124 contiki-avr-zigduino.a(clock.o)
 .debug_frame   0x00000000000003d4      0x14c contiki-avr-zigduino.a(rs232.o)
 .debug_frame   0x0000000000000520       0x64 contiki-avr-zigduino.a(watchdog.o)
 .debug_frame   0x0000000000000584      0x2a4 contiki-avr-zigduino.a(rf230bb.o)
 .debug_frame   0x0000000000000828      0x190 contiki-avr-zigduino.a(halbb.o)
 .debug_frame   0x00000000000009b8       0x44 contiki-avr-zigduino.a(rimeaddr.o)
 .debug_frame   0x00000000000009fc       0xc4 contiki-avr-zigduino.a(rime.o)
 .debug_frame   0x0000000000000ac0      0x10c contiki-avr-zigduino.a(announcement.o)
 .debug_frame   0x0000000000000bcc      0x11c contiki-avr-zigduino.a(broadcast-annou)
 .debug_frame   0x0000000000000ce8       0xac contiki-avr-zigduino.a(broadcast.o)
 .debug_frame   0x0000000000000d94       0x84 contiki-avr-zigduino.a(abc.o)
 .debug_frame   0x0000000000000e18       0x74 contiki-avr-zigduino.a(chameleon.o)
 .debug_frame   0x0000000000000e8c       0x84 contiki-avr-zigduino.a(channel.o)
 .debug_frame   0x0000000000000f10      0x1a4 contiki-avr-zigduino.a(chameleon-bitop)
 .debug_frame   0x00000000000010b4       0x74 contiki-avr-zigduino.a(nullmac.o)
 .debug_frame   0x0000000000001128       0xf4 contiki-avr-zigduino.a(sicslowmac.o)
 .debug_frame   0x000000000000121c      0x148 contiki-avr-zigduino.a(process.o)
 .debug_frame   0x0000000000001364       0x4c contiki-avr-zigduino.a(autostart.o)
 .debug_frame   0x00000000000013b0       0x50 contiki-avr-zigduino.a(serial-line.o)
 .debug_frame   0x0000000000001400       0x74 contiki-avr-zigduino.a(mmem.o)
 .debug_frame   0x0000000000001474       0x94 contiki-avr-zigduino.a(timer.o)
 .debug_frame   0x0000000000001508       0xfc contiki-avr-zigduino.a(list.o)
 .debug_frame   0x0000000000001604       0xf8 contiki-avr-zigduino.a(ctimer.o)
 .debug_frame   0x00000000000016fc       0x50 contiki-avr-zigduino.a(rtimer.o)
 .debug_frame   0x000000000000174c       0x34 contiki-avr-zigduino.a(random.o)
 .debug_frame   0x0000000000001780       0x64 contiki-avr-zigduino.a(ringbuf.o)
 .debug_frame   0x00000000000017e4      0x22c contiki-avr-zigduino.a(packetbuf.o)
 .debug_frame   0x0000000000001a10       0xf4 contiki-avr-zigduino.a(queuebuf.o)
 .debug_frame   0x0000000000001b04      0x16c contiki-avr-zigduino.a(tcpip.o)
 .debug_frame   0x0000000000001c70       0x38 contiki-avr-zigduino.a(uip-split.o)
 .debug_frame   0x0000000000001ca8      0x180 contiki-avr-zigduino.a(uip.o)
 .debug_frame   0x0000000000001e28       0xd8 contiki-avr-zigduino.a(rtimer-arch.o)
 .debug_frame   0x0000000000001f00       0xfc contiki-avr-zigduino.a(frame802154.o)
 .debug_frame   0x0000000000001ffc       0x60 contiki-avr-zigduino.a(memb.o)

.debug_str      0x0000000000000000     0x336f
 *(.debug_str)
 .debug_str     0x0000000000000000      0x1c9 naive_temp_average.co
                                        0x24c (size before relaxing)
 .debug_str     0x00000000000001c9      0x17a contiki-avr-zigduino.a(etimer.o)
                                        0x34f (size before relaxing)
 .debug_str     0x0000000000000343      0x3af contiki-avr-zigduino.a(contiki-main.o)
                                        0x57a (size before relaxing)
 .debug_str     0x00000000000006f2      0x1a1 contiki-avr-zigduino.a(params.o)
                                        0x312 (size before relaxing)
 .debug_str     0x0000000000000893       0xe1 contiki-avr-zigduino.a(clock.o)
                                        0x247 (size before relaxing)
 .debug_str     0x0000000000000974       0xff contiki-avr-zigduino.a(rs232.o)
                                        0x22e (size before relaxing)
 .debug_str     0x0000000000000a73       0x65 contiki-avr-zigduino.a(watchdog.o)
                                        0x173 (size before relaxing)
 .debug_str     0x0000000000000ad8      0x935 contiki-avr-zigduino.a(rf230bb.o)
                                        0xc5f (size before relaxing)
 .debug_str     0x000000000000140d      0x116 contiki-avr-zigduino.a(halbb.o)
                                        0x2f6 (size before relaxing)
 .debug_str     0x0000000000001523       0x9f contiki-avr-zigduino.a(rimeaddr.o)
                                        0x1b2 (size before relaxing)
 .debug_str     0x00000000000015c2      0x1e0 contiki-avr-zigduino.a(rime.o)
                                        0x3bc (size before relaxing)
 .debug_str     0x00000000000017a2      0x1d5 contiki-avr-zigduino.a(announcement.o)
                                        0x36f (size before relaxing)
 .debug_str     0x0000000000001977      0x240 contiki-avr-zigduino.a(broadcast-annou)
                                        0x548 (size before relaxing)
 .debug_str     0x0000000000001bb7       0xcc contiki-avr-zigduino.a(broadcast.o)
                                        0x58f (size before relaxing)
 .debug_str     0x0000000000001c83       0x61 contiki-avr-zigduino.a(abc.o)
                                        0x503 (size before relaxing)
 .debug_str     0x0000000000001ce4       0x8d contiki-avr-zigduino.a(chameleon.o)
                                        0x4fa (size before relaxing)
 .debug_str     0x0000000000001d71       0x78 contiki-avr-zigduino.a(channel.o)
                                        0x248 (size before relaxing)
 .debug_str     0x0000000000001de9      0x12f contiki-avr-zigduino.a(chameleon-bitop)
                                        0x612 (size before relaxing)
 .debug_str     0x0000000000001f18       0x70 contiki-avr-zigduino.a(nullmac.o)
                                        0x216 (size before relaxing)
 .debug_str     0x0000000000001f88      0x222 contiki-avr-zigduino.a(sicslowmac.o)
                                        0x8b8 (size before relaxing)
 .debug_str     0x00000000000021aa      0x141 contiki-avr-zigduino.a(process.o)
                                        0x2e2 (size before relaxing)
 .debug_str     0x00000000000022eb       0x56 contiki-avr-zigduino.a(autostart.o)
                                        0x1be (size before relaxing)
 .debug_str     0x0000000000002341      0x105 contiki-avr-zigduino.a(serial-line.o)
                                        0x2cc (size before relaxing)
 .debug_str     0x0000000000002446       0x93 contiki-avr-zigduino.a(mmem.o)
                                        0x1cf (size before relaxing)
 .debug_str     0x00000000000024d9       0x53 contiki-avr-zigduino.a(timer.o)
                                        0x198 (size before relaxing)
 .debug_str     0x000000000000252c       0x9c contiki-avr-zigduino.a(list.o)
                                        0x156 (size before relaxing)
 .debug_str     0x00000000000025c8       0xc2 contiki-avr-zigduino.a(ctimer.o)
                                        0x305 (size before relaxing)
 .debug_str     0x000000000000268a      0x108 contiki-avr-zigduino.a(rtimer.o)
                                        0x20b (size before relaxing)
 .debug_str     0x0000000000002792       0x4f contiki-avr-zigduino.a(random.o)
                                        0x14d (size before relaxing)
 .debug_str     0x00000000000027e1       0x63 contiki-avr-zigduino.a(ringbuf.o)
                                        0x1a0 (size before relaxing)
 .debug_str     0x0000000000002844      0x186 contiki-avr-zigduino.a(packetbuf.o)
                                        0x6b2 (size before relaxing)
 .debug_str     0x00000000000029ca      0x1bd contiki-avr-zigduino.a(queuebuf.o)
                                        0x72e (size before relaxing)
 .debug_str     0x0000000000002b87      0x33c contiki-avr-zigduino.a(tcpip.o)
                                        0x5be (size before relaxing)
 .debug_str     0x0000000000002ec3       0x93 contiki-avr-zigduino.a(uip-split.o)
                                        0x282 (size before relaxing)
 .debug_str     0x0000000000002f56      0x294 contiki-avr-zigduino.a(uip.o)
                                        0x64a (size before relaxing)
 .debug_str     0x00000000000031ea       0x80 contiki-avr-zigduino.a(rtimer-arch.o)
                                        0x23f (size before relaxing)
 .debug_str     0x000000000000326a       0xbe contiki-avr-zigduino.a(frame802154.o)
                                        0x378 (size before relaxing)
 .debug_str     0x0000000000003328       0x47 contiki-avr-zigduino.a(memb.o)
                                        0x178 (size before relaxing)

.debug_loc      0x0000000000000000     0x8735
 *(.debug_loc)
 .debug_loc     0x0000000000000000      0x175 naive_temp_average.co
 .debug_loc     0x0000000000000175      0x5bb contiki-avr-zigduino.a(etimer.o)
 .debug_loc     0x0000000000000730      0x2e9 contiki-avr-zigduino.a(contiki-main.o)
 .debug_loc     0x0000000000000a19      0x223 contiki-avr-zigduino.a(params.o)
 .debug_loc     0x0000000000000c3c      0x2b3 contiki-avr-zigduino.a(clock.o)
 .debug_loc     0x0000000000000eef      0x3fc contiki-avr-zigduino.a(rs232.o)
 .debug_loc     0x00000000000012eb      0xab2 contiki-avr-zigduino.a(rf230bb.o)
 .debug_loc     0x0000000000001d9d      0x493 contiki-avr-zigduino.a(halbb.o)
 .debug_loc     0x0000000000002230       0x82 contiki-avr-zigduino.a(rimeaddr.o)
 .debug_loc     0x00000000000022b2      0x380 contiki-avr-zigduino.a(rime.o)
 .debug_loc     0x0000000000002632      0x46f contiki-avr-zigduino.a(announcement.o)
 .debug_loc     0x0000000000002aa1      0x5eb contiki-avr-zigduino.a(broadcast-annou)
 .debug_loc     0x000000000000308c      0x32f contiki-avr-zigduino.a(broadcast.o)
 .debug_loc     0x00000000000033bb      0x248 contiki-avr-zigduino.a(abc.o)