Archive member included because of file (symbol)

contiki-avr-zigduino.a(broadcast.o)
                              transmit_power_usage.co (broadcast_open)
contiki-avr-zigduino.a(abc.o)
                              contiki-avr-zigduino.a(broadcast.o) (abc_open)
contiki-avr-zigduino.a(channel.o)
                              contiki-avr-zigduino.a(abc.o) (channel_open)
contiki-avr-zigduino.a(list.o)
                              contiki-avr-zigduino.a(channel.o) (list_init)
contiki-avr-zigduino.a(etimer.o)
                              transmit_power_usage.co (etimer_set)
contiki-avr-zigduino.a(packetbuf.o)
                              transmit_power_usage.co (packetbuf_dataptr)
contiki-avr-zigduino.a(contiki-main.o)
                              /usr/lib/gcc/avr/4.5.3/../../../../avr/lib/avr51/crtm128rfa1.o (main)
contiki-avr-zigduino.a(params.o)
                              contiki-avr-zigduino.a(contiki-main.o) (params_get_channel)
contiki-avr-zigduino.a(clock.o)
                              contiki-avr-zigduino.a(contiki-main.o) (clock_init)
contiki-avr-zigduino.a(rs232.o)
                              contiki-avr-zigduino.a(contiki-main.o) (rs232_init)
contiki-avr-zigduino.a(watchdog.o)
                              contiki-avr-zigduino.a(contiki-main.o) (watchdog_init)
contiki-avr-zigduino.a(rf230bb.o)
                              contiki-avr-zigduino.a(contiki-main.o) (rf230_get_channel)
contiki-avr-zigduino.a(halbb.o)
                              contiki-avr-zigduino.a(rf230bb.o) (hal_init)
contiki-avr-zigduino.a(rimeaddr.o)
                              contiki-avr-zigduino.a(broadcast.o) (rimeaddr_copy)
contiki-avr-zigduino.a(rime.o)
                              contiki-avr-zigduino.a(abc.o) (rime_output)
contiki-avr-zigduino.a(announcement.o)
                              contiki-avr-zigduino.a(rime.o) (announcement_init)
contiki-avr-zigduino.a(broadcast-annou)
                              contiki-avr-zigduino.a(rime.o) (broadcast_announcement_init)
contiki-avr-zigduino.a(chameleon.o)
                              contiki-avr-zigduino.a(rime.o) (chameleon_init)
contiki-avr-zigduino.a(chameleon-bitop)
                              contiki-avr-zigduino.a(chameleon.o) (chameleon_bitopt)
contiki-avr-zigduino.a(nullmac.o)
                              contiki-avr-zigduino.a(contiki-main.o) (nullmac_driver)
contiki-avr-zigduino.a(sicslowmac.o)
                              contiki-avr-zigduino.a(contiki-main.o) (sicslowmac_driver)
contiki-avr-zigduino.a(process.o)
                              contiki-avr-zigduino.a(etimer.o) (process_current)
contiki-avr-zigduino.a(autostart.o)
                              contiki-avr-zigduino.a(contiki-main.o) (autostart_start)
contiki-avr-zigduino.a(serial-line.o)
                              contiki-avr-zigduino.a(contiki-main.o) (serial_line_input_byte)
contiki-avr-zigduino.a(mmem.o)
                              contiki-avr-zigduino.a(contiki-main.o) (mmem_init)
contiki-avr-zigduino.a(timer.o)
                              contiki-avr-zigduino.a(etimer.o) (timer_set)
contiki-avr-zigduino.a(ctimer.o)
                              contiki-avr-zigduino.a(contiki-main.o) (ctimer_init)
contiki-avr-zigduino.a(rtimer.o)
                              contiki-avr-zigduino.a(contiki-main.o) (rtimer_init)
contiki-avr-zigduino.a(random.o)
                              contiki-avr-zigduino.a(contiki-main.o) (random_init)
contiki-avr-zigduino.a(ringbuf.o)
                              contiki-avr-zigduino.a(serial-line.o) (ringbuf_init)
contiki-avr-zigduino.a(queuebuf.o)
                              contiki-avr-zigduino.a(contiki-main.o) (queuebuf_init)
contiki-avr-zigduino.a(tcpip.o)
                              contiki-avr-zigduino.a(contiki-main.o) (tcpip_process)
contiki-avr-zigduino.a(uip-split.o)
                              contiki-avr-zigduino.a(tcpip.o) (uip_split_output)
contiki-avr-zigduino.a(uip.o)
                              contiki-avr-zigduino.a(tcpip.o) (uip_aligned_buf)
contiki-avr-zigduino.a(rtimer-arch.o)
                              contiki-avr-zigduino.a(rtimer.o) (rtimer_arch_init)
contiki-avr-zigduino.a(frame802154.o)
                              contiki-avr-zigduino.a(sicslowmac.o) (frame802154_hdrlen)
contiki-avr-zigduino.a(memb.o)
                              contiki-avr-zigduino.a(queuebuf.o) (memb_init)
/usr/lib/gcc/avr/4.5.3/avr51/libgcc.a(_udivmodhi4.o)
                              contiki-avr-zigduino.a(contiki-main.o) (__udivmodhi4)
/usr/lib/gcc/avr/4.5.3/avr51/libgcc.a(_udivmodsi4.o)
                              contiki-avr-zigduino.a(contiki-main.o) (__udivmodsi4)
/usr/lib/gcc/avr/4.5.3/avr51/libgcc.a(_exit.o)
                              /usr/lib/gcc/avr/4.5.3/../../../../avr/lib/avr51/crtm128rfa1.o (exit)
/usr/lib/gcc/avr/4.5.3/avr51/libgcc.a(_copy_data.o)
                              transmit_power_usage.co (__do_copy_data)
/usr/lib/gcc/avr/4.5.3/avr51/libgcc.a(_clear_bss.o)
[...]
Memory Configuration

Name             Origin             Length             Attributes
text             0x0000000000000000 0x0000000000020000 xr
data             0x0000000000800100 0x000000000000ff00 rw !x
eeprom           0x0000000000810000 0x0000000000010000 rw !x
fuse             0x0000000000820000 0x0000000000000400 rw !x
lock             0x0000000000830000 0x0000000000000400 rw !x
signature        0x0000000000840000 0x0000000000000400 rw !x
*default*        0x0000000000000000 0xffffffffffffffff

Linker script and memory map

Address of section .data set to 0x800200
LOAD /usr/lib/gcc/avr/4.5.3/../../../../avr/lib/avr51/crtm128rfa1.o
Address of section .bootloader set to 0x1f800
LOAD transmit_power_usage.co
LOAD contiki-avr-zigduino.a
LOAD /usr/lib/gcc/avr/4.5.3/avr51/libgcc.a
LOAD /usr/lib/gcc/avr/4.5.3/../../../../avr/lib/avr51/libc.a
LOAD /usr/lib/gcc/avr/4.5.3/avr51/libgcc.a

.hash
 *(.hash)

.dynsym
 *(.dynsym)

.dynstr
 *(.dynstr)

.gnu.version
 *(.gnu.version)

.gnu.version_d
 *(.gnu.version_d)

.gnu.version_r
 *(.gnu.version_r)

.rel.init
 *(.rel.init)

.rela.init
 *(.rela.init)

.rel.text
 *(.rel.text)
 *(.rel.text.*)
 *(.rel.gnu.linkonce.t*)

.rela.text
 *(.rela.text)
 *(.rela.text.*)
 *(.rela.gnu.linkonce.t*)

.rel.fini
 *(.rel.fini)

.rela.fini
 *(.rela.fini)

.rel.rodata
 *(.rel.rodata)
 *(.rel.rodata.*)
 *(.rel.gnu.linkonce.r*)

.rela.rodata
 *(.rela.rodata)
 *(.rela.rodata.*)
 *(.rela.gnu.linkonce.r*)

.rel.data
 *(.rel.data)
 *(.rel.data.*)
 *(.rel.gnu.linkonce.d*)

.rela.data
 *(.rela.data)
 *(.rela.data.*)
 *(.rela.gnu.linkonce.d*)

.rel.ctors
 *(.rel.ctors)

.rela.ctors
 *(.rela.ctors)

.rel.dtors
 *(.rel.dtors)

.rela.dtors
 *(.rela.dtors)

.rel.got
 *(.rel.got)

.rela.got
 *(.rela.got)

.rel.bss
 *(.rel.bss)

.rela.bss
 *(.rela.bss)

.rel.plt
 *(.rel.plt)

.rela.plt
 *(.rela.plt)

.text           0x0000000000000000     0x5580
 *(.vectors)
 .vectors       0x0000000000000000      0x120 /usr/lib/gcc/avr/4.5.3/../../../../avr/lib/avr51/crtm128rfa1.o
                0x0000000000000000                __vectors
                0x0000000000000000                __vector_default
 *(.vectors)
 *(.progmem.gcc*)
                0x0000000000000120                . = ALIGN (0x2)
                0x0000000000000120                __trampolines_start = .
 *(.trampolines)
 .trampolines   0x0000000000000120        0x0 linker stubs
 *(.trampolines*)
                0x0000000000000120                __trampolines_end = .
 *(.progmem*)
 .progmem.data  0x0000000000000120      0x11d contiki-avr-zigduino.a(contiki-main.o)
 .progmem.data  0x000000000000023d       0x4d contiki-avr-zigduino.a(params.o)
                0x000000000000023d                default_mac_address
                0x0000000000000245                default_server_name
                0x0000000000000253                default_domain_name
                0x000000000000028a                . = ALIGN (0x2)
 *(.jumptables)
 *(.jumptables*)
 *(.lowtext)
 *(.lowtext*)
                0x000000000000028a                __ctors_start = .
 *(.ctors)
                0x000000000000028a                __ctors_end = .
                0x000000000000028a                __dtors_start = .
 *(.dtors)
                0x000000000000028a                __dtors_end = .
 SORT(*)(.ctors)
 SORT(*)(.dtors)
 *(.init0)
 .init0         0x000000000000028a        0x0 /usr/lib/gcc/avr/4.5.3/../../../../avr/lib/avr51/crtm128rfa1.o
                0x000000000000028a                __init
 *(.init0)
 *(.init1)
 *(.init1)
 *(.init2)
 .init2         0x000000000000028a        0xc /usr/lib/gcc/avr/4.5.3/../../../../avr/lib/avr51/crtm128rfa1.o
 *(.init2)
 *(.init3)
 *(.init3)
 *(.init4)
 .init4         0x0000000000000296       0x1a /usr/lib/gcc/avr/4.5.3/avr51/libgcc.a(_copy_data.o)
                0x0000000000000296                __do_copy_data
 .init4         0x00000000000002b0       0x10 /usr/lib/gcc/avr/4.5.3/avr51/libgcc.a(_clear_bss.o)
                0x00000000000002b0                __do_clear_bss
 *(.init4)
 *(.init5)
 *(.init5)
 *(.init6)
 *(.init6)
 *(.init7)
 *(.init7)
 *(.init8)
 *(.init8)
 *(.init9)
 .init9         0x00000000000002c0        0x8 /usr/lib/gcc/avr/4.5.3/../../../../avr/lib/avr51/crtm128rfa1.o
 *(.init9)
 *(.text)
 .text          0x00000000000002c8        0x4 /usr/lib/gcc/avr/4.5.3/../../../../avr/lib/avr51/crtm128rfa1.o
                0x00000000000002c8                __vector_38
                0x00000000000002c8                __vector_22
                0x00000000000002c8                __vector_28
                0x00000000000002c8                __vector_67
                0x00000000000002c8                __vector_1
                0x00000000000002c8                __vector_71
                0x00000000000002c8                __vector_34
                0x00000000000002c8                __vector_24
                0x00000000000002c8                __vector_12
                0x00000000000002c8                __vector_55
                0x00000000000002c8                __vector_69
                0x00000000000002c8                __vector_46
                0x00000000000002c8                __bad_interrupt
                0x00000000000002c8                __vector_6
                0x00000000000002c8                __vector_31
                0x00000000000002c8                __vector_35
                0x00000000000002c8                __vector_39
                0x00000000000002c8                __vector_3
                0x00000000000002c8                __vector_23
                0x00000000000002c8                __vector_68
                0x00000000000002c8                __vector_30
                0x00000000000002c8                __vector_45
                0x00000000000002c8                __vector_11
                0x00000000000002c8                __vector_54
                0x00000000000002c8                __vector_17
                0x00000000000002c8                __vector_19
                0x00000000000002c8                __vector_56
                0x00000000000002c8                __vector_7
                0x00000000000002c8                __vector_49
                0x00000000000002c8                __vector_41
                0x00000000000002c8                __vector_43
                0x00000000000002c8                __vector_27
                0x00000000000002c8                __vector_5
                0x00000000000002c8                __vector_33
                0x00000000000002c8                __vector_47
                0x00000000000002c8                __vector_52
                0x00000000000002c8                __vector_37
                0x00000000000002c8                __vector_4
                0x00000000000002c8                __vector_44
                0x00000000000002c8                __vector_51
                0x00000000000002c8                __vector_9
                0x00000000000002c8                __vector_2
                0x00000000000002c8                __vector_15
                0x00000000000002c8                __vector_66
                0x00000000000002c8                __vector_70
                0x00000000000002c8                __vector_29
                0x00000000000002c8                __vector_40
                0x00000000000002c8                __vector_8
                0x00000000000002c8                __vector_26
                0x00000000000002c8                __vector_48
                0x00000000000002c8                __vector_14
                0x00000000000002c8                __vector_53
                0x00000000000002c8                __vector_10
                0x00000000000002c8                __vector_50
                0x00000000000002c8                __vector_16
                0x00000000000002c8                __vector_18
                0x00000000000002c8                __vector_20
                0x00000000000002c8                __vector_42
                0x00000000000002c8                __vector_65
                0x00000000000002cc                . = ALIGN (0x2)
 *(.text.*)
 .text.process_thread_transmit_power_usage_process
                0x00000000000002cc       0x9e transmit_power_usage.co
 .text.broadcast_recv
                0x000000000000036a       0x5e transmit_power_usage.co
 .text.sent_by_abc
                0x00000000000003c8       0x18 contiki-avr-zigduino.a(broadcast.o)
 .text.recv_from_abc
                0x00000000000003e0       0x56 contiki-avr-zigduino.a(broadcast.o)
 .text.broadcast_open
                0x0000000000000436       0x36 contiki-avr-zigduino.a(broadcast.o)
                0x0000000000000436                broadcast_open
 .text.broadcast_close
                0x000000000000046c        0x6 contiki-avr-zigduino.a(broadcast.o)
                0x000000000000046c                broadcast_close
 .text.broadcast_send
                0x0000000000000472       0x1c contiki-avr-zigduino.a(broadcast.o)
                0x0000000000000472                broadcast_send
 .text.abc_open
                0x000000000000048e       0x32 contiki-avr-zigduino.a(abc.o)
                0x000000000000048e                abc_open
 .text.abc_close
                0x00000000000004c0        0x6 contiki-avr-zigduino.a(abc.o)
                0x00000000000004c0                abc_close
 .text.abc_send
                0x00000000000004c6        0x6 contiki-avr-zigduino.a(abc.o)
                0x00000000000004c6                abc_send
 .text.abc_input
                0x00000000000004cc       0x18 contiki-avr-zigduino.a(abc.o)
                0x00000000000004cc                abc_input
 .text.abc_sent
                0x00000000000004e4       0x18 contiki-avr-zigduino.a(abc.o)
                0x00000000000004e4                abc_sent
 .text.channel_init
                0x00000000000004fc        0xa contiki-avr-zigduino.a(channel.o)
                0x00000000000004fc                channel_init
 .text.channel_open
                0x0000000000000506       0x12 contiki-avr-zigduino.a(channel.o)
                0x0000000000000506                channel_open
 .text.channel_close
                0x0000000000000518        0xc contiki-avr-zigduino.a(channel.o)
                0x0000000000000518                channel_close
 .text.channel_lookup
                0x0000000000000524       0x30 contiki-avr-zigduino.a(channel.o)
                0x0000000000000524                channel_lookup
 .text.channel_set_attributes
                0x0000000000000554       0x2a contiki-avr-zigduino.a(channel.o)
                0x0000000000000554                channel_set_attributes
 .text.list_init
                0x000000000000057e        0x8 contiki-avr-zigduino.a(list.o)
                0x000000000000057e                list_init
 .text.list_head
                0x0000000000000586        0x8 contiki-avr-zigduino.a(list.o)
                0x0000000000000586                list_head
 .text.list_tail
                0x000000000000058e       0x24 contiki-avr-zigduino.a(list.o)
                0x000000000000058e                list_tail
 .text.list_remove
                0x00000000000005b2       0x4a contiki-avr-zigduino.a(list.o)
                0x00000000000005b2                list_remove
 .text.list_add
                0x00000000000005fc       0x3e contiki-avr-zigduino.a(list.o)
                0x00000000000005fc                list_add
 .text.list_item_next
                0x000000000000063a       0x14 contiki-avr-zigduino.a(list.o)
                0x000000000000063a                list_item_next
 .text.update_time
                0x000000000000064e       0x64 contiki-avr-zigduino.a(etimer.o)
 .text.etimer_request_poll
                0x00000000000006b2        0xa contiki-avr-zigduino.a(etimer.o)
                0x00000000000006b2                etimer_request_poll
 .text.process_thread_etimer_process
                0x00000000000006bc      0x11a contiki-avr-zigduino.a(etimer.o)
 .text.add_timer
                0x00000000000007d6       0x64 contiki-avr-zigduino.a(etimer.o)
 .text.etimer_set
                0x000000000000083a       0x16 contiki-avr-zigduino.a(etimer.o)
                0x000000000000083a                etimer_set
 .text.etimer_restart
                0x0000000000000850       0x16 contiki-avr-zigduino.a(etimer.o)
                0x0000000000000850                etimer_restart
 .text.etimer_expired
                0x0000000000000866       0x16 contiki-avr-zigduino.a(etimer.o)
                0x0000000000000866                etimer_expired
 .text.etimer_pending
                0x000000000000087c       0x18 contiki-avr-zigduino.a(etimer.o)
                0x000000000000087c                etimer_pending
 .text.packetbuf_hdrreduce
                0x0000000000000894       0x3e contiki-avr-zigduino.a(packetbuf.o)
                0x0000000000000894                packetbuf_hdrreduce
 .text.packetbuf_set_datalen
                0x00000000000008d2        0xa contiki-avr-zigduino.a(packetbuf.o)
                0x00000000000008d2                packetbuf_set_datalen
 .text.packetbuf_dataptr
                0x00000000000008dc       0x10 contiki-avr-zigduino.a(packetbuf.o)
                0x00000000000008dc                packetbuf_dataptr
 .text.packetbuf_hdrptr
                0x00000000000008ec        0xe contiki-avr-zigduino.a(packetbuf.o)
                0x00000000000008ec                packetbuf_hdrptr
 .text.packetbuf_is_reference
                0x00000000000008fa       0x1c contiki-avr-zigduino.a(packetbuf.o)
                0x00000000000008fa                packetbuf_is_reference
 .text.packetbuf_compact
                0x0000000000000916       0x60 contiki-avr-zigduino.a(packetbuf.o)
                0x0000000000000916                packetbuf_compact
 .text.packetbuf_datalen
                0x0000000000000976        0xa contiki-avr-zigduino.a(packetbuf.o)
                0x0000000000000976                packetbuf_datalen
 .text.packetbuf_totlen
                0x0000000000000980       0x18 contiki-avr-zigduino.a(packetbuf.o)
                0x0000000000000980                packetbuf_totlen
 .text.packetbuf_hdralloc
                0x0000000000000998       0x3e contiki-avr-zigduino.a(packetbuf.o)
                0x0000000000000998                packetbuf_hdralloc
 .text.packetbuf_attr_clear
                0x00000000000009d6       0x38 contiki-avr-zigduino.a(packetbuf.o)
                0x00000000000009d6                packetbuf_attr_clear
 .text.packetbuf_clear
                0x0000000000000a0e       0x28 contiki-avr-zigduino.a(packetbuf.o)
                0x0000000000000a0e                packetbuf_clear
 .text.packetbuf_copyfrom
                0x0000000000000a36       0x66 contiki-avr-zigduino.a(packetbuf.o)
                0x0000000000000a36                packetbuf_copyfrom
 .text.packetbuf_attr_copyfrom
                0x0000000000000a9c       0x2a contiki-avr-zigduino.a(packetbuf.o)
                0x0000000000000a9c                packetbuf_attr_copyfrom
 .text.packetbuf_set_attr
                0x0000000000000ac6       0x16 contiki-avr-zigduino.a(packetbuf.o)
                0x0000000000000ac6                packetbuf_set_attr
 .text.packetbuf_attr
                0x0000000000000adc       0x12 contiki-avr-zigduino.a(packetbuf.o)
                0x0000000000000adc                packetbuf_attr
 .text.packetbuf_set_addr
                0x0000000000000aee       0x14 contiki-avr-zigduino.a(packetbuf.o)
                0x0000000000000aee                packetbuf_set_addr
 .text.packetbuf_addr
                0x0000000000000b02       0x10 contiki-avr-zigduino.a(packetbuf.o)
                0x0000000000000b02                packetbuf_addr
 .text.rng_get_uint8
                0x0000000000000b12       0x2e contiki-avr-zigduino.a(contiki-main.o)
                0x0000000000000b12                rng_get_uint8
 .text.initialize
                0x0000000000000b40      0x326 contiki-avr-zigduino.a(contiki-main.o)
                0x0000000000000b40                initialize
 .text.main     0x0000000000000e66      0x132 contiki-avr-zigduino.a(contiki-main.o)
                0x0000000000000e66                main
 .text.params_get_channel
                0x0000000000000f98      0x130 contiki-avr-zigduino.a(params.o)
                0x0000000000000f98                params_get_channel
 .text.params_get_eui64
                0x00000000000010c8       0x14 contiki-avr-zigduino.a(params.o)
                0x00000000000010c8                params_get_eui64
 .text.params_get_panid
                0x00000000000010dc        0xa contiki-avr-zigduino.a(params.o)
                0x00000000000010dc                params_get_panid
 .text.params_get_panaddr
                0x00000000000010e6        0xa contiki-avr-zigduino.a(params.o)
                0x00000000000010e6                params_get_panaddr
 .text.params_get_txpower
                0x00000000000010f0        0xa contiki-avr-zigduino.a(params.o)
                0x00000000000010f0                params_get_txpower
 .text.clock_init
                0x00000000000010fa       0x20 contiki-avr-zigduino.a(clock.o)
                0x00000000000010fa                clock_init
 .text.clock_time
                0x000000000000111a       0x1a contiki-avr-zigduino.a(clock.o)
                0x000000000000111a                clock_time
 .text.clock_seconds
                0x0000000000001134       0x30 contiki-avr-zigduino.a(clock.o)
                0x0000000000001134                clock_seconds
 .text.__vector_21
                0x0000000000001164       0xa6 contiki-avr-zigduino.a(clock.o)
                0x0000000000001164                __vector_21
 .text.__vector_25
                0x000000000000120a       0x5e contiki-avr-zigduino.a(rs232.o)
                0x000000000000120a                __vector_25
 .text.__vector_36
                0x0000000000001268       0x5e contiki-avr-zigduino.a(rs232.o)
                0x0000000000001268                __vector_36
 .text.rs232_init
                0x00000000000012c6       0x40 contiki-avr-zigduino.a(rs232.o)
                0x00000000000012c6                rs232_init
 .text.rs232_send
                0x0000000000001306       0x24 contiki-avr-zigduino.a(rs232.o)
                0x0000000000001306                rs232_send
 .text.rs232_stdout_putchar
                0x000000000000132a       0x2a contiki-avr-zigduino.a(rs232.o)
                0x000000000000132a                rs232_stdout_putchar
 .text.rs232_set_input
                0x0000000000001354       0x1c contiki-avr-zigduino.a(rs232.o)
                0x0000000000001354                rs232_set_input
 .text.rs232_redirect_stdout
                0x0000000000001370       0x12 contiki-avr-zigduino.a(rs232.o)
                0x0000000000001370                rs232_redirect_stdout
 .text.watchdog_init
                0x0000000000001382       0x18 contiki-avr-zigduino.a(watchdog.o)
                0x0000000000001382                watchdog_init
 .text.watchdog_start
                0x000000000000139a       0x18 contiki-avr-zigduino.a(watchdog.o)
                0x000000000000139a                watchdog_start
 .text.watchdog_periodic
                0x00000000000013b2        0x4 contiki-avr-zigduino.a(watchdog.o)
                0x00000000000013b2                watchdog_periodic
 .text.flushrx  0x00000000000013b6       0x22 contiki-avr-zigduino.a(rf230bb.o)
 .text.rf230_pending_packet
                0x00000000000013d8        0x8 contiki-avr-zigduino.a(rf230bb.o)
 .text.rf230_isidle
                0x00000000000013e0       0x38 contiki-avr-zigduino.a(rf230bb.o)
 .text.rf230_waitidle
                0x0000000000001418       0x12 contiki-avr-zigduino.a(rf230bb.o)
 .text.rf230_receiving_packet
                0x000000000000142a       0x2e contiki-avr-zigduino.a(rf230bb.o)
 .text.radio_reset_state_machine
                0x0000000000001458       0x32 contiki-avr-zigduino.a(rf230bb.o)
 .text.radio_off
                0x000000000000148a       0x28 contiki-avr-zigduino.a(rf230bb.o)
 .text.rf230_off
                0x00000000000014b2       0x16 contiki-avr-zigduino.a(rf230bb.o)
 .text.set_txpower
                0x00000000000014c8       0x1e contiki-avr-zigduino.a(rf230bb.o)
 .text.rf230_prepare
                0x00000000000014e6       0x2a contiki-avr-zigduino.a(rf230bb.o)
 .text.radio_get_trx_state
                0x0000000000001510        0xe contiki-avr-zigduino.a(rf230bb.o)
                0x0000000000001510                radio_get_trx_state
 .text.radio_set_trx_state
                0x000000000000151e       0xc4 contiki-avr-zigduino.a(rf230bb.o)
 .text.radio_on
                0x00000000000015e2       0x42 contiki-avr-zigduino.a(rf230bb.o)
 .text.rf230_on
                0x0000000000001624       0x12 contiki-avr-zigduino.a(rf230bb.o)
 .text.rf230_cca
                0x0000000000001636       0x92 contiki-avr-zigduino.a(rf230bb.o)
 .text.rf230_warm_reset
                0x00000000000016c8       0x40 contiki-avr-zigduino.a(rf230bb.o)
                0x00000000000016c8                rf230_warm_reset
 .text.rf230_init
                0x0000000000001708       0x74 contiki-avr-zigduino.a(rf230bb.o)
                0x0000000000001708                rf230_init
 .text.rf230_get_channel
                0x000000000000177c        0x6 contiki-avr-zigduino.a(rf230bb.o)
                0x000000000000177c                rf230_get_channel
 .text.rf230_set_channel
                0x0000000000001782       0x2a contiki-avr-zigduino.a(rf230bb.o)
                0x0000000000001782                rf230_set_channel
 .text.rf230_set_pan_addr
                0x00000000000017ac       0x64 contiki-avr-zigduino.a(rf230bb.o)
                0x00000000000017ac                rf230_set_pan_addr
 .text.rf230_interrupt
                0x0000000000001810       0x14 contiki-avr-zigduino.a(rf230bb.o)
                0x0000000000001810                rf230_interrupt
 .text.rf230_read
                0x0000000000001824      0x120 contiki-avr-zigduino.a(rf230bb.o)
 .text.process_thread_rf230_process
                0x0000000000001944       0x7c contiki-avr-zigduino.a(rf230bb.o)
 .text.rf230_set_txpower
                0x00000000000019c0        0x6 contiki-avr-zigduino.a(rf230bb.o)
                0x00000000000019c0                rf230_set_txpower
 .text.rf230_get_txpower
                0x00000000000019c6       0x1a contiki-avr-zigduino.a(rf230bb.o)
                0x00000000000019c6                rf230_get_txpower
 .text.rf230_transmit
                0x00000000000019e0      0x10c contiki-avr-zigduino.a(rf230bb.o)
 .text.rf230_send
                0x0000000000001aec       0x20 contiki-avr-zigduino.a(rf230bb.o)
 .text.hal_init
                0x0000000000001b0c        0x2 contiki-avr-zigduino.a(halbb.o)
                0x0000000000001b0c                hal_init
 .text.hal_subregister_read
                0x0000000000001b0e       0x14 contiki-avr-zigduino.a(halbb.o)
                0x0000000000001b0e                hal_subregister_read
 .text.hal_subregister_write
                0x0000000000001b22       0x38 contiki-avr-zigduino.a(halbb.o)
                0x0000000000001b22                hal_subregister_write
 .text.hal_frame_read
                0x0000000000001b5a       0x5a contiki-avr-zigduino.a(halbb.o)
                0x0000000000001b5a                hal_frame_read
 .text.hal_frame_write
                0x0000000000001bb4       0x1e contiki-avr-zigduino.a(halbb.o)
                0x0000000000001bb4                hal_frame_write
 .text.__vector_60
                0x0000000000001bd2       0x7e contiki-avr-zigduino.a(halbb.o)
                0x0000000000001bd2                __vector_60
 .text.__vector_59
                0x0000000000001c50       0x14 contiki-avr-zigduino.a(halbb.o)
                0x0000000000001c50                __vector_59
 .text.__vector_57
                0x0000000000001c64       0x14 contiki-avr-zigduino.a(halbb.o)
                0x0000000000001c64                __vector_57
 .text.__vector_58
                0x0000000000001c78       0x14 contiki-avr-zigduino.a(halbb.o)
                0x0000000000001c78                __vector_58
 .text.__vector_64
                0x0000000000001c8c       0x18 contiki-avr-zigduino.a(halbb.o)
                0x0000000000001c8c                __vector_64
 .text.__vector_63
                0x0000000000001ca4       0x18 contiki-avr-zigduino.a(halbb.o)
                0x0000000000001ca4                __vector_63
 .text.__vector_62
                0x0000000000001cbc       0x14 contiki-avr-zigduino.a(halbb.o)
                0x0000000000001cbc                __vector_62
 .text.__vector_61
                0x0000000000001cd0       0x18 contiki-avr-zigduino.a(halbb.o)
                0x0000000000001cd0                __vector_61
 .text.rimeaddr_copy
                0x0000000000001ce8        0xe contiki-avr-zigduino.a(rimeaddr.o)
                0x0000000000001ce8                rimeaddr_copy
 .text.rimeaddr_cmp
                0x0000000000001cf6       0x18 contiki-avr-zigduino.a(rimeaddr.o)
                0x0000000000001cf6                rimeaddr_cmp
 .text.rimeaddr_set_node_addr
                0x0000000000001d0e        0xc contiki-avr-zigduino.a(rimeaddr.o)
                0x0000000000001d0e                rimeaddr_set_node_addr
 .text.input    0x0000000000001d1a       0x4c contiki-avr-zigduino.a(rime.o)
 .text.init     0x0000000000001d66       0x26 contiki-avr-zigduino.a(rime.o)
 .text.packet_sent
                0x0000000000001d8c       0x5e contiki-avr-zigduino.a(rime.o)
 .text.rime_output
                0x0000000000001dea       0x34 contiki-avr-zigduino.a(rime.o)
                0x0000000000001dea                rime_output
 .text.announcement_init
                0x0000000000001e1e        0xa contiki-avr-zigduino.a(announcement.o)
                0x0000000000001e1e                announcement_init
 .text.announcement_register_observer_callback
                0x0000000000001e28        0xa contiki-avr-zigduino.a(announcement.o)
                0x0000000000001e28                announcement_register_observer_callback
 .text.announcement_list
                0x0000000000001e32        0xa contiki-avr-zigduino.a(announcement.o)
                0x0000000000001e32                announcement_list
 .text.announcement_heard
                0x0000000000001e3c       0x5e contiki-avr-zigduino.a(announcement.o)
                0x0000000000001e3c                announcement_heard
 .text.adv_packet_sent
                0x0000000000001e9a        0x2 contiki-avr-zigduino.a(broadcast-annou)
 .text.adv_packet_received
                0x0000000000001e9c       0x84 contiki-avr-zigduino.a(broadcast-annou)
 .text.set_timers
                0x0000000000001f20       0x46 contiki-avr-zigduino.a(broadcast-annou)
 .text.new_announcement
                0x0000000000001f66       0x1e contiki-avr-zigduino.a(broadcast-annou)
 .text.send_timer
                0x0000000000001f84       0x2a contiki-avr-zigduino.a(broadcast-annou)
 .text.send_adv
                0x0000000000001fae       0xa8 contiki-avr-zigduino.a(broadcast-annou)
 .text.broadcast_announcement_init
                0x0000000000002056       0x50 contiki-avr-zigduino.a(broadcast-annou)
                0x0000000000002056                broadcast_announcement_init
 .text.chameleon_init
                0x00000000000020a6        0x6 contiki-avr-zigduino.a(chameleon.o)
                0x00000000000020a6                chameleon_init
 .text.chameleon_parse
                0x00000000000020ac       0x2e contiki-avr-zigduino.a(chameleon.o)
                0x00000000000020ac                chameleon_parse
 .text.chameleon_create
                0x00000000000020da       0x3a contiki-avr-zigduino.a(chameleon.o)
                0x00000000000020da                chameleon_create
 .text.chameleon_hdrsize
                0x0000000000002114        0xc contiki-avr-zigduino.a(chameleon.o)
                0x0000000000002114                chameleon_hdrsize
 .text.header_size
                0x0000000000002120       0x1a contiki-avr-zigduino.a(chameleon-bitop)
 .text.get_bits_in_byte
                0x000000000000213a       0x3e contiki-avr-zigduino.a(chameleon-bitop)
                0x000000000000213a                get_bits_in_byte
 .text.get_bits
                0x0000000000002178       0xda contiki-avr-zigduino.a(chameleon-bitop)
                0x0000000000002178                get_bits
 .text.unpack_header
                0x0000000000002252      0x136 contiki-avr-zigduino.a(chameleon-bitop)
 .text.set_bits_in_byte
                0x0000000000002388       0x28 contiki-avr-zigduino.a(chameleon-bitop)
                0x0000000000002388                set_bits_in_byte
 .text.set_bits
                0x00000000000023b0      0x100 contiki-avr-zigduino.a(chameleon-bitop)
                0x00000000000023b0                set_bits
 .text.pack_header
                0x00000000000024b0      0x12c contiki-avr-zigduino.a(chameleon-bitop)
 .text.send_packet
                0x00000000000025dc        0xc contiki-avr-zigduino.a(nullmac.o)
 .text.packet_input
                0x00000000000025e8        0xc contiki-avr-zigduino.a(nullmac.o)
 .text.on       0x00000000000025f4        0xc contiki-avr-zigduino.a(nullmac.o)
 .text.off      0x0000000000002600        0xc contiki-avr-zigduino.a(nullmac.o)
 .text.channel_check_interval
                0x000000000000260c        0x6 contiki-avr-zigduino.a(nullmac.o)
 .text.init     0x0000000000002612        0x2 contiki-avr-zigduino.a(nullmac.o)
 .text.on       0x0000000000002614        0xc contiki-avr-zigduino.a(sicslowmac.o)
 .text.off      0x0000000000002620       0x1c contiki-avr-zigduino.a(sicslowmac.o)
 .text.channel_check_interval
                0x000000000000263c        0x6 contiki-avr-zigduino.a(sicslowmac.o)
 .text.input_packet
                0x0000000000002642       0xd4 contiki-avr-zigduino.a(sicslowmac.o)
 .text.send_packet
                0x0000000000002716      0x140 contiki-avr-zigduino.a(sicslowmac.o)
 .text.init     0x0000000000002856       0x14 contiki-avr-zigduino.a(sicslowmac.o)
 .text.send_list
                0x000000000000286a       0x2e contiki-avr-zigduino.a(sicslowmac.o)
                0x000000000000286a                send_list
 .text.call_process
                0x0000000000002898       0x52 contiki-avr-zigduino.a(process.o)
 .text.exit_process
                0x00000000000028ea       0xd8 contiki-avr-zigduino.a(process.o)
 .text.do_poll  0x00000000000029c2       0x3e contiki-avr-zigduino.a(process.o)
 .text.process_alloc_event
                0x0000000000002a00        0xe contiki-avr-zigduino.a(process.o)
                0x0000000000002a00                process_alloc_event
 .text.process_init
                0x0000000000002a0e       0x20 contiki-avr-zigduino.a(process.o)
                0x0000000000002a0e                process_init
 .text.process_run
                0x0000000000002a2e       0xd2 contiki-avr-zigduino.a(process.o)
                0x0000000000002a2e                process_run
 .text.process_post
                0x0000000000002b00       0x46 contiki-avr-zigduino.a(process.o)
                0x0000000000002b00                process_post
 .text.process_post_synch
                0x0000000000002b46       0x1e contiki-avr-zigduino.a(process.o)
                0x0000000000002b46                process_post_synch
 .text.process_start
                0x0000000000002b64       0x46 contiki-avr-zigduino.a(process.o)
                0x0000000000002b64                process_start
 .text.process_poll
                0x0000000000002baa       0x18 contiki-avr-zigduino.a(process.o)
                0x0000000000002baa                process_poll
 .text.autostart_start
                0x0000000000002bc2       0x2e contiki-avr-zigduino.a(autostart.o)
                0x0000000000002bc2                autostart_start
 .text.process_thread_serial_line_process
                0x0000000000002bf0       0xca contiki-avr-zigduino.a(serial-line.o)
 .text.serial_line_input_byte
                0x0000000000002cba       0x4c contiki-avr-zigduino.a(serial-line.o)
                0x0000000000002cba                serial_line_input_byte
 .text.mmem_init
                0x0000000000002d06       0x16 contiki-avr-zigduino.a(mmem.o)
                0x0000000000002d06                mmem_init
 .text.timer_set
                0x0000000000002d1c       0x18 contiki-avr-zigduino.a(timer.o)
                0x0000000000002d1c                timer_set
 .text.timer_restart
                0x0000000000002d34       0x14 contiki-avr-zigduino.a(timer.o)
                0x0000000000002d34                timer_restart
 .text.timer_expired
                0x0000000000002d48       0x2e contiki-avr-zigduino.a(timer.o)
                0x0000000000002d48                timer_expired
 .text.process_thread_ctimer_process
                0x0000000000002d76       0xe6 contiki-avr-zigduino.a(ctimer.o)
 .text.ctimer_init
                0x0000000000002e5c       0x1a contiki-avr-zigduino.a(ctimer.o)
                0x0000000000002e5c                ctimer_init
 .text.ctimer_set
                0x0000000000002e76       0x66 contiki-avr-zigduino.a(ctimer.o)
                0x0000000000002e76                ctimer_set
 .text.rtimer_init
                0x0000000000002edc        0x6 contiki-avr-zigduino.a(rtimer.o)
                0x0000000000002edc                rtimer_init
 .text.rtimer_run_next
                0x0000000000002ee2       0x3e contiki-avr-zigduino.a(rtimer.o)
                0x0000000000002ee2                rtimer_run_next
 .text.random_init
                0x0000000000002f20        0x6 contiki-avr-zigduino.a(random.o)
                0x0000000000002f20                random_init
 .text.random_rand
                0x0000000000002f26        0x6 contiki-avr-zigduino.a(random.o)
                0x0000000000002f26                random_rand
 .text.ringbuf_put
                0x0000000000002f2c       0x40 contiki-avr-zigduino.a(ringbuf.o)
                0x0000000000002f2c                ringbuf_put
 .text.ringbuf_get
                0x0000000000002f6c       0x3e contiki-avr-zigduino.a(ringbuf.o)
                0x0000000000002f6c                ringbuf_get
 .text.queuebuf_init
                0x0000000000002faa       0x1a contiki-avr-zigduino.a(queuebuf.o)
                0x0000000000002faa                queuebuf_init
 .text.queuebuf_to_packetbuf
                0x0000000000002fc4       0x7c contiki-avr-zigduino.a(queuebuf.o)
                0x0000000000002fc4                queuebuf_to_packetbuf
 .text.start_periodic_tcp_timer
                0x0000000000003040       0x16 contiki-avr-zigduino.a(tcpip.o)
 .text.tcpip_output
                0x0000000000003056       0x14 contiki-avr-zigduino.a(tcpip.o)
                0x0000000000003056                tcpip_output
 .text.process_thread_tcpip_process
                0x000000000000306a      0x280 contiki-avr-zigduino.a(tcpip.o)
 .text.tcpip_uipcall
                0x00000000000032ea       0x86 contiki-avr-zigduino.a(tcpip.o)
                0x00000000000032ea                tcpip_uipcall
 .text.uip_split_output
                0x0000000000003370      0x11e contiki-avr-zigduino.a(uip-split.o)
                0x0000000000003370                uip_split_output
 .text.chksum   0x000000000000348e       0x50 contiki-avr-zigduino.a(uip.o)
 .text.upper_layer_chksum
                0x00000000000034de       0x4c contiki-avr-zigduino.a(uip.o)
 .text.uip_add32
                0x000000000000352a       0x70 contiki-avr-zigduino.a(uip.o)
                0x000000000000352a                uip_add32
 .text.uip_add_rcv_nxt
                0x000000000000359a       0x32 contiki-avr-zigduino.a(uip.o)
 .text.uip_ipchksum
                0x00000000000035cc       0x22 contiki-avr-zigduino.a(uip.o)
                0x00000000000035cc                uip_ipchksum
 .text.uip_tcpchksum
                0x00000000000035ee        0x8 contiki-avr-zigduino.a(uip.o)
                0x00000000000035ee                uip_tcpchksum
 .text.uip_udpchksum
                0x00000000000035f6        0x8 contiki-avr-zigduino.a(uip.o)
                0x00000000000035f6                uip_udpchksum
 .text.uip_init
                0x00000000000035fe       0x72 contiki-avr-zigduino.a(uip.o)
                0x00000000000035fe                uip_init
 .text.uip_unlisten
                0x0000000000003670       0x34 contiki-avr-zigduino.a(uip.o)
                0x0000000000003670                uip_unlisten
 .text.uip_process
                0x00000000000036a4      0xec2 contiki-avr-zigduino.a(uip.o)
                0x00000000000036a4                uip_process
 .text.__vector_32
                0x0000000000004566       0x5a contiki-avr-zigduino.a(rtimer-arch.o)
                0x0000000000004566                __vector_32
 .text.rtimer_arch_init
                0x00000000000045c0       0x34 contiki-avr-zigduino.a(rtimer-arch.o)
                0x00000000000045c0                rtimer_arch_init
 .text.rtimer_arch_schedule
                0x00000000000045f4       0x20 contiki-avr-zigduino.a(rtimer-arch.o)
                0x00000000000045f4                rtimer_arch_schedule
 .text.__vector_13
                0x0000000000004614       0x14 contiki-avr-zigduino.a(rtimer-arch.o)
                0x0000000000004614                __vector_13
 .text.field_len
                0x0000000000004628       0xb2 contiki-avr-zigduino.a(frame802154.o)
 .text.frame802154_hdrlen
                0x00000000000046da       0x4a contiki-avr-zigduino.a(frame802154.o)
                0x00000000000046da                frame802154_hdrlen
 .text.frame802154_create
                0x0000000000004724      0x1c8 contiki-avr-zigduino.a(frame802154.o)
                0x0000000000004724                frame802154_create
 .text.frame802154_parse
                0x00000000000048ec      0x1a0 contiki-avr-zigduino.a(frame802154.o)
                0x00000000000048ec                frame802154_parse
 .text.memb_init
                0x0000000000004a8c       0x40 contiki-avr-zigduino.a(memb.o)
                0x0000000000004a8c                memb_init
 .text.memb_inmemb
                0x0000000000004acc       0x3a contiki-avr-zigduino.a(memb.o)
                0x0000000000004acc                memb_inmemb
 .text.libgcc   0x0000000000004b06       0x28 /usr/lib/gcc/avr/4.5.3/avr51/libgcc.a(_udivmodhi4.o)
                0x0000000000004b06                __udivmodhi4
 .text.libgcc   0x0000000000004b2e       0x44 /usr/lib/gcc/avr/4.5.3/avr51/libgcc.a(_udivmodsi4.o)
                0x0000000000004b2e                __udivmodsi4
 .text.avr-libc
                0x0000000000004b72      0x266 /usr/lib/gcc/avr/4.5.3/../../../../avr/lib/avr51/libc.a(malloc.o)
                0x0000000000004b72                malloc
                0x0000000000004ca6                free
 .text.avr-libc
                0x0000000000004dd8       0xbc /usr/lib/gcc/avr/4.5.3/../../../../avr/lib/avr51/libc.a(rand.o)
                0x0000000000004e6e                rand_r
                0x0000000000004e74                rand
                0x0000000000004e7e                srand
 .text.avr-libc
                0x0000000000004e94       0x1a /usr/lib/gcc/avr/4.5.3/../../../../avr/lib/avr51/libc.a(memcmp.o)
                0x0000000000004e94                memcmp
 .text.avr-libc
                0x0000000000004eae       0x12 /usr/lib/gcc/avr/4.5.3/../../../../avr/lib/avr51/libc.a(memcpy.o)
                0x0000000000004eae                memcpy
 .text.avr-libc
                0x0000000000004ec0        0xe /usr/lib/gcc/avr/4.5.3/../../../../avr/lib/avr51/libc.a(memset.o)
                0x0000000000004ec0                memset
 .text.avr-libc
                0x0000000000004ece       0x24 /usr/lib/gcc/avr/4.5.3/../../../../avr/lib/avr51/libc.a(printf.o)
                0x0000000000004ece                printf
 .text.avr-libc
                0x0000000000004ef2       0x40 /usr/lib/gcc/avr/4.5.3/../../../../avr/lib/avr51/libc.a(printf_p.o)
                0x0000000000004ef2                printf_P
 .text.avr-libc
                0x0000000000004f32      0x420 /usr/lib/gcc/avr/4.5.3/../../../../avr/lib/avr51/libc.a(vfprintf_std.o)
                0x0000000000004f32                vfprintf
 .text.avr-libc
                0x0000000000005352       0x20 /usr/lib/gcc/avr/4.5.3/../../../../avr/lib/avr51/libc.a(eerd_block_atmega128rfa1.o)
                0x0000000000005352                __eerd_block_m128rfa1
                0x0000000000005356                __eerd_blraw_m128rfa1
 .text.avr-libc
                0x0000000000005372       0x10 /usr/lib/gcc/avr/4.5.3/../../../../avr/lib/avr51/libc.a(eerd_byte_atmega128rfa1.o)
                0x0000000000005372                __eerd_byte_m128rfa1
 .text.avr-libc
                0x0000000000005382        0xc /usr/lib/gcc/avr/4.5.3/../../../../avr/lib/avr51/libc.a(eerd_word_atmega128rfa1.o)
                0x0000000000005382                __eerd_word_m128rfa1
 .text.avr-libc
                0x000000000000538e       0x14 /usr/lib/gcc/avr/4.5.3/../../../../avr/lib/avr51/libc.a(eewr_block_atmega128rfa1.o)
                0x000000000000538e                __eewr_block_m128rfa1
 .text.avr-libc
                0x00000000000053a2       0x1c /usr/lib/gcc/avr/4.5.3/../../../../avr/lib/avr51/libc.a(eewr_byte_atmega128rfa1.o)
                0x00000000000053a2                __eewr_byte_m128rfa1
                0x00000000000053a4                __eewr_r18_m128rfa1
 .text.avr-libc
                0x00000000000053be        0xa /usr/lib/gcc/avr/4.5.3/../../../../avr/lib/avr51/libc.a(eewr_word_atmega128rfa1.o)
                0x00000000000053be                __eewr_word_m128rfa1
 .text.avr-libc
                0x00000000000053c8       0x16 /usr/lib/gcc/avr/4.5.3/../../../../avr/lib/avr51/libc.a(strnlen_P.o)
                0x00000000000053c8                strnlen_P
 .text.avr-libc
                0x00000000000053de       0x16 /usr/lib/gcc/avr/4.5.3/../../../../avr/lib/avr51/libc.a(strnlen.o)
                0x00000000000053de                strnlen
 .text.avr-libc
                0x00000000000053f4       0x58 /usr/lib/gcc/avr/4.5.3/../../../../avr/lib/avr51/libc.a(fputc.o)
                0x00000000000053f4                fputc
 .text.avr-libc
                0x000000000000544c       0xbc /usr/lib/gcc/avr/4.5.3/../../../../avr/lib/avr51/libc.a(ultoa_invert.o)
                0x000000000000544c                __ultoa_invert
 .text.libgcc   0x0000000000005508       0x3e /usr/lib/gcc/avr/4.5.3/avr51/libgcc.a(_mulsi3.o)
                0x0000000000005508                __mulsi3
 .text.libgcc   0x0000000000005546       0x36 /usr/lib/gcc/avr/4.5.3/avr51/libgcc.a(_divmodsi4.o)
                0x0000000000005546                __divmodsi4
                0x000000000000557c                . = ALIGN (0x2)
 *(.fini9)
 .fini9         0x000000000000557c        0x0 /usr/lib/gcc/avr/4.5.3/avr51/libgcc.a(_exit.o)
                0x000000000000557c                exit
                0x000000000000557c                _exit
 *(.fini9)
 *(.fini8)
 *(.fini8)
 *(.fini7)
 *(.fini7)
 *(.fini6)
 *(.fini6)
 *(.fini5)
 *(.fini5)
 *(.fini4)
 *(.fini4)
 *(.fini3)
 *(.fini3)
 *(.fini2)
 *(.fini2)
 *(.fini1)
 *(.fini1)
 *(.fini0)
 .fini0         0x000000000000557c        0x4 /usr/lib/gcc/avr/4.5.3/avr51/libgcc.a(_exit.o)
 *(.fini0)
                0x0000000000005580                _etext = .

.data           0x0000000000800200      0x184 load address 0x0000000000005580
                0x0000000000800200                PROVIDE (__data_start, .)
 *(.data)
 .data          0x0000000000800200        0x0 /usr/lib/gcc/avr/4.5.3/../../../../avr/lib/avr51/crtm128rfa1.o
 .data          0x0000000000800200       0x48 transmit_power_usage.co
 .data          0x0000000000800248        0x0 contiki-avr-zigduino.a(broadcast.o)
 .data          0x0000000000800248        0x0 contiki-avr-zigduino.a(abc.o)
 .data          0x0000000000800248        0x0 contiki-avr-zigduino.a(channel.o)
 .data          0x0000000000800248        0x0 contiki-avr-zigduino.a(list.o)
 .data          0x0000000000800248        0xc contiki-avr-zigduino.a(etimer.o)
 .data          0x0000000000800254        0x0 contiki-avr-zigduino.a(packetbuf.o)
 .data          0x0000000000800254        0xc contiki-avr-zigduino.a(contiki-main.o)
 .data          0x0000000000800260        0x0 contiki-avr-zigduino.a(params.o)
 .data          0x0000000000800260        0x0 contiki-avr-zigduino.a(clock.o)
 .data          0x0000000000800260        0x0 contiki-avr-zigduino.a(rs232.o)
 .data          0x0000000000800260        0x0 contiki-avr-zigduino.a(watchdog.o)
 .data          0x0000000000800260        0xd contiki-avr-zigduino.a(rf230bb.o)
 .data          0x000000000080026d        0x0 contiki-avr-zigduino.a(halbb.o)
 .data          0x000000000080026d        0x0 contiki-avr-zigduino.a(rimeaddr.o)
 .data          0x000000000080026d        0x5 contiki-avr-zigduino.a(rime.o)
 .data          0x0000000000800272        0x0 contiki-avr-zigduino.a(announcement.o)
 .data          0x0000000000800272        0x0 contiki-avr-zigduino.a(broadcast-annou)
 .data          0x0000000000800272        0x0 contiki-avr-zigduino.a(chameleon.o)
 .data          0x0000000000800272        0x0 contiki-avr-zigduino.a(chameleon-bitop)
 .data          0x0000000000800272        0x8 contiki-avr-zigduino.a(nullmac.o)
 .data          0x000000000080027a        0xb contiki-avr-zigduino.a(sicslowmac.o)
 .data          0x0000000000800285        0x0 contiki-avr-zigduino.a(process.o)
 .data          0x0000000000800285        0x0 contiki-avr-zigduino.a(autostart.o)
 .data          0x0000000000800285        0xe contiki-avr-zigduino.a(serial-line.o)
 .data          0x0000000000800293        0x0 contiki-avr-zigduino.a(mmem.o)
 .data          0x0000000000800293        0x0 contiki-avr-zigduino.a(timer.o)
 .data          0x0000000000800293        0xf contiki-avr-zigduino.a(ctimer.o)
 .data          0x00000000008002a2        0x0 contiki-avr-zigduino.a(rtimer.o)
 .data          0x00000000008002a2        0x0 contiki-avr-zigduino.a(random.o)
 .data          0x00000000008002a2        0x0 contiki-avr-zigduino.a(ringbuf.o)
 .data          0x00000000008002a2        0x0 contiki-avr-zigduino.a(queuebuf.o)
 .data          0x00000000008002a2        0xd contiki-avr-zigduino.a(tcpip.o)
 .data          0x00000000008002af        0x0 contiki-avr-zigduino.a(uip-split.o)
 .data          0x00000000008002af        0x0 contiki-avr-zigduino.a(uip.o)
 .data          0x00000000008002af        0x0 contiki-avr-zigduino.a(rtimer-arch.o)
 .data          0x00000000008002af        0x0 contiki-avr-zigduino.a(frame802154.o)
 .data          0x00000000008002af        0x0 contiki-avr-zigduino.a(memb.o)
 .data          0x00000000008002af        0x0 /usr/lib/gcc/avr/4.5.3/avr51/libgcc.a(_udivmodhi4.o)
 .data          0x00000000008002af        0x0 /usr/lib/gcc/avr/4.5.3/avr51/libgcc.a(_udivmodsi4.o)
 .data          0x00000000008002af        0x0 /usr/lib/gcc/avr/4.5.3/avr51/libgcc.a(_exit.o)
 .data          0x00000000008002af        0x0 /usr/lib/gcc/avr/4.5.3/avr51/libgcc.a(_copy_data.o)
 .data          0x00000000008002af        0x0 /usr/lib/gcc/avr/4.5.3/avr51/libgcc.a(_clear_bss.o)
 .data          0x00000000008002af        0x6 /usr/lib/gcc/avr/4.5.3/../../../../avr/lib/avr51/libc.a(malloc.o)
                0x00000000008002af                __malloc_margin
                0x00000000008002b1                __malloc_heap_start
                0x00000000008002b3                __malloc_heap_end
 .data          0x00000000008002b5        0x4 /usr/lib/gcc/avr/4.5.3/../../../../avr/lib/avr51/libc.a(rand.o)
 .data          0x00000000008002b9        0x0 /usr/lib/gcc/avr/4.5.3/../../../../avr/lib/avr51/libc.a(memcmp.o)
 .data          0x00000000008002b9        0x0 /usr/lib/gcc/avr/4.5.3/../../../../avr/lib/avr51/libc.a(memcpy.o)
 .data          0x00000000008002b9        0x0 /usr/lib/gcc/avr/4.5.3/../../../../avr/lib/avr51/libc.a(memmove.o)
 .data          0x00000000008002b9        0x0 /usr/lib/gcc/avr/4.5.3/../../../../avr/lib/avr51/libc.a(memset.o)
 .data          0x00000000008002b9        0x0 /usr/lib/gcc/avr/4.5.3/../../../../avr/lib/avr51/libc.a(iob.o)
 .data          0x00000000008002b9        0x0 /usr/lib/gcc/avr/4.5.3/../../../../avr/lib/avr51/libc.a(printf.o)
 .data          0x00000000008002b9        0x0 /usr/lib/gcc/avr/4.5.3/../../../../avr/lib/avr51/libc.a(printf_p.o)
 .data          0x00000000008002b9        0x0 /usr/lib/gcc/avr/4.5.3/../../../../avr/lib/avr51/libc.a(vfprintf_std.o)
 .data          0x00000000008002b9        0x0 /usr/lib/gcc/avr/4.5.3/../../../../avr/lib/avr51/libc.a(eerd_block_atmega128rfa1.o)
 .data          0x00000000008002b9        0x0 /usr/lib/gcc/avr/4.5.3/../../../../avr/lib/avr51/libc.a(eerd_byte_atmega128rfa1.o)
 .data          0x00000000008002b9        0x0 /usr/lib/gcc/avr/4.5.3/../../../../avr/lib/avr51/libc.a(eerd_word_atmega128rfa1.o)
 .data          0x00000000008002b9        0x0 /usr/lib/gcc/avr/4.5.3/../../../../avr/lib/avr51/libc.a(eewr_block_atmega128rfa1.o)
 .data          0x00000000008002b9        0x0 /usr/lib/gcc/avr/4.5.3/../../../../avr/lib/avr51/libc.a(eewr_byte_atmega128rfa1.o)
 .data          0x00000000008002b9        0x0 /usr/lib/gcc/avr/4.5.3/../../../../avr/lib/avr51/libc.a(eewr_word_atmega128rfa1.o)
 .data          0x00000000008002b9        0x0 /usr/lib/gcc/avr/4.5.3/../../../../avr/lib/avr51/libc.a(strnlen_P.o)
 .data          0x00000000008002b9        0x0 /usr/lib/gcc/avr/4.5.3/../../../../avr/lib/avr51/libc.a(strnlen.o)
 .data          0x00000000008002b9        0x0 /usr/lib/gcc/avr/4.5.3/../../../../avr/lib/avr51/libc.a(fputc.o)
 .data          0x00000000008002b9        0x0 /usr/lib/gcc/avr/4.5.3/../../../../avr/lib/avr51/libc.a(ultoa_invert.o)
 .data          0x00000000008002b9        0x0 /usr/lib/gcc/avr/4.5.3/avr51/libgcc.a(_mulsi3.o)
 .data          0x00000000008002b9        0x0 /usr/lib/gcc/avr/4.5.3/avr51/libgcc.a(_divmodsi4.o)
 *(.data*)
 .data.transmit_power_usage_process
                0x00000000008002b9        0xa transmit_power_usage.co
                0x00000000008002b9                transmit_power_usage_process
 .data.etimer_process
                0x00000000008002c3        0xa contiki-avr-zigduino.a(etimer.o)
                0x00000000008002c3                etimer_process
 .data.rs232_stdout
                0x00000000008002cd        0xe contiki-avr-zigduino.a(rs232.o)
 .data.rf230_process
                0x00000000008002db        0xa contiki-avr-zigduino.a(rf230bb.o)
                0x00000000008002db                rf230_process
 .data.serial_line_process
                0x00000000008002e5        0xa contiki-avr-zigduino.a(serial-line.o)
                0x00000000008002e5                serial_line_process
 .data.ctimer_process
                0x00000000008002ef        0xa contiki-avr-zigduino.a(ctimer.o)
                0x00000000008002ef                ctimer_process
 .data.bufmem   0x00000000008002f9        0x8 contiki-avr-zigduino.a(queuebuf.o)
 .data.refbufmem
                0x0000000000800301        0x8 contiki-avr-zigduino.a(queuebuf.o)
 .data.buframmem
                0x0000000000800309        0x8 contiki-avr-zigduino.a(queuebuf.o)
 .data.tcpip_process
                0x0000000000800311        0xa contiki-avr-zigduino.a(tcpip.o)
                0x0000000000800311                tcpip_process
 *(.rodata)
 *(.rodata*)
 .rodata.autostart_processes
                0x000000000080031b        0x4 transmit_power_usage.co
                0x000000000080031b                autostart_processes
 .rodata.broadcast_call
                0x000000000080031f        0x4 transmit_power_usage.co
 .rodata.broadcast
                0x0000000000800323        0x4 contiki-avr-zigduino.a(broadcast.o)
 .rodata.attributes
                0x0000000000800327        0x4 contiki-avr-zigduino.a(broadcast.o)
 .rodata.attributes
                0x000000000080032b        0x2 contiki-avr-zigduino.a(abc.o)
 .rodata.rf230_driver
                0x000000000080032d       0x14 contiki-avr-zigduino.a(rf230bb.o)
                0x000000000080032d                rf230_driver
 .rodata.rimeaddr_null
                0x0000000000800341        0x2 contiki-avr-zigduino.a(rimeaddr.o)
                0x0000000000800341                rimeaddr_null
 .rodata.rime_driver
                0x0000000000800343        0x6 contiki-avr-zigduino.a(rime.o)
                0x0000000000800343                rime_driver
 .rodata.broadcast_callbacks
                0x0000000000800349        0x4 contiki-avr-zigduino.a(broadcast-annou)
 .rodata.chameleon_bitopt
                0x000000000080034d        0x6 contiki-avr-zigduino.a(chameleon-bitop)
                0x000000000080034d                chameleon_bitopt
 .rodata.bitmask
                0x0000000000800353        0x9 contiki-avr-zigduino.a(chameleon-bitop)
 .rodata.nullmac_driver
                0x000000000080035c        0xe contiki-avr-zigduino.a(nullmac.o)
                0x000000000080035c                nullmac_driver
 .rodata.sicslowmac_driver
                0x000000000080036a       0x10 contiki-avr-zigduino.a(sicslowmac.o)
                0x000000000080036a                sicslowmac_driver
 .rodata.uip_broadcast_addr
                0x000000000080037a        0x4 contiki-avr-zigduino.a(uip.o)
                0x000000000080037a                uip_broadcast_addr
 .rodata.uip_all_zeroes_addr
                0x000000000080037e        0x4 contiki-avr-zigduino.a(uip.o)
                0x000000000080037e                uip_all_zeroes_addr
 .rodata.CSWTCH.4
                0x0000000000800382        0x2 contiki-avr-zigduino.a(frame802154.o)
 *(.gnu.linkonce.d*)
                0x0000000000800384                . = ALIGN (0x2)
                0x0000000000800384                _edata = .
                0x0000000000800384                PROVIDE (__data_end, .)

.bss            0x0000000000800384      0xc24
                0x0000000000800384                PROVIDE (__bss_start, .)
 *(.bss)
 *(.bss*)
 .bss.broadcast
                0x0000000000800384        0xb transmit_power_usage.co
 .bss.et.3534   0x000000000080038f        0x8 transmit_power_usage.co
 .bss.channel_list_list
                0x0000000000800397        0x2 contiki-avr-zigduino.a(channel.o)
 .bss.timerlist
                0x0000000000800399        0x2 contiki-avr-zigduino.a(etimer.o)
 .bss.next_expiration
                0x000000000080039b        0x2 contiki-avr-zigduino.a(etimer.o)
 .bss.hdrptr    0x000000000080039d        0x1 contiki-avr-zigduino.a(packetbuf.o)
 .bss.buflen    0x000000000080039e        0x2 contiki-avr-zigduino.a(packetbuf.o)
 .bss.packetbufptr
                0x00000000008003a0        0x2 contiki-avr-zigduino.a(packetbuf.o)
 .bss.packetbuf_aligned
                0x00000000008003a2       0xb2 contiki-avr-zigduino.a(packetbuf.o)
 .bss.bufptr    0x0000000000800454        0x2 contiki-avr-zigduino.a(packetbuf.o)
 .bss.count     0x0000000000800456        0x2 contiki-avr-zigduino.a(clock.o)
 .bss.scount    0x0000000000800458        0x1 contiki-avr-zigduino.a(clock.o)
 .bss.stdout_rs232_port
                0x0000000000800459        0x1 contiki-avr-zigduino.a(rs232.o)
 .bss.buffer    0x000000000080045a       0x81 contiki-avr-zigduino.a(rf230bb.o)
 .bss.channel   0x00000000008004db        0x1 contiki-avr-zigduino.a(rf230bb.o)
 .bss.sniffers_list
                0x00000000008004dc        0x2 contiki-avr-zigduino.a(rime.o)
 .bss.announcements_list
                0x00000000008004de        0x2 contiki-avr-zigduino.a(announcement.o)
 .bss.observer_callback
                0x00000000008004e0        0x2 contiki-avr-zigduino.a(announcement.o)
 .bss.c         0x00000000008004e2       0x35 contiki-avr-zigduino.a(broadcast-annou)
 .bss.mac_dsn   0x0000000000800517        0x1 contiki-avr-zigduino.a(sicslowmac.o)
 .bss.process_list
                0x0000000000800518        0x2 contiki-avr-zigduino.a(process.o)
                0x0000000000800518                process_list
 .bss.process_current
                0x000000000080051a        0x2 contiki-avr-zigduino.a(process.o)
                0x000000000080051a                process_current
 .bss.poll_requested
                0x000000000080051c        0x1 contiki-avr-zigduino.a(process.o)
 .bss.nevents   0x000000000080051d        0x1 contiki-avr-zigduino.a(process.o)
 .bss.fevent    0x000000000080051e        0x1 contiki-avr-zigduino.a(process.o)
 .bss.events    0x000000000080051f       0xa0 contiki-avr-zigduino.a(process.o)
 .bss.snum.1531
                0x00000000008005bf        0x1 contiki-avr-zigduino.a(process.o)
 .bss.p.1516    0x00000000008005c0        0x2 contiki-avr-zigduino.a(process.o)
 .bss.receiver.1515
                0x00000000008005c2        0x2 contiki-avr-zigduino.a(process.o)
 .bss.data.1514
                0x00000000008005c4        0x2 contiki-avr-zigduino.a(process.o)
 .bss.ev.1513   0x00000000008005c6        0x1 contiki-avr-zigduino.a(process.o)
 .bss.lastevent
                0x00000000008005c7        0x1 contiki-avr-zigduino.a(process.o)
 .bss.rxbuf     0x00000000008005c8        0x5 contiki-avr-zigduino.a(serial-line.o)
 .bss.ptr.2331  0x00000000008005cd        0x2 contiki-avr-zigduino.a(serial-line.o)
 .bss.buf.2330  0x00000000008005cf       0x80 contiki-avr-zigduino.a(serial-line.o)
 .bss.overflow.2324
                0x000000000080064f        0x1 contiki-avr-zigduino.a(serial-line.o)
 .bss.mmemlist_list
                0x0000000000800650        0x2 contiki-avr-zigduino.a(mmem.o)
 .bss.initialized
                0x0000000000800652        0x1 contiki-avr-zigduino.a(ctimer.o)
 .bss.ctimer_list_list
                0x0000000000800653        0x2 contiki-avr-zigduino.a(ctimer.o)
 .bss.next_rtimer
                0x0000000000800655        0x2 contiki-avr-zigduino.a(rtimer.o)
 .bss.bufmem_memb_count
                0x0000000000800657        0x3 contiki-avr-zigduino.a(queuebuf.o)
 .bss.bufmem_memb_mem
                0x000000000080065a        0x6 contiki-avr-zigduino.a(queuebuf.o)
 .bss.refbufmem_memb_count
                0x0000000000800660        0x2 contiki-avr-zigduino.a(queuebuf.o)
 .bss.refbufmem_memb_mem
                0x0000000000800662       0x6a contiki-avr-zigduino.a(queuebuf.o)
 .bss.buframmem_memb_count
                0x00000000008006cc        0x3 contiki-avr-zigduino.a(queuebuf.o)
 .bss.buframmem_memb_mem
                0x00000000008006cf      0x22e contiki-avr-zigduino.a(queuebuf.o)
 .bss.s         0x00000000008008fd        0xe contiki-avr-zigduino.a(tcpip.o)
 .bss.periodic  0x000000000080090b        0x8 contiki-avr-zigduino.a(tcpip.o)
 .bss.i.4245    0x0000000000800913        0x1 contiki-avr-zigduino.a(tcpip.o)
 .bss.i.4197    0x0000000000800914        0x1 contiki-avr-zigduino.a(tcpip.o)
 .bss.i.4233    0x0000000000800915        0x1 contiki-avr-zigduino.a(tcpip.o)
 .bss.outputfunc
                0x0000000000800916        0x2 contiki-avr-zigduino.a(tcpip.o)
 .bss.iss       0x0000000000800918        0x4 contiki-avr-zigduino.a(uip.o)
 .bss.tmp16     0x000000000080091c        0x2 contiki-avr-zigduino.a(uip.o)
 .bss.c         0x000000000080091e        0x1 contiki-avr-zigduino.a(uip.o)
 .bss.opt       0x000000000080091f        0x1 contiki-avr-zigduino.a(uip.o)
 .bss.ipid      0x0000000000800920        0x2 contiki-avr-zigduino.a(uip.o)
 .bss.lastport  0x0000000000800922        0x2 contiki-avr-zigduino.a(uip.o)
 *(COMMON)
 COMMON         0x0000000000800924       0x38 contiki-avr-zigduino.a(packetbuf.o)
                0x0000000000800924                packetbuf_addrs
                0x000000000080092c                packetbuf_attrs
 COMMON         0x000000000080095c        0x6 contiki-avr-zigduino.a(contiki-main.o)
                0x000000000080095c                ledtimer
                0x000000000080095e                clocktime
 COMMON         0x0000000000800962        0x8 contiki-avr-zigduino.a(clock.o)
                0x0000000000800962                sleepseconds
                0x0000000000800966                seconds
 COMMON         0x000000000080096a        0x4 contiki-avr-zigduino.a(rs232.o)
                0x000000000080096a                input_handler_1
                0x000000000080096c                input_handler_0
 COMMON         0x000000000080096e       0x8c contiki-avr-zigduino.a(rf230bb.o)
                0x000000000080096e                rf230_last_correlation
                0x000000000080096f                rf230_last_rssi
                0x0000000000800970                rf230_smallest_rssi
                0x0000000000800971                rf230_pending
                0x0000000000800972                rf230_ccawait
                0x0000000000800973                rf230_txendwait
                0x0000000000800974                rxframe_tail
                0x0000000000800975                rxframe_head
                0x0000000000800976                rxframe
                0x00000000008009f8                rf230_wakewait
                0x00000000008009f9                RF230_receive_on
 COMMON         0x00000000008009fa        0x2 contiki-avr-zigduino.a(rimeaddr.o)
                0x00000000008009fa                rimeaddr_node_addr
 COMMON         0x00000000008009fc        0x1 contiki-avr-zigduino.a(serial-line.o)
                0x00000000008009fc                serial_line_event_message
 COMMON         0x00000000008009fd        0x2 contiki-avr-zigduino.a(mmem.o)
                0x00000000008009fd                avail_memory
 COMMON         0x00000000008009ff        0x1 contiki-avr-zigduino.a(tcpip.o)
                0x00000000008009ff                tcpip_event
 COMMON         0x0000000000800a00      0x59e contiki-avr-zigduino.a(uip.o)
                0x0000000000800a00                uip_len
                0x0000000000800a02                uip_sappdata
                0x0000000000800a04                uip_acc32
                0x0000000000800a08                uip_aligned_buf
                0x0000000000800f1c                uip_flags
                0x0000000000800f1d                uip_udp_conn
                0x0000000000800f1f                uip_appdata
                0x0000000000800f21                uip_conn
                0x0000000000800f23                uip_conns
                0x0000000000800f63                uip_listenports
                0x0000000000800f69                uip_draddr
                0x0000000000800f6d                uip_netmask
                0x0000000000800f71                uip_hostaddr
                0x0000000000800f75                uip_slen
                0x0000000000800f77                uip_udp_conns
 COMMON         0x0000000000800f9e        0x4 /usr/lib/gcc/avr/4.5.3/../../../../avr/lib/avr51/libc.a(malloc.o)
                0x0000000000800f9e                __brkval
                0x0000000000800fa0                __flp
 COMMON         0x0000000000800fa2        0x6 /usr/lib/gcc/avr/4.5.3/../../../../avr/lib/avr51/libc.a(iob.o)
                0x0000000000800fa2                __iob
                0x0000000000800fa8                PROVIDE (__bss_end, .)
                0x0000000000005580                __data_load_start = LOADADDR (.data)
                0x0000000000005704                __data_load_end = (__data_load_start + SIZEOF (.data))

.noinit         0x0000000000800fa8        0x0
                0x0000000000800fa8                PROVIDE (__noinit_start, .)
 *(.noinit*)
                0x0000000000800fa8                PROVIDE (__noinit_end, .)
                0x0000000000800fa8                _end = .
                0x0000000000800fa8                PROVIDE (__heap_start, .)

.eeprom         0x0000000000810000       0x29
 *(.eeprom*)
 .eeprom        0x0000000000810000       0x29 contiki-avr-zigduino.a(params.o)
                0x0000000000810000                eemem_mac_address
                0x0000000000810008                eemem_server_name
                0x0000000000810016                eemem_domain_name
                0x0000000000810020                eemem_nodeid
                0x0000000000810022                eemem_channel
                0x0000000000810024                eemem_panid
                0x0000000000810026                eemem_panaddr
                0x0000000000810028                eemem_txpower
                0x0000000000810029                __eeprom_end = .

.fuse           0x0000000000820000        0x3
 *(.fuse)
 .fuse          0x0000000000820000        0x3 contiki-avr-zigduino.a(contiki-main.o)
                0x0000000000820000                __fuse
 *(.lfuse)
 *(.hfuse)
 *(.efuse)

.lock
 *(.lock*)

.signature      0x0000000000840000        0x3
 *(.signature*)
 .signature     0x0000000000840000        0x3 contiki-avr-zigduino.a(contiki-main.o)
                0x0000000000840000                __signature

.stab
 *(.stab)

.stabstr
 *(.stabstr)

.stab.excl
 *(.stab.excl)

.stab.exclstr
 *(.stab.exclstr)

.stab.index
 *(.stab.index)

.stab.indexstr
 *(.stab.indexstr)

.comment
 *(.comment)

.note.gnu.build-id
 *(.note.gnu.build-id)

.debug
 *(.debug)

.line
 *(.line)

.debug_srcinfo
 *(.debug_srcinfo)

.debug_sfnames
 *(.debug_sfnames)

.debug_aranges  0x0000000000000000      0xce8
 *(.debug_aranges)
 .debug_aranges
                0x0000000000000000       0x28 transmit_power_usage.co
 .debug_aranges
                0x0000000000000028       0x40 contiki-avr-zigduino.a(broadcast.o)
 .debug_aranges
                0x0000000000000068       0x40 contiki-avr-zigduino.a(abc.o)
 .debug_aranges
                0x00000000000000a8       0x40 contiki-avr-zigduino.a(channel.o)
 .debug_aranges
                0x00000000000000e8       0x78 contiki-avr-zigduino.a(list.o)
 .debug_aranges
                0x0000000000000160       0x88 contiki-avr-zigduino.a(etimer.o)
 .debug_aranges
                0x00000000000001e8       0xe0 contiki-avr-zigduino.a(packetbuf.o)
 .debug_aranges
                0x00000000000002c8       0x38 contiki-avr-zigduino.a(contiki-main.o)
 .debug_aranges
                0x0000000000000300       0x40 contiki-avr-zigduino.a(params.o)
 .debug_aranges
                0x0000000000000340       0x60 contiki-avr-zigduino.a(clock.o)
 .debug_aranges
                0x00000000000003a0       0x60 contiki-avr-zigduino.a(rs232.o)
 .debug_aranges
                0x0000000000000400       0x40 contiki-avr-zigduino.a(watchdog.o)
 .debug_aranges
                0x0000000000000440      0x118 contiki-avr-zigduino.a(rf230bb.o)
 .debug_aranges
                0x0000000000000558       0x80 contiki-avr-zigduino.a(halbb.o)
 .debug_aranges
                0x00000000000005d8       0x30 contiki-avr-zigduino.a(rimeaddr.o)
 .debug_aranges
                0x0000000000000608       0x48 contiki-avr-zigduino.a(rime.o)
 .debug_aranges
                0x0000000000000650       0x70 contiki-avr-zigduino.a(announcement.o)
 .debug_aranges
                0x00000000000006c0       0x60 contiki-avr-zigduino.a(broadcast-annou)
 .debug_aranges
                0x0000000000000720       0x38 contiki-avr-zigduino.a(chameleon.o)
 .debug_aranges
                0x0000000000000758       0x50 contiki-avr-zigduino.a(chameleon-bitop)
 .debug_aranges
                0x00000000000007a8       0x48 contiki-avr-zigduino.a(nullmac.o)
 .debug_aranges
                0x00000000000007f0       0x50 contiki-avr-zigduino.a(sicslowmac.o)
 .debug_aranges
                0x0000000000000840       0x80 contiki-avr-zigduino.a(process.o)
 .debug_aranges
                0x00000000000008c0       0x28 contiki-avr-zigduino.a(autostart.o)
 .debug_aranges
                0x00000000000008e8       0x30 contiki-avr-zigduino.a(serial-line.o)
 .debug_aranges
                0x0000000000000918       0x38 contiki-avr-zigduino.a(mmem.o)
 .debug_aranges
                0x0000000000000950       0x40 contiki-avr-zigduino.a(timer.o)
 .debug_aranges
                0x0000000000000990       0x50 contiki-avr-zigduino.a(ctimer.o)
 .debug_aranges
                0x00000000000009e0       0x30 contiki-avr-zigduino.a(rtimer.o)
 .debug_aranges
                0x0000000000000a10       0x28 contiki-avr-zigduino.a(random.o)
 .debug_aranges
                0x0000000000000a38       0x40 contiki-avr-zigduino.a(ringbuf.o)
 .debug_aranges
                0x0000000000000a78       0x68 contiki-avr-zigduino.a(queuebuf.o)
 .debug_aranges
                0x0000000000000ae0       0x90 contiki-avr-zigduino.a(tcpip.o)
 .debug_aranges
                0x0000000000000b70       0x20 contiki-avr-zigduino.a(uip-split.o)
 .debug_aranges
                0x0000000000000b90       0xa8 contiki-avr-zigduino.a(uip.o)
 .debug_aranges
                0x0000000000000c38       0x40 contiki-avr-zigduino.a(rtimer-arch.o)
 .debug_aranges
                0x0000000000000c78       0x38 contiki-avr-zigduino.a(frame802154.o)
 .debug_aranges
                0x0000000000000cb0       0x38 contiki-avr-zigduino.a(memb.o)

.debug_pubnames
                0x0000000000000000     0x1a2a
 *(.debug_pubnames)
 .debug_pubnames
                0x0000000000000000       0x4b transmit_power_usage.co
 .debug_pubnames
                0x000000000000004b       0x4c contiki-avr-zigduino.a(broadcast.o)
 .debug_pubnames
                0x0000000000000097       0x55 contiki-avr-zigduino.a(abc.o)
 .debug_pubnames
                0x00000000000000ec       0x74 contiki-avr-zigduino.a(channel.o)
 .debug_pubnames
                0x0000000000000160       0xc3 contiki-avr-zigduino.a(list.o)
 .debug_pubnames
                0x0000000000000223      0x109 contiki-avr-zigduino.a(etimer.o)
 .debug_pubnames
                0x000000000000032c      0x280 contiki-avr-zigduino.a(packetbuf.o)
 .debug_pubnames
                0x00000000000005ac       0x93 contiki-avr-zigduino.a(contiki-main.o)
 .debug_pubnames
                0x000000000000063f      0x162 contiki-avr-zigduino.a(params.o)
 .debug_pubnames
                0x00000000000007a1       0xd5 contiki-avr-zigduino.a(clock.o)
 .debug_pubnames
                0x0000000000000876       0xe4 contiki-avr-zigduino.a(rs232.o)
 .debug_pubnames
                0x000000000000095a       0x73 contiki-avr-zigduino.a(watchdog.o)
 .debug_pubnames
                0x00000000000009cd      0x24b contiki-avr-zigduino.a(rf230bb.o)
 .debug_pubnames
                0x0000000000000c18       0xf9 contiki-avr-zigduino.a(halbb.o)
 .debug_pubnames
                0x0000000000000d11       0x79 contiki-avr-zigduino.a(rimeaddr.o)
 .debug_pubnames
                0x0000000000000d8a       0x5f contiki-avr-zigduino.a(rime.o)
 .debug_pubnames
                0x0000000000000de9      0x144 contiki-avr-zigduino.a(announcement.o)
 .debug_pubnames
                0x0000000000000f2d       0x7d contiki-avr-zigduino.a(broadcast-annou)
 .debug_pubnames
                0x0000000000000faa       0x64 contiki-avr-zigduino.a(chameleon.o)
 .debug_pubnames
                0x000000000000100e       0x6b contiki-avr-zigduino.a(chameleon-bitop)
 .debug_pubnames
                0x0000000000001079       0x25 contiki-avr-zigduino.a(nullmac.o)
 .debug_pubnames
                0x000000000000109e       0x36 contiki-avr-zigduino.a(sicslowmac.o)
 .debug_pubnames
                0x00000000000010d4       0xf7 contiki-avr-zigduino.a(process.o)
 .debug_pubnames
                0x00000000000011cb       0x39 contiki-avr-zigduino.a(autostart.o)
 .debug_pubnames
                0x0000000000001204       0x78 contiki-avr-zigduino.a(serial-line.o)
 .debug_pubnames
                0x000000000000127c       0x62 contiki-avr-zigduino.a(mmem.o)
 .debug_pubnames
                0x00000000000012de       0x68 contiki-avr-zigduino.a(timer.o)
 .debug_pubnames
                0x0000000000001346       0x8b contiki-avr-zigduino.a(ctimer.o)
 .debug_pubnames
                0x00000000000013d1       0x45 contiki-avr-zigduino.a(rtimer.o)
 .debug_pubnames
                0x0000000000001416       0x32 contiki-avr-zigduino.a(random.o)
 .debug_pubnames
                0x0000000000001448       0x69 contiki-avr-zigduino.a(ringbuf.o)
 .debug_pubnames
                0x00000000000014b1       0xff contiki-avr-zigduino.a(queuebuf.o)
 .debug_pubnames
                0x00000000000015b0      0x116 contiki-avr-zigduino.a(tcpip.o)
 .debug_pubnames
                0x00000000000016c6       0x27 contiki-avr-zigduino.a(uip-split.o)
 .debug_pubnames
                0x00000000000016ed      0x224 contiki-avr-zigduino.a(uip.o)
 .debug_pubnames
                0x0000000000001911       0x76 contiki-avr-zigduino.a(rtimer-arch.o)
 .debug_pubnames
                0x0000000000001987       0x56 contiki-avr-zigduino.a(frame802154.o)
 .debug_pubnames
                0x00000000000019dd       0x4d contiki-avr-zigduino.a(memb.o)

.debug_info     0x0000000000000000     0xb008
 *(.debug_info .gnu.linkonce.wi.*)
 .debug_info    0x0000000000000000      0x4d5 transmit_power_usage.co
 .debug_info    0x00000000000004d5      0x490 contiki-avr-zigduino.a(broadcast.o)
 .debug_info    0x0000000000000965      0x392 contiki-avr-zigduino.a(abc.o)
 .debug_info    0x0000000000000cf7      0x230 contiki-avr-zigduino.a(channel.o)
 .debug_info    0x0000000000000f27      0x349 contiki-avr-zigduino.a(list.o)
 .debug_info    0x0000000000001270      0x4ec contiki-avr-zigduino.a(etimer.o)
 .debug_info    0x000000000000175c      0x711 contiki-avr-zigduino.a(packetbuf.o)
 .debug_info    0x0000000000001e6d      0x7e3 contiki-avr-zigduino.a(contiki-main.o)
 .debug_info    0x0000000000002650      0x392 contiki-avr-zigduino.a(params.o)
 .debug_info    0x00000000000029e2      0x2b6 contiki-avr-zigduino.a(clock.o)
 .debug_info    0x0000000000002c98      0x3a8 contiki-avr-zigduino.a(rs232.o)
 .debug_info    0x0000000000003040       0xdd contiki-avr-zigduino.a(watchdog.o)
 .debug_info    0x000000000000311d      0xf9f contiki-avr-zigduino.a(rf230bb.o)
 .debug_info    0x00000000000040bc      0x3e9 contiki-avr-zigduino.a(halbb.o)
 .debug_info    0x00000000000044a5      0x176 contiki-avr-zigduino.a(rimeaddr.o)
 .debug_info    0x000000000000461b      0x42c contiki-avr-zigduino.a(rime.o)
 .debug_info    0x0000000000004a47      0x3ed contiki-avr-zigduino.a(announcement.o)
 .debug_info    0x0000000000004e34      0x7de contiki-avr-zigduino.a(broadcast-annou)
 .debug_info    0x0000000000005612      0x2f1 contiki-avr-zigduino.a(chameleon.o)
 .debug_info    0x0000000000005903      0x643 contiki-avr-zigduino.a(chameleon-bitop)
 .debug_info    0x0000000000005f46      0x37d contiki-avr-zigduino.a(nullmac.o)
 .debug_info    0x00000000000062c3      0x8b1 contiki-avr-zigduino.a(sicslowmac.o)
 .debug_info    0x0000000000006b74      0x564 contiki-avr-zigduino.a(process.o)
 .debug_info    0x00000000000070d8      0x1b9 contiki-avr-zigduino.a(autostart.o)
 .debug_info    0x0000000000007291      0x320 contiki-avr-zigduino.a(serial-line.o)
 .debug_info    0x00000000000075b1      0x1c1 contiki-avr-zigduino.a(mmem.o)
 .debug_info    0x0000000000007772      0x184 contiki-avr-zigduino.a(timer.o)
 .debug_info    0x00000000000078f6      0x486 contiki-avr-zigduino.a(ctimer.o)
 .debug_info    0x0000000000007d7c      0x1be contiki-avr-zigduino.a(rtimer.o)
 .debug_info    0x0000000000007f3a       0xa7 contiki-avr-zigduino.a(random.o)
 .debug_info    0x0000000000007fe1      0x1cc contiki-avr-zigduino.a(ringbuf.o)
 .debug_info    0x00000000000081ad      0x698 contiki-avr-zigduino.a(queuebuf.o)
 .debug_info    0x0000000000008845      0xcfb contiki-avr-zigduino.a(tcpip.o)
 .debug_info    0x0000000000009540      0x338 contiki-avr-zigduino.a(uip-split.o)
 .debug_info    0x0000000000009878      0xfb4 contiki-avr-zigduino.a(uip.o)
 .debug_info    0x000000000000a82c      0x188 contiki-avr-zigduino.a(rtimer-arch.o)
 .debug_info    0x000000000000a9b4      0x4a7 contiki-avr-zigduino.a(frame802154.o)
 .debug_info    0x000000000000ae5b      0x1ad contiki-avr-zigduino.a(memb.o)

.debug_abbrev   0x0000000000000000     0x3bfb
 *(.debug_abbrev)
 .debug_abbrev  0x0000000000000000      0x1a9 transmit_power_usage.co
 .debug_abbrev  0x00000000000001a9      0x185 contiki-avr-zigduino.a(broadcast.o)
 .debug_abbrev  0x000000000000032e      0x145 contiki-avr-zigduino.a(abc.o)
 .debug_abbrev  0x0000000000000473      0x11a contiki-avr-zigduino.a(channel.o)
 .debug_abbrev  0x000000000000058d      0x13a contiki-avr-zigduino.a(list.o)
 .debug_abbrev  0x00000000000006c7      0x212 contiki-avr-zigduino.a(etimer.o)
 .debug_abbrev  0x00000000000008d9      0x242 contiki-avr-zigduino.a(packetbuf.o)
 .debug_abbrev  0x0000000000000b1b      0x287 contiki-avr-zigduino.a(contiki-main.o)
 .debug_abbrev  0x0000000000000da2      0x10a contiki-avr-zigduino.a(params.o)
 .debug_abbrev  0x0000000000000eac      0x17f contiki-avr-zigduino.a(clock.o)
 .debug_abbrev  0x000000000000102b      0x186 contiki-avr-zigduino.a(rs232.o)
 .debug_abbrev  0x00000000000011b1       0x4c contiki-avr-zigduino.a(watchdog.o)
 .debug_abbrev  0x00000000000011fd      0x334 contiki-avr-zigduino.a(rf230bb.o)
 .debug_abbrev  0x0000000000001531      0x143 contiki-avr-zigduino.a(halbb.o)
 .debug_abbrev  0x0000000000001674      0x101 contiki-avr-zigduino.a(rimeaddr.o)
 .debug_abbrev  0x0000000000001775      0x1ac contiki-avr-zigduino.a(rime.o)
 .debug_abbrev  0x0000000000001921      0x16a contiki-avr-zigduino.a(announcement.o)
 .debug_abbrev  0x0000000000001a8b      0x20b contiki-avr-zigduino.a(broadcast-annou)
 .debug_abbrev  0x0000000000001c96      0x12f contiki-avr-zigduino.a(chameleon.o)
 .debug_abbrev  0x0000000000001dc5      0x202 contiki-avr-zigduino.a(chameleon-bitop)
 .debug_abbrev  0x0000000000001fc7      0x158 contiki-avr-zigduino.a(nullmac.o)
 .debug_abbrev  0x000000000000211f      0x25b contiki-avr-zigduino.a(sicslowmac.o)
 .debug_abbrev  0x000000000000237a      0x2ce contiki-avr-zigduino.a(process.o)
 .debug_abbrev  0x0000000000002648       0xf5 contiki-avr-zigduino.a(autostart.o)
 .debug_abbrev  0x000000000000273d      0x1bd contiki-avr-zigduino.a(serial-line.o)
 .debug_abbrev  0x00000000000028fa      0x147 contiki-avr-zigduino.a(mmem.o)
 .debug_abbrev  0x0000000000002a41       0xd2 contiki-avr-zigduino.a(timer.o)
 .debug_abbrev  0x0000000000002b13      0x1b5 contiki-avr-zigduino.a(ctimer.o)
 .debug_abbrev  0x0000000000002cc8      0x12a contiki-avr-zigduino.a(rtimer.o)
 .debug_abbrev  0x0000000000002df2       0x67 contiki-avr-zigduino.a(random.o)
 .debug_abbrev  0x0000000000002e59       0xf0 contiki-avr-zigduino.a(ringbuf.o)
 .debug_abbrev  0x0000000000002f49      0x1dd contiki-avr-zigduino.a(queuebuf.o)
 .debug_abbrev  0x0000000000003126      0x386 contiki-avr-zigduino.a(tcpip.o)
 .debug_abbrev  0x00000000000034ac      0x100 contiki-avr-zigduino.a(uip-split.o)
 .debug_abbrev  0x00000000000035ac      0x304 contiki-avr-zigduino.a(uip.o)
 .debug_abbrev  0x00000000000038b0       0xc5 contiki-avr-zigduino.a(rtimer-arch.o)
 .debug_abbrev  0x0000000000003975      0x19c contiki-avr-zigduino.a(frame802154.o)
 .debug_abbrev  0x0000000000003b11       0xea contiki-avr-zigduino.a(memb.o)

.debug_line     0x0000000000000000     0x8ca6
 *(.debug_line .debug_line.* .debug_line_end)
 .debug_line    0x0000000000000000      0x2f6 transmit_power_usage.co
 .debug_line    0x00000000000002f6      0x226 contiki-avr-zigduino.a(broadcast.o)
 .debug_line    0x000000000000051c      0x1e1 contiki-avr-zigduino.a(abc.o)
 .debug_line    0x00000000000006fd      0x22c contiki-avr-zigduino.a(channel.o)
 .debug_line    0x0000000000000929      0x349 contiki-avr-zigduino.a(list.o)
 .debug_line    0x0000000000000c72      0x4b9 contiki-avr-zigduino.a(etimer.o)
 .debug_line    0x000000000000112b      0x583 contiki-avr-zigduino.a(packetbuf.o)
 .debug_line    0x00000000000016ae      0x678 contiki-avr-zigduino.a(contiki-main.o)
 .debug_line    0x0000000000001d26      0x207 contiki-avr-zigduino.a(params.o)
 .debug_line    0x0000000000001f2d      0x2f7 contiki-avr-zigduino.a(clock.o)
 .debug_line    0x0000000000002224      0x2ed contiki-avr-zigduino.a(rs232.o)
 .debug_line    0x0000000000002511      0x15b contiki-avr-zigduino.a(watchdog.o)
 .debug_line    0x000000000000266c      0xda2 contiki-avr-zigduino.a(rf230bb.o)
 .debug_line    0x000000000000340e      0x333 contiki-avr-zigduino.a(halbb.o)
 .debug_line    0x0000000000003741       0xe6 contiki-avr-zigduino.a(rimeaddr.o)
 .debug_line    0x0000000000003827      0x30f contiki-avr-zigduino.a(rime.o)
 .debug_line    0x0000000000003b36      0x30c contiki-avr-zigduino.a(announcement.o)
 .debug_line    0x0000000000003e42      0x44e contiki-avr-zigduino.a(broadcast-annou)
 .debug_line    0x0000000000004290      0x1cb contiki-avr-zigduino.a(chameleon.o)
 .debug_line    0x000000000000445b      0x4cd contiki-avr-zigduino.a(chameleon-bitop)
 .debug_line    0x0000000000004928      0x193 contiki-avr-zigduino.a(nullmac.o)
 .debug_line    0x0000000000004abb      0x437 contiki-avr-zigduino.a(sicslowmac.o)
 .debug_line    0x0000000000004ef2      0x4d0 contiki-avr-zigduino.a(process.o)
 .debug_line    0x00000000000053c2      0x106 contiki-avr-zigduino.a(autostart.o)
 .debug_line    0x00000000000054c8      0x29b contiki-avr-zigduino.a(serial-line.o)
 .debug_line    0x0000000000005763      0x177 contiki-avr-zigduino.a(mmem.o)
 .debug_line    0x00000000000058da      0x189 contiki-avr-zigduino.a(timer.o)
 .debug_line    0x0000000000005a63      0x3d9 contiki-avr-zigduino.a(ctimer.o)
 .debug_line    0x0000000000005e3c      0x125 contiki-avr-zigduino.a(rtimer.o)
 .debug_line    0x0000000000005f61       0xaf contiki-avr-zigduino.a(random.o)
 .debug_line    0x0000000000006010      0x1b6 contiki-avr-zigduino.a(ringbuf.o)
 .debug_line    0x00000000000061c6      0x3bf contiki-avr-zigduino.a(queuebuf.o)
 .debug_line    0x0000000000006585      0x735 contiki-avr-zigduino.a(tcpip.o)
 .debug_line    0x0000000000006cba      0x1bc contiki-avr-zigduino.a(uip-split.o)
 .debug_line    0x0000000000006e76     0x14bb contiki-avr-zigduino.a(uip.o)
 .debug_line    0x0000000000008331      0x2f9 contiki-avr-zigduino.a(rtimer-arch.o)
 .debug_line    0x000000000000862a      0x4e7 contiki-avr-zigduino.a(frame802154.o)
 .debug_line    0x0000000000008b11      0x195 contiki-avr-zigduino.a(memb.o)

.debug_frame    0x0000000000000000     0x15a8
 *(.debug_frame)
 .debug_frame   0x0000000000000000       0x34 transmit_power_usage.co
 .debug_frame   0x0000000000000034       0x64 contiki-avr-zigduino.a(broadcast.o)
 .debug_frame   0x0000000000000098       0x64 contiki-avr-zigduino.a(abc.o)
 .debug_frame   0x00000000000000fc       0x64 contiki-avr-zigduino.a(channel.o)
 .debug_frame   0x0000000000000160       0xd4 contiki-avr-zigduino.a(list.o)
 .debug_frame   0x0000000000000234       0xf4 contiki-avr-zigduino.a(etimer.o)
 .debug_frame   0x0000000000000328      0x1a4 contiki-avr-zigduino.a(packetbuf.o)
 .debug_frame   0x00000000000004cc       0x54 contiki-avr-zigduino.a(contiki-main.o)
 .debug_frame   0x0000000000000520       0x64 contiki-avr-zigduino.a(params.o)
 .debug_frame   0x0000000000000584       0xa4 contiki-avr-zigduino.a(clock.o)
 .debug_frame   0x0000000000000628       0xa4 contiki-avr-zigduino.a(rs232.o)
 .debug_frame   0x00000000000006cc       0x64 contiki-avr-zigduino.a(watchdog.o)
 .debug_frame   0x0000000000000730      0x214 contiki-avr-zigduino.a(rf230bb.o)
 .debug_frame   0x0000000000000944       0xe4 contiki-avr-zigduino.a(halbb.o)
 .debug_frame   0x0000000000000a28       0x44 contiki-avr-zigduino.a(rimeaddr.o)
 .debug_frame   0x0000000000000a6c       0x74 contiki-avr-zigduino.a(rime.o)
 .debug_frame   0x0000000000000ae0       0xc4 contiki-avr-zigduino.a(announcement.o)
 .debug_frame   0x0000000000000ba4       0xa4 contiki-avr-zigduino.a(broadcast-annou)
 .debug_frame   0x0000000000000c48       0x54 contiki-avr-zigduino.a(chameleon.o)
 .debug_frame   0x0000000000000c9c       0x84 contiki-avr-zigduino.a(chameleon-bitop)
 .debug_frame   0x0000000000000d20       0x74 contiki-avr-zigduino.a(nullmac.o)
 .debug_frame   0x0000000000000d94       0x84 contiki-avr-zigduino.a(sicslowmac.o)
 .debug_frame   0x0000000000000e18       0xe4 contiki-avr-zigduino.a(process.o)
 .debug_frame   0x0000000000000efc       0x34 contiki-avr-zigduino.a(autostart.o)
 .debug_frame   0x0000000000000f30       0x44 contiki-avr-zigduino.a(serial-line.o)
 .debug_frame   0x0000000000000f74       0x54 contiki-avr-zigduino.a(mmem.o)
 .debug_frame   0x0000000000000fc8       0x64 contiki-avr-zigduino.a(timer.o)
 .debug_frame   0x000000000000102c       0x84 contiki-avr-zigduino.a(ctimer.o)
 .debug_frame   0x00000000000010b0       0x44 contiki-avr-zigduino.a(rtimer.o)
 .debug_frame   0x00000000000010f4       0x34 contiki-avr-zigduino.a(random.o)
 .debug_frame   0x0000000000001128       0x64 contiki-avr-zigduino.a(ringbuf.o)
 .debug_frame   0x000000000000118c       0xb4 contiki-avr-zigduino.a(queuebuf.o)
 .debug_frame   0x0000000000001240      0x104 contiki-avr-zigduino.a(tcpip.o)
 .debug_frame   0x0000000000001344       0x24 contiki-avr-zigduino.a(uip-split.o)
 .debug_frame   0x0000000000001368      0x134 contiki-avr-zigduino.a(uip.o)
 .debug_frame   0x000000000000149c       0x64 contiki-avr-zigduino.a(rtimer-arch.o)
 .debug_frame   0x0000000000001500       0x54 contiki-avr-zigduino.a(frame802154.o)
 .debug_frame   0x0000000000001554       0x54 contiki-avr-zigduino.a(memb.o)

.debug_str      0x0000000000000000     0x3256
 *(.debug_str)
 .debug_str     0x0000000000000000      0x1e1 transmit_power_usage.co
                                        0x29d (size before relaxing)
 .debug_str     0x00000000000001e1      0x388 contiki-avr-zigduino.a(broadcast.o)
                                        0x4c8 (size before relaxing)
 .debug_str     0x0000000000000569       0x75 contiki-avr-zigduino.a(abc.o)
                                        0x461 (size before relaxing)
 .debug_str     0x00000000000005de       0xbe contiki-avr-zigduino.a(channel.o)
                                        0x19a (size before relaxing)
 .debug_str     0x000000000000069c       0xd9 contiki-avr-zigduino.a(list.o)
                                         0xfb (size before relaxing)
 .debug_str     0x0000000000000775      0x16f contiki-avr-zigduino.a(etimer.o)
                                        0x29d (size before relaxing)
 .debug_str     0x00000000000008e4      0x28e contiki-avr-zigduino.a(packetbuf.o)
                                        0x639 (size before relaxing)
 .debug_str     0x0000000000000b72      0x1c3 contiki-avr-zigduino.a(contiki-main.o)
                                        0x34c (size before relaxing)
 .debug_str     0x0000000000000d35      0x175 contiki-avr-zigduino.a(params.o)
                                        0x21e (size before relaxing)
 .debug_str     0x0000000000000eaa       0xfd contiki-avr-zigduino.a(clock.o)
                                        0x1c9 (size before relaxing)
 .debug_str     0x0000000000000fa7      0x130 contiki-avr-zigduino.a(rs232.o)
                                        0x1d3 (size before relaxing)
 .debug_str     0x00000000000010d7       0x94 contiki-avr-zigduino.a(watchdog.o)
                                        0x118 (size before relaxing)
 .debug_str     0x000000000000116b      0x60e contiki-avr-zigduino.a(rf230bb.o)
                                        0xb2a (size before relaxing)
 .debug_str     0x0000000000001779      0x15a contiki-avr-zigduino.a(halbb.o)
                                        0x282 (size before relaxing)
 .debug_str     0x00000000000018d3       0x89 contiki-avr-zigduino.a(rimeaddr.o)
                                        0x140 (size before relaxing)
 .debug_str     0x000000000000195c      0x10f contiki-avr-zigduino.a(rime.o)
                                        0x27c (size before relaxing)
 .debug_str     0x0000000000001a6b      0x1cb contiki-avr-zigduino.a(announcement.o)
                                        0x2d3 (size before relaxing)
 .debug_str     0x0000000000001c36      0x1ba contiki-avr-zigduino.a(broadcast-annou)
                                        0x3d7 (size before relaxing)
 .debug_str     0x0000000000001df0       0xb0 contiki-avr-zigduino.a(chameleon.o)
                                        0x465 (size before relaxing)
 .debug_str     0x0000000000001ea0       0xf0 contiki-avr-zigduino.a(chameleon-bitop)
                                        0x50a (size before relaxing)
 .debug_str     0x0000000000001f90       0x70 contiki-avr-zigduino.a(nullmac.o)
                                        0x1b2 (size before relaxing)
 .debug_str     0x0000000000002000      0x1c3 contiki-avr-zigduino.a(sicslowmac.o)
                                        0x730 (size before relaxing)
 .debug_str     0x00000000000021c3      0x182 contiki-avr-zigduino.a(process.o)
                                        0x27e (size before relaxing)
 .debug_str     0x0000000000002345       0x66 contiki-avr-zigduino.a(autostart.o)
                                        0x148 (size before relaxing)
 .debug_str     0x00000000000023ab       0xe0 contiki-avr-zigduino.a(serial-line.o)
                                        0x207 (size before relaxing)
 .debug_str     0x000000000000248b       0x95 contiki-avr-zigduino.a(mmem.o)
                                        0x13d (size before relaxing)
 .debug_str     0x0000000000002520       0x53 contiki-avr-zigduino.a(timer.o)
                                        0x132 (size before relaxing)
 .debug_str     0x0000000000002573       0xe5 contiki-avr-zigduino.a(ctimer.o)
                                        0x231 (size before relaxing)
 .debug_str     0x0000000000002658       0xee contiki-avr-zigduino.a(rtimer.o)
                                        0x18a (size before relaxing)
 .debug_str     0x0000000000002746       0x61 contiki-avr-zigduino.a(random.o)
                                         0xe7 (size before relaxing)
 .debug_str     0x00000000000027a7       0x88 contiki-avr-zigduino.a(ringbuf.o)
                                        0x145 (size before relaxing)
 .debug_str     0x000000000000282f      0x1b6 contiki-avr-zigduino.a(queuebuf.o)
                                        0x5bc (size before relaxing)
 .debug_str     0x00000000000029e5      0x2e6 contiki-avr-zigduino.a(tcpip.o)
                                        0x4a7 (size before relaxing)
 .debug_str     0x0000000000002ccb       0x7f contiki-avr-zigduino.a(uip-split.o)
                                        0x1e5 (size before relaxing)
 .debug_str     0x0000000000002d4a      0x2fe contiki-avr-zigduino.a(uip.o)
                                        0x5d1 (size before relaxing)
 .debug_str     0x0000000000003048       0xa6 contiki-avr-zigduino.a(rtimer-arch.o)
                                        0x1b4 (size before relaxing)
 .debug_str     0x00000000000030ee       0xf6 contiki-avr-zigduino.a(frame802154.o)
                                        0x306 (size before relaxing)
 .debug_str     0x00000000000031e4       0x72 contiki-avr-zigduino.a(memb.o)
                                        0x10d (size before relaxing)

.debug_loc      0x0000000000000000     0x4aa6
 *(.debug_loc)
 .debug_loc     0x0000000000000000       0xdf transmit_power_usage.co
 .debug_loc     0x00000000000000df      0x168 contiki-avr-zigduino.a(broadcast.o)
 .debug_loc     0x0000000000000247      0x138 contiki-avr-zigduino.a(abc.o)
 .debug_loc     0x000000000000037f      0x12c contiki-avr-zigduino.a(channel.o)
 .debug_loc     0x00000000000004ab      0x41c contiki-avr-zigduino.a(list.o)
 .debug_loc     0x00000000000008c7      0x42e contiki-avr-zigduino.a(etimer.o)
 .debug_loc     0x0000000000000cf5      0x27b contiki-avr-zigduino.a(packetbuf.o)
 .debug_loc     0x0000000000000f70       0xeb contiki-avr-zigduino.a(contiki-main.o)
 .debug_loc     0x000000000000105b      0x107 contiki-avr-zigduino.a(params.o)
 .debug_loc     0x0000000000001162       0xee contiki-avr-zigduino.a(clock.o)
 .debug_loc     0x0000000000001250      0x12e contiki-avr-zigduino.a(rs232.o)
 .debug_loc     0x000000000000137e      0x73a contiki-avr-zigduino.a(rf230bb.o)
 .debug_loc     0x0000000000001ab8      0x25b contiki-avr-zigduino.a(halbb.o)
 .debug_loc     0x0000000000001d13       0x58 contiki-avr-zigduino.a(rimeaddr.o)
 .debug_loc     0x0000000000001d6b      0x168 contiki-avr-zigduino.a(rime.o)
 .debug_loc     0x0000000000001ed3      0x224 contiki-avr-zigduino.a(announcement.o)
 .debug_loc     0x00000000000020f7      0x26b contiki-avr-zigduino.a(broadcast-annou)
 .debug_loc     0x0000000000002362       0xac contiki-avr-zigduino.a(chameleon.o)
 .debug_loc     0x000000000000240e      0x64f contiki-avr-zigduino.a(chameleon-bitop)
 .debug_loc     0x0000000000002a5d       0x48 contiki-avr-zigduino.a(nullmac.o)
 .debug_loc     0x0000000000002aa5      0x177 contiki-avr-zigduino.a(sicslowmac.o)
 .debug_loc     0x0000000000002c1c      0x367 contiki-avr-zigduino.a(process.o)
 .debug_loc     0x0000000000002f83       0x58 contiki-avr-zigduino.a(autostart.o)
 .debug_loc     0x0000000000002fdb      0x11a contiki-avr-zigduino.a(serial-line.o)
 .debug_loc     0x00000000000030f5       0xac contiki-avr-zigduino.a(mmem.o)
 .debug_loc     0x00000000000031a1      0x10c contiki-avr-zigduino.a(timer.o)
 .debug_loc     0x00000000000032ad      0x311 contiki-avr-zigduino.a(ctimer.o)
 .debug_loc     0x00000000000035be       0xc7 contiki-avr-zigduino.a(rtimer.o)
 .debug_loc     0x0000000000003685       0x18 contiki-avr-zigduino.a(random.o)
 .debug_loc     0x000000000000369d       0xd4 contiki-avr-zigduino.a(ringbuf.o)
 .debug_loc     0x0000000000003771      0x240 contiki-avr-zigduino.a(queuebuf.o)
 .debug_loc     0x00000000000039b1      0x542 contiki-avr-zigduino.a(tcpip.o)
 .debug_loc     0x0000000000003ef3       0x78 contiki-avr-zigduino.a(uip-split.o)
 .debug_loc     0x0000000000003f6b      0x5bd contiki-avr-zigduino.a(uip.o)
 .debug_loc     0x0000000000004528       0x82 contiki-avr-zigduino.a(rtimer-arch.o)
 .debug_loc     0x00000000000045aa      0x34c contiki-avr-zigduino.a(frame802154.o)
 .debug_loc     0x00000000000048f6      0x1b0 contiki-avr-zigduino.a(memb.o)

.debug_macinfo
 *(.debug_macinfo)

.debug_weaknames
 *(.debug_weaknames)

.debug_funcnames
 *(.debug_funcnames)

.debug_typenames
 *(.debug_typenames)

.debug_varnames
 *(.debug_varnames)

.debug_pubtypes
                0x0000000000000000     0x13a6
 *(.debug_pubtypes)
 .debug_pubtypes
                0x0000000000000000      0x110 transmit_power_usage.co
 .debug_pubtypes
                0x0000000000000110       0xa7 contiki-avr-zigduino.a(broadcast.o)
 .debug_pubtypes
                0x00000000000001b7       0x6d contiki-avr-zigduino.a(abc.o)
 .debug_pubtypes
                0x0000000000000224       0x59 contiki-avr-zigduino.a(channel.o)
 .debug_pubtypes
                0x000000000000027d       0x26 contiki-avr-zigduino.a(list.o)
 .debug_pubtypes
                0x00000000000002a3       0x7b contiki-avr-zigduino.a(etimer.o)
 .debug_pubtypes
                0x000000000000031e       0x75 contiki-avr-zigduino.a(packetbuf.o)
 .debug_pubtypes
                0x0000000000000393       0xfd contiki-avr-zigduino.a(contiki-main.o)
 .debug_pubtypes